16:04:44 **** Incremental Build of configuration Debug for project Test ****
make -j16 all 
Building file: ../Core/Src/main.c
Invoking: MCU GCC Compiler
C:\School\Thomas_More_Hogeschool\Practice_Enterprise_2\PE2\Bluetooth_music_box\code\Test\Debug
arm-none-eabi-gcc -mcpu=cortex-m4 -mthumb -mfloat-abi=hard -mfpu=fpv4-sp-d16 -DUSE_HAL_DRIVER -DSTM32L443xx -I"C:/School/Thomas_More_Hogeschool/Practice_Enterprise_2/PE2/Bluetooth_music_box/code/Test/Core/Inc" -I"C:/School/Thomas_More_Hogeschool/Practice_Enterprise_2/PE2/Bluetooth_music_box/code/Test/Drivers/STM32L4xx_HAL_Driver/Inc" -I"C:/School/Thomas_More_Hogeschool/Practice_Enterprise_2/PE2/Bluetooth_music_box/code/Test/Drivers/STM32L4xx_HAL_Driver/Inc/Legacy" -I"C:/School/Thomas_More_Hogeschool/Practice_Enterprise_2/PE2/Bluetooth_music_box/code/Test/Drivers/CMSIS/Device/ST/STM32L4xx/Include" -I"C:/School/Thomas_More_Hogeschool/Practice_Enterprise_2/PE2/Bluetooth_music_box/code/Test/Drivers/CMSIS/Include"  -Og -g3 -Wall -fmessage-length=0 -ffunction-sections -c -fmessage-length=0 -MMD -MP -MF"Core/Src/main.d" -MT"Core/Src/main.o" -o "Core/Src/main.o" "../Core/Src/main.c"
../Core/Src/main.c: In function 'main':
../Core/Src/main.c:234:4: warning: implicit declaration of function 'ILI9341_TouchUnselect'; did you mean 'ILI9341_Unselect'? [-Wimplicit-function-declaration]
    ILI9341_TouchUnselect();
    ^~~~~~~~~~~~~~~~~~~~~
    ILI9341_Unselect
../Core/Src/main.c:241:18: warning: initialization makes integer from pointer without a cast [-Wint-conversion]
    int battery = "54.89%";
                  ^~~~~~~~
../Core/Src/main.c:265:6: warning: implicit declaration of function 'itoa' [-Wimplicit-function-declaration]
      itoa(testValue, pointer, 10);// 10 = decimal
      ^~~~
../Core/Src/main.c:282:32: warning: pointer targets in passing argument 3 of 'LCD_WriteString' differ in signedness [-Wpointer-sign]
      LCD_WriteString(150, 110, pointer, Font_11x18, LCD_WHITE, LCD_BLACK);
                                ^~~~~~~
In file included from ../Core/Src/main.c:25:0:
C:/School/Thomas_More_Hogeschool/Practice_Enterprise_2/PE2/Bluetooth_music_box/code/Test/Core/Inc/ili9341.h:74:6: note: expected 'const char *' but argument is of type 'uint8_t * {aka unsigned char *}'
 void LCD_WriteString(uint16_t x, uint16_t y, const char* str, FontDef font, uint16_t color, uint16_t bgcolor);
      ^~~~~~~~~~~~~~~
../Core/Src/main.c:320:52: warning: left-hand operand of comma expression has no effect [-Wunused-value]
       for(/*var already declared globally*/; red>=0, blue<180; red--, blue++)
                                                    ^
../Core/Src/main.c:322:50: warning: statement with no effect [-Wunused-value]
        for(uint8_t led_row=1;led_row<=12; led_row+2)
                                           ~~~~~~~^~
../Core/Src/main.c:332:53: warning: left-hand operand of comma expression has no effect [-Wunused-value]
       for(/*var already declared globally*/; blue>=0, green<180; blue--, green++)
                                                     ^
../Core/Src/main.c:338:54: warning: left-hand operand of comma expression has no effect [-Wunused-value]
       for(/*var already declared globally*/; green>=0, red<180; green--, red++)
                                                      ^
../Core/Src/main.c:373:5: warning: "/*" within comment [-Wcomment]
     /*HAL_ADC_PollForConversion( &hadc1, 1000); //test voor adc
      
../Core/Src/main.c:447:9: warning: implicit declaration of function 'LCD_TGetC' [-Wimplicit-function-declaration]
      if(LCD_TGetC(&x, &y)) {
         ^~~~~~~~~
../Core/Src/main.c:302:14: warning: unused variable 'result' [-Wunused-variable]
     uint16_t result = HAL_ADC_GetValue(&hadc1);
              ^~~~~~
../Core/Src/main.c:243:12: warning: unused variable 'test' [-Wunused-variable]
    uint8_t test = 'B';
            ^~~~
../Core/Src/main.c:242:13: warning: unused variable 'ad_res' [-Wunused-variable]
    uint16_t ad_res = 0;
             ^~~~~~
../Core/Src/main.c:241:8: warning: unused variable 'battery' [-Wunused-variable]
    int battery = "54.89%";
        ^~~~~~~
../Core/Src/main.c: In function 'ledClearBuffer':
../Core/Src/main.c:895:2: warning: implicit declaration of function 'memset' [-Wimplicit-function-declaration]
  memset(ledBuffer, 0, NUM_BYTES);
  ^~~~~~
../Core/Src/main.c:895:2: warning: incompatible implicit declaration of built-in function 'memset'
../Core/Src/main.c:895:2: note: include '<string.h>' or provide a declaration of 'memset'
../Core/Src/main.c: In function 'Test_slider_battery':
../Core/Src/main.c:945:8: warning: right shift count >= width of type [-Wshift-count-overflow]
    if(x>>101 && x<<229 && y>>95 && y<<144){// in range?
        ^~
../Core/Src/main.c:945:18: warning: left shift count >= width of type [-Wshift-count-overflow]
    if(x>>101 && x<<229 && y>>95 && y<<144){// in range?
                  ^~
../Core/Src/main.c:945:18: warning: '<<' in boolean context, did you mean '<' ? [-Wint-in-bool-context]
    if(x>>101 && x<<229 && y>>95 && y<<144){// in range?
                 ~^~~~~
../Core/Src/main.c:945:28: warning: right shift count >= width of type [-Wshift-count-overflow]
    if(x>>101 && x<<229 && y>>95 && y<<144){// in range?
                            ^~
../Core/Src/main.c:945:37: warning: left shift count >= width of type [-Wshift-count-overflow]
    if(x>>101 && x<<229 && y>>95 && y<<144){// in range?
                                     ^~
../Core/Src/main.c:945:37: warning: '<<' in boolean context, did you mean '<' ? [-Wint-in-bool-context]
    if(x>>101 && x<<229 && y>>95 && y<<144){// in range?
                                    ~^~~~~
../Core/Src/main.c:946:9: warning: left shift count >= width of type [-Wshift-count-overflow]
     if(x<<144 && x>>101 && y<<144 && y>>96){
         ^~
../Core/Src/main.c:946:9: warning: '<<' in boolean context, did you mean '<' ? [-Wint-in-bool-context]
     if(x<<144 && x>>101 && y<<144 && y>>96){
        ~^~~~~
../Core/Src/main.c:946:19: warning: right shift count >= width of type [-Wshift-count-overflow]
     if(x<<144 && x>>101 && y<<144 && y>>96){
                   ^~
../Core/Src/main.c:946:29: warning: left shift count >= width of type [-Wshift-count-overflow]
     if(x<<144 && x>>101 && y<<144 && y>>96){
                             ^~
../Core/Src/main.c:946:29: warning: '<<' in boolean context, did you mean '<' ? [-Wint-in-bool-context]
     if(x<<144 && x>>101 && y<<144 && y>>96){
                            ~^~~~~
../Core/Src/main.c:946:39: warning: right shift count >= width of type [-Wshift-count-overflow]
     if(x<<144 && x>>101 && y<<144 && y>>96){
                                       ^~
../Core/Src/main.c:949:14: warning: left shift count >= width of type [-Wshift-count-overflow]
     else if(x<<187 && x>>144 && y<<144 && y>>96){
              ^~
../Core/Src/main.c:949:14: warning: '<<' in boolean context, did you mean '<' ? [-Wint-in-bool-context]
     else if(x<<187 && x>>144 && y<<144 && y>>96){
             ~^~~~~
../Core/Src/main.c:949:24: warning: right shift count >= width of type [-Wshift-count-overflow]
     else if(x<<187 && x>>144 && y<<144 && y>>96){
                        ^~
../Core/Src/main.c:949:34: warning: left shift count >= width of type [-Wshift-count-overflow]
     else if(x<<187 && x>>144 && y<<144 && y>>96){
                                  ^~
../Core/Src/main.c:949:34: warning: '<<' in boolean context, did you mean '<' ? [-Wint-in-bool-context]
     else if(x<<187 && x>>144 && y<<144 && y>>96){
                                 ~^~~~~
../Core/Src/main.c:949:44: warning: right shift count >= width of type [-Wshift-count-overflow]
     else if(x<<187 && x>>144 && y<<144 && y>>96){
                                            ^~
../Core/Src/main.c:952:14: warning: left shift count >= width of type [-Wshift-count-overflow]
     else if(x<<228 && x>>187 && y<<144 && y>>96){
              ^~
../Core/Src/main.c:952:14: warning: '<<' in boolean context, did you mean '<' ? [-Wint-in-bool-context]
     else if(x<<228 && x>>187 && y<<144 && y>>96){
             ~^~~~~
../Core/Src/main.c:952:24: warning: right shift count >= width of type [-Wshift-count-overflow]
     else if(x<<228 && x>>187 && y<<144 && y>>96){
                        ^~
../Core/Src/main.c:952:34: warning: left shift count >= width of type [-Wshift-count-overflow]
     else if(x<<228 && x>>187 && y<<144 && y>>96){
                                  ^~
../Core/Src/main.c:952:34: warning: '<<' in boolean context, did you mean '<' ? [-Wint-in-bool-context]
     else if(x<<228 && x>>187 && y<<144 && y>>96){
                                 ~^~~~~
../Core/Src/main.c:952:44: warning: right shift count >= width of type [-Wshift-count-overflow]
     else if(x<<228 && x>>187 && y<<144 && y>>96){
                                            ^~
Finished building: ../Core/Src/main.c
 
Building target: Test.elf
Invoking: MCU GCC Linker
arm-none-eabi-gcc -mcpu=cortex-m4 -mthumb -mfloat-abi=hard -mfpu=fpv4-sp-d16 -specs=nosys.specs -specs=nano.specs -T"../STM32L443CCTx_FLASH.ld" -Wl,-Map=output.map -Wl,--gc-sections -o "Test.elf" @"objects.list"   -lm
Finished building target: Test.elf
 
make --no-print-directory post-build
Generating hex and Printing size information:
arm-none-eabi-objcopy -O ihex "Test.elf" "Test.hex"
arm-none-eabi-size "Test.elf"
   text	   data	    bss	    dec	    hex	filename
  29176	     56	   2432	  31664	   7bb0	Test.elf
 
16:04:48 **** Incremental Build of configuration Debug for project Test ****
make -j16 all 
make: Nothing to be done for 'all'.
16:05:56 **** Incremental Build of configuration Debug for project Test ****
make -j16 all 
make: Nothing to be done for 'all'.
16:06:50 **** Incremental Build of configuration Debug for project Test ****
make -j16 all 
make: Nothing to be done for 'all'.
16:07:45 **** Incremental Build of configuration Debug for project Test ****
make -j16 all 
Building file: ../Core/Src/main.c
Invoking: MCU GCC Compiler
C:\School\Thomas_More_Hogeschool\Practice_Enterprise_2\PE2\Bluetooth_music_box\code\Test\Debug
arm-none-eabi-gcc -mcpu=cortex-m4 -mthumb -mfloat-abi=hard -mfpu=fpv4-sp-d16 -DUSE_HAL_DRIVER -DSTM32L443xx -I"C:/School/Thomas_More_Hogeschool/Practice_Enterprise_2/PE2/Bluetooth_music_box/code/Test/Core/Inc" -I"C:/School/Thomas_More_Hogeschool/Practice_Enterprise_2/PE2/Bluetooth_music_box/code/Test/Drivers/STM32L4xx_HAL_Driver/Inc" -I"C:/School/Thomas_More_Hogeschool/Practice_Enterprise_2/PE2/Bluetooth_music_box/code/Test/Drivers/STM32L4xx_HAL_Driver/Inc/Legacy" -I"C:/School/Thomas_More_Hogeschool/Practice_Enterprise_2/PE2/Bluetooth_music_box/code/Test/Drivers/CMSIS/Device/ST/STM32L4xx/Include" -I"C:/School/Thomas_More_Hogeschool/Practice_Enterprise_2/PE2/Bluetooth_music_box/code/Test/Drivers/CMSIS/Include"  -Og -g3 -Wall -fmessage-length=0 -ffunction-sections -c -fmessage-length=0 -MMD -MP -MF"Core/Src/main.d" -MT"Core/Src/main.o" -o "Core/Src/main.o" "../Core/Src/main.c"
../Core/Src/main.c: In function 'main':
../Core/Src/main.c:234:4: warning: implicit declaration of function 'ILI9341_TouchUnselect'; did you mean 'ILI9341_Unselect'? [-Wimplicit-function-declaration]
    ILI9341_TouchUnselect();
    ^~~~~~~~~~~~~~~~~~~~~
    ILI9341_Unselect
../Core/Src/main.c:241:18: warning: initialization makes integer from pointer without a cast [-Wint-conversion]
    int battery = "54.89%";
                  ^~~~~~~~
../Core/Src/main.c:265:6: warning: implicit declaration of function 'itoa' [-Wimplicit-function-declaration]
      itoa(testValue, pointer, 10);// 10 = decimal
      ^~~~
../Core/Src/main.c:282:32: warning: pointer targets in passing argument 3 of 'LCD_WriteString' differ in signedness [-Wpointer-sign]
      LCD_WriteString(150, 110, pointer, Font_11x18, LCD_WHITE, LCD_BLACK);
                                ^~~~~~~
In file included from ../Core/Src/main.c:25:0:
C:/School/Thomas_More_Hogeschool/Practice_Enterprise_2/PE2/Bluetooth_music_box/code/Test/Core/Inc/ili9341.h:74:6: note: expected 'const char *' but argument is of type 'uint8_t * {aka unsigned char *}'
 void LCD_WriteString(uint16_t x, uint16_t y, const char* str, FontDef font, uint16_t color, uint16_t bgcolor);
      ^~~~~~~~~~~~~~~
../Core/Src/main.c:320:52: warning: left-hand operand of comma expression has no effect [-Wunused-value]
       for(/*var already declared globally*/; red>=0, blue<180; red--, blue++)
                                                    ^
../Core/Src/main.c:332:53: warning: left-hand operand of comma expression has no effect [-Wunused-value]
       for(/*var already declared globally*/; blue>=0, green<180; blue--, green++)
                                                     ^
../Core/Src/main.c:338:54: warning: left-hand operand of comma expression has no effect [-Wunused-value]
       for(/*var already declared globally*/; green>=0, red<180; green--, red++)
                                                      ^
../Core/Src/main.c:373:5: warning: "/*" within comment [-Wcomment]
     /*HAL_ADC_PollForConversion( &hadc1, 1000); //test voor adc
      
../Core/Src/main.c:447:9: warning: implicit declaration of function 'LCD_TGetC' [-Wimplicit-function-declaration]
      if(LCD_TGetC(&x, &y)) {
         ^~~~~~~~~
../Core/Src/main.c:302:14: warning: unused variable 'result' [-Wunused-variable]
     uint16_t result = HAL_ADC_GetValue(&hadc1);
              ^~~~~~
../Core/Src/main.c:243:12: warning: unused variable 'test' [-Wunused-variable]
    uint8_t test = 'B';
            ^~~~
../Core/Src/main.c:242:13: warning: unused variable 'ad_res' [-Wunused-variable]
    uint16_t ad_res = 0;
             ^~~~~~
../Core/Src/main.c:241:8: warning: unused variable 'battery' [-Wunused-variable]
    int battery = "54.89%";
        ^~~~~~~
../Core/Src/main.c: In function 'ledClearBuffer':
../Core/Src/main.c:895:2: warning: implicit declaration of function 'memset' [-Wimplicit-function-declaration]
  memset(ledBuffer, 0, NUM_BYTES);
  ^~~~~~
../Core/Src/main.c:895:2: warning: incompatible implicit declaration of built-in function 'memset'
../Core/Src/main.c:895:2: note: include '<string.h>' or provide a declaration of 'memset'
../Core/Src/main.c: In function 'Test_slider_battery':
../Core/Src/main.c:945:8: warning: right shift count >= width of type [-Wshift-count-overflow]
    if(x>>101 && x<<229 && y>>95 && y<<144){// in range?
        ^~
../Core/Src/main.c:945:18: warning: left shift count >= width of type [-Wshift-count-overflow]
    if(x>>101 && x<<229 && y>>95 && y<<144){// in range?
                  ^~
../Core/Src/main.c:945:18: warning: '<<' in boolean context, did you mean '<' ? [-Wint-in-bool-context]
    if(x>>101 && x<<229 && y>>95 && y<<144){// in range?
                 ~^~~~~
../Core/Src/main.c:945:28: warning: right shift count >= width of type [-Wshift-count-overflow]
    if(x>>101 && x<<229 && y>>95 && y<<144){// in range?
                            ^~
../Core/Src/main.c:945:37: warning: left shift count >= width of type [-Wshift-count-overflow]
    if(x>>101 && x<<229 && y>>95 && y<<144){// in range?
                                     ^~
../Core/Src/main.c:945:37: warning: '<<' in boolean context, did you mean '<' ? [-Wint-in-bool-context]
    if(x>>101 && x<<229 && y>>95 && y<<144){// in range?
                                    ~^~~~~
../Core/Src/main.c:946:9: warning: left shift count >= width of type [-Wshift-count-overflow]
     if(x<<144 && x>>101 && y<<144 && y>>96){
         ^~
../Core/Src/main.c:946:9: warning: '<<' in boolean context, did you mean '<' ? [-Wint-in-bool-context]
     if(x<<144 && x>>101 && y<<144 && y>>96){
        ~^~~~~
../Core/Src/main.c:946:19: warning: right shift count >= width of type [-Wshift-count-overflow]
     if(x<<144 && x>>101 && y<<144 && y>>96){
                   ^~
../Core/Src/main.c:946:29: warning: left shift count >= width of type [-Wshift-count-overflow]
     if(x<<144 && x>>101 && y<<144 && y>>96){
                             ^~
../Core/Src/main.c:946:29: warning: '<<' in boolean context, did you mean '<' ? [-Wint-in-bool-context]
     if(x<<144 && x>>101 && y<<144 && y>>96){
                            ~^~~~~
../Core/Src/main.c:946:39: warning: right shift count >= width of type [-Wshift-count-overflow]
     if(x<<144 && x>>101 && y<<144 && y>>96){
                                       ^~
../Core/Src/main.c:949:14: warning: left shift count >= width of type [-Wshift-count-overflow]
     else if(x<<187 && x>>144 && y<<144 && y>>96){
              ^~
../Core/Src/main.c:949:14: warning: '<<' in boolean context, did you mean '<' ? [-Wint-in-bool-context]
     else if(x<<187 && x>>144 && y<<144 && y>>96){
             ~^~~~~
../Core/Src/main.c:949:24: warning: right shift count >= width of type [-Wshift-count-overflow]
     else if(x<<187 && x>>144 && y<<144 && y>>96){
                        ^~
../Core/Src/main.c:949:34: warning: left shift count >= width of type [-Wshift-count-overflow]
     else if(x<<187 && x>>144 && y<<144 && y>>96){
                                  ^~
../Core/Src/main.c:949:34: warning: '<<' in boolean context, did you mean '<' ? [-Wint-in-bool-context]
     else if(x<<187 && x>>144 && y<<144 && y>>96){
                                 ~^~~~~
../Core/Src/main.c:949:44: warning: right shift count >= width of type [-Wshift-count-overflow]
     else if(x<<187 && x>>144 && y<<144 && y>>96){
                                            ^~
../Core/Src/main.c:952:14: warning: left shift count >= width of type [-Wshift-count-overflow]
     else if(x<<228 && x>>187 && y<<144 && y>>96){
              ^~
../Core/Src/main.c:952:14: warning: '<<' in boolean context, did you mean '<' ? [-Wint-in-bool-context]
     else if(x<<228 && x>>187 && y<<144 && y>>96){
             ~^~~~~
../Core/Src/main.c:952:24: warning: right shift count >= width of type [-Wshift-count-overflow]
     else if(x<<228 && x>>187 && y<<144 && y>>96){
                        ^~
../Core/Src/main.c:952:34: warning: left shift count >= width of type [-Wshift-count-overflow]
     else if(x<<228 && x>>187 && y<<144 && y>>96){
                                  ^~
../Core/Src/main.c:952:34: warning: '<<' in boolean context, did you mean '<' ? [-Wint-in-bool-context]
     else if(x<<228 && x>>187 && y<<144 && y>>96){
                                 ~^~~~~
../Core/Src/main.c:952:44: warning: right shift count >= width of type [-Wshift-count-overflow]
     else if(x<<228 && x>>187 && y<<144 && y>>96){
                                            ^~
Finished building: ../Core/Src/main.c
 
Building target: Test.elf
Invoking: MCU GCC Linker
arm-none-eabi-gcc -mcpu=cortex-m4 -mthumb -mfloat-abi=hard -mfpu=fpv4-sp-d16 -specs=nosys.specs -specs=nano.specs -T"../STM32L443CCTx_FLASH.ld" -Wl,-Map=output.map -Wl,--gc-sections -o "Test.elf" @"objects.list"   -lm
Finished building target: Test.elf
 
make --no-print-directory post-build
Generating hex and Printing size information:
arm-none-eabi-objcopy -O ihex "Test.elf" "Test.hex"
arm-none-eabi-size "Test.elf"
   text	   data	    bss	    dec	    hex	filename
  29224	     56	   2432	  31712	   7be0	Test.elf
 
16:09:58 **** Incremental Build of configuration Debug for project Test ****
make -j16 all 
Building file: ../Core/Src/main.c
Invoking: MCU GCC Compiler
C:\School\Thomas_More_Hogeschool\Practice_Enterprise_2\PE2\Bluetooth_music_box\code\Test\Debug
arm-none-eabi-gcc -mcpu=cortex-m4 -mthumb -mfloat-abi=hard -mfpu=fpv4-sp-d16 -DUSE_HAL_DRIVER -DSTM32L443xx -I"C:/School/Thomas_More_Hogeschool/Practice_Enterprise_2/PE2/Bluetooth_music_box/code/Test/Core/Inc" -I"C:/School/Thomas_More_Hogeschool/Practice_Enterprise_2/PE2/Bluetooth_music_box/code/Test/Drivers/STM32L4xx_HAL_Driver/Inc" -I"C:/School/Thomas_More_Hogeschool/Practice_Enterprise_2/PE2/Bluetooth_music_box/code/Test/Drivers/STM32L4xx_HAL_Driver/Inc/Legacy" -I"C:/School/Thomas_More_Hogeschool/Practice_Enterprise_2/PE2/Bluetooth_music_box/code/Test/Drivers/CMSIS/Device/ST/STM32L4xx/Include" -I"C:/School/Thomas_More_Hogeschool/Practice_Enterprise_2/PE2/Bluetooth_music_box/code/Test/Drivers/CMSIS/Include"  -Og -g3 -Wall -fmessage-length=0 -ffunction-sections -c -fmessage-length=0 -MMD -MP -MF"Core/Src/main.d" -MT"Core/Src/main.o" -o "Core/Src/main.o" "../Core/Src/main.c"
../Core/Src/main.c: In function 'main':
../Core/Src/main.c:234:4: warning: implicit declaration of function 'ILI9341_TouchUnselect'; did you mean 'ILI9341_Unselect'? [-Wimplicit-function-declaration]
    ILI9341_TouchUnselect();
    ^~~~~~~~~~~~~~~~~~~~~
    ILI9341_Unselect
../Core/Src/main.c:241:18: warning: initialization makes integer from pointer without a cast [-Wint-conversion]
    int battery = "54.89%";
                  ^~~~~~~~
../Core/Src/main.c:265:6: warning: implicit declaration of function 'itoa' [-Wimplicit-function-declaration]
      itoa(testValue, pointer, 10);// 10 = decimal
      ^~~~
../Core/Src/main.c:282:32: warning: pointer targets in passing argument 3 of 'LCD_WriteString' differ in signedness [-Wpointer-sign]
      LCD_WriteString(150, 110, pointer, Font_11x18, LCD_WHITE, LCD_BLACK);
                                ^~~~~~~
In file included from ../Core/Src/main.c:25:0:
C:/School/Thomas_More_Hogeschool/Practice_Enterprise_2/PE2/Bluetooth_music_box/code/Test/Core/Inc/ili9341.h:74:6: note: expected 'const char *' but argument is of type 'uint8_t * {aka unsigned char *}'
 void LCD_WriteString(uint16_t x, uint16_t y, const char* str, FontDef font, uint16_t color, uint16_t bgcolor);
      ^~~~~~~~~~~~~~~
../Core/Src/main.c:320:52: warning: left-hand operand of comma expression has no effect [-Wunused-value]
       for(/*var already declared globally*/; red>=0, blue<180; red--, blue++)
                                                    ^
../Core/Src/main.c:332:53: warning: left-hand operand of comma expression has no effect [-Wunused-value]
       for(/*var already declared globally*/; blue>=0, green<180; blue--, green++)
                                                     ^
../Core/Src/main.c:344:54: warning: left-hand operand of comma expression has no effect [-Wunused-value]
       for(/*var already declared globally*/; green>=0, red<180; green--, red++)
                                                      ^
../Core/Src/main.c:385:5: warning: "/*" within comment [-Wcomment]
     /*HAL_ADC_PollForConversion( &hadc1, 1000); //test voor adc
      
../Core/Src/main.c:459:9: warning: implicit declaration of function 'LCD_TGetC' [-Wimplicit-function-declaration]
      if(LCD_TGetC(&x, &y)) {
         ^~~~~~~~~
../Core/Src/main.c:302:14: warning: unused variable 'result' [-Wunused-variable]
     uint16_t result = HAL_ADC_GetValue(&hadc1);
              ^~~~~~
../Core/Src/main.c:243:12: warning: unused variable 'test' [-Wunused-variable]
    uint8_t test = 'B';
            ^~~~
../Core/Src/main.c:242:13: warning: unused variable 'ad_res' [-Wunused-variable]
    uint16_t ad_res = 0;
             ^~~~~~
../Core/Src/main.c:241:8: warning: unused variable 'battery' [-Wunused-variable]
    int battery = "54.89%";
        ^~~~~~~
../Core/Src/main.c: In function 'ledClearBuffer':
../Core/Src/main.c:907:2: warning: implicit declaration of function 'memset' [-Wimplicit-function-declaration]
  memset(ledBuffer, 0, NUM_BYTES);
  ^~~~~~
../Core/Src/main.c:907:2: warning: incompatible implicit declaration of built-in function 'memset'
../Core/Src/main.c:907:2: note: include '<string.h>' or provide a declaration of 'memset'
../Core/Src/main.c: In function 'Test_slider_battery':
../Core/Src/main.c:957:8: warning: right shift count >= width of type [-Wshift-count-overflow]
    if(x>>101 && x<<229 && y>>95 && y<<144){// in range?
        ^~
../Core/Src/main.c:957:18: warning: left shift count >= width of type [-Wshift-count-overflow]
    if(x>>101 && x<<229 && y>>95 && y<<144){// in range?
                  ^~
../Core/Src/main.c:957:18: warning: '<<' in boolean context, did you mean '<' ? [-Wint-in-bool-context]
    if(x>>101 && x<<229 && y>>95 && y<<144){// in range?
                 ~^~~~~
../Core/Src/main.c:957:28: warning: right shift count >= width of type [-Wshift-count-overflow]
    if(x>>101 && x<<229 && y>>95 && y<<144){// in range?
                            ^~
../Core/Src/main.c:957:37: warning: left shift count >= width of type [-Wshift-count-overflow]
    if(x>>101 && x<<229 && y>>95 && y<<144){// in range?
                                     ^~
../Core/Src/main.c:957:37: warning: '<<' in boolean context, did you mean '<' ? [-Wint-in-bool-context]
    if(x>>101 && x<<229 && y>>95 && y<<144){// in range?
                                    ~^~~~~
../Core/Src/main.c:958:9: warning: left shift count >= width of type [-Wshift-count-overflow]
     if(x<<144 && x>>101 && y<<144 && y>>96){
         ^~
../Core/Src/main.c:958:9: warning: '<<' in boolean context, did you mean '<' ? [-Wint-in-bool-context]
     if(x<<144 && x>>101 && y<<144 && y>>96){
        ~^~~~~
../Core/Src/main.c:958:19: warning: right shift count >= width of type [-Wshift-count-overflow]
     if(x<<144 && x>>101 && y<<144 && y>>96){
                   ^~
../Core/Src/main.c:958:29: warning: left shift count >= width of type [-Wshift-count-overflow]
     if(x<<144 && x>>101 && y<<144 && y>>96){
                             ^~
../Core/Src/main.c:958:29: warning: '<<' in boolean context, did you mean '<' ? [-Wint-in-bool-context]
     if(x<<144 && x>>101 && y<<144 && y>>96){
                            ~^~~~~
../Core/Src/main.c:958:39: warning: right shift count >= width of type [-Wshift-count-overflow]
     if(x<<144 && x>>101 && y<<144 && y>>96){
                                       ^~
../Core/Src/main.c:961:14: warning: left shift count >= width of type [-Wshift-count-overflow]
     else if(x<<187 && x>>144 && y<<144 && y>>96){
              ^~
../Core/Src/main.c:961:14: warning: '<<' in boolean context, did you mean '<' ? [-Wint-in-bool-context]
     else if(x<<187 && x>>144 && y<<144 && y>>96){
             ~^~~~~
../Core/Src/main.c:961:24: warning: right shift count >= width of type [-Wshift-count-overflow]
     else if(x<<187 && x>>144 && y<<144 && y>>96){
                        ^~
../Core/Src/main.c:961:34: warning: left shift count >= width of type [-Wshift-count-overflow]
     else if(x<<187 && x>>144 && y<<144 && y>>96){
                                  ^~
../Core/Src/main.c:961:34: warning: '<<' in boolean context, did you mean '<' ? [-Wint-in-bool-context]
     else if(x<<187 && x>>144 && y<<144 && y>>96){
                                 ~^~~~~
../Core/Src/main.c:961:44: warning: right shift count >= width of type [-Wshift-count-overflow]
     else if(x<<187 && x>>144 && y<<144 && y>>96){
                                            ^~
../Core/Src/main.c:964:14: warning: left shift count >= width of type [-Wshift-count-overflow]
     else if(x<<228 && x>>187 && y<<144 && y>>96){
              ^~
../Core/Src/main.c:964:14: warning: '<<' in boolean context, did you mean '<' ? [-Wint-in-bool-context]
     else if(x<<228 && x>>187 && y<<144 && y>>96){
             ~^~~~~
../Core/Src/main.c:964:24: warning: right shift count >= width of type [-Wshift-count-overflow]
     else if(x<<228 && x>>187 && y<<144 && y>>96){
                        ^~
../Core/Src/main.c:964:34: warning: left shift count >= width of type [-Wshift-count-overflow]
     else if(x<<228 && x>>187 && y<<144 && y>>96){
                                  ^~
../Core/Src/main.c:964:34: warning: '<<' in boolean context, did you mean '<' ? [-Wint-in-bool-context]
     else if(x<<228 && x>>187 && y<<144 && y>>96){
                                 ~^~~~~
../Core/Src/main.c:964:44: warning: right shift count >= width of type [-Wshift-count-overflow]
     else if(x<<228 && x>>187 && y<<144 && y>>96){
                                            ^~
Finished building: ../Core/Src/main.c
 
Building target: Test.elf
Invoking: MCU GCC Linker
arm-none-eabi-gcc -mcpu=cortex-m4 -mthumb -mfloat-abi=hard -mfpu=fpv4-sp-d16 -specs=nosys.specs -specs=nano.specs -T"../STM32L443CCTx_FLASH.ld" -Wl,-Map=output.map -Wl,--gc-sections -o "Test.elf" @"objects.list"   -lm
Finished building target: Test.elf
 
make --no-print-directory post-build
Generating hex and Printing size information:
arm-none-eabi-objcopy -O ihex "Test.elf" "Test.hex"
arm-none-eabi-size "Test.elf"
   text	   data	    bss	    dec	    hex	filename
  29352	     56	   2432	  31840	   7c60	Test.elf
 
16:10:06 **** Incremental Build of configuration Debug for project Test ****
make -j16 all 
Building file: ../Core/Src/main.c
Invoking: MCU GCC Compiler
C:\School\Thomas_More_Hogeschool\Practice_Enterprise_2\PE2\Bluetooth_music_box\code\Test\Debug
arm-none-eabi-gcc -mcpu=cortex-m4 -mthumb -mfloat-abi=hard -mfpu=fpv4-sp-d16 -DUSE_HAL_DRIVER -DSTM32L443xx -I"C:/School/Thomas_More_Hogeschool/Practice_Enterprise_2/PE2/Bluetooth_music_box/code/Test/Core/Inc" -I"C:/School/Thomas_More_Hogeschool/Practice_Enterprise_2/PE2/Bluetooth_music_box/code/Test/Drivers/STM32L4xx_HAL_Driver/Inc" -I"C:/School/Thomas_More_Hogeschool/Practice_Enterprise_2/PE2/Bluetooth_music_box/code/Test/Drivers/STM32L4xx_HAL_Driver/Inc/Legacy" -I"C:/School/Thomas_More_Hogeschool/Practice_Enterprise_2/PE2/Bluetooth_music_box/code/Test/Drivers/CMSIS/Device/ST/STM32L4xx/Include" -I"C:/School/Thomas_More_Hogeschool/Practice_Enterprise_2/PE2/Bluetooth_music_box/code/Test/Drivers/CMSIS/Include"  -Og -g3 -Wall -fmessage-length=0 -ffunction-sections -c -fmessage-length=0 -MMD -MP -MF"Core/Src/main.d" -MT"Core/Src/main.o" -o "Core/Src/main.o" "../Core/Src/main.c"
../Core/Src/main.c: In function 'main':
../Core/Src/main.c:234:4: warning: implicit declaration of function 'ILI9341_TouchUnselect'; did you mean 'ILI9341_Unselect'? [-Wimplicit-function-declaration]
    ILI9341_TouchUnselect();
    ^~~~~~~~~~~~~~~~~~~~~
    ILI9341_Unselect
../Core/Src/main.c:241:18: warning: initialization makes integer from pointer without a cast [-Wint-conversion]
    int battery = "54.89%";
                  ^~~~~~~~
../Core/Src/main.c:265:6: warning: implicit declaration of function 'itoa' [-Wimplicit-function-declaration]
      itoa(testValue, pointer, 10);// 10 = decimal
      ^~~~
../Core/Src/main.c:282:32: warning: pointer targets in passing argument 3 of 'LCD_WriteString' differ in signedness [-Wpointer-sign]
      LCD_WriteString(150, 110, pointer, Font_11x18, LCD_WHITE, LCD_BLACK);
                                ^~~~~~~
In file included from ../Core/Src/main.c:25:0:
C:/School/Thomas_More_Hogeschool/Practice_Enterprise_2/PE2/Bluetooth_music_box/code/Test/Core/Inc/ili9341.h:74:6: note: expected 'const char *' but argument is of type 'uint8_t * {aka unsigned char *}'
 void LCD_WriteString(uint16_t x, uint16_t y, const char* str, FontDef font, uint16_t color, uint16_t bgcolor);
      ^~~~~~~~~~~~~~~
../Core/Src/main.c:320:52: warning: left-hand operand of comma expression has no effect [-Wunused-value]
       for(/*var already declared globally*/; red>=0, blue<180; red--, blue++)
                                                    ^
../Core/Src/main.c:332:53: warning: left-hand operand of comma expression has no effect [-Wunused-value]
       for(/*var already declared globally*/; blue>=0, green<180; blue--, green++)
                                                     ^
../Core/Src/main.c:344:54: warning: left-hand operand of comma expression has no effect [-Wunused-value]
       for(/*var already declared globally*/; green>=0, red<180; green--, red++)
                                                      ^
../Core/Src/main.c:385:5: warning: "/*" within comment [-Wcomment]
     /*HAL_ADC_PollForConversion( &hadc1, 1000); //test voor adc
      
../Core/Src/main.c:459:9: warning: implicit declaration of function 'LCD_TGetC' [-Wimplicit-function-declaration]
      if(LCD_TGetC(&x, &y)) {
         ^~~~~~~~~
../Core/Src/main.c:302:14: warning: unused variable 'result' [-Wunused-variable]
     uint16_t result = HAL_ADC_GetValue(&hadc1);
              ^~~~~~
../Core/Src/main.c:243:12: warning: unused variable 'test' [-Wunused-variable]
    uint8_t test = 'B';
            ^~~~
../Core/Src/main.c:242:13: warning: unused variable 'ad_res' [-Wunused-variable]
    uint16_t ad_res = 0;
             ^~~~~~
../Core/Src/main.c:241:8: warning: unused variable 'battery' [-Wunused-variable]
    int battery = "54.89%";
        ^~~~~~~
../Core/Src/main.c: In function 'ledClearBuffer':
../Core/Src/main.c:907:2: warning: implicit declaration of function 'memset' [-Wimplicit-function-declaration]
  memset(ledBuffer, 0, NUM_BYTES);
  ^~~~~~
../Core/Src/main.c:907:2: warning: incompatible implicit declaration of built-in function 'memset'
../Core/Src/main.c:907:2: note: include '<string.h>' or provide a declaration of 'memset'
../Core/Src/main.c: In function 'Test_slider_battery':
../Core/Src/main.c:957:8: warning: right shift count >= width of type [-Wshift-count-overflow]
    if(x>>101 && x<<229 && y>>95 && y<<144){// in range?
        ^~
../Core/Src/main.c:957:18: warning: left shift count >= width of type [-Wshift-count-overflow]
    if(x>>101 && x<<229 && y>>95 && y<<144){// in range?
                  ^~
../Core/Src/main.c:957:18: warning: '<<' in boolean context, did you mean '<' ? [-Wint-in-bool-context]
    if(x>>101 && x<<229 && y>>95 && y<<144){// in range?
                 ~^~~~~
../Core/Src/main.c:957:28: warning: right shift count >= width of type [-Wshift-count-overflow]
    if(x>>101 && x<<229 && y>>95 && y<<144){// in range?
                            ^~
../Core/Src/main.c:957:37: warning: left shift count >= width of type [-Wshift-count-overflow]
    if(x>>101 && x<<229 && y>>95 && y<<144){// in range?
                                     ^~
../Core/Src/main.c:957:37: warning: '<<' in boolean context, did you mean '<' ? [-Wint-in-bool-context]
    if(x>>101 && x<<229 && y>>95 && y<<144){// in range?
                                    ~^~~~~
../Core/Src/main.c:958:9: warning: left shift count >= width of type [-Wshift-count-overflow]
     if(x<<144 && x>>101 && y<<144 && y>>96){
         ^~
../Core/Src/main.c:958:9: warning: '<<' in boolean context, did you mean '<' ? [-Wint-in-bool-context]
     if(x<<144 && x>>101 && y<<144 && y>>96){
        ~^~~~~
../Core/Src/main.c:958:19: warning: right shift count >= width of type [-Wshift-count-overflow]
     if(x<<144 && x>>101 && y<<144 && y>>96){
                   ^~
../Core/Src/main.c:958:29: warning: left shift count >= width of type [-Wshift-count-overflow]
     if(x<<144 && x>>101 && y<<144 && y>>96){
                             ^~
../Core/Src/main.c:958:29: warning: '<<' in boolean context, did you mean '<' ? [-Wint-in-bool-context]
     if(x<<144 && x>>101 && y<<144 && y>>96){
                            ~^~~~~
../Core/Src/main.c:958:39: warning: right shift count >= width of type [-Wshift-count-overflow]
     if(x<<144 && x>>101 && y<<144 && y>>96){
                                       ^~
../Core/Src/main.c:961:14: warning: left shift count >= width of type [-Wshift-count-overflow]
     else if(x<<187 && x>>144 && y<<144 && y>>96){
              ^~
../Core/Src/main.c:961:14: warning: '<<' in boolean context, did you mean '<' ? [-Wint-in-bool-context]
     else if(x<<187 && x>>144 && y<<144 && y>>96){
             ~^~~~~
../Core/Src/main.c:961:24: warning: right shift count >= width of type [-Wshift-count-overflow]
     else if(x<<187 && x>>144 && y<<144 && y>>96){
                        ^~
../Core/Src/main.c:961:34: warning: left shift count >= width of type [-Wshift-count-overflow]
     else if(x<<187 && x>>144 && y<<144 && y>>96){
                                  ^~
../Core/Src/main.c:961:34: warning: '<<' in boolean context, did you mean '<' ? [-Wint-in-bool-context]
     else if(x<<187 && x>>144 && y<<144 && y>>96){
                                 ~^~~~~
../Core/Src/main.c:961:44: warning: right shift count >= width of type [-Wshift-count-overflow]
     else if(x<<187 && x>>144 && y<<144 && y>>96){
                                            ^~
../Core/Src/main.c:964:14: warning: left shift count >= width of type [-Wshift-count-overflow]
     else if(x<<228 && x>>187 && y<<144 && y>>96){
              ^~
../Core/Src/main.c:964:14: warning: '<<' in boolean context, did you mean '<' ? [-Wint-in-bool-context]
     else if(x<<228 && x>>187 && y<<144 && y>>96){
             ~^~~~~
../Core/Src/main.c:964:24: warning: right shift count >= width of type [-Wshift-count-overflow]
     else if(x<<228 && x>>187 && y<<144 && y>>96){
                        ^~
../Core/Src/main.c:964:34: warning: left shift count >= width of type [-Wshift-count-overflow]
     else if(x<<228 && x>>187 && y<<144 && y>>96){
                                  ^~
../Core/Src/main.c:964:34: warning: '<<' in boolean context, did you mean '<' ? [-Wint-in-bool-context]
     else if(x<<228 && x>>187 && y<<144 && y>>96){
                                 ~^~~~~
../Core/Src/main.c:964:44: warning: right shift count >= width of type [-Wshift-count-overflow]
     else if(x<<228 && x>>187 && y<<144 && y>>96){
                                            ^~
Finished building: ../Core/Src/main.c
 
Building target: Test.elf
Invoking: MCU GCC Linker
arm-none-eabi-gcc -mcpu=cortex-m4 -mthumb -mfloat-abi=hard -mfpu=fpv4-sp-d16 -specs=nosys.specs -specs=nano.specs -T"../STM32L443CCTx_FLASH.ld" -Wl,-Map=output.map -Wl,--gc-sections -o "Test.elf" @"objects.list"   -lm
Finished building target: Test.elf
 
make --no-print-directory post-build
Generating hex and Printing size information:
arm-none-eabi-objcopy -O ihex "Test.elf" "Test.hex"
arm-none-eabi-size "Test.elf"
   text	   data	    bss	    dec	    hex	filename
  29352	     56	   2432	  31840	   7c60	Test.elf
 
16:10:18 **** Incremental Build of configuration Debug for project Test ****
make -j16 all 
make: Nothing to be done for 'all'.
16:10:35 **** Incremental Build of configuration Debug for project Test ****
make -j16 all 
make: Nothing to be done for 'all'.
16:12:04 **** Incremental Build of configuration Debug for project Test ****
make -j16 all 
Building file: ../Core/Src/main.c
Invoking: MCU GCC Compiler
C:\School\Thomas_More_Hogeschool\Practice_Enterprise_2\PE2\Bluetooth_music_box\code\Test\Debug
arm-none-eabi-gcc -mcpu=cortex-m4 -mthumb -mfloat-abi=hard -mfpu=fpv4-sp-d16 -DUSE_HAL_DRIVER -DSTM32L443xx -I"C:/School/Thomas_More_Hogeschool/Practice_Enterprise_2/PE2/Bluetooth_music_box/code/Test/Core/Inc" -I"C:/School/Thomas_More_Hogeschool/Practice_Enterprise_2/PE2/Bluetooth_music_box/code/Test/Drivers/STM32L4xx_HAL_Driver/Inc" -I"C:/School/Thomas_More_Hogeschool/Practice_Enterprise_2/PE2/Bluetooth_music_box/code/Test/Drivers/STM32L4xx_HAL_Driver/Inc/Legacy" -I"C:/School/Thomas_More_Hogeschool/Practice_Enterprise_2/PE2/Bluetooth_music_box/code/Test/Drivers/CMSIS/Device/ST/STM32L4xx/Include" -I"C:/School/Thomas_More_Hogeschool/Practice_Enterprise_2/PE2/Bluetooth_music_box/code/Test/Drivers/CMSIS/Include"  -Og -g3 -Wall -fmessage-length=0 -ffunction-sections -c -fmessage-length=0 -MMD -MP -MF"Core/Src/main.d" -MT"Core/Src/main.o" -o "Core/Src/main.o" "../Core/Src/main.c"
../Core/Src/main.c: In function 'main':
../Core/Src/main.c:234:4: warning: implicit declaration of function 'ILI9341_TouchUnselect'; did you mean 'ILI9341_Unselect'? [-Wimplicit-function-declaration]
    ILI9341_TouchUnselect();
    ^~~~~~~~~~~~~~~~~~~~~
    ILI9341_Unselect
../Core/Src/main.c:241:18: warning: initialization makes integer from pointer without a cast [-Wint-conversion]
    int battery = "54.89%";
                  ^~~~~~~~
../Core/Src/main.c:265:6: warning: implicit declaration of function 'itoa' [-Wimplicit-function-declaration]
      itoa(testValue, pointer, 10);// 10 = decimal
      ^~~~
../Core/Src/main.c:282:32: warning: pointer targets in passing argument 3 of 'LCD_WriteString' differ in signedness [-Wpointer-sign]
      LCD_WriteString(150, 110, pointer, Font_11x18, LCD_WHITE, LCD_BLACK);
                                ^~~~~~~
In file included from ../Core/Src/main.c:25:0:
C:/School/Thomas_More_Hogeschool/Practice_Enterprise_2/PE2/Bluetooth_music_box/code/Test/Core/Inc/ili9341.h:74:6: note: expected 'const char *' but argument is of type 'uint8_t * {aka unsigned char *}'
 void LCD_WriteString(uint16_t x, uint16_t y, const char* str, FontDef font, uint16_t color, uint16_t bgcolor);
      ^~~~~~~~~~~~~~~
../Core/Src/main.c:320:52: warning: left-hand operand of comma expression has no effect [-Wunused-value]
       for(/*var already declared globally*/; red>=0, blue<180; red--, blue++)
                                                    ^
../Core/Src/main.c:332:53: warning: left-hand operand of comma expression has no effect [-Wunused-value]
       for(/*var already declared globally*/; blue>=0, green<180; blue--, green++)
                                                     ^
../Core/Src/main.c:344:54: warning: left-hand operand of comma expression has no effect [-Wunused-value]
       for(/*var already declared globally*/; green>=0, red<180; green--, red++)
                                                      ^
../Core/Src/main.c:385:5: warning: "/*" within comment [-Wcomment]
     /*HAL_ADC_PollForConversion( &hadc1, 1000); //test voor adc
      
../Core/Src/main.c:459:9: warning: implicit declaration of function 'LCD_TGetC' [-Wimplicit-function-declaration]
      if(LCD_TGetC(&x, &y)) {
         ^~~~~~~~~
../Core/Src/main.c:302:14: warning: unused variable 'result' [-Wunused-variable]
     uint16_t result = HAL_ADC_GetValue(&hadc1);
              ^~~~~~
../Core/Src/main.c:243:12: warning: unused variable 'test' [-Wunused-variable]
    uint8_t test = 'B';
            ^~~~
../Core/Src/main.c:242:13: warning: unused variable 'ad_res' [-Wunused-variable]
    uint16_t ad_res = 0;
             ^~~~~~
../Core/Src/main.c:241:8: warning: unused variable 'battery' [-Wunused-variable]
    int battery = "54.89%";
        ^~~~~~~
../Core/Src/main.c: In function 'ledClearBuffer':
../Core/Src/main.c:907:2: warning: implicit declaration of function 'memset' [-Wimplicit-function-declaration]
  memset(ledBuffer, 0, NUM_BYTES);
  ^~~~~~
../Core/Src/main.c:907:2: warning: incompatible implicit declaration of built-in function 'memset'
../Core/Src/main.c:907:2: note: include '<string.h>' or provide a declaration of 'memset'
../Core/Src/main.c: In function 'Test_slider_battery':
../Core/Src/main.c:957:8: warning: right shift count >= width of type [-Wshift-count-overflow]
    if(x>>101 && x<<229 && y>>95 && y<<144){// in range?
        ^~
../Core/Src/main.c:957:18: warning: left shift count >= width of type [-Wshift-count-overflow]
    if(x>>101 && x<<229 && y>>95 && y<<144){// in range?
                  ^~
../Core/Src/main.c:957:18: warning: '<<' in boolean context, did you mean '<' ? [-Wint-in-bool-context]
    if(x>>101 && x<<229 && y>>95 && y<<144){// in range?
                 ~^~~~~
../Core/Src/main.c:957:28: warning: right shift count >= width of type [-Wshift-count-overflow]
    if(x>>101 && x<<229 && y>>95 && y<<144){// in range?
                            ^~
../Core/Src/main.c:957:37: warning: left shift count >= width of type [-Wshift-count-overflow]
    if(x>>101 && x<<229 && y>>95 && y<<144){// in range?
                                     ^~
../Core/Src/main.c:957:37: warning: '<<' in boolean context, did you mean '<' ? [-Wint-in-bool-context]
    if(x>>101 && x<<229 && y>>95 && y<<144){// in range?
                                    ~^~~~~
../Core/Src/main.c:958:9: warning: left shift count >= width of type [-Wshift-count-overflow]
     if(x<<144 && x>>101 && y<<144 && y>>96){
         ^~
../Core/Src/main.c:958:9: warning: '<<' in boolean context, did you mean '<' ? [-Wint-in-bool-context]
     if(x<<144 && x>>101 && y<<144 && y>>96){
        ~^~~~~
../Core/Src/main.c:958:19: warning: right shift count >= width of type [-Wshift-count-overflow]
     if(x<<144 && x>>101 && y<<144 && y>>96){
                   ^~
../Core/Src/main.c:958:29: warning: left shift count >= width of type [-Wshift-count-overflow]
     if(x<<144 && x>>101 && y<<144 && y>>96){
                             ^~
../Core/Src/main.c:958:29: warning: '<<' in boolean context, did you mean '<' ? [-Wint-in-bool-context]
     if(x<<144 && x>>101 && y<<144 && y>>96){
                            ~^~~~~
../Core/Src/main.c:958:39: warning: right shift count >= width of type [-Wshift-count-overflow]
     if(x<<144 && x>>101 && y<<144 && y>>96){
                                       ^~
../Core/Src/main.c:961:14: warning: left shift count >= width of type [-Wshift-count-overflow]
     else if(x<<187 && x>>144 && y<<144 && y>>96){
              ^~
../Core/Src/main.c:961:14: warning: '<<' in boolean context, did you mean '<' ? [-Wint-in-bool-context]
     else if(x<<187 && x>>144 && y<<144 && y>>96){
             ~^~~~~
../Core/Src/main.c:961:24: warning: right shift count >= width of type [-Wshift-count-overflow]
     else if(x<<187 && x>>144 && y<<144 && y>>96){
                        ^~
../Core/Src/main.c:961:34: warning: left shift count >= width of type [-Wshift-count-overflow]
     else if(x<<187 && x>>144 && y<<144 && y>>96){
                                  ^~
../Core/Src/main.c:961:34: warning: '<<' in boolean context, did you mean '<' ? [-Wint-in-bool-context]
     else if(x<<187 && x>>144 && y<<144 && y>>96){
                                 ~^~~~~
../Core/Src/main.c:961:44: warning: right shift count >= width of type [-Wshift-count-overflow]
     else if(x<<187 && x>>144 && y<<144 && y>>96){
                                            ^~
../Core/Src/main.c:964:14: warning: left shift count >= width of type [-Wshift-count-overflow]
     else if(x<<228 && x>>187 && y<<144 && y>>96){
              ^~
../Core/Src/main.c:964:14: warning: '<<' in boolean context, did you mean '<' ? [-Wint-in-bool-context]
     else if(x<<228 && x>>187 && y<<144 && y>>96){
             ~^~~~~
../Core/Src/main.c:964:24: warning: right shift count >= width of type [-Wshift-count-overflow]
     else if(x<<228 && x>>187 && y<<144 && y>>96){
                        ^~
../Core/Src/main.c:964:34: warning: left shift count >= width of type [-Wshift-count-overflow]
     else if(x<<228 && x>>187 && y<<144 && y>>96){
                                  ^~
../Core/Src/main.c:964:34: warning: '<<' in boolean context, did you mean '<' ? [-Wint-in-bool-context]
     else if(x<<228 && x>>187 && y<<144 && y>>96){
                                 ~^~~~~
../Core/Src/main.c:964:44: warning: right shift count >= width of type [-Wshift-count-overflow]
     else if(x<<228 && x>>187 && y<<144 && y>>96){
                                            ^~
Finished building: ../Core/Src/main.c
 
Building target: Test.elf
Invoking: MCU GCC Linker
arm-none-eabi-gcc -mcpu=cortex-m4 -mthumb -mfloat-abi=hard -mfpu=fpv4-sp-d16 -specs=nosys.specs -specs=nano.specs -T"../STM32L443CCTx_FLASH.ld" -Wl,-Map=output.map -Wl,--gc-sections -o "Test.elf" @"objects.list"   -lm
Finished building target: Test.elf
 
make --no-print-directory post-build
Generating hex and Printing size information:
arm-none-eabi-objcopy -O ihex "Test.elf" "Test.hex"
arm-none-eabi-size "Test.elf"
   text	   data	    bss	    dec	    hex	filename
  29352	     56	   2432	  31840	   7c60	Test.elf
 
16:13:00 **** Incremental Build of configuration Debug for project Test ****
make -j16 all 
Building file: ../Core/Src/main.c
Invoking: MCU GCC Compiler
C:\School\Thomas_More_Hogeschool\Practice_Enterprise_2\PE2\Bluetooth_music_box\code\Test\Debug
arm-none-eabi-gcc -mcpu=cortex-m4 -mthumb -mfloat-abi=hard -mfpu=fpv4-sp-d16 -DUSE_HAL_DRIVER -DSTM32L443xx -I"C:/School/Thomas_More_Hogeschool/Practice_Enterprise_2/PE2/Bluetooth_music_box/code/Test/Core/Inc" -I"C:/School/Thomas_More_Hogeschool/Practice_Enterprise_2/PE2/Bluetooth_music_box/code/Test/Drivers/STM32L4xx_HAL_Driver/Inc" -I"C:/School/Thomas_More_Hogeschool/Practice_Enterprise_2/PE2/Bluetooth_music_box/code/Test/Drivers/STM32L4xx_HAL_Driver/Inc/Legacy" -I"C:/School/Thomas_More_Hogeschool/Practice_Enterprise_2/PE2/Bluetooth_music_box/code/Test/Drivers/CMSIS/Device/ST/STM32L4xx/Include" -I"C:/School/Thomas_More_Hogeschool/Practice_Enterprise_2/PE2/Bluetooth_music_box/code/Test/Drivers/CMSIS/Include"  -Og -g3 -Wall -fmessage-length=0 -ffunction-sections -c -fmessage-length=0 -MMD -MP -MF"Core/Src/main.d" -MT"Core/Src/main.o" -o "Core/Src/main.o" "../Core/Src/main.c"
../Core/Src/main.c: In function 'main':
../Core/Src/main.c:234:4: warning: implicit declaration of function 'ILI9341_TouchUnselect'; did you mean 'ILI9341_Unselect'? [-Wimplicit-function-declaration]
    ILI9341_TouchUnselect();
    ^~~~~~~~~~~~~~~~~~~~~
    ILI9341_Unselect
../Core/Src/main.c:241:18: warning: initialization makes integer from pointer without a cast [-Wint-conversion]
    int battery = "54.89%";
                  ^~~~~~~~
../Core/Src/main.c:265:6: warning: implicit declaration of function 'itoa' [-Wimplicit-function-declaration]
      itoa(testValue, pointer, 10);// 10 = decimal
      ^~~~
../Core/Src/main.c:282:32: warning: pointer targets in passing argument 3 of 'LCD_WriteString' differ in signedness [-Wpointer-sign]
      LCD_WriteString(150, 110, pointer, Font_11x18, LCD_WHITE, LCD_BLACK);
                                ^~~~~~~
In file included from ../Core/Src/main.c:25:0:
C:/School/Thomas_More_Hogeschool/Practice_Enterprise_2/PE2/Bluetooth_music_box/code/Test/Core/Inc/ili9341.h:74:6: note: expected 'const char *' but argument is of type 'uint8_t * {aka unsigned char *}'
 void LCD_WriteString(uint16_t x, uint16_t y, const char* str, FontDef font, uint16_t color, uint16_t bgcolor);
      ^~~~~~~~~~~~~~~
../Core/Src/main.c:320:52: warning: left-hand operand of comma expression has no effect [-Wunused-value]
       for(/*var already declared globally*/; red>=0, blue<80; red--, blue++)
                                                    ^
../Core/Src/main.c:332:53: warning: left-hand operand of comma expression has no effect [-Wunused-value]
       for(/*var already declared globally*/; blue>=0, green<80; blue--, green++)
                                                     ^
../Core/Src/main.c:344:54: warning: left-hand operand of comma expression has no effect [-Wunused-value]
       for(/*var already declared globally*/; green>=0, red<80; green--, red++)
                                                      ^
../Core/Src/main.c:385:5: warning: "/*" within comment [-Wcomment]
     /*HAL_ADC_PollForConversion( &hadc1, 1000); //test voor adc
      
../Core/Src/main.c:459:9: warning: implicit declaration of function 'LCD_TGetC' [-Wimplicit-function-declaration]
      if(LCD_TGetC(&x, &y)) {
         ^~~~~~~~~
../Core/Src/main.c:302:14: warning: unused variable 'result' [-Wunused-variable]
     uint16_t result = HAL_ADC_GetValue(&hadc1);
              ^~~~~~
../Core/Src/main.c:243:12: warning: unused variable 'test' [-Wunused-variable]
    uint8_t test = 'B';
            ^~~~
../Core/Src/main.c:242:13: warning: unused variable 'ad_res' [-Wunused-variable]
    uint16_t ad_res = 0;
             ^~~~~~
../Core/Src/main.c:241:8: warning: unused variable 'battery' [-Wunused-variable]
    int battery = "54.89%";
        ^~~~~~~
../Core/Src/main.c: In function 'ledClearBuffer':
../Core/Src/main.c:907:2: warning: implicit declaration of function 'memset' [-Wimplicit-function-declaration]
  memset(ledBuffer, 0, NUM_BYTES);
  ^~~~~~
../Core/Src/main.c:907:2: warning: incompatible implicit declaration of built-in function 'memset'
../Core/Src/main.c:907:2: note: include '<string.h>' or provide a declaration of 'memset'
../Core/Src/main.c: In function 'Test_slider_battery':
../Core/Src/main.c:957:8: warning: right shift count >= width of type [-Wshift-count-overflow]
    if(x>>101 && x<<229 && y>>95 && y<<144){// in range?
        ^~
../Core/Src/main.c:957:18: warning: left shift count >= width of type [-Wshift-count-overflow]
    if(x>>101 && x<<229 && y>>95 && y<<144){// in range?
                  ^~
../Core/Src/main.c:957:18: warning: '<<' in boolean context, did you mean '<' ? [-Wint-in-bool-context]
    if(x>>101 && x<<229 && y>>95 && y<<144){// in range?
                 ~^~~~~
../Core/Src/main.c:957:28: warning: right shift count >= width of type [-Wshift-count-overflow]
    if(x>>101 && x<<229 && y>>95 && y<<144){// in range?
                            ^~
../Core/Src/main.c:957:37: warning: left shift count >= width of type [-Wshift-count-overflow]
    if(x>>101 && x<<229 && y>>95 && y<<144){// in range?
                                     ^~
../Core/Src/main.c:957:37: warning: '<<' in boolean context, did you mean '<' ? [-Wint-in-bool-context]
    if(x>>101 && x<<229 && y>>95 && y<<144){// in range?
                                    ~^~~~~
../Core/Src/main.c:958:9: warning: left shift count >= width of type [-Wshift-count-overflow]
     if(x<<144 && x>>101 && y<<144 && y>>96){
         ^~
../Core/Src/main.c:958:9: warning: '<<' in boolean context, did you mean '<' ? [-Wint-in-bool-context]
     if(x<<144 && x>>101 && y<<144 && y>>96){
        ~^~~~~
../Core/Src/main.c:958:19: warning: right shift count >= width of type [-Wshift-count-overflow]
     if(x<<144 && x>>101 && y<<144 && y>>96){
                   ^~
../Core/Src/main.c:958:29: warning: left shift count >= width of type [-Wshift-count-overflow]
     if(x<<144 && x>>101 && y<<144 && y>>96){
                             ^~
../Core/Src/main.c:958:29: warning: '<<' in boolean context, did you mean '<' ? [-Wint-in-bool-context]
     if(x<<144 && x>>101 && y<<144 && y>>96){
                            ~^~~~~
../Core/Src/main.c:958:39: warning: right shift count >= width of type [-Wshift-count-overflow]
     if(x<<144 && x>>101 && y<<144 && y>>96){
                                       ^~
../Core/Src/main.c:961:14: warning: left shift count >= width of type [-Wshift-count-overflow]
     else if(x<<187 && x>>144 && y<<144 && y>>96){
              ^~
../Core/Src/main.c:961:14: warning: '<<' in boolean context, did you mean '<' ? [-Wint-in-bool-context]
     else if(x<<187 && x>>144 && y<<144 && y>>96){
             ~^~~~~
../Core/Src/main.c:961:24: warning: right shift count >= width of type [-Wshift-count-overflow]
     else if(x<<187 && x>>144 && y<<144 && y>>96){
                        ^~
../Core/Src/main.c:961:34: warning: left shift count >= width of type [-Wshift-count-overflow]
     else if(x<<187 && x>>144 && y<<144 && y>>96){
                                  ^~
../Core/Src/main.c:961:34: warning: '<<' in boolean context, did you mean '<' ? [-Wint-in-bool-context]
     else if(x<<187 && x>>144 && y<<144 && y>>96){
                                 ~^~~~~
../Core/Src/main.c:961:44: warning: right shift count >= width of type [-Wshift-count-overflow]
     else if(x<<187 && x>>144 && y<<144 && y>>96){
                                            ^~
../Core/Src/main.c:964:14: warning: left shift count >= width of type [-Wshift-count-overflow]
     else if(x<<228 && x>>187 && y<<144 && y>>96){
              ^~
../Core/Src/main.c:964:14: warning: '<<' in boolean context, did you mean '<' ? [-Wint-in-bool-context]
     else if(x<<228 && x>>187 && y<<144 && y>>96){
             ~^~~~~
../Core/Src/main.c:964:24: warning: right shift count >= width of type [-Wshift-count-overflow]
     else if(x<<228 && x>>187 && y<<144 && y>>96){
                        ^~
../Core/Src/main.c:964:34: warning: left shift count >= width of type [-Wshift-count-overflow]
     else if(x<<228 && x>>187 && y<<144 && y>>96){
                                  ^~
../Core/Src/main.c:964:34: warning: '<<' in boolean context, did you mean '<' ? [-Wint-in-bool-context]
     else if(x<<228 && x>>187 && y<<144 && y>>96){
                                 ~^~~~~
../Core/Src/main.c:964:44: warning: right shift count >= width of type [-Wshift-count-overflow]
     else if(x<<228 && x>>187 && y<<144 && y>>96){
                                            ^~
Finished building: ../Core/Src/main.c
 
Building target: Test.elf
Invoking: MCU GCC Linker
arm-none-eabi-gcc -mcpu=cortex-m4 -mthumb -mfloat-abi=hard -mfpu=fpv4-sp-d16 -specs=nosys.specs -specs=nano.specs -T"../STM32L443CCTx_FLASH.ld" -Wl,-Map=output.map -Wl,--gc-sections -o "Test.elf" @"objects.list"   -lm
Finished building target: Test.elf
 
make --no-print-directory post-build
Generating hex and Printing size information:
arm-none-eabi-objcopy -O ihex "Test.elf" "Test.hex"
arm-none-eabi-size "Test.elf"
   text	   data	    bss	    dec	    hex	filename
  29352	     56	   2432	  31840	   7c60	Test.elf
 
16:13:48 **** Incremental Build of configuration Debug for project Test ****
make -j16 all 
Building file: ../Core/Src/main.c
Invoking: MCU GCC Compiler
C:\School\Thomas_More_Hogeschool\Practice_Enterprise_2\PE2\Bluetooth_music_box\code\Test\Debug
arm-none-eabi-gcc -mcpu=cortex-m4 -mthumb -mfloat-abi=hard -mfpu=fpv4-sp-d16 -DUSE_HAL_DRIVER -DSTM32L443xx -I"C:/School/Thomas_More_Hogeschool/Practice_Enterprise_2/PE2/Bluetooth_music_box/code/Test/Core/Inc" -I"C:/School/Thomas_More_Hogeschool/Practice_Enterprise_2/PE2/Bluetooth_music_box/code/Test/Drivers/STM32L4xx_HAL_Driver/Inc" -I"C:/School/Thomas_More_Hogeschool/Practice_Enterprise_2/PE2/Bluetooth_music_box/code/Test/Drivers/STM32L4xx_HAL_Driver/Inc/Legacy" -I"C:/School/Thomas_More_Hogeschool/Practice_Enterprise_2/PE2/Bluetooth_music_box/code/Test/Drivers/CMSIS/Device/ST/STM32L4xx/Include" -I"C:/School/Thomas_More_Hogeschool/Practice_Enterprise_2/PE2/Bluetooth_music_box/code/Test/Drivers/CMSIS/Include"  -Og -g3 -Wall -fmessage-length=0 -ffunction-sections -c -fmessage-length=0 -MMD -MP -MF"Core/Src/main.d" -MT"Core/Src/main.o" -o "Core/Src/main.o" "../Core/Src/main.c"
../Core/Src/main.c: In function 'main':
../Core/Src/main.c:234:4: warning: implicit declaration of function 'ILI9341_TouchUnselect'; did you mean 'ILI9341_Unselect'? [-Wimplicit-function-declaration]
    ILI9341_TouchUnselect();
    ^~~~~~~~~~~~~~~~~~~~~
    ILI9341_Unselect
../Core/Src/main.c:241:18: warning: initialization makes integer from pointer without a cast [-Wint-conversion]
    int battery = "54.89%";
                  ^~~~~~~~
../Core/Src/main.c:265:6: warning: implicit declaration of function 'itoa' [-Wimplicit-function-declaration]
      itoa(testValue, pointer, 10);// 10 = decimal
      ^~~~
../Core/Src/main.c:282:32: warning: pointer targets in passing argument 3 of 'LCD_WriteString' differ in signedness [-Wpointer-sign]
      LCD_WriteString(150, 110, pointer, Font_11x18, LCD_WHITE, LCD_BLACK);
                                ^~~~~~~
In file included from ../Core/Src/main.c:25:0:
C:/School/Thomas_More_Hogeschool/Practice_Enterprise_2/PE2/Bluetooth_music_box/code/Test/Core/Inc/ili9341.h:74:6: note: expected 'const char *' but argument is of type 'uint8_t * {aka unsigned char *}'
 void LCD_WriteString(uint16_t x, uint16_t y, const char* str, FontDef font, uint16_t color, uint16_t bgcolor);
      ^~~~~~~~~~~~~~~
../Core/Src/main.c:319:52: warning: left-hand operand of comma expression has no effect [-Wunused-value]
       for(/*var already declared globally*/; red>=0, blue<80; red--, blue++)
                                                    ^
../Core/Src/main.c:331:53: warning: left-hand operand of comma expression has no effect [-Wunused-value]
       for(/*var already declared globally*/; blue>=0, green<80; blue--, green++)
                                                     ^
../Core/Src/main.c:343:54: warning: left-hand operand of comma expression has no effect [-Wunused-value]
       for(/*var already declared globally*/; green>=0, red<80; green--, red++)
                                                      ^
../Core/Src/main.c:384:5: warning: "/*" within comment [-Wcomment]
     /*HAL_ADC_PollForConversion( &hadc1, 1000); //test voor adc
      
../Core/Src/main.c:458:9: warning: implicit declaration of function 'LCD_TGetC' [-Wimplicit-function-declaration]
      if(LCD_TGetC(&x, &y)) {
         ^~~~~~~~~
../Core/Src/main.c:302:14: warning: unused variable 'result' [-Wunused-variable]
     uint16_t result = HAL_ADC_GetValue(&hadc1);
              ^~~~~~
../Core/Src/main.c:243:12: warning: unused variable 'test' [-Wunused-variable]
    uint8_t test = 'B';
            ^~~~
../Core/Src/main.c:242:13: warning: unused variable 'ad_res' [-Wunused-variable]
    uint16_t ad_res = 0;
             ^~~~~~
../Core/Src/main.c:241:8: warning: unused variable 'battery' [-Wunused-variable]
    int battery = "54.89%";
        ^~~~~~~
../Core/Src/main.c: In function 'ledClearBuffer':
../Core/Src/main.c:906:2: warning: implicit declaration of function 'memset' [-Wimplicit-function-declaration]
  memset(ledBuffer, 0, NUM_BYTES);
  ^~~~~~
../Core/Src/main.c:906:2: warning: incompatible implicit declaration of built-in function 'memset'
../Core/Src/main.c:906:2: note: include '<string.h>' or provide a declaration of 'memset'
../Core/Src/main.c: In function 'Test_slider_battery':
../Core/Src/main.c:956:8: warning: right shift count >= width of type [-Wshift-count-overflow]
    if(x>>101 && x<<229 && y>>95 && y<<144){// in range?
        ^~
../Core/Src/main.c:956:18: warning: left shift count >= width of type [-Wshift-count-overflow]
    if(x>>101 && x<<229 && y>>95 && y<<144){// in range?
                  ^~
../Core/Src/main.c:956:18: warning: '<<' in boolean context, did you mean '<' ? [-Wint-in-bool-context]
    if(x>>101 && x<<229 && y>>95 && y<<144){// in range?
                 ~^~~~~
../Core/Src/main.c:956:28: warning: right shift count >= width of type [-Wshift-count-overflow]
    if(x>>101 && x<<229 && y>>95 && y<<144){// in range?
                            ^~
../Core/Src/main.c:956:37: warning: left shift count >= width of type [-Wshift-count-overflow]
    if(x>>101 && x<<229 && y>>95 && y<<144){// in range?
                                     ^~
../Core/Src/main.c:956:37: warning: '<<' in boolean context, did you mean '<' ? [-Wint-in-bool-context]
    if(x>>101 && x<<229 && y>>95 && y<<144){// in range?
                                    ~^~~~~
../Core/Src/main.c:957:9: warning: left shift count >= width of type [-Wshift-count-overflow]
     if(x<<144 && x>>101 && y<<144 && y>>96){
         ^~
../Core/Src/main.c:957:9: warning: '<<' in boolean context, did you mean '<' ? [-Wint-in-bool-context]
     if(x<<144 && x>>101 && y<<144 && y>>96){
        ~^~~~~
../Core/Src/main.c:957:19: warning: right shift count >= width of type [-Wshift-count-overflow]
     if(x<<144 && x>>101 && y<<144 && y>>96){
                   ^~
../Core/Src/main.c:957:29: warning: left shift count >= width of type [-Wshift-count-overflow]
     if(x<<144 && x>>101 && y<<144 && y>>96){
                             ^~
../Core/Src/main.c:957:29: warning: '<<' in boolean context, did you mean '<' ? [-Wint-in-bool-context]
     if(x<<144 && x>>101 && y<<144 && y>>96){
                            ~^~~~~
../Core/Src/main.c:957:39: warning: right shift count >= width of type [-Wshift-count-overflow]
     if(x<<144 && x>>101 && y<<144 && y>>96){
                                       ^~
../Core/Src/main.c:960:14: warning: left shift count >= width of type [-Wshift-count-overflow]
     else if(x<<187 && x>>144 && y<<144 && y>>96){
              ^~
../Core/Src/main.c:960:14: warning: '<<' in boolean context, did you mean '<' ? [-Wint-in-bool-context]
     else if(x<<187 && x>>144 && y<<144 && y>>96){
             ~^~~~~
../Core/Src/main.c:960:24: warning: right shift count >= width of type [-Wshift-count-overflow]
     else if(x<<187 && x>>144 && y<<144 && y>>96){
                        ^~
../Core/Src/main.c:960:34: warning: left shift count >= width of type [-Wshift-count-overflow]
     else if(x<<187 && x>>144 && y<<144 && y>>96){
                                  ^~
../Core/Src/main.c:960:34: warning: '<<' in boolean context, did you mean '<' ? [-Wint-in-bool-context]
     else if(x<<187 && x>>144 && y<<144 && y>>96){
                                 ~^~~~~
../Core/Src/main.c:960:44: warning: right shift count >= width of type [-Wshift-count-overflow]
     else if(x<<187 && x>>144 && y<<144 && y>>96){
                                            ^~
../Core/Src/main.c:963:14: warning: left shift count >= width of type [-Wshift-count-overflow]
     else if(x<<228 && x>>187 && y<<144 && y>>96){
              ^~
../Core/Src/main.c:963:14: warning: '<<' in boolean context, did you mean '<' ? [-Wint-in-bool-context]
     else if(x<<228 && x>>187 && y<<144 && y>>96){
             ~^~~~~
../Core/Src/main.c:963:24: warning: right shift count >= width of type [-Wshift-count-overflow]
     else if(x<<228 && x>>187 && y<<144 && y>>96){
                        ^~
../Core/Src/main.c:963:34: warning: left shift count >= width of type [-Wshift-count-overflow]
     else if(x<<228 && x>>187 && y<<144 && y>>96){
                                  ^~
../Core/Src/main.c:963:34: warning: '<<' in boolean context, did you mean '<' ? [-Wint-in-bool-context]
     else if(x<<228 && x>>187 && y<<144 && y>>96){
                                 ~^~~~~
../Core/Src/main.c:963:44: warning: right shift count >= width of type [-Wshift-count-overflow]
     else if(x<<228 && x>>187 && y<<144 && y>>96){
                                            ^~
Finished building: ../Core/Src/main.c
 
Building target: Test.elf
Invoking: MCU GCC Linker
arm-none-eabi-gcc -mcpu=cortex-m4 -mthumb -mfloat-abi=hard -mfpu=fpv4-sp-d16 -specs=nosys.specs -specs=nano.specs -T"../STM32L443CCTx_FLASH.ld" -Wl,-Map=output.map -Wl,--gc-sections -o "Test.elf" @"objects.list"   -lm
Finished building target: Test.elf
 
make --no-print-directory post-build
Generating hex and Printing size information:
arm-none-eabi-objcopy -O ihex "Test.elf" "Test.hex"
arm-none-eabi-size "Test.elf"
   text	   data	    bss	    dec	    hex	filename
  29336	     56	   2432	  31824	   7c50	Test.elf
 
16:31:28 **** Incremental Build of configuration Debug for project Test ****
make -j16 all 
Building file: ../Core/Src/main.c
Invoking: MCU GCC Compiler
C:\School\Thomas_More_Hogeschool\Practice_Enterprise_2\PE2\Bluetooth_music_box\code\Test\Debug
arm-none-eabi-gcc -mcpu=cortex-m4 -mthumb -mfloat-abi=hard -mfpu=fpv4-sp-d16 -DUSE_HAL_DRIVER -DSTM32L443xx -I"C:/School/Thomas_More_Hogeschool/Practice_Enterprise_2/PE2/Bluetooth_music_box/code/Test/Core/Inc" -I"C:/School/Thomas_More_Hogeschool/Practice_Enterprise_2/PE2/Bluetooth_music_box/code/Test/Drivers/STM32L4xx_HAL_Driver/Inc" -I"C:/School/Thomas_More_Hogeschool/Practice_Enterprise_2/PE2/Bluetooth_music_box/code/Test/Drivers/STM32L4xx_HAL_Driver/Inc/Legacy" -I"C:/School/Thomas_More_Hogeschool/Practice_Enterprise_2/PE2/Bluetooth_music_box/code/Test/Drivers/CMSIS/Device/ST/STM32L4xx/Include" -I"C:/School/Thomas_More_Hogeschool/Practice_Enterprise_2/PE2/Bluetooth_music_box/code/Test/Drivers/CMSIS/Include"  -Og -g3 -Wall -fmessage-length=0 -ffunction-sections -c -fmessage-length=0 -MMD -MP -MF"Core/Src/main.d" -MT"Core/Src/main.o" -o "Core/Src/main.o" "../Core/Src/main.c"
../Core/Src/main.c: In function 'main':
../Core/Src/main.c:229:4: warning: implicit declaration of function 'ILI9341_TouchUnselect'; did you mean 'ILI9341_Unselect'? [-Wimplicit-function-declaration]
    ILI9341_TouchUnselect();
    ^~~~~~~~~~~~~~~~~~~~~
    ILI9341_Unselect
../Core/Src/main.c:236:18: warning: initialization makes integer from pointer without a cast [-Wint-conversion]
    int battery = "54.89%";
                  ^~~~~~~~
../Core/Src/main.c:238:12: warning: unused variable 'test' [-Wunused-variable]
    uint8_t test = 'B';
            ^~~~
../Core/Src/main.c:237:13: warning: unused variable 'ad_res' [-Wunused-variable]
    uint16_t ad_res = 0;
             ^~~~~~
../Core/Src/main.c:236:8: warning: unused variable 'battery' [-Wunused-variable]
    int battery = "54.89%";
        ^~~~~~~
../Core/Src/main.c: In function 'ledClearBuffer':
../Core/Src/main.c:690:2: warning: implicit declaration of function 'memset' [-Wimplicit-function-declaration]
  memset(ledBuffer, 0, NUM_BYTES);
  ^~~~~~
../Core/Src/main.c:690:2: warning: incompatible implicit declaration of built-in function 'memset'
../Core/Src/main.c:690:2: note: include '<string.h>' or provide a declaration of 'memset'
../Core/Src/main.c: In function 'Check_ADC':
../Core/Src/main.c:742:3: warning: implicit declaration of function 'itoa' [-Wimplicit-function-declaration]
   itoa(testValue, pointer, 10);// 10 = decimal
   ^~~~
../Core/Src/main.c:756:29: warning: pointer targets in passing argument 3 of 'LCD_WriteString' differ in signedness [-Wpointer-sign]
   LCD_WriteString(150, 110, pointer, Font_11x18, LCD_WHITE, LCD_BLACK);
                             ^~~~~~~
In file included from ../Core/Src/main.c:25:0:
C:/School/Thomas_More_Hogeschool/Practice_Enterprise_2/PE2/Bluetooth_music_box/code/Test/Core/Inc/ili9341.h:74:6: note: expected 'const char *' but argument is of type 'uint8_t * {aka unsigned char *}'
 void LCD_WriteString(uint16_t x, uint16_t y, const char* str, FontDef font, uint16_t color, uint16_t bgcolor);
      ^~~~~~~~~~~~~~~
../Core/Src/main.c:768:11: warning: unused variable 'result' [-Wunused-variable]
  uint16_t result = HAL_ADC_GetValue(&hadc1);
           ^~~~~~
../Core/Src/main.c: In function 'Led_Effect_1':
../Core/Src/main.c:776:48: warning: left-hand operand of comma expression has no effect [-Wunused-value]
   for(/*var already declared globally*/; red>=0, blue<80; red--, blue++)
                                                ^
../Core/Src/main.c:789:49: warning: left-hand operand of comma expression has no effect [-Wunused-value]
   for(/*var already declared globally*/; blue>=0, green<80; blue--, green++)
                                                 ^
../Core/Src/main.c:802:50: warning: left-hand operand of comma expression has no effect [-Wunused-value]
   for(/*var already declared globally*/; green>=0, red<80; green--, red++)
                                                  ^
../Core/Src/main.c: In function 'Check_Power':
../Core/Src/main.c:854:5: warning: implicit declaration of function 'LCD_TGetC' [-Wimplicit-function-declaration]
  if(LCD_TGetC(&x, &y))
     ^~~~~~~~~
Finished building: ../Core/Src/main.c
 
Building target: Test.elf
Invoking: MCU GCC Linker
arm-none-eabi-gcc -mcpu=cortex-m4 -mthumb -mfloat-abi=hard -mfpu=fpv4-sp-d16 -specs=nosys.specs -specs=nano.specs -T"../STM32L443CCTx_FLASH.ld" -Wl,-Map=output.map -Wl,--gc-sections -o "Test.elf" @"objects.list"   -lm
Finished building target: Test.elf
 
make --no-print-directory post-build
Generating hex and Printing size information:
arm-none-eabi-objcopy -O ihex "Test.elf" "Test.hex"
arm-none-eabi-size "Test.elf"
   text	   data	    bss	    dec	    hex	filename
  29384	     56	   2432	  31872	   7c80	Test.elf
 
16:34:02 **** Incremental Build of configuration Debug for project Test ****
make -j16 all 
Building file: ../Core/Src/main.c
Invoking: MCU GCC Compiler
C:\School\Thomas_More_Hogeschool\Practice_Enterprise_2\PE2\Bluetooth_music_box\code\Test\Debug
arm-none-eabi-gcc -mcpu=cortex-m4 -mthumb -mfloat-abi=hard -mfpu=fpv4-sp-d16 -DUSE_HAL_DRIVER -DSTM32L443xx -I"C:/School/Thomas_More_Hogeschool/Practice_Enterprise_2/PE2/Bluetooth_music_box/code/Test/Core/Inc" -I"C:/School/Thomas_More_Hogeschool/Practice_Enterprise_2/PE2/Bluetooth_music_box/code/Test/Drivers/STM32L4xx_HAL_Driver/Inc" -I"C:/School/Thomas_More_Hogeschool/Practice_Enterprise_2/PE2/Bluetooth_music_box/code/Test/Drivers/STM32L4xx_HAL_Driver/Inc/Legacy" -I"C:/School/Thomas_More_Hogeschool/Practice_Enterprise_2/PE2/Bluetooth_music_box/code/Test/Drivers/CMSIS/Device/ST/STM32L4xx/Include" -I"C:/School/Thomas_More_Hogeschool/Practice_Enterprise_2/PE2/Bluetooth_music_box/code/Test/Drivers/CMSIS/Include"  -Og -g3 -Wall -fmessage-length=0 -ffunction-sections -c -fmessage-length=0 -MMD -MP -MF"Core/Src/main.d" -MT"Core/Src/main.o" -o "Core/Src/main.o" "../Core/Src/main.c"
../Core/Src/main.c: In function 'main':
../Core/Src/main.c:229:4: warning: implicit declaration of function 'ILI9341_TouchUnselect'; did you mean 'ILI9341_Unselect'? [-Wimplicit-function-declaration]
    ILI9341_TouchUnselect();
    ^~~~~~~~~~~~~~~~~~~~~
    ILI9341_Unselect
../Core/Src/main.c:236:18: warning: initialization makes integer from pointer without a cast [-Wint-conversion]
    int battery = "54.89%";
                  ^~~~~~~~
../Core/Src/main.c:238:12: warning: unused variable 'test' [-Wunused-variable]
    uint8_t test = 'B';
            ^~~~
../Core/Src/main.c:237:13: warning: unused variable 'ad_res' [-Wunused-variable]
    uint16_t ad_res = 0;
             ^~~~~~
../Core/Src/main.c:236:8: warning: unused variable 'battery' [-Wunused-variable]
    int battery = "54.89%";
        ^~~~~~~
../Core/Src/main.c: In function 'ledClearBuffer':
../Core/Src/main.c:690:2: warning: implicit declaration of function 'memset' [-Wimplicit-function-declaration]
  memset(ledBuffer, 0, NUM_BYTES);
  ^~~~~~
../Core/Src/main.c:690:2: warning: incompatible implicit declaration of built-in function 'memset'
../Core/Src/main.c:690:2: note: include '<string.h>' or provide a declaration of 'memset'
../Core/Src/main.c: In function 'Check_ADC':
../Core/Src/main.c:742:3: warning: implicit declaration of function 'itoa' [-Wimplicit-function-declaration]
   itoa(testValue, pointer, 10);// 10 = decimal
   ^~~~
../Core/Src/main.c:756:29: warning: pointer targets in passing argument 3 of 'LCD_WriteString' differ in signedness [-Wpointer-sign]
   LCD_WriteString(150, 110, pointer, Font_11x18, LCD_WHITE, LCD_BLACK);
                             ^~~~~~~
In file included from ../Core/Src/main.c:25:0:
C:/School/Thomas_More_Hogeschool/Practice_Enterprise_2/PE2/Bluetooth_music_box/code/Test/Core/Inc/ili9341.h:74:6: note: expected 'const char *' but argument is of type 'uint8_t * {aka unsigned char *}'
 void LCD_WriteString(uint16_t x, uint16_t y, const char* str, FontDef font, uint16_t color, uint16_t bgcolor);
      ^~~~~~~~~~~~~~~
../Core/Src/main.c:768:11: warning: unused variable 'result' [-Wunused-variable]
  uint16_t result = HAL_ADC_GetValue(&hadc1);
           ^~~~~~
../Core/Src/main.c: In function 'Led_Effect_1':
../Core/Src/main.c:776:48: warning: left-hand operand of comma expression has no effect [-Wunused-value]
   for(/*var already declared globally*/; red>=0, blue<80; red--, blue++)
                                                ^
../Core/Src/main.c:789:49: warning: left-hand operand of comma expression has no effect [-Wunused-value]
   for(/*var already declared globally*/; blue>=0, green<80; blue--, green++)
                                                 ^
../Core/Src/main.c:802:50: warning: left-hand operand of comma expression has no effect [-Wunused-value]
   for(/*var already declared globally*/; green>=0, red<80; green--, red++)
                                                  ^
../Core/Src/main.c: In function 'Check_Power':
../Core/Src/main.c:854:5: warning: implicit declaration of function 'LCD_TGetC' [-Wimplicit-function-declaration]
  if(LCD_TGetC(&x, &y))
     ^~~~~~~~~
Finished building: ../Core/Src/main.c
 
Building target: Test.elf
Invoking: MCU GCC Linker
arm-none-eabi-gcc -mcpu=cortex-m4 -mthumb -mfloat-abi=hard -mfpu=fpv4-sp-d16 -specs=nosys.specs -specs=nano.specs -T"../STM32L443CCTx_FLASH.ld" -Wl,-Map=output.map -Wl,--gc-sections -o "Test.elf" @"objects.list"   -lm
Finished building target: Test.elf
 
make --no-print-directory post-build
Generating hex and Printing size information:
arm-none-eabi-objcopy -O ihex "Test.elf" "Test.hex"
arm-none-eabi-size "Test.elf"
   text	   data	    bss	    dec	    hex	filename
  29384	     56	   2432	  31872	   7c80	Test.elf
 
16:34:30 **** Incremental Build of configuration Debug for project Test ****
make -j16 all 
make: Nothing to be done for 'all'.
16:34:53 **** Incremental Build of configuration Debug for project Test ****
make -j16 all 
make: Nothing to be done for 'all'.
16:46:19 **** Incremental Build of configuration Debug for project Test ****
make -j16 all 
Building file: ../Core/Src/main.c
Invoking: MCU GCC Compiler
C:\School\Thomas_More_Hogeschool\Practice_Enterprise_2\PE2\Bluetooth_music_box\code\Test\Debug
arm-none-eabi-gcc -mcpu=cortex-m4 -mthumb -mfloat-abi=hard -mfpu=fpv4-sp-d16 -DUSE_HAL_DRIVER -DSTM32L443xx -I"C:/School/Thomas_More_Hogeschool/Practice_Enterprise_2/PE2/Bluetooth_music_box/code/Test/Core/Inc" -I"C:/School/Thomas_More_Hogeschool/Practice_Enterprise_2/PE2/Bluetooth_music_box/code/Test/Drivers/STM32L4xx_HAL_Driver/Inc" -I"C:/School/Thomas_More_Hogeschool/Practice_Enterprise_2/PE2/Bluetooth_music_box/code/Test/Drivers/STM32L4xx_HAL_Driver/Inc/Legacy" -I"C:/School/Thomas_More_Hogeschool/Practice_Enterprise_2/PE2/Bluetooth_music_box/code/Test/Drivers/CMSIS/Device/ST/STM32L4xx/Include" -I"C:/School/Thomas_More_Hogeschool/Practice_Enterprise_2/PE2/Bluetooth_music_box/code/Test/Drivers/CMSIS/Include"  -Og -g3 -Wall -fmessage-length=0 -ffunction-sections -c -fmessage-length=0 -MMD -MP -MF"Core/Src/main.d" -MT"Core/Src/main.o" -o "Core/Src/main.o" "../Core/Src/main.c"
../Core/Src/main.c: In function 'main':
../Core/Src/main.c:229:4: warning: implicit declaration of function 'ILI9341_TouchUnselect'; did you mean 'ILI9341_Unselect'? [-Wimplicit-function-declaration]
    ILI9341_TouchUnselect();
    ^~~~~~~~~~~~~~~~~~~~~
    ILI9341_Unselect
../Core/Src/main.c:236:18: warning: initialization makes integer from pointer without a cast [-Wint-conversion]
    int battery = "54.89%";
                  ^~~~~~~~
../Core/Src/main.c:238:12: warning: unused variable 'test' [-Wunused-variable]
    uint8_t test = 'B';
            ^~~~
../Core/Src/main.c:237:13: warning: unused variable 'ad_res' [-Wunused-variable]
    uint16_t ad_res = 0;
             ^~~~~~
../Core/Src/main.c:236:8: warning: unused variable 'battery' [-Wunused-variable]
    int battery = "54.89%";
        ^~~~~~~
../Core/Src/main.c: In function 'ledClearBuffer':
../Core/Src/main.c:690:2: warning: implicit declaration of function 'memset' [-Wimplicit-function-declaration]
  memset(ledBuffer, 0, NUM_BYTES);
  ^~~~~~
../Core/Src/main.c:690:2: warning: incompatible implicit declaration of built-in function 'memset'
../Core/Src/main.c:690:2: note: include '<string.h>' or provide a declaration of 'memset'
../Core/Src/main.c: In function 'Check_ADC':
../Core/Src/main.c:742:3: warning: implicit declaration of function 'itoa' [-Wimplicit-function-declaration]
   itoa(testValue, pointer, 10);// 10 = decimal
   ^~~~
../Core/Src/main.c:756:29: warning: pointer targets in passing argument 3 of 'LCD_WriteString' differ in signedness [-Wpointer-sign]
   LCD_WriteString(150, 110, pointer, Font_11x18, LCD_WHITE, LCD_BLACK);
                             ^~~~~~~
In file included from ../Core/Src/main.c:25:0:
C:/School/Thomas_More_Hogeschool/Practice_Enterprise_2/PE2/Bluetooth_music_box/code/Test/Core/Inc/ili9341.h:74:6: note: expected 'const char *' but argument is of type 'uint8_t * {aka unsigned char *}'
 void LCD_WriteString(uint16_t x, uint16_t y, const char* str, FontDef font, uint16_t color, uint16_t bgcolor);
      ^~~~~~~~~~~~~~~
../Core/Src/main.c:768:11: warning: unused variable 'result' [-Wunused-variable]
  uint16_t result = HAL_ADC_GetValue(&hadc1);
           ^~~~~~
../Core/Src/main.c: In function 'Led_Effect_1':
../Core/Src/main.c:776:48: warning: left-hand operand of comma expression has no effect [-Wunused-value]
   for(/*var already declared globally*/; red>=0, blue<80; red--, blue++)
                                                ^
../Core/Src/main.c:789:49: warning: left-hand operand of comma expression has no effect [-Wunused-value]
   for(/*var already declared globally*/; blue>=0, green<80; blue--, green++)
                                                 ^
../Core/Src/main.c:802:50: warning: left-hand operand of comma expression has no effect [-Wunused-value]
   for(/*var already declared globally*/; green>=0, red<80; green--, red++)
                                                  ^
../Core/Src/main.c: In function 'Check_Power':
[...]
   for(/*var already declared globally*/; red>=0, blue<80; red--, blue++)
                                                ^
../Core/Src/main.c:802:49: warning: left-hand operand of comma expression has no effect [-Wunused-value]
   for(/*var already declared globally*/; blue>=0, green<80; blue--, green++)
                                                 ^
../Core/Src/main.c:828:50: warning: left-hand operand of comma expression has no effect [-Wunused-value]
   for(/*var already declared globally*/; green>=0, red<80; green--, red++)
                                                  ^
../Core/Src/main.c: In function 'Check_Power':
../Core/Src/main.c:898:5: warning: implicit declaration of function 'LCD_TGetC' [-Wimplicit-function-declaration]
  if(LCD_TGetC(&x, &y))
     ^~~~~~~~~
Finished building: ../Core/Src/main.c
 
Building target: Test.elf
Invoking: MCU GCC Linker
arm-none-eabi-gcc -mcpu=cortex-m4 -mthumb -mfloat-abi=hard -mfpu=fpv4-sp-d16 -specs=nosys.specs -specs=nano.specs -T"../STM32L443CCTx_FLASH.ld" -Wl,-Map=output.map -Wl,--gc-sections -o "Test.elf" @"objects.list"   -lm
Finished building target: Test.elf
 
make --no-print-directory post-build
Generating hex and Printing size information:
arm-none-eabi-objcopy -O ihex "Test.elf" "Test.hex"
arm-none-eabi-size "Test.elf"
   text	   data	    bss	    dec	    hex	filename
  29608	     56	   2432	  32096	   7d60	Test.elf
 
17:14:28 **** Incremental Build of configuration Debug for project Test ****
make -j16 all 
Building file: ../Core/Src/main.c
Invoking: MCU GCC Compiler
C:\School\Thomas_More_Hogeschool\Practice_Enterprise_2\PE2\Bluetooth_music_box\code\Test\Debug
arm-none-eabi-gcc -mcpu=cortex-m4 -mthumb -mfloat-abi=hard -mfpu=fpv4-sp-d16 -DUSE_HAL_DRIVER -DSTM32L443xx -I"C:/School/Thomas_More_Hogeschool/Practice_Enterprise_2/PE2/Bluetooth_music_box/code/Test/Core/Inc" -I"C:/School/Thomas_More_Hogeschool/Practice_Enterprise_2/PE2/Bluetooth_music_box/code/Test/Drivers/STM32L4xx_HAL_Driver/Inc" -I"C:/School/Thomas_More_Hogeschool/Practice_Enterprise_2/PE2/Bluetooth_music_box/code/Test/Drivers/STM32L4xx_HAL_Driver/Inc/Legacy" -I"C:/School/Thomas_More_Hogeschool/Practice_Enterprise_2/PE2/Bluetooth_music_box/code/Test/Drivers/CMSIS/Device/ST/STM32L4xx/Include" -I"C:/School/Thomas_More_Hogeschool/Practice_Enterprise_2/PE2/Bluetooth_music_box/code/Test/Drivers/CMSIS/Include"  -Og -g3 -Wall -fmessage-length=0 -ffunction-sections -c -fmessage-length=0 -MMD -MP -MF"Core/Src/main.d" -MT"Core/Src/main.o" -o "Core/Src/main.o" "../Core/Src/main.c"
../Core/Src/main.c: In function 'main':
../Core/Src/main.c:229:4: warning: implicit declaration of function 'ILI9341_TouchUnselect'; did you mean 'ILI9341_Unselect'? [-Wimplicit-function-declaration]
    ILI9341_TouchUnselect();
    ^~~~~~~~~~~~~~~~~~~~~
    ILI9341_Unselect
../Core/Src/main.c:236:18: warning: initialization makes integer from pointer without a cast [-Wint-conversion]
    int battery = "54.89%";
                  ^~~~~~~~
../Core/Src/main.c:238:12: warning: unused variable 'test' [-Wunused-variable]
    uint8_t test = 'B';
            ^~~~
../Core/Src/main.c:237:13: warning: unused variable 'ad_res' [-Wunused-variable]
    uint16_t ad_res = 0;
             ^~~~~~
../Core/Src/main.c:236:8: warning: unused variable 'battery' [-Wunused-variable]
    int battery = "54.89%";
        ^~~~~~~
../Core/Src/main.c: In function 'ledClearBuffer':
../Core/Src/main.c:690:2: warning: implicit declaration of function 'memset' [-Wimplicit-function-declaration]
  memset(ledBuffer, 0, NUM_BYTES);
  ^~~~~~
../Core/Src/main.c:690:2: warning: incompatible implicit declaration of built-in function 'memset'
../Core/Src/main.c:690:2: note: include '<string.h>' or provide a declaration of 'memset'
../Core/Src/main.c: In function 'Check_ADC':
../Core/Src/main.c:742:3: warning: implicit declaration of function 'itoa' [-Wimplicit-function-declaration]
   itoa(testValue, pointer, 10);// 10 = decimal
   ^~~~
../Core/Src/main.c:756:29: warning: pointer targets in passing argument 3 of 'LCD_WriteString' differ in signedness [-Wpointer-sign]
   LCD_WriteString(150, 110, pointer, Font_11x18, LCD_WHITE, LCD_BLACK);
                             ^~~~~~~
In file included from ../Core/Src/main.c:25:0:
C:/School/Thomas_More_Hogeschool/Practice_Enterprise_2/PE2/Bluetooth_music_box/code/Test/Core/Inc/ili9341.h:74:6: note: expected 'const char *' but argument is of type 'uint8_t * {aka unsigned char *}'
 void LCD_WriteString(uint16_t x, uint16_t y, const char* str, FontDef font, uint16_t color, uint16_t bgcolor);
      ^~~~~~~~~~~~~~~
../Core/Src/main.c:768:11: warning: unused variable 'result' [-Wunused-variable]
  uint16_t result = HAL_ADC_GetValue(&hadc1);
           ^~~~~~
../Core/Src/main.c: In function 'Led_Effect_1':
../Core/Src/main.c:776:48: warning: left-hand operand of comma expression has no effect [-Wunused-value]
   for(/*var already declared globally*/; red>=0, blue<80; red--, blue++)
                                                ^
../Core/Src/main.c:802:49: warning: left-hand operand of comma expression has no effect [-Wunused-value]
   for(/*var already declared globally*/; blue>=0, green<80; blue--, green++)
                                                 ^
../Core/Src/main.c:829:50: warning: left-hand operand of comma expression has no effect [-Wunused-value]
   for(/*var already declared globally*/; green>=0, red<80; green--, red++)
                                                  ^
../Core/Src/main.c: In function 'Check_Power':
../Core/Src/main.c:901:5: warning: implicit declaration of function 'LCD_TGetC' [-Wimplicit-function-declaration]
  if(LCD_TGetC(&x, &y))
     ^~~~~~~~~
Finished building: ../Core/Src/main.c
 
Building target: Test.elf
Invoking: MCU GCC Linker
arm-none-eabi-gcc -mcpu=cortex-m4 -mthumb -mfloat-abi=hard -mfpu=fpv4-sp-d16 -specs=nosys.specs -specs=nano.specs -T"../STM32L443CCTx_FLASH.ld" -Wl,-Map=output.map -Wl,--gc-sections -o "Test.elf" @"objects.list"   -lm
Finished building target: Test.elf
 
make --no-print-directory post-build
Generating hex and Printing size information:
arm-none-eabi-objcopy -O ihex "Test.elf" "Test.hex"
arm-none-eabi-size "Test.elf"
   text	   data	    bss	    dec	    hex	filename
  29616	     56	   2432	  32104	   7d68	Test.elf
 
17:16:15 **** Incremental Build of configuration Debug for project Test ****
make -j16 all 
Building file: ../Core/Src/main.c
Invoking: MCU GCC Compiler
C:\School\Thomas_More_Hogeschool\Practice_Enterprise_2\PE2\Bluetooth_music_box\code\Test\Debug
arm-none-eabi-gcc -mcpu=cortex-m4 -mthumb -mfloat-abi=hard -mfpu=fpv4-sp-d16 -DUSE_HAL_DRIVER -DSTM32L443xx -I"C:/School/Thomas_More_Hogeschool/Practice_Enterprise_2/PE2/Bluetooth_music_box/code/Test/Core/Inc" -I"C:/School/Thomas_More_Hogeschool/Practice_Enterprise_2/PE2/Bluetooth_music_box/code/Test/Drivers/STM32L4xx_HAL_Driver/Inc" -I"C:/School/Thomas_More_Hogeschool/Practice_Enterprise_2/PE2/Bluetooth_music_box/code/Test/Drivers/STM32L4xx_HAL_Driver/Inc/Legacy" -I"C:/School/Thomas_More_Hogeschool/Practice_Enterprise_2/PE2/Bluetooth_music_box/code/Test/Drivers/CMSIS/Device/ST/STM32L4xx/Include" -I"C:/School/Thomas_More_Hogeschool/Practice_Enterprise_2/PE2/Bluetooth_music_box/code/Test/Drivers/CMSIS/Include"  -Og -g3 -Wall -fmessage-length=0 -ffunction-sections -c -fmessage-length=0 -MMD -MP -MF"Core/Src/main.d" -MT"Core/Src/main.o" -o "Core/Src/main.o" "../Core/Src/main.c"
../Core/Src/main.c: In function 'main':
../Core/Src/main.c:229:4: warning: implicit declaration of function 'ILI9341_TouchUnselect'; did you mean 'ILI9341_Unselect'? [-Wimplicit-function-declaration]
    ILI9341_TouchUnselect();
    ^~~~~~~~~~~~~~~~~~~~~
    ILI9341_Unselect
../Core/Src/main.c:236:18: warning: initialization makes integer from pointer without a cast [-Wint-conversion]
    int battery = "54.89%";
                  ^~~~~~~~
../Core/Src/main.c:238:12: warning: unused variable 'test' [-Wunused-variable]
    uint8_t test = 'B';
            ^~~~
../Core/Src/main.c:237:13: warning: unused variable 'ad_res' [-Wunused-variable]
    uint16_t ad_res = 0;
             ^~~~~~
../Core/Src/main.c:236:8: warning: unused variable 'battery' [-Wunused-variable]
    int battery = "54.89%";
        ^~~~~~~
../Core/Src/main.c: In function 'ledClearBuffer':
../Core/Src/main.c:690:2: warning: implicit declaration of function 'memset' [-Wimplicit-function-declaration]
  memset(ledBuffer, 0, NUM_BYTES);
  ^~~~~~
../Core/Src/main.c:690:2: warning: incompatible implicit declaration of built-in function 'memset'
../Core/Src/main.c:690:2: note: include '<string.h>' or provide a declaration of 'memset'
../Core/Src/main.c: In function 'Check_ADC':
../Core/Src/main.c:743:3: warning: implicit declaration of function 'itoa' [-Wimplicit-function-declaration]
   itoa(testValue, pointer, 10);// 10 = decimal
   ^~~~
../Core/Src/main.c:757:29: warning: pointer targets in passing argument 3 of 'LCD_WriteString' differ in signedness [-Wpointer-sign]
   LCD_WriteString(150, 110, pointer, Font_11x18, LCD_WHITE, LCD_BLACK);
                             ^~~~~~~
In file included from ../Core/Src/main.c:25:0:
C:/School/Thomas_More_Hogeschool/Practice_Enterprise_2/PE2/Bluetooth_music_box/code/Test/Core/Inc/ili9341.h:74:6: note: expected 'const char *' but argument is of type 'uint8_t * {aka unsigned char *}'
 void LCD_WriteString(uint16_t x, uint16_t y, const char* str, FontDef font, uint16_t color, uint16_t bgcolor);
      ^~~~~~~~~~~~~~~
../Core/Src/main.c:769:11: warning: unused variable 'result' [-Wunused-variable]
  uint16_t result = HAL_ADC_GetValue(&hadc1);
           ^~~~~~
../Core/Src/main.c: In function 'Led_Effect_1':
../Core/Src/main.c:778:48: warning: left-hand operand of comma expression has no effect [-Wunused-value]
   for(/*var already declared globally*/; red>=0, blue<80; red--, blue++)
                                                ^
../Core/Src/main.c:804:49: warning: left-hand operand of comma expression has no effect [-Wunused-value]
   for(/*var already declared globally*/; blue>=0, green<80; blue--, green++)
                                                 ^
../Core/Src/main.c:831:50: warning: left-hand operand of comma expression has no effect [-Wunused-value]
   for(/*var already declared globally*/; green>=0, red<80; green--, red++)
                                                  ^
../Core/Src/main.c: In function 'Check_Power':
../Core/Src/main.c:903:5: warning: implicit declaration of function 'LCD_TGetC' [-Wimplicit-function-declaration]
  if(LCD_TGetC(&x, &y))
     ^~~~~~~~~
Finished building: ../Core/Src/main.c
 
Building target: Test.elf
Invoking: MCU GCC Linker
arm-none-eabi-gcc -mcpu=cortex-m4 -mthumb -mfloat-abi=hard -mfpu=fpv4-sp-d16 -specs=nosys.specs -specs=nano.specs -T"../STM32L443CCTx_FLASH.ld" -Wl,-Map=output.map -Wl,--gc-sections -o "Test.elf" @"objects.list"   -lm
Finished building target: Test.elf
 
make --no-print-directory post-build
Generating hex and Printing size information:
arm-none-eabi-objcopy -O ihex "Test.elf" "Test.hex"
arm-none-eabi-size "Test.elf"
   text	   data	    bss	    dec	    hex	filename
  29624	     56	   2432	  32112	   7d70	Test.elf
 
17:18:43 **** Incremental Build of configuration Debug for project Test ****
make -j16 all 
Building file: ../Core/Src/main.c
Invoking: MCU GCC Compiler
C:\School\Thomas_More_Hogeschool\Practice_Enterprise_2\PE2\Bluetooth_music_box\code\Test\Debug
arm-none-eabi-gcc -mcpu=cortex-m4 -mthumb -mfloat-abi=hard -mfpu=fpv4-sp-d16 -DUSE_HAL_DRIVER -DSTM32L443xx -I"C:/School/Thomas_More_Hogeschool/Practice_Enterprise_2/PE2/Bluetooth_music_box/code/Test/Core/Inc" -I"C:/School/Thomas_More_Hogeschool/Practice_Enterprise_2/PE2/Bluetooth_music_box/code/Test/Drivers/STM32L4xx_HAL_Driver/Inc" -I"C:/School/Thomas_More_Hogeschool/Practice_Enterprise_2/PE2/Bluetooth_music_box/code/Test/Drivers/STM32L4xx_HAL_Driver/Inc/Legacy" -I"C:/School/Thomas_More_Hogeschool/Practice_Enterprise_2/PE2/Bluetooth_music_box/code/Test/Drivers/CMSIS/Device/ST/STM32L4xx/Include" -I"C:/School/Thomas_More_Hogeschool/Practice_Enterprise_2/PE2/Bluetooth_music_box/code/Test/Drivers/CMSIS/Include"  -Og -g3 -Wall -fmessage-length=0 -ffunction-sections -c -fmessage-length=0 -MMD -MP -MF"Core/Src/main.d" -MT"Core/Src/main.o" -o "Core/Src/main.o" "../Core/Src/main.c"
../Core/Src/main.c: In function 'main':
../Core/Src/main.c:222:4: warning: implicit declaration of function 'ILI9341_TouchUnselect'; did you mean 'ILI9341_Unselect'? [-Wimplicit-function-declaration]
    ILI9341_TouchUnselect();
    ^~~~~~~~~~~~~~~~~~~~~
    ILI9341_Unselect
../Core/Src/main.c: In function 'ledClearBuffer':
../Core/Src/main.c:679:2: warning: implicit declaration of function 'memset' [-Wimplicit-function-declaration]
  memset(ledBuffer, 0, NUM_BYTES);
  ^~~~~~
../Core/Src/main.c:679:2: warning: incompatible implicit declaration of built-in function 'memset'
../Core/Src/main.c:679:2: note: include '<string.h>' or provide a declaration of 'memset'
../Core/Src/main.c: In function 'Check_ADC':
../Core/Src/main.c:732:3: warning: implicit declaration of function 'itoa' [-Wimplicit-function-declaration]
   itoa(testValue, pointer, 10);// 10 = decimal
   ^~~~
../Core/Src/main.c:746:29: warning: pointer targets in passing argument 3 of 'LCD_WriteString' differ in signedness [-Wpointer-sign]
   LCD_WriteString(150, 110, pointer, Font_11x18, LCD_WHITE, LCD_BLACK);
                             ^~~~~~~
In file included from ../Core/Src/main.c:25:0:
C:/School/Thomas_More_Hogeschool/Practice_Enterprise_2/PE2/Bluetooth_music_box/code/Test/Core/Inc/ili9341.h:74:6: note: expected 'const char *' but argument is of type 'uint8_t * {aka unsigned char *}'
 void LCD_WriteString(uint16_t x, uint16_t y, const char* str, FontDef font, uint16_t color, uint16_t bgcolor);
      ^~~~~~~~~~~~~~~
../Core/Src/main.c:758:11: warning: unused variable 'result' [-Wunused-variable]
  uint16_t result = HAL_ADC_GetValue(&hadc1);
           ^~~~~~
../Core/Src/main.c: In function 'Led_Effect_1':
../Core/Src/main.c:767:48: warning: left-hand operand of comma expression has no effect [-Wunused-value]
   for(/*var already declared globally*/; red>=0, blue<80; red--, blue++)
                                                ^
../Core/Src/main.c:793:49: warning: left-hand operand of comma expression has no effect [-Wunused-value]
   for(/*var already declared globally*/; blue>=0, green<80; blue--, green++)
                                                 ^
../Core/Src/main.c:820:50: warning: left-hand operand of comma expression has no effect [-Wunused-value]
   for(/*var already declared globally*/; green>=0, red<80; green--, red++)
                                                  ^
../Core/Src/main.c: In function 'Check_Power':
../Core/Src/main.c:892:5: warning: implicit declaration of function 'LCD_TGetC' [-Wimplicit-function-declaration]
  if(LCD_TGetC(&x, &y))
     ^~~~~~~~~
Finished building: ../Core/Src/main.c
 
Building target: Test.elf
Invoking: MCU GCC Linker
arm-none-eabi-gcc -mcpu=cortex-m4 -mthumb -mfloat-abi=hard -mfpu=fpv4-sp-d16 -specs=nosys.specs -specs=nano.specs -T"../STM32L443CCTx_FLASH.ld" -Wl,-Map=output.map -Wl,--gc-sections -o "Test.elf" @"objects.list"   -lm
Finished building target: Test.elf
 
make --no-print-directory post-build
Generating hex and Printing size information:
arm-none-eabi-objcopy -O ihex "Test.elf" "Test.hex"
arm-none-eabi-size "Test.elf"
   text	   data	    bss	    dec	    hex	filename
  28296	     56	   2424	  30776	   7838	Test.elf
 
17:27:35 **** Incremental Build of configuration Debug for project Test ****
make -j16 all 
Building file: ../Core/Src/main.c
Invoking: MCU GCC Compiler
C:\School\Thomas_More_Hogeschool\Practice_Enterprise_2\PE2\Bluetooth_music_box\code\Test\Debug
arm-none-eabi-gcc -mcpu=cortex-m4 -mthumb -mfloat-abi=hard -mfpu=fpv4-sp-d16 -DUSE_HAL_DRIVER -DSTM32L443xx -I"C:/School/Thomas_More_Hogeschool/Practice_Enterprise_2/PE2/Bluetooth_music_box/code/Test/Core/Inc" -I"C:/School/Thomas_More_Hogeschool/Practice_Enterprise_2/PE2/Bluetooth_music_box/code/Test/Drivers/STM32L4xx_HAL_Driver/Inc" -I"C:/School/Thomas_More_Hogeschool/Practice_Enterprise_2/PE2/Bluetooth_music_box/code/Test/Drivers/STM32L4xx_HAL_Driver/Inc/Legacy" -I"C:/School/Thomas_More_Hogeschool/Practice_Enterprise_2/PE2/Bluetooth_music_box/code/Test/Drivers/CMSIS/Device/ST/STM32L4xx/Include" -I"C:/School/Thomas_More_Hogeschool/Practice_Enterprise_2/PE2/Bluetooth_music_box/code/Test/Drivers/CMSIS/Include"  -Og -g3 -Wall -fmessage-length=0 -ffunction-sections -c -fmessage-length=0 -MMD -MP -MF"Core/Src/main.d" -MT"Core/Src/main.o" -o "Core/Src/main.o" "../Core/Src/main.c"
../Core/Src/main.c: In function 'main':
../Core/Src/main.c:222:4: warning: implicit declaration of function 'ILI9341_TouchUnselect'; did you mean 'ILI9341_Unselect'? [-Wimplicit-function-declaration]
    ILI9341_TouchUnselect();
    ^~~~~~~~~~~~~~~~~~~~~
    ILI9341_Unselect
../Core/Src/main.c: In function 'ledClearBuffer':
../Core/Src/main.c:679:2: warning: implicit declaration of function 'memset' [-Wimplicit-function-declaration]
  memset(ledBuffer, 0, NUM_BYTES);
  ^~~~~~
../Core/Src/main.c:679:2: warning: incompatible implicit declaration of built-in function 'memset'
../Core/Src/main.c:679:2: note: include '<string.h>' or provide a declaration of 'memset'
../Core/Src/main.c: In function 'Check_ADC':
../Core/Src/main.c:732:3: warning: implicit declaration of function 'itoa' [-Wimplicit-function-declaration]
   itoa(testValue, pointer, 10);// 10 = decimal
   ^~~~
../Core/Src/main.c:746:29: warning: pointer targets in passing argument 3 of 'LCD_WriteString' differ in signedness [-Wpointer-sign]
   LCD_WriteString(150, 110, pointer, Font_11x18, LCD_WHITE, LCD_BLACK);
                             ^~~~~~~
In file included from ../Core/Src/main.c:25:0:
C:/School/Thomas_More_Hogeschool/Practice_Enterprise_2/PE2/Bluetooth_music_box/code/Test/Core/Inc/ili9341.h:74:6: note: expected 'const char *' but argument is of type 'uint8_t * {aka unsigned char *}'
 void LCD_WriteString(uint16_t x, uint16_t y, const char* str, FontDef font, uint16_t color, uint16_t bgcolor);
      ^~~~~~~~~~~~~~~
../Core/Src/main.c:758:11: warning: unused variable 'result' [-Wunused-variable]
  uint16_t result = HAL_ADC_GetValue(&hadc1);
           ^~~~~~
../Core/Src/main.c: In function 'Led_Effect_1':
../Core/Src/main.c:767:48: warning: left-hand operand of comma expression has no effect [-Wunused-value]
   for(/*var already declared globally*/; red>=0, blue<255; red--, blue++)
                                                ^
../Core/Src/main.c:793:49: warning: left-hand operand of comma expression has no effect [-Wunused-value]
   for(/*var already declared globally*/; blue>=0, green<255; blue--, green++)
                                                 ^
../Core/Src/main.c:820:50: warning: left-hand operand of comma expression has no effect [-Wunused-value]
   for(/*var already declared globally*/; green>=0, red<255; green--, red++)
                                                  ^
../Core/Src/main.c: In function 'Check_Power':
../Core/Src/main.c:892:5: warning: implicit declaration of function 'LCD_TGetC' [-Wimplicit-function-declaration]
  if(LCD_TGetC(&x, &y))
     ^~~~~~~~~
Finished building: ../Core/Src/main.c
 
Building target: Test.elf
Invoking: MCU GCC Linker
arm-none-eabi-gcc -mcpu=cortex-m4 -mthumb -mfloat-abi=hard -mfpu=fpv4-sp-d16 -specs=nosys.specs -specs=nano.specs -T"../STM32L443CCTx_FLASH.ld" -Wl,-Map=output.map -Wl,--gc-sections -o "Test.elf" @"objects.list"   -lm
Finished building target: Test.elf
 
make --no-print-directory post-build
Generating hex and Printing size information:
arm-none-eabi-objcopy -O ihex "Test.elf" "Test.hex"
arm-none-eabi-size "Test.elf"
   text	   data	    bss	    dec	    hex	filename
  28296	     56	   2424	  30776	   7838	Test.elf
 
17:27:54 **** Incremental Build of configuration Debug for project Test ****
make -j16 all 
make: Nothing to be done for 'all'.
