10:48:32 **** Incremental Build of configuration Debug for project Test ****
make -j16 all 
make: Nothing to be done for 'all'.
10:48:44 **** Incremental Build of configuration Debug for project Test ****
make -j16 all 
Building file: ../Core/Src/main.c
Invoking: MCU GCC Compiler
C:\School\Thomas_More_Hogeschool\Practice_Enterprise_2\PE2\Bluetooth_music_box\code\Test\Debug
arm-none-eabi-gcc -mcpu=cortex-m4 -mthumb -mfloat-abi=hard -mfpu=fpv4-sp-d16 -DUSE_HAL_DRIVER -DSTM32L443xx -I"C:/School/Thomas_More_Hogeschool/Practice_Enterprise_2/PE2/Bluetooth_music_box/code/Test/Core/Inc" -I"C:/School/Thomas_More_Hogeschool/Practice_Enterprise_2/PE2/Bluetooth_music_box/code/Test/Drivers/STM32L4xx_HAL_Driver/Inc" -I"C:/School/Thomas_More_Hogeschool/Practice_Enterprise_2/PE2/Bluetooth_music_box/code/Test/Drivers/STM32L4xx_HAL_Driver/Inc/Legacy" -I"C:/School/Thomas_More_Hogeschool/Practice_Enterprise_2/PE2/Bluetooth_music_box/code/Test/Drivers/CMSIS/Device/ST/STM32L4xx/Include" -I"C:/School/Thomas_More_Hogeschool/Practice_Enterprise_2/PE2/Bluetooth_music_box/code/Test/Drivers/CMSIS/Include"  -Og -g3 -Wall -fmessage-length=0 -ffunction-sections -c -fmessage-length=0 -MMD -MP -MF"Core/Src/main.d" -MT"Core/Src/main.o" -o "Core/Src/main.o" "../Core/Src/main.c"
../Core/Src/main.c: In function 'main':
../Core/Src/main.c:230:4: warning: implicit declaration of function 'ILI9341_TouchUnselect'; did you mean 'ILI9341_Unselect'? [-Wimplicit-function-declaration]
    ILI9341_TouchUnselect();
    ^~~~~~~~~~~~~~~~~~~~~
    ILI9341_Unselect
../Core/Src/main.c:237:18: warning: initialization makes integer from pointer without a cast [-Wint-conversion]
    int battery = "54.89%";
                  ^~~~~~~~
../Core/Src/main.c:260:6: warning: implicit declaration of function 'itoa' [-Wimplicit-function-declaration]
      itoa(testValue, pointer, 10);// 10 = decimal
      ^~~~
../Core/Src/main.c:270:32: warning: pointer targets in passing argument 3 of 'LCD_WriteString' differ in signedness [-Wpointer-sign]
      LCD_WriteString(150, 110, pointer, Font_11x18, LCD_WHITE, LCD_BLACK);
                                ^~~~~~~
In file included from ../Core/Src/main.c:25:0:
C:/School/Thomas_More_Hogeschool/Practice_Enterprise_2/PE2/Bluetooth_music_box/code/Test/Core/Inc/ili9341.h:74:6: note: expected 'const char *' but argument is of type 'uint8_t * {aka unsigned char *}'
 void LCD_WriteString(uint16_t x, uint16_t y, const char* str, FontDef font, uint16_t color, uint16_t bgcolor);
      ^~~~~~~~~~~~~~~
../Core/Src/main.c:291:5: warning: implicit declaration of function 'printf' [-Wimplicit-function-declaration]
     printf("result = %d\r\n", result);
     ^~~~~~
../Core/Src/main.c:291:5: warning: incompatible implicit declaration of built-in function 'printf'
../Core/Src/main.c:291:5: note: include '<stdio.h>' or provide a declaration of 'printf'
../Core/Src/main.c:371:9: warning: implicit declaration of function 'LCD_TGetC' [-Wimplicit-function-declaration]
      if(LCD_TGetC(&x, &y)) {
         ^~~~~~~~~
../Core/Src/main.c:238:13: warning: unused variable 'ad_res' [-Wunused-variable]
    uint16_t ad_res = 0;
             ^~~~~~
../Core/Src/main.c:237:8: warning: unused variable 'battery' [-Wunused-variable]
    int battery = "54.89%";
        ^~~~~~~
../Core/Src/main.c: In function 'ledClearBuffer':
../Core/Src/main.c:820:2: warning: implicit declaration of function 'memset' [-Wimplicit-function-declaration]
  memset(ledBuffer, 0, NUM_BYTES);
  ^~~~~~
../Core/Src/main.c:820:2: warning: incompatible implicit declaration of built-in function 'memset'
../Core/Src/main.c:820:2: note: include '<string.h>' or provide a declaration of 'memset'
../Core/Src/main.c: In function 'Test_slider_battery':
../Core/Src/main.c:870:8: warning: right shift count >= width of type [-Wshift-count-overflow]
    if(x>>101 && x<<229 && y>>95 && y<<144){// in range?
        ^~
../Core/Src/main.c:870:18: warning: left shift count >= width of type [-Wshift-count-overflow]
    if(x>>101 && x<<229 && y>>95 && y<<144){// in range?
                  ^~
../Core/Src/main.c:870:18: warning: '<<' in boolean context, did you mean '<' ? [-Wint-in-bool-context]
    if(x>>101 && x<<229 && y>>95 && y<<144){// in range?
                 ~^~~~~
../Core/Src/main.c:870:28: warning: right shift count >= width of type [-Wshift-count-overflow]
    if(x>>101 && x<<229 && y>>95 && y<<144){// in range?
                            ^~
../Core/Src/main.c:870:37: warning: left shift count >= width of type [-Wshift-count-overflow]
    if(x>>101 && x<<229 && y>>95 && y<<144){// in range?
                                     ^~
../Core/Src/main.c:870:37: warning: '<<' in boolean context, did you mean '<' ? [-Wint-in-bool-context]
    if(x>>101 && x<<229 && y>>95 && y<<144){// in range?
                                    ~^~~~~
../Core/Src/main.c:871:9: warning: left shift count >= width of type [-Wshift-count-overflow]
     if(x<<144 && x>>101 && y<<144 && y>>96){
         ^~
../Core/Src/main.c:871:9: warning: '<<' in boolean context, did you mean '<' ? [-Wint-in-bool-context]
     if(x<<144 && x>>101 && y<<144 && y>>96){
        ~^~~~~
../Core/Src/main.c:871:19: warning: right shift count >= width of type [-Wshift-count-overflow]
     if(x<<144 && x>>101 && y<<144 && y>>96){
                   ^~
../Core/Src/main.c:871:29: warning: left shift count >= width of type [-Wshift-count-overflow]
     if(x<<144 && x>>101 && y<<144 && y>>96){
                             ^~
../Core/Src/main.c:871:29: warning: '<<' in boolean context, did you mean '<' ? [-Wint-in-bool-context]
     if(x<<144 && x>>101 && y<<144 && y>>96){
                            ~^~~~~
../Core/Src/main.c:871:39: warning: right shift count >= width of type [-Wshift-count-overflow]
     if(x<<144 && x>>101 && y<<144 && y>>96){
                                       ^~
../Core/Src/main.c:874:14: warning: left shift count >= width of type [-Wshift-count-overflow]
     else if(x<<187 && x>>144 && y<<144 && y>>96){
              ^~
../Core/Src/main.c:874:14: warning: '<<' in boolean context, did you mean '<' ? [-Wint-in-bool-context]
     else if(x<<187 && x>>144 && y<<144 && y>>96){
             ~^~~~~
../Core/Src/main.c:874:24: warning: right shift count >= width of type [-Wshift-count-overflow]
     else if(x<<187 && x>>144 && y<<144 && y>>96){
                        ^~
../Core/Src/main.c:874:34: warning: left shift count >= width of type [-Wshift-count-overflow]
     else if(x<<187 && x>>144 && y<<144 && y>>96){
                                  ^~
../Core/Src/main.c:874:34: warning: '<<' in boolean context, did you mean '<' ? [-Wint-in-bool-context]
     else if(x<<187 && x>>144 && y<<144 && y>>96){
                                 ~^~~~~
../Core/Src/main.c:874:44: warning: right shift count >= width of type [-Wshift-count-overflow]
     else if(x<<187 && x>>144 && y<<144 && y>>96){
                                            ^~
../Core/Src/main.c:877:14: warning: left shift count >= width of type [-Wshift-count-overflow]
     else if(x<<228 && x>>187 && y<<144 && y>>96){
              ^~
../Core/Src/main.c:877:14: warning: '<<' in boolean context, did you mean '<' ? [-Wint-in-bool-context]
     else if(x<<228 && x>>187 && y<<144 && y>>96){
             ~^~~~~
../Core/Src/main.c:877:24: warning: right shift count >= width of type [-Wshift-count-overflow]
     else if(x<<228 && x>>187 && y<<144 && y>>96){
                        ^~
../Core/Src/main.c:877:34: warning: left shift count >= width of type [-Wshift-count-overflow]
     else if(x<<228 && x>>187 && y<<144 && y>>96){
                                  ^~
../Core/Src/main.c:877:34: warning: '<<' in boolean context, did you mean '<' ? [-Wint-in-bool-context]
     else if(x<<228 && x>>187 && y<<144 && y>>96){
                                 ~^~~~~
../Core/Src/main.c:877:44: warning: right shift count >= width of type [-Wshift-count-overflow]
     else if(x<<228 && x>>187 && y<<144 && y>>96){
                                            ^~
Finished building: ../Core/Src/main.c
 
Building target: Test.elf
Invoking: MCU GCC Linker
arm-none-eabi-gcc -mcpu=cortex-m4 -mthumb -mfloat-abi=hard -mfpu=fpv4-sp-d16 -specs=nosys.specs -specs=nano.specs -T"../STM32L443CCTx_FLASH.ld" -Wl,-Map=output.map -Wl,--gc-sections -o "Test.elf" @"objects.list"   -lm
Finished building target: Test.elf
 
make --no-print-directory post-build
Generating hex and Printing size information:
arm-none-eabi-objcopy -O ihex "Test.elf" "Test.hex"
arm-none-eabi-size "Test.elf"
   text	   data	    bss	    dec	    hex	filename
  33304	    160	   2448	  35912	   8c48	Test.elf
 
10:49:08 **** Incremental Build of configuration Debug for project Test ****
make -j16 all 
make: Nothing to be done for 'all'.
10:49:16 **** Incremental Build of configuration Debug for project Test ****
make -j16 all 
make: Nothing to be done for 'all'.
10:51:36 **** Incremental Build of configuration Debug for project Test ****
make -j16 all 
make: Nothing to be done for 'all'.
10:51:48 **** Incremental Build of configuration Debug for project Test ****
make -j16 all 
make: Nothing to be done for 'all'.
10:54:01 **** Incremental Build of configuration Debug for project Test ****
make -j16 all 
Building file: ../Core/Src/main.c
Invoking: MCU GCC Compiler
C:\School\Thomas_More_Hogeschool\Practice_Enterprise_2\PE2\Bluetooth_music_box\code\Test\Debug
arm-none-eabi-gcc -mcpu=cortex-m4 -mthumb -mfloat-abi=hard -mfpu=fpv4-sp-d16 -DUSE_HAL_DRIVER -DSTM32L443xx -I"C:/School/Thomas_More_Hogeschool/Practice_Enterprise_2/PE2/Bluetooth_music_box/code/Test/Core/Inc" -I"C:/School/Thomas_More_Hogeschool/Practice_Enterprise_2/PE2/Bluetooth_music_box/code/Test/Drivers/STM32L4xx_HAL_Driver/Inc" -I"C:/School/Thomas_More_Hogeschool/Practice_Enterprise_2/PE2/Bluetooth_music_box/code/Test/Drivers/STM32L4xx_HAL_Driver/Inc/Legacy" -I"C:/School/Thomas_More_Hogeschool/Practice_Enterprise_2/PE2/Bluetooth_music_box/code/Test/Drivers/CMSIS/Device/ST/STM32L4xx/Include" -I"C:/School/Thomas_More_Hogeschool/Practice_Enterprise_2/PE2/Bluetooth_music_box/code/Test/Drivers/CMSIS/Include"  -Og -g3 -Wall -fmessage-length=0 -ffunction-sections -c -fmessage-length=0 -MMD -MP -MF"Core/Src/main.d" -MT"Core/Src/main.o" -o "Core/Src/main.o" "../Core/Src/main.c"
../Core/Src/main.c: In function 'main':
../Core/Src/main.c:230:4: warning: implicit declaration of function 'ILI9341_TouchUnselect'; did you mean 'ILI9341_Unselect'? [-Wimplicit-function-declaration]
    ILI9341_TouchUnselect();
    ^~~~~~~~~~~~~~~~~~~~~
    ILI9341_Unselect
../Core/Src/main.c:237:18: warning: initialization makes integer from pointer without a cast [-Wint-conversion]
    int battery = "54.89%";
                  ^~~~~~~~
../Core/Src/main.c:260:6: warning: implicit declaration of function 'itoa' [-Wimplicit-function-declaration]
      itoa(testValue, pointer, 10);// 10 = decimal
      ^~~~
../Core/Src/main.c:270:32: warning: pointer targets in passing argument 3 of 'LCD_WriteString' differ in signedness [-Wpointer-sign]
      LCD_WriteString(150, 110, pointer, Font_11x18, LCD_WHITE, LCD_BLACK);
                                ^~~~~~~
In file included from ../Core/Src/main.c:25:0:
C:/School/Thomas_More_Hogeschool/Practice_Enterprise_2/PE2/Bluetooth_music_box/code/Test/Core/Inc/ili9341.h:74:6: note: expected 'const char *' but argument is of type 'uint8_t * {aka unsigned char *}'
 void LCD_WriteString(uint16_t x, uint16_t y, const char* str, FontDef font, uint16_t color, uint16_t bgcolor);
      ^~~~~~~~~~~~~~~
../Core/Src/main.c:291:5: warning: implicit declaration of function 'printf' [-Wimplicit-function-declaration]
     printf("result = %d\r\n", result);
     ^~~~~~
../Core/Src/main.c:291:5: warning: incompatible implicit declaration of built-in function 'printf'
../Core/Src/main.c:291:5: note: include '<stdio.h>' or provide a declaration of 'printf'
../Core/Src/main.c:371:9: warning: implicit declaration of function 'LCD_TGetC' [-Wimplicit-function-declaration]
      if(LCD_TGetC(&x, &y)) {
         ^~~~~~~~~
../Core/Src/main.c:238:13: warning: unused variable 'ad_res' [-Wunused-variable]
    uint16_t ad_res = 0;
             ^~~~~~
../Core/Src/main.c:237:8: warning: unused variable 'battery' [-Wunused-variable]
    int battery = "54.89%";
        ^~~~~~~
../Core/Src/main.c: In function 'ledClearBuffer':
../Core/Src/main.c:820:2: warning: implicit declaration of function 'memset' [-Wimplicit-function-declaration]
  memset(ledBuffer, 0, NUM_BYTES);
  ^~~~~~
../Core/Src/main.c:820:2: warning: incompatible implicit declaration of built-in function 'memset'
../Core/Src/main.c:820:2: note: include '<string.h>' or provide a declaration of 'memset'
../Core/Src/main.c: In function 'Test_slider_battery':
../Core/Src/main.c:870:8: warning: right shift count >= width of type [-Wshift-count-overflow]
    if(x>>101 && x<<229 && y>>95 && y<<144){// in range?
        ^~
../Core/Src/main.c:870:18: warning: left shift count >= width of type [-Wshift-count-overflow]
    if(x>>101 && x<<229 && y>>95 && y<<144){// in range?
                  ^~
../Core/Src/main.c:870:18: warning: '<<' in boolean context, did you mean '<' ? [-Wint-in-bool-context]
    if(x>>101 && x<<229 && y>>95 && y<<144){// in range?
                 ~^~~~~
../Core/Src/main.c:870:28: warning: right shift count >= width of type [-Wshift-count-overflow]
    if(x>>101 && x<<229 && y>>95 && y<<144){// in range?
                            ^~
../Core/Src/main.c:870:37: warning: left shift count >= width of type [-Wshift-count-overflow]
    if(x>>101 && x<<229 && y>>95 && y<<144){// in range?
                                     ^~
../Core/Src/main.c:870:37: warning: '<<' in boolean context, did you mean '<' ? [-Wint-in-bool-context]
    if(x>>101 && x<<229 && y>>95 && y<<144){// in range?
                                    ~^~~~~
../Core/Src/main.c:871:9: warning: left shift count >= width of type [-Wshift-count-overflow]
     if(x<<144 && x>>101 && y<<144 && y>>96){
         ^~
../Core/Src/main.c:871:9: warning: '<<' in boolean context, did you mean '<' ? [-Wint-in-bool-context]
     if(x<<144 && x>>101 && y<<144 && y>>96){
        ~^~~~~
../Core/Src/main.c:871:19: warning: right shift count >= width of type [-Wshift-count-overflow]
     if(x<<144 && x>>101 && y<<144 && y>>96){
                   ^~
../Core/Src/main.c:871:29: warning: left shift count >= width of type [-Wshift-count-overflow]
     if(x<<144 && x>>101 && y<<144 && y>>96){
                             ^~
../Core/Src/main.c:871:29: warning: '<<' in boolean context, did you mean '<' ? [-Wint-in-bool-context]
     if(x<<144 && x>>101 && y<<144 && y>>96){
                            ~^~~~~
../Core/Src/main.c:871:39: warning: right shift count >= width of type [-Wshift-count-overflow]
     if(x<<144 && x>>101 && y<<144 && y>>96){
                                       ^~
../Core/Src/main.c:874:14: warning: left shift count >= width of type [-Wshift-count-overflow]
     else if(x<<187 && x>>144 && y<<144 && y>>96){
              ^~
../Core/Src/main.c:874:14: warning: '<<' in boolean context, did you mean '<' ? [-Wint-in-bool-context]
     else if(x<<187 && x>>144 && y<<144 && y>>96){
             ~^~~~~
../Core/Src/main.c:874:24: warning: right shift count >= width of type [-Wshift-count-overflow]
     else if(x<<187 && x>>144 && y<<144 && y>>96){
                        ^~
../Core/Src/main.c:874:34: warning: left shift count >= width of type [-Wshift-count-overflow]
     else if(x<<187 && x>>144 && y<<144 && y>>96){
                                  ^~
../Core/Src/main.c:874:34: warning: '<<' in boolean context, did you mean '<' ? [-Wint-in-bool-context]
     else if(x<<187 && x>>144 && y<<144 && y>>96){
                                 ~^~~~~
../Core/Src/main.c:874:44: warning: right shift count >= width of type [-Wshift-count-overflow]
     else if(x<<187 && x>>144 && y<<144 && y>>96){
                                            ^~
../Core/Src/main.c:877:14: warning: left shift count >= width of type [-Wshift-count-overflow]
     else if(x<<228 && x>>187 && y<<144 && y>>96){
              ^~
../Core/Src/main.c:877:14: warning: '<<' in boolean context, did you mean '<' ? [-Wint-in-bool-context]
     else if(x<<228 && x>>187 && y<<144 && y>>96){
             ~^~~~~
../Core/Src/main.c:877:24: warning: right shift count >= width of type [-Wshift-count-overflow]
     else if(x<<228 && x>>187 && y<<144 && y>>96){
                        ^~
../Core/Src/main.c:877:34: warning: left shift count >= width of type [-Wshift-count-overflow]
     else if(x<<228 && x>>187 && y<<144 && y>>96){
                                  ^~
../Core/Src/main.c:877:34: warning: '<<' in boolean context, did you mean '<' ? [-Wint-in-bool-context]
     else if(x<<228 && x>>187 && y<<144 && y>>96){
                                 ~^~~~~
../Core/Src/main.c:877:44: warning: right shift count >= width of type [-Wshift-count-overflow]
     else if(x<<228 && x>>187 && y<<144 && y>>96){
                                            ^~
Finished building: ../Core/Src/main.c
 
Building target: Test.elf
Invoking: MCU GCC Linker
arm-none-eabi-gcc -mcpu=cortex-m4 -mthumb -mfloat-abi=hard -mfpu=fpv4-sp-d16 -specs=nosys.specs -specs=nano.specs -T"../STM32L443CCTx_FLASH.ld" -Wl,-Map=output.map -Wl,--gc-sections -o "Test.elf" @"objects.list"   -lm
Finished building target: Test.elf
 
make --no-print-directory post-build
Generating hex and Printing size information:
arm-none-eabi-objcopy -O ihex "Test.elf" "Test.hex"
arm-none-eabi-size "Test.elf"
   text	   data	    bss	    dec	    hex	filename
  33304	    160	   2448	  35912	   8c48	Test.elf
 
11:19:01 **** Incremental Build of configuration Debug for project Test ****
make -j16 all 
Building file: ../Core/Src/main.c
Invoking: MCU GCC Compiler
C:\School\Thomas_More_Hogeschool\Practice_Enterprise_2\PE2\Bluetooth_music_box\code\Test\Debug
arm-none-eabi-gcc -mcpu=cortex-m4 -mthumb -mfloat-abi=hard -mfpu=fpv4-sp-d16 -DUSE_HAL_DRIVER -DSTM32L443xx -I"C:/School/Thomas_More_Hogeschool/Practice_Enterprise_2/PE2/Bluetooth_music_box/code/Test/Core/Inc" -I"C:/School/Thomas_More_Hogeschool/Practice_Enterprise_2/PE2/Bluetooth_music_box/code/Test/Drivers/STM32L4xx_HAL_Driver/Inc" -I"C:/School/Thomas_More_Hogeschool/Practice_Enterprise_2/PE2/Bluetooth_music_box/code/Test/Drivers/STM32L4xx_HAL_Driver/Inc/Legacy" -I"C:/School/Thomas_More_Hogeschool/Practice_Enterprise_2/PE2/Bluetooth_music_box/code/Test/Drivers/CMSIS/Device/ST/STM32L4xx/Include" -I"C:/School/Thomas_More_Hogeschool/Practice_Enterprise_2/PE2/Bluetooth_music_box/code/Test/Drivers/CMSIS/Include"  -Og -g3 -Wall -fmessage-length=0 -ffunction-sections -c -fmessage-length=0 -MMD -MP -MF"Core/Src/main.d" -MT"Core/Src/main.o" -o "Core/Src/main.o" "../Core/Src/main.c"
../Core/Src/main.c: In function 'main':
../Core/Src/main.c:230:4: warning: implicit declaration of function 'ILI9341_TouchUnselect'; did you mean 'ILI9341_Unselect'? [-Wimplicit-function-declaration]
    ILI9341_TouchUnselect();
    ^~~~~~~~~~~~~~~~~~~~~
    ILI9341_Unselect
../Core/Src/main.c:237:18: warning: initialization makes integer from pointer without a cast [-Wint-conversion]
    int battery = "54.89%";
                  ^~~~~~~~
../Core/Src/main.c:260:6: warning: implicit declaration of function 'itoa' [-Wimplicit-function-declaration]
      itoa(testValue, pointer, 10);// 10 = decimal
      ^~~~
../Core/Src/main.c:270:32: warning: pointer targets in passing argument 3 of 'LCD_WriteString' differ in signedness [-Wpointer-sign]
      LCD_WriteString(150, 110, pointer, Font_11x18, LCD_WHITE, LCD_BLACK);
                                ^~~~~~~
In file included from ../Core/Src/main.c:25:0:
C:/School/Thomas_More_Hogeschool/Practice_Enterprise_2/PE2/Bluetooth_music_box/code/Test/Core/Inc/ili9341.h:74:6: note: expected 'const char *' but argument is of type 'uint8_t * {aka unsigned char *}'
 void LCD_WriteString(uint16_t x, uint16_t y, const char* str, FontDef font, uint16_t color, uint16_t bgcolor);
      ^~~~~~~~~~~~~~~
../Core/Src/main.c:291:5: warning: implicit declaration of function 'printf' [-Wimplicit-function-declaration]
     printf("result = %d\r\n", result);
     ^~~~~~
../Core/Src/main.c:291:5: warning: incompatible implicit declaration of built-in function 'printf'
../Core/Src/main.c:291:5: note: include '<stdio.h>' or provide a declaration of 'printf'
../Core/Src/main.c:371:9: warning: implicit declaration of function 'LCD_TGetC' [-Wimplicit-function-declaration]
      if(LCD_TGetC(&x, &y)) {
         ^~~~~~~~~
../Core/Src/main.c:238:13: warning: unused variable 'ad_res' [-Wunused-variable]
    uint16_t ad_res = 0;
             ^~~~~~
../Core/Src/main.c:237:8: warning: unused variable 'battery' [-Wunused-variable]
    int battery = "54.89%";
        ^~~~~~~
../Core/Src/main.c: In function 'ledClearBuffer':
../Core/Src/main.c:820:2: warning: implicit declaration of function 'memset' [-Wimplicit-function-declaration]
  memset(ledBuffer, 0, NUM_BYTES);
  ^~~~~~
../Core/Src/main.c:820:2: warning: incompatible implicit declaration of built-in function 'memset'
../Core/Src/main.c:820:2: note: include '<string.h>' or provide a declaration of 'memset'
../Core/Src/main.c: In function 'Test_slider_battery':
../Core/Src/main.c:870:8: warning: right shift count >= width of type [-Wshift-count-overflow]
    if(x>>101 && x<<229 && y>>95 && y<<144){// in range?
        ^~
../Core/Src/main.c:870:18: warning: left shift count >= width of type [-Wshift-count-overflow]
    if(x>>101 && x<<229 && y>>95 && y<<144){// in range?
                  ^~
../Core/Src/main.c:870:18: warning: '<<' in boolean context, did you mean '<' ? [-Wint-in-bool-context]
    if(x>>101 && x<<229 && y>>95 && y<<144){// in range?
                 ~^~~~~
../Core/Src/main.c:870:28: warning: right shift count >= width of type [-Wshift-count-overflow]
    if(x>>101 && x<<229 && y>>95 && y<<144){// in range?
                            ^~
../Core/Src/main.c:870:37: warning: left shift count >= width of type [-Wshift-count-overflow]
    if(x>>101 && x<<229 && y>>95 && y<<144){// in range?
                                     ^~
../Core/Src/main.c:870:37: warning: '<<' in boolean context, did you mean '<' ? [-Wint-in-bool-context]
    if(x>>101 && x<<229 && y>>95 && y<<144){// in range?
                                    ~^~~~~
../Core/Src/main.c:871:9: warning: left shift count >= width of type [-Wshift-count-overflow]
     if(x<<144 && x>>101 && y<<144 && y>>96){
         ^~
../Core/Src/main.c:871:9: warning: '<<' in boolean context, did you mean '<' ? [-Wint-in-bool-context]
     if(x<<144 && x>>101 && y<<144 && y>>96){
        ~^~~~~
../Core/Src/main.c:871:19: warning: right shift count >= width of type [-Wshift-count-overflow]
     if(x<<144 && x>>101 && y<<144 && y>>96){
                   ^~
../Core/Src/main.c:871:29: warning: left shift count >= width of type [-Wshift-count-overflow]
     if(x<<144 && x>>101 && y<<144 && y>>96){
                             ^~
../Core/Src/main.c:871:29: warning: '<<' in boolean context, did you mean '<' ? [-Wint-in-bool-context]
     if(x<<144 && x>>101 && y<<144 && y>>96){
                            ~^~~~~
../Core/Src/main.c:871:39: warning: right shift count >= width of type [-Wshift-count-overflow]
     if(x<<144 && x>>101 && y<<144 && y>>96){
                                       ^~
../Core/Src/main.c:874:14: warning: left shift count >= width of type [-Wshift-count-overflow]
     else if(x<<187 && x>>144 && y<<144 && y>>96){
              ^~
../Core/Src/main.c:874:14: warning: '<<' in boolean context, did you mean '<' ? [-Wint-in-bool-context]
     else if(x<<187 && x>>144 && y<<144 && y>>96){
             ~^~~~~
../Core/Src/main.c:874:24: warning: right shift count >= width of type [-Wshift-count-overflow]
     else if(x<<187 && x>>144 && y<<144 && y>>96){
                        ^~
../Core/Src/main.c:874:34: warning: left shift count >= width of type [-Wshift-count-overflow]
     else if(x<<187 && x>>144 && y<<144 && y>>96){
                                  ^~
../Core/Src/main.c:874:34: warning: '<<' in boolean context, did you mean '<' ? [-Wint-in-bool-context]
     else if(x<<187 && x>>144 && y<<144 && y>>96){
                                 ~^~~~~
../Core/Src/main.c:874:44: warning: right shift count >= width of type [-Wshift-count-overflow]
     else if(x<<187 && x>>144 && y<<144 && y>>96){
                                            ^~
../Core/Src/main.c:877:14: warning: left shift count >= width of type [-Wshift-count-overflow]
     else if(x<<228 && x>>187 && y<<144 && y>>96){
              ^~
../Core/Src/main.c:877:14: warning: '<<' in boolean context, did you mean '<' ? [-Wint-in-bool-context]
     else if(x<<228 && x>>187 && y<<144 && y>>96){
             ~^~~~~
../Core/Src/main.c:877:24: warning: right shift count >= width of type [-Wshift-count-overflow]
     else if(x<<228 && x>>187 && y<<144 && y>>96){
                        ^~
../Core/Src/main.c:877:34: warning: left shift count >= width of type [-Wshift-count-overflow]
     else if(x<<228 && x>>187 && y<<144 && y>>96){
                                  ^~
../Core/Src/main.c:877:34: warning: '<<' in boolean context, did you mean '<' ? [-Wint-in-bool-context]
     else if(x<<228 && x>>187 && y<<144 && y>>96){
                                 ~^~~~~
../Core/Src/main.c:877:44: warning: right shift count >= width of type [-Wshift-count-overflow]
     else if(x<<228 && x>>187 && y<<144 && y>>96){
                                            ^~
Finished building: ../Core/Src/main.c
 
Building target: Test.elf
Invoking: MCU GCC Linker
arm-none-eabi-gcc -mcpu=cortex-m4 -mthumb -mfloat-abi=hard -mfpu=fpv4-sp-d16 -specs=nosys.specs -specs=nano.specs -T"../STM32L443CCTx_FLASH.ld" -Wl,-Map=output.map -Wl,--gc-sections -o "Test.elf" @"objects.list"   -lm
Finished building target: Test.elf
 
make --no-print-directory post-build
Generating hex and Printing size information:
arm-none-eabi-objcopy -O ihex "Test.elf" "Test.hex"
arm-none-eabi-size "Test.elf"
   text	   data	    bss	    dec	    hex	filename
  33304	    160	   2448	  35912	   8c48	Test.elf
 
11:19:55 **** Incremental Build of configuration Debug for project Test ****
make -j16 all 
Building file: ../Core/Src/main.c
Invoking: MCU GCC Compiler
C:\School\Thomas_More_Hogeschool\Practice_Enterprise_2\PE2\Bluetooth_music_box\code\Test\Debug
arm-none-eabi-gcc -mcpu=cortex-m4 -mthumb -mfloat-abi=hard -mfpu=fpv4-sp-d16 -DUSE_HAL_DRIVER -DSTM32L443xx -I"C:/School/Thomas_More_Hogeschool/Practice_Enterprise_2/PE2/Bluetooth_music_box/code/Test/Core/Inc" -I"C:/School/Thomas_More_Hogeschool/Practice_Enterprise_2/PE2/Bluetooth_music_box/code/Test/Drivers/STM32L4xx_HAL_Driver/Inc" -I"C:/School/Thomas_More_Hogeschool/Practice_Enterprise_2/PE2/Bluetooth_music_box/code/Test/Drivers/STM32L4xx_HAL_Driver/Inc/Legacy" -I"C:/School/Thomas_More_Hogeschool/Practice_Enterprise_2/PE2/Bluetooth_music_box/code/Test/Drivers/CMSIS/Device/ST/STM32L4xx/Include" -I"C:/School/Thomas_More_Hogeschool/Practice_Enterprise_2/PE2/Bluetooth_music_box/code/Test/Drivers/CMSIS/Include"  -Og -g3 -Wall -fmessage-length=0 -ffunction-sections -c -fmessage-length=0 -MMD -MP -MF"Core/Src/main.d" -MT"Core/Src/main.o" -o "Core/Src/main.o" "../Core/Src/main.c"
../Core/Src/main.c: In function 'main':
../Core/Src/main.c:230:4: warning: implicit declaration of function 'ILI9341_TouchUnselect'; did you mean 'ILI9341_Unselect'? [-Wimplicit-function-declaration]
    ILI9341_TouchUnselect();
    ^~~~~~~~~~~~~~~~~~~~~
    ILI9341_Unselect
../Core/Src/main.c:237:18: warning: initialization makes integer from pointer without a cast [-Wint-conversion]
    int battery = "54.89%";
                  ^~~~~~~~
../Core/Src/main.c:260:6: warning: implicit declaration of function 'itoa' [-Wimplicit-function-declaration]
      itoa(testValue, pointer, 10);// 10 = decimal
      ^~~~
../Core/Src/main.c:270:32: warning: pointer targets in passing argument 3 of 'LCD_WriteString' differ in signedness [-Wpointer-sign]
      LCD_WriteString(150, 110, pointer, Font_11x18, LCD_WHITE, LCD_BLACK);
                                ^~~~~~~
In file included from ../Core/Src/main.c:25:0:
C:/School/Thomas_More_Hogeschool/Practice_Enterprise_2/PE2/Bluetooth_music_box/code/Test/Core/Inc/ili9341.h:74:6: note: expected 'const char *' but argument is of type 'uint8_t * {aka unsigned char *}'
 void LCD_WriteString(uint16_t x, uint16_t y, const char* str, FontDef font, uint16_t color, uint16_t bgcolor);
      ^~~~~~~~~~~~~~~
../Core/Src/main.c:291:5: warning: implicit declaration of function 'printf' [-Wimplicit-function-declaration]
     printf("result = %d\r\n", result);
     ^~~~~~
../Core/Src/main.c:291:5: warning: incompatible implicit declaration of built-in function 'printf'
../Core/Src/main.c:291:5: note: include '<stdio.h>' or provide a declaration of 'printf'
../Core/Src/main.c:371:9: warning: implicit declaration of function 'LCD_TGetC' [-Wimplicit-function-declaration]
      if(LCD_TGetC(&x, &y)) {
         ^~~~~~~~~
../Core/Src/main.c:238:13: warning: unused variable 'ad_res' [-Wunused-variable]
    uint16_t ad_res = 0;
             ^~~~~~
../Core/Src/main.c:237:8: warning: unused variable 'battery' [-Wunused-variable]
    int battery = "54.89%";
        ^~~~~~~
../Core/Src/main.c: In function 'ledClearBuffer':
../Core/Src/main.c:820:2: warning: implicit declaration of function 'memset' [-Wimplicit-function-declaration]
  memset(ledBuffer, 0, NUM_BYTES);
  ^~~~~~
../Core/Src/main.c:820:2: warning: incompatible implicit declaration of built-in function 'memset'
../Core/Src/main.c:820:2: note: include '<string.h>' or provide a declaration of 'memset'
../Core/Src/main.c: In function 'Test_slider_battery':
../Core/Src/main.c:870:8: warning: right shift count >= width of type [-Wshift-count-overflow]
    if(x>>101 && x<<229 && y>>95 && y<<144){// in range?
        ^~
../Core/Src/main.c:870:18: warning: left shift count >= width of type [-Wshift-count-overflow]
    if(x>>101 && x<<229 && y>>95 && y<<144){// in range?
                  ^~
../Core/Src/main.c:870:18: warning: '<<' in boolean context, did you mean '<' ? [-Wint-in-bool-context]
    if(x>>101 && x<<229 && y>>95 && y<<144){// in range?
                 ~^~~~~
../Core/Src/main.c:870:28: warning: right shift count >= width of type [-Wshift-count-overflow]
    if(x>>101 && x<<229 && y>>95 && y<<144){// in range?
                            ^~
../Core/Src/main.c:870:37: warning: left shift count >= width of type [-Wshift-count-overflow]
    if(x>>101 && x<<229 && y>>95 && y<<144){// in range?
                                     ^~
../Core/Src/main.c:870:37: warning: '<<' in boolean context, did you mean '<' ? [-Wint-in-bool-context]
    if(x>>101 && x<<229 && y>>95 && y<<144){// in range?
                                    ~^~~~~
../Core/Src/main.c:871:9: warning: left shift count >= width of type [-Wshift-count-overflow]
     if(x<<144 && x>>101 && y<<144 && y>>96){
         ^~
../Core/Src/main.c:871:9: warning: '<<' in boolean context, did you mean '<' ? [-Wint-in-bool-context]
     if(x<<144 && x>>101 && y<<144 && y>>96){
        ~^~~~~
../Core/Src/main.c:871:19: warning: right shift count >= width of type [-Wshift-count-overflow]
     if(x<<144 && x>>101 && y<<144 && y>>96){
                   ^~
../Core/Src/main.c:871:29: warning: left shift count >= width of type [-Wshift-count-overflow]
     if(x<<144 && x>>101 && y<<144 && y>>96){
                             ^~
../Core/Src/main.c:871:29: warning: '<<' in boolean context, did you mean '<' ? [-Wint-in-bool-context]
     if(x<<144 && x>>101 && y<<144 && y>>96){
                            ~^~~~~
../Core/Src/main.c:871:39: warning: right shift count >= width of type [-Wshift-count-overflow]
     if(x<<144 && x>>101 && y<<144 && y>>96){
                                       ^~
../Core/Src/main.c:874:14: warning: left shift count >= width of type [-Wshift-count-overflow]
     else if(x<<187 && x>>144 && y<<144 && y>>96){
              ^~
../Core/Src/main.c:874:14: warning: '<<' in boolean context, did you mean '<' ? [-Wint-in-bool-context]
     else if(x<<187 && x>>144 && y<<144 && y>>96){
             ~^~~~~
../Core/Src/main.c:874:24: warning: right shift count >= width of type [-Wshift-count-overflow]
     else if(x<<187 && x>>144 && y<<144 && y>>96){
                        ^~
../Core/Src/main.c:874:34: warning: left shift count >= width of type [-Wshift-count-overflow]
     else if(x<<187 && x>>144 && y<<144 && y>>96){
                                  ^~
../Core/Src/main.c:874:34: warning: '<<' in boolean context, did you mean '<' ? [-Wint-in-bool-context]
     else if(x<<187 && x>>144 && y<<144 && y>>96){
                                 ~^~~~~
../Core/Src/main.c:874:44: warning: right shift count >= width of type [-Wshift-count-overflow]
     else if(x<<187 && x>>144 && y<<144 && y>>96){
                                            ^~
../Core/Src/main.c:877:14: warning: left shift count >= width of type [-Wshift-count-overflow]
     else if(x<<228 && x>>187 && y<<144 && y>>96){
              ^~
../Core/Src/main.c:877:14: warning: '<<' in boolean context, did you mean '<' ? [-Wint-in-bool-context]
     else if(x<<228 && x>>187 && y<<144 && y>>96){
             ~^~~~~
../Core/Src/main.c:877:24: warning: right shift count >= width of type [-Wshift-count-overflow]
     else if(x<<228 && x>>187 && y<<144 && y>>96){
                        ^~
../Core/Src/main.c:877:34: warning: left shift count >= width of type [-Wshift-count-overflow]
     else if(x<<228 && x>>187 && y<<144 && y>>96){
                                  ^~
../Core/Src/main.c:877:34: warning: '<<' in boolean context, did you mean '<' ? [-Wint-in-bool-context]
     else if(x<<228 && x>>187 && y<<144 && y>>96){
                                 ~^~~~~
../Core/Src/main.c:877:44: warning: right shift count >= width of type [-Wshift-count-overflow]
     else if(x<<228 && x>>187 && y<<144 && y>>96){
                                            ^~
Finished building: ../Core/Src/main.c
 
Building target: Test.elf
Invoking: MCU GCC Linker
arm-none-eabi-gcc -mcpu=cortex-m4 -mthumb -mfloat-abi=hard -mfpu=fpv4-sp-d16 -specs=nosys.specs -specs=nano.specs -T"../STM32L443CCTx_FLASH.ld" -Wl,-Map=output.map -Wl,--gc-sections -o "Test.elf" @"objects.list"   -lm
Finished building target: Test.elf
 
make --no-print-directory post-build
Generating hex and Printing size information:
arm-none-eabi-objcopy -O ihex "Test.elf" "Test.hex"
arm-none-eabi-size "Test.elf"
   text	   data	    bss	    dec	    hex	filename
  33280	    160	   2448	  35888	   8c30	Test.elf
 
11:26:04 **** Incremental Build of configuration Debug for project Test ****
make -j16 all 
Building file: ../Drivers/STM32L4xx_HAL_Driver/Src/stm32l4xx_hal.c
Building file: ../Drivers/STM32L4xx_HAL_Driver/Src/stm32l4xx_hal_adc.c
Building file: ../Drivers/STM32L4xx_HAL_Driver/Src/stm32l4xx_hal_adc_ex.c
Invoking: MCU GCC Compiler
Invoking: MCU GCC Compiler
Invoking: MCU GCC Compiler
C:\School\Thomas_More_Hogeschool\Practice_Enterprise_2\PE2\Bluetooth_music_box\code\Test\Debug
arm-none-eabi-gcc -mcpu=cortex-m4 -mthumb -mfloat-abi=hard -mfpu=fpv4-sp-d16 -DUSE_HAL_DRIVER -DSTM32L443xx -I"C:/School/Thomas_More_Hogeschool/Practice_Enterprise_2/PE2/Bluetooth_music_box/code/Test/Core/Inc" -I"C:/School/Thomas_More_Hogeschool/Practice_Enterprise_2/PE2/Bluetooth_music_box/code/Test/Drivers/STM32L4xx_HAL_Driver/Inc" -I"C:/School/Thomas_More_Hogeschool/Practice_Enterprise_2/PE2/Bluetooth_music_box/code/Test/Drivers/STM32L4xx_HAL_Driver/Inc/Legacy" -I"C:/School/Thomas_More_Hogeschool/Practice_Enterprise_2/PE2/Bluetooth_music_box/code/Test/Drivers/CMSIS/Device/ST/STM32L4xx/Include" -I"C:/School/Thomas_More_Hogeschool/Practice_Enterprise_2/PE2/Bluetooth_music_box/code/Test/Drivers/CMSIS/Include"  -Og -g3 -Wall -fmessage-length=0 -ffunction-sections -c -fmessage-length=0 -MMD -MP -MF"Drivers/STM32L4xx_HAL_Driver/Src/stm32l4xx_hal.d" -MT"Drivers/STM32L4xx_HAL_Driver/Src/stm32l4xx_hal.o" -o "Drivers/STM32L4xx_HAL_Driver/Src/stm32l4xx_hal.o" "../Drivers/STM32L4xx_HAL_Driver/Src/stm32l4xx_hal.c"
C:\School\Thomas_More_Hogeschool\Practice_Enterprise_2\PE2\Bluetooth_music_box\code\Test\Debug
C:\School\Thomas_More_Hogeschool\Practice_Enterprise_2\PE2\Bluetooth_music_box\code\Test\Debug
arm-none-eabi-gcc -mcpu=cortex-m4 -mthumb -mfloat-abi=hard -mfpu=fpv4-sp-d16 -DUSE_HAL_DRIVER -DSTM32L443xx -I"C:/School/Thomas_More_Hogeschool/Practice_Enterprise_2/PE2/Bluetooth_music_box/code/Test/Core/Inc" -I"C:/School/Thomas_More_Hogeschool/Practice_Enterprise_2/PE2/Bluetooth_music_box/code/Test/Drivers/STM32L4xx_HAL_Driver/Inc" -I"C:/School/Thomas_More_Hogeschool/Practice_Enterprise_2/PE2/Bluetooth_music_box/code/Test/Drivers/STM32L4xx_HAL_Driver/Inc/Legacy" -I"C:/School/Thomas_More_Hogeschool/Practice_Enterprise_2/PE2/Bluetooth_music_box/code/Test/Drivers/CMSIS/Device/ST/STM32L4xx/Include" -I"C:/School/Thomas_More_Hogeschool/Practice_Enterprise_2/PE2/Bluetooth_music_box/code/Test/Drivers/CMSIS/Include"  -Og -g3 -Wall -fmessage-length=0 -ffunction-sections -c -fmessage-length=0 -MMD -MP -MF"Drivers/STM32L4xx_HAL_Driver/Src/stm32l4xx_hal_adc.d" -MT"Drivers/STM32L4xx_HAL_Driver/Src/stm32l4xx_hal_adc.o" -o "Drivers/STM32L4xx_HAL_Driver/Src/stm32l4xx_hal_adc.o" "../Drivers/STM32L4xx_HAL_Driver/Src/stm32l4xx_hal_adc.c"
arm-none-eabi-gcc -mcpu=cortex-m4 -mthumb -mfloat-abi=hard -mfpu=fpv4-sp-d16 -DUSE_HAL_DRIVER -DSTM32L443xx -I"C:/School/Thomas_More_Hogeschool/Practice_Enterprise_2/PE2/Bluetooth_music_box/code/Test/Core/Inc" -I"C:/School/Thomas_More_Hogeschool/Practice_Enterprise_2/PE2/Bluetooth_music_box/code/Test/Drivers/STM32L4xx_HAL_Driver/Inc" -I"C:/School/Thomas_More_Hogeschool/Practice_Enterprise_2/PE2/Bluetooth_music_box/code/Test/Drivers/STM32L4xx_HAL_Driver/Inc/Legacy" -I"C:/School/Thomas_More_Hogeschool/Practice_Enterprise_2/PE2/Bluetooth_music_box/code/Test/Drivers/CMSIS/Device/ST/STM32L4xx/Include" -I"C:/School/Thomas_More_Hogeschool/Practice_Enterprise_2/PE2/Bluetooth_music_box/code/Test/Drivers/CMSIS/Include"  -Og -g3 -Wall -fmessage-length=0 -ffunction-sections -c -fmessage-length=0 -MMD -MP -MF"Drivers/STM32L4xx_HAL_Driver/Src/stm32l4xx_hal_adc_ex.d" -MT"Drivers/STM32L4xx_HAL_Driver/Src/stm32l4xx_hal_adc_ex.o" -o "Drivers/STM32L4xx_HAL_Driver/Src/stm32l4xx_hal_adc_ex.o" "../Drivers/STM32L4xx_HAL_Driver/Src/stm32l4xx_hal_adc_ex.c"
Building file: ../Drivers/STM32L4xx_HAL_Driver/Src/stm32l4xx_hal_cortex.c
Building file: ../Drivers/STM32L4xx_HAL_Driver/Src/stm32l4xx_hal_dma.c
Building file: ../Drivers/STM32L4xx_HAL_Driver/Src/stm32l4xx_hal_dma_ex.c
Invoking: MCU GCC Compiler
Invoking: MCU GCC Compiler
Invoking: MCU GCC Compiler
C:\School\Thomas_More_Hogeschool\Practice_Enterprise_2\PE2\Bluetooth_music_box\code\Test\Debug
arm-none-eabi-gcc -mcpu=cortex-m4 -mthumb -mfloat-abi=hard -mfpu=fpv4-sp-d16 -DUSE_HAL_DRIVER -DSTM32L443xx -I"C:/School/Thomas_More_Hogeschool/Practice_Enterprise_2/PE2/Bluetooth_music_box/code/Test/Core/Inc" -I"C:/School/Thomas_More_Hogeschool/Practice_Enterprise_2/PE2/Bluetooth_music_box/code/Test/Drivers/STM32L4xx_HAL_Driver/Inc" -I"C:/School/Thomas_More_Hogeschool/Practice_Enterprise_2/PE2/Bluetooth_music_box/code/Test/Drivers/STM32L4xx_HAL_Driver/Inc/Legacy" -I"C:/School/Thomas_More_Hogeschool/Practice_Enterprise_2/PE2/Bluetooth_music_box/code/Test/Drivers/CMSIS/Device/ST/STM32L4xx/Include" -I"C:/School/Thomas_More_Hogeschool/Practice_Enterprise_2/PE2/Bluetooth_music_box/code/Test/Drivers/CMSIS/Include"  -Og -g3 -Wall -fmessage-length=0 -ffunction-sections -c -fmessage-length=0 -MMD -MP -MF"Drivers/STM32L4xx_HAL_Driver/Src/stm32l4xx_hal_cortex.d" -MT"Drivers/STM32L4xx_HAL_Driver/Src/stm32l4xx_hal_cortex.o" -o "Drivers/STM32L4xx_HAL_Driver/Src/stm32l4xx_hal_cortex.o" "../Drivers/STM32L4xx_HAL_Driver/Src/stm32l4xx_hal_cortex.c"
C:\School\Thomas_More_Hogeschool\Practice_Enterprise_2\PE2\Bluetooth_music_box\code\Test\Debug
arm-none-eabi-gcc -mcpu=cortex-m4 -mthumb -mfloat-abi=hard -mfpu=fpv4-sp-d16 -DUSE_HAL_DRIVER -DSTM32L443xx -I"C:/School/Thomas_More_Hogeschool/Practice_Enterprise_2/PE2/Bluetooth_music_box/code/Test/Core/Inc" -I"C:/School/Thomas_More_Hogeschool/Practice_Enterprise_2/PE2/Bluetooth_music_box/code/Test/Drivers/STM32L4xx_HAL_Driver/Inc" -I"C:/School/Thomas_More_Hogeschool/Practice_Enterprise_2/PE2/Bluetooth_music_box/code/Test/Drivers/STM32L4xx_HAL_Driver/Inc/Legacy" -I"C:/School/Thomas_More_Hogeschool/Practice_Enterprise_2/PE2/Bluetooth_music_box/code/Test/Drivers/CMSIS/Device/ST/STM32L4xx/Include" -I"C:/School/Thomas_More_Hogeschool/Practice_Enterprise_2/PE2/Bluetooth_music_box/code/Test/Drivers/CMSIS/Include"  -Og -g3 -Wall -fmessage-length=0 -ffunction-sections -c -fmessage-length=0 -MMD -MP -MF"Drivers/STM32L4xx_HAL_Driver/Src/stm32l4xx_hal_dma.d" -MT"Drivers/STM32L4xx_HAL_Driver/Src/stm32l4xx_hal_dma.o" -o "Drivers/STM32L4xx_HAL_Driver/Src/stm32l4xx_hal_dma.o" "../Drivers/STM32L4xx_HAL_Driver/Src/stm32l4xx_hal_dma.c"
C:\School\Thomas_More_Hogeschool\Practice_Enterprise_2\PE2\Bluetooth_music_box\code\Test\Debug
arm-none-eabi-gcc -mcpu=cortex-m4 -mthumb -mfloat-abi=hard -mfpu=fpv4-sp-d16 -DUSE_HAL_DRIVER -DSTM32L443xx -I"C:/School/Thomas_More_Hogeschool/Practice_Enterprise_2/PE2/Bluetooth_music_box/code/Test/Core/Inc" -I"C:/School/Thomas_More_Hogeschool/Practice_Enterprise_2/PE2/Bluetooth_music_box/code/Test/Drivers/STM32L4xx_HAL_Driver/Inc" -I"C:/School/Thomas_More_Hogeschool/Practice_Enterprise_2/PE2/Bluetooth_music_box/code/Test/Drivers/STM32L4xx_HAL_Driver/Inc/Legacy" -I"C:/School/Thomas_More_Hogeschool/Practice_Enterprise_2/PE2/Bluetooth_music_box/code/Test/Drivers/CMSIS/Device/ST/STM32L4xx/Include" -I"C:/School/Thomas_More_Hogeschool/Practice_Enterprise_2/PE2/Bluetooth_music_box/code/Test/Drivers/CMSIS/Include"  -Og -g3 -Wall -fmessage-length=0 -ffunction-sections -c -fmessage-length=0 -MMD -MP -MF"Drivers/STM32L4xx_HAL_Driver/Src/stm32l4xx_hal_dma_ex.d" -MT"Drivers/STM32L4xx_HAL_Driver/Src/stm32l4xx_hal_dma_ex.o" -o "Drivers/STM32L4xx_HAL_Driver/Src/stm32l4xx_hal_dma_ex.o" "../Drivers/STM32L4xx_HAL_Driver/Src/stm32l4xx_hal_dma_ex.c"
Building file: ../Drivers/STM32L4xx_HAL_Driver/Src/stm32l4xx_hal_exti.c
Building file: ../Drivers/STM32L4xx_HAL_Driver/Src/stm32l4xx_hal_flash.c
Building file: ../Drivers/STM32L4xx_HAL_Driver/Src/stm32l4xx_hal_flash_ex.c
Invoking: MCU GCC Compiler
Invoking: MCU GCC Compiler
Invoking: MCU GCC Compiler
C:\School\Thomas_More_Hogeschool\Practice_Enterprise_2\PE2\Bluetooth_music_box\code\Test\Debug
arm-none-eabi-gcc -mcpu=cortex-m4 -mthumb -mfloat-abi=hard -mfpu=fpv4-sp-d16 -DUSE_HAL_DRIVER -DSTM32L443xx -I"C:/School/Thomas_More_Hogeschool/Practice_Enterprise_2/PE2/Bluetooth_music_box/code/Test/Core/Inc" -I"C:/School/Thomas_More_Hogeschool/Practice_Enterprise_2/PE2/Bluetooth_music_box/code/Test/Drivers/STM32L4xx_HAL_Driver/Inc" -I"C:/School/Thomas_More_Hogeschool/Practice_Enterprise_2/PE2/Bluetooth_music_box/code/Test/Drivers/STM32L4xx_HAL_Driver/Inc/Legacy" -I"C:/School/Thomas_More_Hogeschool/Practice_Enterprise_2/PE2/Bluetooth_music_box/code/Test/Drivers/CMSIS/Device/ST/STM32L4xx/Include" -I"C:/School/Thomas_More_Hogeschool/Practice_Enterprise_2/PE2/Bluetooth_music_box/code/Test/Drivers/CMSIS/Include"  -Og -g3 -Wall -fmessage-length=0 -ffunction-sections -c -fmessage-length=0 -MMD -MP -MF"Drivers/STM32L4xx_HAL_Driver/Src/stm32l4xx_hal_exti.d" -MT"Drivers/STM32L4xx_HAL_Driver/Src/stm32l4xx_hal_exti.o" -o "Drivers/STM32L4xx_HAL_Driver/Src/stm32l4xx_hal_exti.o" "../Drivers/STM32L4xx_HAL_Driver/Src/stm32l4xx_hal_exti.c"
C:\School\Thomas_More_Hogeschool\Practice_Enterprise_2\PE2\Bluetooth_music_box\code\Test\Debug
arm-none-eabi-gcc -mcpu=cortex-m4 -mthumb -mfloat-abi=hard -mfpu=fpv4-sp-d16 -DUSE_HAL_DRIVER -DSTM32L443xx -I"C:/School/Thomas_More_Hogeschool/Practice_Enterprise_2/PE2/Bluetooth_music_box/code/Test/Core/Inc" -I"C:/School/Thomas_More_Hogeschool/Practice_Enterprise_2/PE2/Bluetooth_music_box/code/Test/Drivers/STM32L4xx_HAL_Driver/Inc" -I"C:/School/Thomas_More_Hogeschool/Practice_Enterprise_2/PE2/Bluetooth_music_box/code/Test/Drivers/STM32L4xx_HAL_Driver/Inc/Legacy" -I"C:/School/Thomas_More_Hogeschool/Practice_Enterprise_2/PE2/Bluetooth_music_box/code/Test/Drivers/CMSIS/Device/ST/STM32L4xx/Include" -I"C:/School/Thomas_More_Hogeschool/Practice_Enterprise_2/PE2/Bluetooth_music_box/code/Test/Drivers/CMSIS/Include"  -Og -g3 -Wall -fmessage-length=0 -ffunction-sections -c -fmessage-length=0 -MMD -MP -MF"Drivers/STM32L4xx_HAL_Driver/Src/stm32l4xx_hal_flash.d" -MT"Drivers/STM32L4xx_HAL_Driver/Src/stm32l4xx_hal_flash.o" -o "Drivers/STM32L4xx_HAL_Driver/Src/stm32l4xx_hal_flash.o" "../Drivers/STM32L4xx_HAL_Driver/Src/stm32l4xx_hal_flash.c"
C:\School\Thomas_More_Hogeschool\Practice_Enterprise_2\PE2\Bluetooth_music_box\code\Test\Debug
arm-none-eabi-gcc -mcpu=cortex-m4 -mthumb -mfloat-abi=hard -mfpu=fpv4-sp-d16 -DUSE_HAL_DRIVER -DSTM32L443xx -I"C:/School/Thomas_More_Hogeschool/Practice_Enterprise_2/PE2/Bluetooth_music_box/code/Test/Core/Inc" -I"C:/School/Thomas_More_Hogeschool/Practice_Enterprise_2/PE2/Bluetooth_music_box/code/Test/Drivers/STM32L4xx_HAL_Driver/Inc" -I"C:/School/Thomas_More_Hogeschool/Practice_Enterprise_2/PE2/Bluetooth_music_box/code/Test/Drivers/STM32L4xx_HAL_Driver/Inc/Legacy" -I"C:/School/Thomas_More_Hogeschool/Practice_Enterprise_2/PE2/Bluetooth_music_box/code/Test/Drivers/CMSIS/Device/ST/STM32L4xx/Include" -I"C:/School/Thomas_More_Hogeschool/Practice_Enterprise_2/PE2/Bluetooth_music_box/code/Test/Drivers/CMSIS/Include"  -Og -g3 -Wall -fmessage-length=0 -ffunction-sections -c -fmessage-length=0 -MMD -MP -MF"Drivers/STM32L4xx_HAL_Driver/Src/stm32l4xx_hal_flash_ex.d" -MT"Drivers/STM32L4xx_HAL_Driver/Src/stm32l4xx_hal_flash_ex.o" -o "Drivers/STM32L4xx_HAL_Driver/Src/stm32l4xx_hal_flash_ex.o" "../Drivers/STM32L4xx_HAL_Driver/Src/stm32l4xx_hal_flash_ex.c"
Building file: ../Drivers/STM32L4xx_HAL_Driver/Src/stm32l4xx_hal_flash_ramfunc.c
Building file: ../Drivers/STM32L4xx_HAL_Driver/Src/stm32l4xx_hal_gpio.c
Building file: ../Drivers/STM32L4xx_HAL_Driver/Src/stm32l4xx_hal_i2c.c
Invoking: MCU GCC Compiler
Invoking: MCU GCC Compiler
Invoking: MCU GCC Compiler
C:\School\Thomas_More_Hogeschool\Practice_Enterprise_2\PE2\Bluetooth_music_box\code\Test\Debug
arm-none-eabi-gcc -mcpu=cortex-m4 -mthumb -mfloat-abi=hard -mfpu=fpv4-sp-d16 -DUSE_HAL_DRIVER -DSTM32L443xx -I"C:/School/Thomas_More_Hogeschool/Practice_Enterprise_2/PE2/Bluetooth_music_box/code/Test/Core/Inc" -I"C:/School/Thomas_More_Hogeschool/Practice_Enterprise_2/PE2/Bluetooth_music_box/code/Test/Drivers/STM32L4xx_HAL_Driver/Inc" -I"C:/School/Thomas_More_Hogeschool/Practice_Enterprise_2/PE2/Bluetooth_music_box/code/Test/Drivers/STM32L4xx_HAL_Driver/Inc/Legacy" -I"C:/School/Thomas_More_Hogeschool/Practice_Enterprise_2/PE2/Bluetooth_music_box/code/Test/Drivers/CMSIS/Device/ST/STM32L4xx/Include" -I"C:/School/Thomas_More_Hogeschool/Practice_Enterprise_2/PE2/Bluetooth_music_box/code/Test/Drivers/CMSIS/Include"  -Og -g3 -Wall -fmessage-length=0 -ffunction-sections -c -fmessage-length=0 -MMD -MP -MF"Drivers/STM32L4xx_HAL_Driver/Src/stm32l4xx_hal_flash_ramfunc.d" -MT"Drivers/STM32L4xx_HAL_Driver/Src/stm32l4xx_hal_flash_ramfunc.o" -o "Drivers/STM32L4xx_HAL_Driver/Src/stm32l4xx_hal_flash_ramfunc.o" "../Drivers/STM32L4xx_HAL_Driver/Src/stm32l4xx_hal_flash_ramfunc.c"
C:\School\Thomas_More_Hogeschool\Practice_Enterprise_2\PE2\Bluetooth_music_box\code\Test\Debug
arm-none-eabi-gcc -mcpu=cortex-m4 -mthumb -mfloat-abi=hard -mfpu=fpv4-sp-d16 -DUSE_HAL_DRIVER -DSTM32L443xx -I"C:/School/Thomas_More_Hogeschool/Practice_Enterprise_2/PE2/Bluetooth_music_box/code/Test/Core/Inc" -I"C:/School/Thomas_More_Hogeschool/Practice_Enterprise_2/PE2/Bluetooth_music_box/code/Test/Drivers/STM32L4xx_HAL_Driver/Inc" -I"C:/School/Thomas_More_Hogeschool/Practice_Enterprise_2/PE2/Bluetooth_music_box/code/Test/Drivers/STM32L4xx_HAL_Driver/Inc/Legacy" -I"C:/School/Thomas_More_Hogeschool/Practice_Enterprise_2/PE2/Bluetooth_music_box/code/Test/Drivers/CMSIS/Device/ST/STM32L4xx/Include" -I"C:/School/Thomas_More_Hogeschool/Practice_Enterprise_2/PE2/Bluetooth_music_box/code/Test/Drivers/CMSIS/Include"  -Og -g3 -Wall -fmessage-length=0 -ffunction-sections -c -fmessage-length=0 -MMD -MP -MF"Drivers/STM32L4xx_HAL_Driver/Src/stm32l4xx_hal_gpio.d" -MT"Drivers/STM32L4xx_HAL_Driver/Src/stm32l4xx_hal_gpio.o" -o "Drivers/STM32L4xx_HAL_Driver/Src/stm32l4xx_hal_gpio.o" "../Drivers/STM32L4xx_HAL_Driver/Src/stm32l4xx_hal_gpio.c"
C:\School\Thomas_More_Hogeschool\Practice_Enterprise_2\PE2\Bluetooth_music_box\code\Test\Debug
arm-none-eabi-gcc -mcpu=cortex-m4 -mthumb -mfloat-abi=hard -mfpu=fpv4-sp-d16 -DUSE_HAL_DRIVER -DSTM32L443xx -I"C:/School/Thomas_More_Hogeschool/Practice_Enterprise_2/PE2/Bluetooth_music_box/code/Test/Core/Inc" -I"C:/School/Thomas_More_Hogeschool/Practice_Enterprise_2/PE2/Bluetooth_music_box/code/Test/Drivers/STM32L4xx_HAL_Driver/Inc" -I"C:/School/Thomas_More_Hogeschool/Practice_Enterprise_2/PE2/Bluetooth_music_box/code/Test/Drivers/STM32L4xx_HAL_Driver/Inc/Legacy" -I"C:/School/Thomas_More_Hogeschool/Practice_Enterprise_2/PE2/Bluetooth_music_box/code/Test/Drivers/CMSIS/Device/ST/STM32L4xx/Include" -I"C:/School/Thomas_More_Hogeschool/Practice_Enterprise_2/PE2/Bluetooth_music_box/code/Test/Drivers/CMSIS/Include"  -Og -g3 -Wall -fmessage-length=0 -ffunction-sections -c -fmessage-length=0 -MMD -MP -MF"Drivers/STM32L4xx_HAL_Driver/Src/stm32l4xx_hal_i2c.d" -MT"Drivers/STM32L4xx_HAL_Driver/Src/stm32l4xx_hal_i2c.o" -o "Drivers/STM32L4xx_HAL_Driver/Src/stm32l4xx_hal_i2c.o" "../Drivers/STM32L4xx_HAL_Driver/Src/stm32l4xx_hal_i2c.c"
Building file: ../Drivers/STM32L4xx_HAL_Driver/Src/stm32l4xx_hal_i2c_ex.c
Building file: ../Drivers/STM32L4xx_HAL_Driver/Src/stm32l4xx_hal_pwr.c
Building file: ../Drivers/STM32L4xx_HAL_Driver/Src/stm32l4xx_hal_pwr_ex.c
Invoking: MCU GCC Compiler
Invoking: MCU GCC Compiler
Invoking: MCU GCC Compiler
C:\School\Thomas_More_Hogeschool\Practice_Enterprise_2\PE2\Bluetooth_music_box\code\Test\Debug
arm-none-eabi-gcc -mcpu=cortex-m4 -mthumb -mfloat-abi=hard -mfpu=fpv4-sp-d16 -DUSE_HAL_DRIVER -DSTM32L443xx -I"C:/School/Thomas_More_Hogeschool/Practice_Enterprise_2/PE2/Bluetooth_music_box/code/Test/Core/Inc" -I"C:/School/Thomas_More_Hogeschool/Practice_Enterprise_2/PE2/Bluetooth_music_box/code/Test/Drivers/STM32L4xx_HAL_Driver/Inc" -I"C:/School/Thomas_More_Hogeschool/Practice_Enterprise_2/PE2/Bluetooth_music_box/code/Test/Drivers/STM32L4xx_HAL_Driver/Inc/Legacy" -I"C:/School/Thomas_More_Hogeschool/Practice_Enterprise_2/PE2/Bluetooth_music_box/code/Test/Drivers/CMSIS/Device/ST/STM32L4xx/Include" -I"C:/School/Thomas_More_Hogeschool/Practice_Enterprise_2/PE2/Bluetooth_music_box/code/Test/Drivers/CMSIS/Include"  -Og -g3 -Wall -fmessage-length=0 -ffunction-sections -c -fmessage-length=0 -MMD -MP -MF"Drivers/STM32L4xx_HAL_Driver/Src/stm32l4xx_hal_i2c_ex.d" -MT"Drivers/STM32L4xx_HAL_Driver/Src/stm32l4xx_hal_i2c_ex.o" -o "Drivers/STM32L4xx_HAL_Driver/Src/stm32l4xx_hal_i2c_ex.o" "../Drivers/STM32L4xx_HAL_Driver/Src/stm32l4xx_hal_i2c_ex.c"
C:\School\Thomas_More_Hogeschool\Practice_Enterprise_2\PE2\Bluetooth_music_box\code\Test\Debug
C:\School\Thomas_More_Hogeschool\Practice_Enterprise_2\PE2\Bluetooth_music_box\code\Test\Debug
arm-none-eabi-gcc -mcpu=cortex-m4 -mthumb -mfloat-abi=hard -mfpu=fpv4-sp-d16 -DUSE_HAL_DRIVER -DSTM32L443xx -I"C:/School/Thomas_More_Hogeschool/Practice_Enterprise_2/PE2/Bluetooth_music_box/code/Test/Core/Inc" -I"C:/School/Thomas_More_Hogeschool/Practice_Enterprise_2/PE2/Bluetooth_music_box/code/Test/Drivers/STM32L4xx_HAL_Driver/Inc" -I"C:/School/Thomas_More_Hogeschool/Practice_Enterprise_2/PE2/Bluetooth_music_box/code/Test/Drivers/STM32L4xx_HAL_Driver/Inc/Legacy" -I"C:/School/Thomas_More_Hogeschool/Practice_Enterprise_2/PE2/Bluetooth_music_box/code/Test/Drivers/CMSIS/Device/ST/STM32L4xx/Include" -I"C:/School/Thomas_More_Hogeschool/Practice_Enterprise_2/PE2/Bluetooth_music_box/code/Test/Drivers/CMSIS/Include"  -Og -g3 -Wall -fmessage-length=0 -ffunction-sections -c -fmessage-length=0 -MMD -MP -MF"Drivers/STM32L4xx_HAL_Driver/Src/stm32l4xx_hal_pwr.d" -MT"Drivers/STM32L4xx_HAL_Driver/Src/stm32l4xx_hal_pwr.o" -o "Drivers/STM32L4xx_HAL_Driver/Src/stm32l4xx_hal_pwr.o" "../Drivers/STM32L4xx_HAL_Driver/Src/stm32l4xx_hal_pwr.c"
arm-none-eabi-gcc -mcpu=cortex-m4 -mthumb -mfloat-abi=hard -mfpu=fpv4-sp-d16 -DUSE_HAL_DRIVER -DSTM32L443xx -I"C:/School/Thomas_More_Hogeschool/Practice_Enterprise_2/PE2/Bluetooth_music_box/code/Test/Core/Inc" -I"C:/School/Thomas_More_Hogeschool/Practice_Enterprise_2/PE2/Bluetooth_music_box/code/Test/Drivers/STM32L4xx_HAL_Driver/Inc" -I"C:/School/Thomas_More_Hogeschool/Practice_Enterprise_2/PE2/Bluetooth_music_box/code/Test/Drivers/STM32L4xx_HAL_Driver/Inc/Legacy" -I"C:/School/Thomas_More_Hogeschool/Practice_Enterprise_2/PE2/Bluetooth_music_box/code/Test/Drivers/CMSIS/Device/ST/STM32L4xx/Include" -I"C:/School/Thomas_More_Hogeschool/Practice_Enterprise_2/PE2/Bluetooth_music_box/code/Test/Drivers/CMSIS/Include"  -Og -g3 -Wall -fmessage-length=0 -ffunction-sections -c -fmessage-length=0 -MMD -MP -MF"Drivers/STM32L4xx_HAL_Driver/Src/stm32l4xx_hal_pwr_ex.d" -MT"Drivers/STM32L4xx_HAL_Driver/Src/stm32l4xx_hal_pwr_ex.o" -o "Drivers/STM32L4xx_HAL_Driver/Src/stm32l4xx_hal_pwr_ex.o" "../Drivers/STM32L4xx_HAL_Driver/Src/stm32l4xx_hal_pwr_ex.c"
Building file: ../Drivers/STM32L4xx_HAL_Driver/Src/stm32l4xx_hal_rcc.c
Invoking: MCU GCC Compiler
C:\School\Thomas_More_Hogeschool\Practice_Enterprise_2\PE2\Bluetooth_music_box\code\Test\Debug
arm-none-eabi-gcc -mcpu=cortex-m4 -mthumb -mfloat-abi=hard -mfpu=fpv4-sp-d16 -DUSE_HAL_DRIVER -DSTM32L443xx -I"C:/School/Thomas_More_Hogeschool/Practice_Enterprise_2/PE2/Bluetooth_music_box/code/Test/Core/Inc" -I"C:/School/Thomas_More_Hogeschool/Practice_Enterprise_2/PE2/Bluetooth_music_box/code/Test/Drivers/STM32L4xx_HAL_Driver/Inc" -I"C:/School/Thomas_More_Hogeschool/Practice_Enterprise_2/PE2/Bluetooth_music_box/code/Test/Drivers/STM32L4xx_HAL_Driver/Inc/Legacy" -I"C:/School/Thomas_More_Hogeschool/Practice_Enterprise_2/PE2/Bluetooth_music_box/code/Test/Drivers/CMSIS/Device/ST/STM32L4xx/Include" -I"C:/School/Thomas_More_Hogeschool/Practice_Enterprise_2/PE2/Bluetooth_music_box/code/Test/Drivers/CMSIS/Include"  -Og -g3 -Wall -fmessage-length=0 -ffunction-sections -c -fmessage-length=0 -MMD -MP -MF"Drivers/STM32L4xx_HAL_Driver/Src/stm32l4xx_hal_rcc.d" -MT"Drivers/STM32L4xx_HAL_Driver/Src/stm32l4xx_hal_rcc.o" -o "Drivers/STM32L4xx_HAL_Driver/Src/stm32l4xx_hal_rcc.o" "../Drivers/STM32L4xx_HAL_Driver/Src/stm32l4xx_hal_rcc.c"
Finished building: ../Drivers/STM32L4xx_HAL_Driver/Src/stm32l4xx_hal.c
 
Finished building: ../Drivers/STM32L4xx_HAL_Driver/Src/stm32l4xx_hal_dma_ex.c
Building file: ../Drivers/STM32L4xx_HAL_Driver/Src/stm32l4xx_hal_rcc_ex.c
Finished building: ../Drivers/STM32L4xx_HAL_Driver/Src/stm32l4xx_hal_cortex.c
 
Invoking: MCU GCC Compiler
Finished building: ../Drivers/STM32L4xx_HAL_Driver/Src/stm32l4xx_hal_dma.c
 
Finished building: ../Drivers/STM32L4xx_HAL_Driver/Src/stm32l4xx_hal_adc.c
Finished building: ../Drivers/STM32L4xx_HAL_Driver/Src/stm32l4xx_hal_adc_ex.c
C:\School\Thomas_More_Hogeschool\Practice_Enterprise_2\PE2\Bluetooth_music_box\code\Test\Debug
Finished building: ../Drivers/STM32L4xx_HAL_Driver/Src/stm32l4xx_hal_exti.c
 
arm-none-eabi-gcc -mcpu=cortex-m4 -mthumb -mfloat-abi=hard -mfpu=fpv4-sp-d16 -DUSE_HAL_DRIVER -DSTM32L443xx -I"C:/School/Thomas_More_Hogeschool/Practice_Enterprise_2/PE2/Bluetooth_music_box/code/Test/Core/Inc" -I"C:/School/Thomas_More_Hogeschool/Practice_Enterprise_2/PE2/Bluetooth_music_box/code/Test/Drivers/STM32L4xx_HAL_Driver/Inc" -I"C:/School/Thomas_More_Hogeschool/Practice_Enterprise_2/PE2/Bluetooth_music_box/code/Test/Drivers/STM32L4xx_HAL_Driver/Inc/Legacy" -I"C:/School/Thomas_More_Hogeschool/Practice_Enterprise_2/PE2/Bluetooth_music_box/code/Test/Drivers/CMSIS/Device/ST/STM32L4xx/Include" -I"C:/School/Thomas_More_Hogeschool/Practice_Enterprise_2/PE2/Bluetooth_music_box/code/Test/Drivers/CMSIS/Include"  -Og -g3 -Wall -fmessage-length=0 -ffunction-sections -c -fmessage-length=0 -MMD -MP -MF"Drivers/STM32L4xx_HAL_Driver/Src/stm32l4xx_hal_rcc_ex.d" -MT"Drivers/STM32L4xx_HAL_Driver/Src/stm32l4xx_hal_rcc_ex.o" -o "Drivers/STM32L4xx_HAL_Driver/Src/stm32l4xx_hal_rcc_ex.o" "../Drivers/STM32L4xx_HAL_Driver/Src/stm32l4xx_hal_rcc_ex.c"
 
 
 
Finished building: ../Drivers/STM32L4xx_HAL_Driver/Src/stm32l4xx_hal_flash.c
Building file: ../Drivers/STM32L4xx_HAL_Driver/Src/stm32l4xx_hal_spi.c
Finished building: ../Drivers/STM32L4xx_HAL_Driver/Src/stm32l4xx_hal_flash_ex.c
 
Invoking: MCU GCC Compiler
Finished building: ../Drivers/STM32L4xx_HAL_Driver/Src/stm32l4xx_hal_flash_ramfunc.c
 
C:\School\Thomas_More_Hogeschool\Practice_Enterprise_2\PE2\Bluetooth_music_box\code\Test\Debug
arm-none-eabi-gcc -mcpu=cortex-m4 -mthumb -mfloat-abi=hard -mfpu=fpv4-sp-d16 -DUSE_HAL_DRIVER -DSTM32L443xx -I"C:/School/Thomas_More_Hogeschool/Practice_Enterprise_2/PE2/Bluetooth_music_box/code/Test/Core/Inc" -I"C:/School/Thomas_More_Hogeschool/Practice_Enterprise_2/PE2/Bluetooth_music_box/code/Test/Drivers/STM32L4xx_HAL_Driver/Inc" -I"C:/School/Thomas_More_Hogeschool/Practice_Enterprise_2/PE2/Bluetooth_music_box/code/Test/Drivers/STM32L4xx_HAL_Driver/Inc/Legacy" -I"C:/School/Thomas_More_Hogeschool/Practice_Enterprise_2/PE2/Bluetooth_music_box/code/Test/Drivers/CMSIS/Device/ST/STM32L4xx/Include" -I"C:/School/Thomas_More_Hogeschool/Practice_Enterprise_2/PE2/Bluetooth_music_box/code/Test/Drivers/CMSIS/Include"  -Og -g3 -Wall -fmessage-length=0 -ffunction-sections -c -fmessage-length=0 -MMD -MP -MF"Drivers/STM32L4xx_HAL_Driver/Src/stm32l4xx_hal_spi.d" -MT"Drivers/STM32L4xx_HAL_Driver/Src/stm32l4xx_hal_spi.o" -o "Drivers/STM32L4xx_HAL_Driver/Src/stm32l4xx_hal_spi.o" "../Drivers/STM32L4xx_HAL_Driver/Src/stm32l4xx_hal_spi.c"
Finished building: ../Drivers/STM32L4xx_HAL_Driver/Src/stm32l4xx_hal_gpio.c
 
 
Building file: ../Drivers/STM32L4xx_HAL_Driver/Src/stm32l4xx_hal_spi_ex.c
Building file: ../Drivers/STM32L4xx_HAL_Driver/Src/stm32l4xx_hal_tim.c
Building file: ../Drivers/STM32L4xx_HAL_Driver/Src/stm32l4xx_hal_tim_ex.c
Invoking: MCU GCC Compiler
Invoking: MCU GCC Compiler
Invoking: MCU GCC Compiler
C:\School\Thomas_More_Hogeschool\Practice_Enterprise_2\PE2\Bluetooth_music_box\code\Test\Debug
C:\School\Thomas_More_Hogeschool\Practice_Enterprise_2\PE2\Bluetooth_music_box\code\Test\Debug
arm-none-eabi-gcc -mcpu=cortex-m4 -mthumb -mfloat-abi=hard -mfpu=fpv4-sp-d16 -DUSE_HAL_DRIVER -DSTM32L443xx -I"C:/School/Thomas_More_Hogeschool/Practice_Enterprise_2/PE2/Bluetooth_music_box/code/Test/Core/Inc" -I"C:/School/Thomas_More_Hogeschool/Practice_Enterprise_2/PE2/Bluetooth_music_box/code/Test/Drivers/STM32L4xx_HAL_Driver/Inc" -I"C:/School/Thomas_More_Hogeschool/Practice_Enterprise_2/PE2/Bluetooth_music_box/code/Test/Drivers/STM32L4xx_HAL_Driver/Inc/Legacy" -I"C:/School/Thomas_More_Hogeschool/Practice_Enterprise_2/PE2/Bluetooth_music_box/code/Test/Drivers/CMSIS/Device/ST/STM32L4xx/Include" -I"C:/School/Thomas_More_Hogeschool/Practice_Enterprise_2/PE2/Bluetooth_music_box/code/Test/Drivers/CMSIS/Include"  -Og -g3 -Wall -fmessage-length=0 -ffunction-sections -c -fmessage-length=0 -MMD -MP -MF"Drivers/STM32L4xx_HAL_Driver/Src/stm32l4xx_hal_spi_ex.d" -MT"Drivers/STM32L4xx_HAL_Driver/Src/stm32l4xx_hal_spi_ex.o" -o "Drivers/STM32L4xx_HAL_Driver/Src/stm32l4xx_hal_spi_ex.o" "../Drivers/STM32L4xx_HAL_Driver/Src/stm32l4xx_hal_spi_ex.c"
C:\School\Thomas_More_Hogeschool\Practice_Enterprise_2\PE2\Bluetooth_music_box\code\Test\Debug
arm-none-eabi-gcc -mcpu=cortex-m4 -mthumb -mfloat-abi=hard -mfpu=fpv4-sp-d16 -DUSE_HAL_DRIVER -DSTM32L443xx -I"C:/School/Thomas_More_Hogeschool/Practice_Enterprise_2/PE2/Bluetooth_music_box/code/Test/Core/Inc" -I"C:/School/Thomas_More_Hogeschool/Practice_Enterprise_2/PE2/Bluetooth_music_box/code/Test/Drivers/STM32L4xx_HAL_Driver/Inc" -I"C:/School/Thomas_More_Hogeschool/Practice_Enterprise_2/PE2/Bluetooth_music_box/code/Test/Drivers/STM32L4xx_HAL_Driver/Inc/Legacy" -I"C:/School/Thomas_More_Hogeschool/Practice_Enterprise_2/PE2/Bluetooth_music_box/code/Test/Drivers/CMSIS/Device/ST/STM32L4xx/Include" -I"C:/School/Thomas_More_Hogeschool/Practice_Enterprise_2/PE2/Bluetooth_music_box/code/Test/Drivers/CMSIS/Include"  -Og -g3 -Wall -fmessage-length=0 -ffunction-sections -c -fmessage-length=0 -MMD -MP -MF"Drivers/STM32L4xx_HAL_Driver/Src/stm32l4xx_hal_tim.d" -MT"Drivers/STM32L4xx_HAL_Driver/Src/stm32l4xx_hal_tim.o" -o "Drivers/STM32L4xx_HAL_Driver/Src/stm32l4xx_hal_tim.o" "../Drivers/STM32L4xx_HAL_Driver/Src/stm32l4xx_hal_tim.c"
Finished building: ../Drivers/STM32L4xx_HAL_Driver/Src/stm32l4xx_hal_i2c_ex.c
arm-none-eabi-gcc -mcpu=cortex-m4 -mthumb -mfloat-abi=hard -mfpu=fpv4-sp-d16 -DUSE_HAL_DRIVER -DSTM32L443xx -I"C:/School/Thomas_More_Hogeschool/Practice_Enterprise_2/PE2/Bluetooth_music_box/code/Test/Core/Inc" -I"C:/School/Thomas_More_Hogeschool/Practice_Enterprise_2/PE2/Bluetooth_music_box/code/Test/Drivers/STM32L4xx_HAL_Driver/Inc" -I"C:/School/Thomas_More_Hogeschool/Practice_Enterprise_2/PE2/Bluetooth_music_box/code/Test/Drivers/STM32L4xx_HAL_Driver/Inc/Legacy" -I"C:/School/Thomas_More_Hogeschool/Practice_Enterprise_2/PE2/Bluetooth_music_box/code/Test/Drivers/CMSIS/Device/ST/STM32L4xx/Include" -I"C:/School/Thomas_More_Hogeschool/Practice_Enterprise_2/PE2/Bluetooth_music_box/code/Test/Drivers/CMSIS/Include"  -Og -g3 -Wall -fmessage-length=0 -ffunction-sections -c -fmessage-length=0 -MMD -MP -MF"Drivers/STM32L4xx_HAL_Driver/Src/stm32l4xx_hal_tim_ex.d" -MT"Drivers/STM32L4xx_HAL_Driver/Src/stm32l4xx_hal_tim_ex.o" -o "Drivers/STM32L4xx_HAL_Driver/Src/stm32l4xx_hal_tim_ex.o" "../Drivers/STM32L4xx_HAL_Driver/Src/stm32l4xx_hal_tim_ex.c"
Finished building: ../Drivers/STM32L4xx_HAL_Driver/Src/stm32l4xx_hal_pwr.c
 
Building file: ../Drivers/STM32L4xx_HAL_Driver/Src/stm32l4xx_hal_uart.c
 
Building file: ../Drivers/STM32L4xx_HAL_Driver/Src/stm32l4xx_hal_uart_ex.c
Invoking: MCU GCC Compiler
Finished building: ../Drivers/STM32L4xx_HAL_Driver/Src/stm32l4xx_hal_pwr_ex.c
Invoking: MCU GCC Compiler
C:\School\Thomas_More_Hogeschool\Practice_Enterprise_2\PE2\Bluetooth_music_box\code\Test\Debug
arm-none-eabi-gcc -mcpu=cortex-m4 -mthumb -mfloat-abi=hard -mfpu=fpv4-sp-d16 -DUSE_HAL_DRIVER -DSTM32L443xx -I"C:/School/Thomas_More_Hogeschool/Practice_Enterprise_2/PE2/Bluetooth_music_box/code/Test/Core/Inc" -I"C:/School/Thomas_More_Hogeschool/Practice_Enterprise_2/PE2/Bluetooth_music_box/code/Test/Drivers/STM32L4xx_HAL_Driver/Inc" -I"C:/School/Thomas_More_Hogeschool/Practice_Enterprise_2/PE2/Bluetooth_music_box/code/Test/Drivers/STM32L4xx_HAL_Driver/Inc/Legacy" -I"C:/School/Thomas_More_Hogeschool/Practice_Enterprise_2/PE2/Bluetooth_music_box/code/Test/Drivers/CMSIS/Device/ST/STM32L4xx/Include" -I"C:/School/Thomas_More_Hogeschool/Practice_Enterprise_2/PE2/Bluetooth_music_box/code/Test/Drivers/CMSIS/Include"  -Og -g3 -Wall -fmessage-length=0 -ffunction-sections -c -fmessage-length=0 -MMD -MP -MF"Drivers/STM32L4xx_HAL_Driver/Src/stm32l4xx_hal_uart.d" -MT"Drivers/STM32L4xx_HAL_Driver/Src/stm32l4xx_hal_uart.o" -o "Drivers/STM32L4xx_HAL_Driver/Src/stm32l4xx_hal_uart.o" "../Drivers/STM32L4xx_HAL_Driver/Src/stm32l4xx_hal_uart.c"
 
C:\School\Thomas_More_Hogeschool\Practice_Enterprise_2\PE2\Bluetooth_music_box\code\Test\Debug
arm-none-eabi-gcc -mcpu=cortex-m4 -mthumb -mfloat-abi=hard -mfpu=fpv4-sp-d16 -DUSE_HAL_DRIVER -DSTM32L443xx -I"C:/School/Thomas_More_Hogeschool/Practice_Enterprise_2/PE2/Bluetooth_music_box/code/Test/Core/Inc" -I"C:/School/Thomas_More_Hogeschool/Practice_Enterprise_2/PE2/Bluetooth_music_box/code/Test/Drivers/STM32L4xx_HAL_Driver/Inc" -I"C:/School/Thomas_More_Hogeschool/Practice_Enterprise_2/PE2/Bluetooth_music_box/code/Test/Drivers/STM32L4xx_HAL_Driver/Inc/Legacy" -I"C:/School/Thomas_More_Hogeschool/Practice_Enterprise_2/PE2/Bluetooth_music_box/code/Test/Drivers/CMSIS/Device/ST/STM32L4xx/Include" -I"C:/School/Thomas_More_Hogeschool/Practice_Enterprise_2/PE2/Bluetooth_music_box/code/Test/Drivers/CMSIS/Include"  -Og -g3 -Wall -fmessage-length=0 -ffunction-sections -c -fmessage-length=0 -MMD -MP -MF"Drivers/STM32L4xx_HAL_Driver/Src/stm32l4xx_hal_uart_ex.d" -MT"Drivers/STM32L4xx_HAL_Driver/Src/stm32l4xx_hal_uart_ex.o" -o "Drivers/STM32L4xx_HAL_Driver/Src/stm32l4xx_hal_uart_ex.o" "../Drivers/STM32L4xx_HAL_Driver/Src/stm32l4xx_hal_uart_ex.c"
Building file: ../Core/Src/ili9341.c
Building file: ../Core/Src/ili9341_touch.c
Invoking: MCU GCC Compiler
Building file: ../Core/Src/main.c
Invoking: MCU GCC Compiler
C:\School\Thomas_More_Hogeschool\Practice_Enterprise_2\PE2\Bluetooth_music_box\code\Test\Debug
arm-none-eabi-gcc -mcpu=cortex-m4 -mthumb -mfloat-abi=hard -mfpu=fpv4-sp-d16 -DUSE_HAL_DRIVER -DSTM32L443xx -I"C:/School/Thomas_More_Hogeschool/Practice_Enterprise_2/PE2/Bluetooth_music_box/code/Test/Core/Inc" -I"C:/School/Thomas_More_Hogeschool/Practice_Enterprise_2/PE2/Bluetooth_music_box/code/Test/Drivers/STM32L4xx_HAL_Driver/Inc" -I"C:/School/Thomas_More_Hogeschool/Practice_Enterprise_2/PE2/Bluetooth_music_box/code/Test/Drivers/STM32L4xx_HAL_Driver/Inc/Legacy" -I"C:/School/Thomas_More_Hogeschool/Practice_Enterprise_2/PE2/Bluetooth_music_box/code/Test/Drivers/CMSIS/Device/ST/STM32L4xx/Include" -I"C:/School/Thomas_More_Hogeschool/Practice_Enterprise_2/PE2/Bluetooth_music_box/code/Test/Drivers/CMSIS/Include"  -Og -g3 -Wall -fmessage-length=0 -ffunction-sections -c -fmessage-length=0 -MMD -MP -MF"Core/Src/ili9341.d" -MT"Core/Src/ili9341.o" -o "Core/Src/ili9341.o" "../Core/Src/ili9341.c"
Invoking: MCU GCC Compiler
C:\School\Thomas_More_Hogeschool\Practice_Enterprise_2\PE2\Bluetooth_music_box\code\Test\Debug
arm-none-eabi-gcc -mcpu=cortex-m4 -mthumb -mfloat-abi=hard -mfpu=fpv4-sp-d16 -DUSE_HAL_DRIVER -DSTM32L443xx -I"C:/School/Thomas_More_Hogeschool/Practice_Enterprise_2/PE2/Bluetooth_music_box/code/Test/Core/Inc" -I"C:/School/Thomas_More_Hogeschool/Practice_Enterprise_2/PE2/Bluetooth_music_box/code/Test/Drivers/STM32L4xx_HAL_Driver/Inc" -I"C:/School/Thomas_More_Hogeschool/Practice_Enterprise_2/PE2/Bluetooth_music_box/code/Test/Drivers/STM32L4xx_HAL_Driver/Inc/Legacy" -I"C:/School/Thomas_More_Hogeschool/Practice_Enterprise_2/PE2/Bluetooth_music_box/code/Test/Drivers/CMSIS/Device/ST/STM32L4xx/Include" -I"C:/School/Thomas_More_Hogeschool/Practice_Enterprise_2/PE2/Bluetooth_music_box/code/Test/Drivers/CMSIS/Include"  -Og -g3 -Wall -fmessage-length=0 -ffunction-sections -c -fmessage-length=0 -MMD -MP -MF"Core/Src/ili9341_touch.d" -MT"Core/Src/ili9341_touch.o" -o "Core/Src/ili9341_touch.o" "../Core/Src/ili9341_touch.c"
C:\School\Thomas_More_Hogeschool\Practice_Enterprise_2\PE2\Bluetooth_music_box\code\Test\Debug
Building file: ../Core/Src/stm32l4xx_hal_msp.c
arm-none-eabi-gcc -mcpu=cortex-m4 -mthumb -mfloat-abi=hard -mfpu=fpv4-sp-d16 -DUSE_HAL_DRIVER -DSTM32L443xx -I"C:/School/Thomas_More_Hogeschool/Practice_Enterprise_2/PE2/Bluetooth_music_box/code/Test/Core/Inc" -I"C:/School/Thomas_More_Hogeschool/Practice_Enterprise_2/PE2/Bluetooth_music_box/code/Test/Drivers/STM32L4xx_HAL_Driver/Inc" -I"C:/School/Thomas_More_Hogeschool/Practice_Enterprise_2/PE2/Bluetooth_music_box/code/Test/Drivers/STM32L4xx_HAL_Driver/Inc/Legacy" -I"C:/School/Thomas_More_Hogeschool/Practice_Enterprise_2/PE2/Bluetooth_music_box/code/Test/Drivers/CMSIS/Device/ST/STM32L4xx/Include" -I"C:/School/Thomas_More_Hogeschool/Practice_Enterprise_2/PE2/Bluetooth_music_box/code/Test/Drivers/CMSIS/Include"  -Og -g3 -Wall -fmessage-length=0 -ffunction-sections -c -fmessage-length=0 -MMD -MP -MF"Core/Src/main.d" -MT"Core/Src/main.o" -o "Core/Src/main.o" "../Core/Src/main.c"
Finished building: ../Drivers/STM32L4xx_HAL_Driver/Src/stm32l4xx_hal_rcc.c
Invoking: MCU GCC Compiler
 
Building file: ../Core/Src/stm32l4xx_it.c
C:\School\Thomas_More_Hogeschool\Practice_Enterprise_2\PE2\Bluetooth_music_box\code\Test\Debug
Building file: ../Core/Src/system_stm32l4xx.c
arm-none-eabi-gcc -mcpu=cortex-m4 -mthumb -mfloat-abi=hard -mfpu=fpv4-sp-d16 -DUSE_HAL_DRIVER -DSTM32L443xx -I"C:/School/Thomas_More_Hogeschool/Practice_Enterprise_2/PE2/Bluetooth_music_box/code/Test/Core/Inc" -I"C:/School/Thomas_More_Hogeschool/Practice_Enterprise_2/PE2/Bluetooth_music_box/code/Test/Drivers/STM32L4xx_HAL_Driver/Inc" -I"C:/School/Thomas_More_Hogeschool/Practice_Enterprise_2/PE2/Bluetooth_music_box/code/Test/Drivers/STM32L4xx_HAL_Driver/Inc/Legacy" -I"C:/School/Thomas_More_Hogeschool/Practice_Enterprise_2/PE2/Bluetooth_music_box/code/Test/Drivers/CMSIS/Device/ST/STM32L4xx/Include" -I"C:/School/Thomas_More_Hogeschool/Practice_Enterprise_2/PE2/Bluetooth_music_box/code/Test/Drivers/CMSIS/Include"  -Og -g3 -Wall -fmessage-length=0 -ffunction-sections -c -fmessage-length=0 -MMD -MP -MF"Core/Src/stm32l4xx_hal_msp.d" -MT"Core/Src/stm32l4xx_hal_msp.o" -o "Core/Src/stm32l4xx_hal_msp.o" "../Core/Src/stm32l4xx_hal_msp.c"
Invoking: MCU GCC Compiler
Finished building: ../Drivers/STM32L4xx_HAL_Driver/Src/stm32l4xx_hal_i2c.c
Invoking: MCU GCC Compiler
C:\School\Thomas_More_Hogeschool\Practice_Enterprise_2\PE2\Bluetooth_music_box\code\Test\Debug
arm-none-eabi-gcc -mcpu=cortex-m4 -mthumb -mfloat-abi=hard -mfpu=fpv4-sp-d16 -DUSE_HAL_DRIVER -DSTM32L443xx -I"C:/School/Thomas_More_Hogeschool/Practice_Enterprise_2/PE2/Bluetooth_music_box/code/Test/Core/Inc" -I"C:/School/Thomas_More_Hogeschool/Practice_Enterprise_2/PE2/Bluetooth_music_box/code/Test/Drivers/STM32L4xx_HAL_Driver/Inc" -I"C:/School/Thomas_More_Hogeschool/Practice_Enterprise_2/PE2/Bluetooth_music_box/code/Test/Drivers/STM32L4xx_HAL_Driver/Inc/Legacy" -I"C:/School/Thomas_More_Hogeschool/Practice_Enterprise_2/PE2/Bluetooth_music_box/code/Test/Drivers/CMSIS/Device/ST/STM32L4xx/Include" -I"C:/School/Thomas_More_Hogeschool/Practice_Enterprise_2/PE2/Bluetooth_music_box/code/Test/Drivers/CMSIS/Include"  -Og -g3 -Wall -fmessage-length=0 -ffunction-sections -c -fmessage-length=0 -MMD -MP -MF"Core/Src/stm32l4xx_it.d" -MT"Core/Src/stm32l4xx_it.o" -o "Core/Src/stm32l4xx_it.o" "../Core/Src/stm32l4xx_it.c"
 
C:\School\Thomas_More_Hogeschool\Practice_Enterprise_2\PE2\Bluetooth_music_box\code\Test\Debug
arm-none-eabi-gcc -mcpu=cortex-m4 -mthumb -mfloat-abi=hard -mfpu=fpv4-sp-d16 -DUSE_HAL_DRIVER -DSTM32L443xx -I"C:/School/Thomas_More_Hogeschool/Practice_Enterprise_2/PE2/Bluetooth_music_box/code/Test/Core/Inc" -I"C:/School/Thomas_More_Hogeschool/Practice_Enterprise_2/PE2/Bluetooth_music_box/code/Test/Drivers/STM32L4xx_HAL_Driver/Inc" -I"C:/School/Thomas_More_Hogeschool/Practice_Enterprise_2/PE2/Bluetooth_music_box/code/Test/Drivers/STM32L4xx_HAL_Driver/Inc/Legacy" -I"C:/School/Thomas_More_Hogeschool/Practice_Enterprise_2/PE2/Bluetooth_music_box/code/Test/Drivers/CMSIS/Device/ST/STM32L4xx/Include" -I"C:/School/Thomas_More_Hogeschool/Practice_Enterprise_2/PE2/Bluetooth_music_box/code/Test/Drivers/CMSIS/Include"  -Og -g3 -Wall -fmessage-length=0 -ffunction-sections -c -fmessage-length=0 -MMD -MP -MF"Core/Src/system_stm32l4xx.d" -MT"Core/Src/system_stm32l4xx.o" -o "Core/Src/system_stm32l4xx.o" "../Core/Src/system_stm32l4xx.c"
../Core/Src/ili9341.c: In function 'LCD_DrawVLine':
../Core/Src/ili9341.c:312:2: warning: statement with no effect [-Wunused-value]
  for(result; result > 0; result--){
  ^~~
../Core/Src/ili9341.c: In function 'LCD_DrawHLine':
../Core/Src/ili9341.c:320:2: warning: statement with no effect [-Wunused-value]
  for(result; result > 0; result--){
  ^~~
Finished building: ../Drivers/STM32L4xx_HAL_Driver/Src/stm32l4xx_hal_rcc_ex.c
 
Finished building: ../Drivers/STM32L4xx_HAL_Driver/Src/stm32l4xx_hal_spi_ex.c
 
Finished building: ../Drivers/STM32L4xx_HAL_Driver/Src/stm32l4xx_hal_uart_ex.c
 
Finished building: ../Drivers/STM32L4xx_HAL_Driver/Src/stm32l4xx_hal_spi.c
../Core/Src/main.c: In function 'main':
../Core/Src/main.c:230:4: warning: implicit declaration of function 'ILI9341_TouchUnselect'; did you mean 'ILI9341_Unselect'? [-Wimplicit-function-declaration]
    ILI9341_TouchUnselect();
    ^~~~~~~~~~~~~~~~~~~~~
    ILI9341_Unselect
../Core/Src/main.c:237:18: warning: initialization makes integer from pointer without a cast [-Wint-conversion]
    int battery = "54.89%";
                  ^~~~~~~~
../Core/Src/main.c:260:6: warning: implicit declaration of function 'itoa' [-Wimplicit-function-declaration]
      itoa(testValue, pointer, 10);// 10 = decimal
      ^~~~
../Core/Src/main.c:270:32: warning: pointer targets in passing argument 3 of 'LCD_WriteString' differ in signedness [-Wpointer-sign]
      LCD_WriteString(150, 110, pointer, Font_11x18, LCD_WHITE, LCD_BLACK);
                                ^~~~~~~
In file included from ../Core/Src/main.c:25:0:
C:/School/Thomas_More_Hogeschool/Practice_Enterprise_2/PE2/Bluetooth_music_box/code/Test/Core/Inc/ili9341.h:74:6: note: expected 'const char *' but argument is of type 'uint8_t * {aka unsigned char *}'
 void LCD_WriteString(uint16_t x, uint16_t y, const char* str, FontDef font, uint16_t color, uint16_t bgcolor);
      ^~~~~~~~~~~~~~~
../Core/Src/main.c:291:5: warning: implicit declaration of function 'printf' [-Wimplicit-function-declaration]
     printf("result = %d\r\n", result);
     ^~~~~~
../Core/Src/main.c:291:5: warning: incompatible implicit declaration of built-in function 'printf'
../Core/Src/main.c:291:5: note: include '<stdio.h>' or provide a declaration of 'printf'
../Core/Src/main.c:371:9: warning: implicit declaration of function 'LCD_TGetC' [-Wimplicit-function-declaration]
      if(LCD_TGetC(&x, &y)) {
         ^~~~~~~~~
../Core/Src/main.c:238:13: warning: unused variable 'ad_res' [-Wunused-variable]
    uint16_t ad_res = 0;
             ^~~~~~
../Core/Src/main.c:237:8: warning: unused variable 'battery' [-Wunused-variable]
    int battery = "54.89%";
        ^~~~~~~
../Core/Src/main.c: In function 'ledClearBuffer':
../Core/Src/main.c:817:2: warning: implicit declaration of function 'memset' [-Wimplicit-function-declaration]
  memset(ledBuffer, 0, NUM_BYTES);
  ^~~~~~
../Core/Src/main.c:817:2: warning: incompatible implicit declaration of built-in function 'memset'
../Core/Src/main.c:817:2: note: include '<string.h>' or provide a declaration of 'memset'
../Core/Src/main.c: In function 'Test_slider_battery':
../Core/Src/main.c:867:8: warning: right shift count >= width of type [-Wshift-count-overflow]
    if(x>>101 && x<<229 && y>>95 && y<<144){// in range?
        ^~
../Core/Src/main.c:867:18: warning: left shift count >= width of type [-Wshift-count-overflow]
    if(x>>101 && x<<229 && y>>95 && y<<144){// in range?
                  ^~
../Core/Src/main.c:867:18: warning: '<<' in boolean context, did you mean '<' ? [-Wint-in-bool-context]
    if(x>>101 && x<<229 && y>>95 && y<<144){// in range?
                 ~^~~~~
../Core/Src/main.c:867:28: warning: right shift count >= width of type [-Wshift-count-overflow]
    if(x>>101 && x<<229 && y>>95 && y<<144){// in range?
                            ^~
../Core/Src/main.c:867:37: warning: left shift count >= width of type [-Wshift-count-overflow]
    if(x>>101 && x<<229 && y>>95 && y<<144){// in range?
                                     ^~
../Core/Src/main.c:867:37: warning: '<<' in boolean context, did you mean '<' ? [-Wint-in-bool-context]
    if(x>>101 && x<<229 && y>>95 && y<<144){// in range?
                                    ~^~~~~
../Core/Src/main.c:868:9: warning: left shift count >= width of type [-Wshift-count-overflow]
     if(x<<144 && x>>101 && y<<144 && y>>96){
         ^~
../Core/Src/main.c:868:9: warning: '<<' in boolean context, did you mean '<' ? [-Wint-in-bool-context]
     if(x<<144 && x>>101 && y<<144 && y>>96){
        ~^~~~~
../Core/Src/main.c:868:19: warning: right shift count >= width of type [-Wshift-count-overflow]
     if(x<<144 && x>>101 && y<<144 && y>>96){
                   ^~
../Core/Src/main.c:868:29: warning: left shift count >= width of type [-Wshift-count-overflow]
     if(x<<144 && x>>101 && y<<144 && y>>96){
                             ^~
../Core/Src/main.c:868:29: warning: '<<' in boolean context, did you mean '<' ? [-Wint-in-bool-context]
     if(x<<144 && x>>101 && y<<144 && y>>96){
                            ~^~~~~
../Core/Src/main.c:868:39: warning: right shift count >= width of type [-Wshift-count-overflow]
     if(x<<144 && x>>101 && y<<144 && y>>96){
                                       ^~
../Core/Src/main.c:871:14: warning: left shift count >= width of type [-Wshift-count-overflow]
     else if(x<<187 && x>>144 && y<<144 && y>>96){
              ^~
../Core/Src/main.c:871:14: warning: '<<' in boolean context, did you mean '<' ? [-Wint-in-bool-context]
     else if(x<<187 && x>>144 && y<<144 && y>>96){
             ~^~~~~
../Core/Src/main.c:871:24: warning: right shift count >= width of type [-Wshift-count-overflow]
     else if(x<<187 && x>>144 && y<<144 && y>>96){
                        ^~
../Core/Src/main.c:871:34: warning: left shift count >= width of type [-Wshift-count-overflow]
     else if(x<<187 && x>>144 && y<<144 && y>>96){
                                  ^~
../Core/Src/main.c:871:34: warning: '<<' in boolean context, did you mean '<' ? [-Wint-in-bool-context]
     else if(x<<187 && x>>144 && y<<144 && y>>96){
                                 ~^~~~~
../Core/Src/main.c:871:44: warning: right shift count >= width of type [-Wshift-count-overflow]
     else if(x<<187 && x>>144 && y<<144 && y>>96){
                                            ^~
../Core/Src/main.c:874:14: warning: left shift count >= width of type [-Wshift-count-overflow]
     else if(x<<228 && x>>187 && y<<144 && y>>96){
              ^~
../Core/Src/main.c:874:14: warning: '<<' in boolean context, did you mean '<' ? [-Wint-in-bool-context]
     else if(x<<228 && x>>187 && y<<144 && y>>96){
             ~^~~~~
../Core/Src/main.c:874:24: warning: right shift count >= width of type [-Wshift-count-overflow]
     else if(x<<228 && x>>187 && y<<144 && y>>96){
                        ^~
../Core/Src/main.c:874:34: warning: left shift count >= width of type [-Wshift-count-overflow]
     else if(x<<228 && x>>187 && y<<144 && y>>96){
                                  ^~
../Core/Src/main.c:874:34: warning: '<<' in boolean context, did you mean '<' ? [-Wint-in-bool-context]
     else if(x<<228 && x>>187 && y<<144 && y>>96){
                                 ~^~~~~
../Core/Src/main.c:874:44: warning: right shift count >= width of type [-Wshift-count-overflow]
     else if(x<<228 && x>>187 && y<<144 && y>>96){
                                            ^~
 
Finished building: ../Drivers/STM32L4xx_HAL_Driver/Src/stm32l4xx_hal_tim_ex.c
Finished building: ../Core/Src/ili9341_touch.c
 
 
Finished building: ../Core/Src/ili9341.c
 
Finished building: ../Core/Src/stm32l4xx_hal_msp.c
Finished building: ../Core/Src/stm32l4xx_it.c
Finished building: ../Drivers/STM32L4xx_HAL_Driver/Src/stm32l4xx_hal_uart.c
 
 
 
Finished building: ../Core/Src/system_stm32l4xx.c
 
Finished building: ../Drivers/STM32L4xx_HAL_Driver/Src/stm32l4xx_hal_tim.c
 
Finished building: ../Core/Src/main.c
 
Building target: Test.elf
Invoking: MCU GCC Linker
arm-none-eabi-gcc -mcpu=cortex-m4 -mthumb -mfloat-abi=hard -mfpu=fpv4-sp-d16 -specs=nosys.specs -specs=nano.specs -T"../STM32L443CCTx_FLASH.ld" -Wl,-Map=output.map -Wl,--gc-sections -o "Test.elf" @"objects.list"   -lm
Finished building target: Test.elf
 
make --no-print-directory post-build
Generating hex and Printing size information:
arm-none-eabi-objcopy -O ihex "Test.elf" "Test.hex"
arm-none-eabi-size "Test.elf"
   text	   data	    bss	    dec	    hex	filename
  33264	    160	   2448	  35872	   8c20	Test.elf
 
12:20:42 **** Incremental Build of configuration Debug for project Test ****
make -j16 all 
Building file: ../Drivers/STM32L4xx_HAL_Driver/Src/stm32l4xx_hal.c
Building file: ../Drivers/STM32L4xx_HAL_Driver/Src/stm32l4xx_hal_adc.c
Building file: ../Drivers/STM32L4xx_HAL_Driver/Src/stm32l4xx_hal_adc_ex.c
Invoking: MCU GCC Compiler
Invoking: MCU GCC Compiler
Invoking: MCU GCC Compiler
C:\School\Thomas_More_Hogeschool\Practice_Enterprise_2\PE2\Bluetooth_music_box\code\Test\Debug
[...]
../Core/Src/main.c:888:29: warning: left shift count >= width of type [-Wshift-count-overflow]
     if(x<<144 && x>>101 && y<<144 && y>>96){
                             ^~
../Core/Src/main.c:888:29: warning: '<<' in boolean context, did you mean '<' ? [-Wint-in-bool-context]
     if(x<<144 && x>>101 && y<<144 && y>>96){
                            ~^~~~~
../Core/Src/main.c:888:39: warning: right shift count >= width of type [-Wshift-count-overflow]
     if(x<<144 && x>>101 && y<<144 && y>>96){
                                       ^~
../Core/Src/main.c:891:14: warning: left shift count >= width of type [-Wshift-count-overflow]
     else if(x<<187 && x>>144 && y<<144 && y>>96){
              ^~
../Core/Src/main.c:891:14: warning: '<<' in boolean context, did you mean '<' ? [-Wint-in-bool-context]
     else if(x<<187 && x>>144 && y<<144 && y>>96){
             ~^~~~~
../Core/Src/main.c:891:24: warning: right shift count >= width of type [-Wshift-count-overflow]
     else if(x<<187 && x>>144 && y<<144 && y>>96){
                        ^~
../Core/Src/main.c:891:34: warning: left shift count >= width of type [-Wshift-count-overflow]
     else if(x<<187 && x>>144 && y<<144 && y>>96){
                                  ^~
../Core/Src/main.c:891:34: warning: '<<' in boolean context, did you mean '<' ? [-Wint-in-bool-context]
     else if(x<<187 && x>>144 && y<<144 && y>>96){
                                 ~^~~~~
../Core/Src/main.c:891:44: warning: right shift count >= width of type [-Wshift-count-overflow]
     else if(x<<187 && x>>144 && y<<144 && y>>96){
                                            ^~
../Core/Src/main.c:894:14: warning: left shift count >= width of type [-Wshift-count-overflow]
     else if(x<<228 && x>>187 && y<<144 && y>>96){
              ^~
../Core/Src/main.c:894:14: warning: '<<' in boolean context, did you mean '<' ? [-Wint-in-bool-context]
     else if(x<<228 && x>>187 && y<<144 && y>>96){
             ~^~~~~
../Core/Src/main.c:894:24: warning: right shift count >= width of type [-Wshift-count-overflow]
     else if(x<<228 && x>>187 && y<<144 && y>>96){
                        ^~
../Core/Src/main.c:894:34: warning: left shift count >= width of type [-Wshift-count-overflow]
     else if(x<<228 && x>>187 && y<<144 && y>>96){
                                  ^~
../Core/Src/main.c:894:34: warning: '<<' in boolean context, did you mean '<' ? [-Wint-in-bool-context]
     else if(x<<228 && x>>187 && y<<144 && y>>96){
                                 ~^~~~~
../Core/Src/main.c:894:44: warning: right shift count >= width of type [-Wshift-count-overflow]
     else if(x<<228 && x>>187 && y<<144 && y>>96){
                                            ^~
Finished building: ../Core/Src/main.c
 
Building target: Test.elf
Invoking: MCU GCC Linker
arm-none-eabi-gcc -mcpu=cortex-m4 -mthumb -mfloat-abi=hard -mfpu=fpv4-sp-d16 -specs=nosys.specs -specs=nano.specs -T"../STM32L443CCTx_FLASH.ld" -Wl,-Map=output.map -Wl,--gc-sections -o "Test.elf" @"objects.list"   -lm
Finished building target: Test.elf
 
make --no-print-directory post-build
Generating hex and Printing size information:
arm-none-eabi-objcopy -O ihex "Test.elf" "Test.hex"
arm-none-eabi-size "Test.elf"
   text	   data	    bss	    dec	    hex	filename
  29000	     56	   2424	  31480	   7af8	Test.elf
 
12:40:56 **** Incremental Build of configuration Debug for project Test ****
make -j16 all 
make: Nothing to be done for 'all'.
12:42:12 **** Incremental Build of configuration Debug for project Test ****
make -j16 all 
make: Nothing to be done for 'all'.
12:42:43 **** Incremental Build of configuration Debug for project Test ****
make -j16 all 
Building file: ../Core/Src/main.c
Invoking: MCU GCC Compiler
C:\School\Thomas_More_Hogeschool\Practice_Enterprise_2\PE2\Bluetooth_music_box\code\Test\Debug
arm-none-eabi-gcc -mcpu=cortex-m4 -mthumb -mfloat-abi=hard -mfpu=fpv4-sp-d16 -DUSE_HAL_DRIVER -DSTM32L443xx -I"C:/School/Thomas_More_Hogeschool/Practice_Enterprise_2/PE2/Bluetooth_music_box/code/Test/Core/Inc" -I"C:/School/Thomas_More_Hogeschool/Practice_Enterprise_2/PE2/Bluetooth_music_box/code/Test/Drivers/STM32L4xx_HAL_Driver/Inc" -I"C:/School/Thomas_More_Hogeschool/Practice_Enterprise_2/PE2/Bluetooth_music_box/code/Test/Drivers/STM32L4xx_HAL_Driver/Inc/Legacy" -I"C:/School/Thomas_More_Hogeschool/Practice_Enterprise_2/PE2/Bluetooth_music_box/code/Test/Drivers/CMSIS/Device/ST/STM32L4xx/Include" -I"C:/School/Thomas_More_Hogeschool/Practice_Enterprise_2/PE2/Bluetooth_music_box/code/Test/Drivers/CMSIS/Include"  -Og -g3 -Wall -fmessage-length=0 -ffunction-sections -c -fmessage-length=0 -MMD -MP -MF"Core/Src/main.d" -MT"Core/Src/main.o" -o "Core/Src/main.o" "../Core/Src/main.c"
../Core/Src/main.c: In function 'main':
../Core/Src/main.c:230:4: warning: implicit declaration of function 'ILI9341_TouchUnselect'; did you mean 'ILI9341_Unselect'? [-Wimplicit-function-declaration]
    ILI9341_TouchUnselect();
    ^~~~~~~~~~~~~~~~~~~~~
    ILI9341_Unselect
../Core/Src/main.c:237:18: warning: initialization makes integer from pointer without a cast [-Wint-conversion]
    int battery = "54.89%";
                  ^~~~~~~~
../Core/Src/main.c:260:6: warning: implicit declaration of function 'itoa' [-Wimplicit-function-declaration]
      itoa(testValue, pointer, 10);// 10 = decimal
      ^~~~
../Core/Src/main.c:270:32: warning: pointer targets in passing argument 3 of 'LCD_WriteString' differ in signedness [-Wpointer-sign]
      LCD_WriteString(150, 110, pointer, Font_11x18, LCD_WHITE, LCD_BLACK);
                                ^~~~~~~
In file included from ../Core/Src/main.c:25:0:
C:/School/Thomas_More_Hogeschool/Practice_Enterprise_2/PE2/Bluetooth_music_box/code/Test/Core/Inc/ili9341.h:74:6: note: expected 'const char *' but argument is of type 'uint8_t * {aka unsigned char *}'
 void LCD_WriteString(uint16_t x, uint16_t y, const char* str, FontDef font, uint16_t color, uint16_t bgcolor);
      ^~~~~~~~~~~~~~~
../Core/Src/main.c:386:9: warning: implicit declaration of function 'LCD_TGetC' [-Wimplicit-function-declaration]
      if(LCD_TGetC(&x, &y)) {
         ^~~~~~~~~
../Core/Src/main.c:238:13: warning: unused variable 'ad_res' [-Wunused-variable]
    uint16_t ad_res = 0;
             ^~~~~~
../Core/Src/main.c:237:8: warning: unused variable 'battery' [-Wunused-variable]
    int battery = "54.89%";
        ^~~~~~~
../Core/Src/main.c: In function 'ledClearBuffer':
../Core/Src/main.c:832:2: warning: implicit declaration of function 'memset' [-Wimplicit-function-declaration]
  memset(ledBuffer, 0, NUM_BYTES);
  ^~~~~~
../Core/Src/main.c:832:2: warning: incompatible implicit declaration of built-in function 'memset'
../Core/Src/main.c:832:2: note: include '<string.h>' or provide a declaration of 'memset'
../Core/Src/main.c: In function 'Test_slider_battery':
../Core/Src/main.c:882:8: warning: right shift count >= width of type [-Wshift-count-overflow]
    if(x>>101 && x<<229 && y>>95 && y<<144){// in range?
        ^~
../Core/Src/main.c:882:18: warning: left shift count >= width of type [-Wshift-count-overflow]
    if(x>>101 && x<<229 && y>>95 && y<<144){// in range?
                  ^~
../Core/Src/main.c:882:18: warning: '<<' in boolean context, did you mean '<' ? [-Wint-in-bool-context]
    if(x>>101 && x<<229 && y>>95 && y<<144){// in range?
                 ~^~~~~
../Core/Src/main.c:882:28: warning: right shift count >= width of type [-Wshift-count-overflow]
    if(x>>101 && x<<229 && y>>95 && y<<144){// in range?
                            ^~
../Core/Src/main.c:882:37: warning: left shift count >= width of type [-Wshift-count-overflow]
    if(x>>101 && x<<229 && y>>95 && y<<144){// in range?
                                     ^~
../Core/Src/main.c:882:37: warning: '<<' in boolean context, did you mean '<' ? [-Wint-in-bool-context]
    if(x>>101 && x<<229 && y>>95 && y<<144){// in range?
                                    ~^~~~~
../Core/Src/main.c:883:9: warning: left shift count >= width of type [-Wshift-count-overflow]
     if(x<<144 && x>>101 && y<<144 && y>>96){
         ^~
../Core/Src/main.c:883:9: warning: '<<' in boolean context, did you mean '<' ? [-Wint-in-bool-context]
     if(x<<144 && x>>101 && y<<144 && y>>96){
        ~^~~~~
../Core/Src/main.c:883:19: warning: right shift count >= width of type [-Wshift-count-overflow]
     if(x<<144 && x>>101 && y<<144 && y>>96){
                   ^~
../Core/Src/main.c:883:29: warning: left shift count >= width of type [-Wshift-count-overflow]
     if(x<<144 && x>>101 && y<<144 && y>>96){
                             ^~
../Core/Src/main.c:883:29: warning: '<<' in boolean context, did you mean '<' ? [-Wint-in-bool-context]
     if(x<<144 && x>>101 && y<<144 && y>>96){
                            ~^~~~~
../Core/Src/main.c:883:39: warning: right shift count >= width of type [-Wshift-count-overflow]
     if(x<<144 && x>>101 && y<<144 && y>>96){
                                       ^~
../Core/Src/main.c:886:14: warning: left shift count >= width of type [-Wshift-count-overflow]
     else if(x<<187 && x>>144 && y<<144 && y>>96){
              ^~
../Core/Src/main.c:886:14: warning: '<<' in boolean context, did you mean '<' ? [-Wint-in-bool-context]
     else if(x<<187 && x>>144 && y<<144 && y>>96){
             ~^~~~~
../Core/Src/main.c:886:24: warning: right shift count >= width of type [-Wshift-count-overflow]
     else if(x<<187 && x>>144 && y<<144 && y>>96){
                        ^~
../Core/Src/main.c:886:34: warning: left shift count >= width of type [-Wshift-count-overflow]
     else if(x<<187 && x>>144 && y<<144 && y>>96){
                                  ^~
../Core/Src/main.c:886:34: warning: '<<' in boolean context, did you mean '<' ? [-Wint-in-bool-context]
     else if(x<<187 && x>>144 && y<<144 && y>>96){
                                 ~^~~~~
../Core/Src/main.c:886:44: warning: right shift count >= width of type [-Wshift-count-overflow]
     else if(x<<187 && x>>144 && y<<144 && y>>96){
                                            ^~
../Core/Src/main.c:889:14: warning: left shift count >= width of type [-Wshift-count-overflow]
     else if(x<<228 && x>>187 && y<<144 && y>>96){
              ^~
../Core/Src/main.c:889:14: warning: '<<' in boolean context, did you mean '<' ? [-Wint-in-bool-context]
     else if(x<<228 && x>>187 && y<<144 && y>>96){
             ~^~~~~
../Core/Src/main.c:889:24: warning: right shift count >= width of type [-Wshift-count-overflow]
     else if(x<<228 && x>>187 && y<<144 && y>>96){
                        ^~
../Core/Src/main.c:889:34: warning: left shift count >= width of type [-Wshift-count-overflow]
     else if(x<<228 && x>>187 && y<<144 && y>>96){
                                  ^~
../Core/Src/main.c:889:34: warning: '<<' in boolean context, did you mean '<' ? [-Wint-in-bool-context]
     else if(x<<228 && x>>187 && y<<144 && y>>96){
                                 ~^~~~~
../Core/Src/main.c:889:44: warning: right shift count >= width of type [-Wshift-count-overflow]
     else if(x<<228 && x>>187 && y<<144 && y>>96){
                                            ^~
Finished building: ../Core/Src/main.c
 
Building target: Test.elf
Invoking: MCU GCC Linker
arm-none-eabi-gcc -mcpu=cortex-m4 -mthumb -mfloat-abi=hard -mfpu=fpv4-sp-d16 -specs=nosys.specs -specs=nano.specs -T"../STM32L443CCTx_FLASH.ld" -Wl,-Map=output.map -Wl,--gc-sections -o "Test.elf" @"objects.list"   -lm
Finished building target: Test.elf
 
make --no-print-directory post-build
Generating hex and Printing size information:
arm-none-eabi-objcopy -O ihex "Test.elf" "Test.hex"
arm-none-eabi-size "Test.elf"
   text	   data	    bss	    dec	    hex	filename
  28968	     56	   2424	  31448	   7ad8	Test.elf
 
12:42:52 **** Incremental Build of configuration Debug for project Test ****
make -j16 all 
make: Nothing to be done for 'all'.
13:07:24 **** Incremental Build of configuration Debug for project Test ****
make -j16 all 
Building file: ../Core/Src/main.c
Invoking: MCU GCC Compiler
C:\School\Thomas_More_Hogeschool\Practice_Enterprise_2\PE2\Bluetooth_music_box\code\Test\Debug
arm-none-eabi-gcc -mcpu=cortex-m4 -mthumb -mfloat-abi=hard -mfpu=fpv4-sp-d16 -DUSE_HAL_DRIVER -DSTM32L443xx -I"C:/School/Thomas_More_Hogeschool/Practice_Enterprise_2/PE2/Bluetooth_music_box/code/Test/Core/Inc" -I"C:/School/Thomas_More_Hogeschool/Practice_Enterprise_2/PE2/Bluetooth_music_box/code/Test/Drivers/STM32L4xx_HAL_Driver/Inc" -I"C:/School/Thomas_More_Hogeschool/Practice_Enterprise_2/PE2/Bluetooth_music_box/code/Test/Drivers/STM32L4xx_HAL_Driver/Inc/Legacy" -I"C:/School/Thomas_More_Hogeschool/Practice_Enterprise_2/PE2/Bluetooth_music_box/code/Test/Drivers/CMSIS/Device/ST/STM32L4xx/Include" -I"C:/School/Thomas_More_Hogeschool/Practice_Enterprise_2/PE2/Bluetooth_music_box/code/Test/Drivers/CMSIS/Include"  -Og -g3 -Wall -fmessage-length=0 -ffunction-sections -c -fmessage-length=0 -MMD -MP -MF"Core/Src/main.d" -MT"Core/Src/main.o" -o "Core/Src/main.o" "../Core/Src/main.c"
../Core/Src/main.c: In function 'main':
../Core/Src/main.c:230:4: warning: implicit declaration of function 'ILI9341_TouchUnselect'; did you mean 'ILI9341_Unselect'? [-Wimplicit-function-declaration]
    ILI9341_TouchUnselect();
    ^~~~~~~~~~~~~~~~~~~~~
    ILI9341_Unselect
../Core/Src/main.c:237:18: warning: initialization makes integer from pointer without a cast [-Wint-conversion]
    int battery = "54.89%";
                  ^~~~~~~~
../Core/Src/main.c:260:6: warning: implicit declaration of function 'itoa' [-Wimplicit-function-declaration]
      itoa(testValue, pointer, 10);// 10 = decimal
      ^~~~
../Core/Src/main.c:270:32: warning: pointer targets in passing argument 3 of 'LCD_WriteString' differ in signedness [-Wpointer-sign]
      LCD_WriteString(150, 110, pointer, Font_11x18, LCD_WHITE, LCD_BLACK);
                                ^~~~~~~
In file included from ../Core/Src/main.c:25:0:
C:/School/Thomas_More_Hogeschool/Practice_Enterprise_2/PE2/Bluetooth_music_box/code/Test/Core/Inc/ili9341.h:74:6: note: expected 'const char *' but argument is of type 'uint8_t * {aka unsigned char *}'
 void LCD_WriteString(uint16_t x, uint16_t y, const char* str, FontDef font, uint16_t color, uint16_t bgcolor);
      ^~~~~~~~~~~~~~~
../Core/Src/main.c:386:9: warning: implicit declaration of function 'LCD_TGetC' [-Wimplicit-function-declaration]
      if(LCD_TGetC(&x, &y)) {
         ^~~~~~~~~
../Core/Src/main.c:238:13: warning: unused variable 'ad_res' [-Wunused-variable]
    uint16_t ad_res = 0;
             ^~~~~~
../Core/Src/main.c:237:8: warning: unused variable 'battery' [-Wunused-variable]
    int battery = "54.89%";
        ^~~~~~~
../Core/Src/main.c: In function 'ledClearBuffer':
../Core/Src/main.c:832:2: warning: implicit declaration of function 'memset' [-Wimplicit-function-declaration]
  memset(ledBuffer, 0, NUM_BYTES);
  ^~~~~~
../Core/Src/main.c:832:2: warning: incompatible implicit declaration of built-in function 'memset'
../Core/Src/main.c:832:2: note: include '<string.h>' or provide a declaration of 'memset'
../Core/Src/main.c: In function 'Test_slider_battery':
../Core/Src/main.c:882:8: warning: right shift count >= width of type [-Wshift-count-overflow]
    if(x>>101 && x<<229 && y>>95 && y<<144){// in range?
        ^~
../Core/Src/main.c:882:18: warning: left shift count >= width of type [-Wshift-count-overflow]
    if(x>>101 && x<<229 && y>>95 && y<<144){// in range?
                  ^~
../Core/Src/main.c:882:18: warning: '<<' in boolean context, did you mean '<' ? [-Wint-in-bool-context]
    if(x>>101 && x<<229 && y>>95 && y<<144){// in range?
                 ~^~~~~
../Core/Src/main.c:882:28: warning: right shift count >= width of type [-Wshift-count-overflow]
    if(x>>101 && x<<229 && y>>95 && y<<144){// in range?
                            ^~
../Core/Src/main.c:882:37: warning: left shift count >= width of type [-Wshift-count-overflow]
    if(x>>101 && x<<229 && y>>95 && y<<144){// in range?
                                     ^~
../Core/Src/main.c:882:37: warning: '<<' in boolean context, did you mean '<' ? [-Wint-in-bool-context]
    if(x>>101 && x<<229 && y>>95 && y<<144){// in range?
                                    ~^~~~~
../Core/Src/main.c:883:9: warning: left shift count >= width of type [-Wshift-count-overflow]
     if(x<<144 && x>>101 && y<<144 && y>>96){
         ^~
../Core/Src/main.c:883:9: warning: '<<' in boolean context, did you mean '<' ? [-Wint-in-bool-context]
     if(x<<144 && x>>101 && y<<144 && y>>96){
        ~^~~~~
../Core/Src/main.c:883:19: warning: right shift count >= width of type [-Wshift-count-overflow]
     if(x<<144 && x>>101 && y<<144 && y>>96){
                   ^~
../Core/Src/main.c:883:29: warning: left shift count >= width of type [-Wshift-count-overflow]
     if(x<<144 && x>>101 && y<<144 && y>>96){
                             ^~
../Core/Src/main.c:883:29: warning: '<<' in boolean context, did you mean '<' ? [-Wint-in-bool-context]
     if(x<<144 && x>>101 && y<<144 && y>>96){
                            ~^~~~~
../Core/Src/main.c:883:39: warning: right shift count >= width of type [-Wshift-count-overflow]
     if(x<<144 && x>>101 && y<<144 && y>>96){
                                       ^~
../Core/Src/main.c:886:14: warning: left shift count >= width of type [-Wshift-count-overflow]
     else if(x<<187 && x>>144 && y<<144 && y>>96){
              ^~
../Core/Src/main.c:886:14: warning: '<<' in boolean context, did you mean '<' ? [-Wint-in-bool-context]
     else if(x<<187 && x>>144 && y<<144 && y>>96){
             ~^~~~~
../Core/Src/main.c:886:24: warning: right shift count >= width of type [-Wshift-count-overflow]
     else if(x<<187 && x>>144 && y<<144 && y>>96){
                        ^~
../Core/Src/main.c:886:34: warning: left shift count >= width of type [-Wshift-count-overflow]
     else if(x<<187 && x>>144 && y<<144 && y>>96){
                                  ^~
../Core/Src/main.c:886:34: warning: '<<' in boolean context, did you mean '<' ? [-Wint-in-bool-context]
     else if(x<<187 && x>>144 && y<<144 && y>>96){
                                 ~^~~~~
../Core/Src/main.c:886:44: warning: right shift count >= width of type [-Wshift-count-overflow]
     else if(x<<187 && x>>144 && y<<144 && y>>96){
                                            ^~
../Core/Src/main.c:889:14: warning: left shift count >= width of type [-Wshift-count-overflow]
     else if(x<<228 && x>>187 && y<<144 && y>>96){
              ^~
../Core/Src/main.c:889:14: warning: '<<' in boolean context, did you mean '<' ? [-Wint-in-bool-context]
     else if(x<<228 && x>>187 && y<<144 && y>>96){
             ~^~~~~
../Core/Src/main.c:889:24: warning: right shift count >= width of type [-Wshift-count-overflow]
     else if(x<<228 && x>>187 && y<<144 && y>>96){
                        ^~
../Core/Src/main.c:889:34: warning: left shift count >= width of type [-Wshift-count-overflow]
     else if(x<<228 && x>>187 && y<<144 && y>>96){
                                  ^~
../Core/Src/main.c:889:34: warning: '<<' in boolean context, did you mean '<' ? [-Wint-in-bool-context]
     else if(x<<228 && x>>187 && y<<144 && y>>96){
                                 ~^~~~~
../Core/Src/main.c:889:44: warning: right shift count >= width of type [-Wshift-count-overflow]
     else if(x<<228 && x>>187 && y<<144 && y>>96){
                                            ^~
Finished building: ../Core/Src/main.c
 
Building target: Test.elf
Invoking: MCU GCC Linker
arm-none-eabi-gcc -mcpu=cortex-m4 -mthumb -mfloat-abi=hard -mfpu=fpv4-sp-d16 -specs=nosys.specs -specs=nano.specs -T"../STM32L443CCTx_FLASH.ld" -Wl,-Map=output.map -Wl,--gc-sections -o "Test.elf" @"objects.list"   -lm
Finished building target: Test.elf
 
make --no-print-directory post-build
Generating hex and Printing size information:
arm-none-eabi-objcopy -O ihex "Test.elf" "Test.hex"
arm-none-eabi-size "Test.elf"
   text	   data	    bss	    dec	    hex	filename
  28968	     56	   2424	  31448	   7ad8	Test.elf
 
