12:42:14 **** Incremental Build of configuration Debug for project Test ****
make -j16 all 
Building file: ../startup/startup_stm32l443xx.s
Building file: ../Drivers/STM32L4xx_HAL_Driver/Src/stm32l4xx_hal.c
Invoking: MCU GCC Assembler
Building file: ../Drivers/STM32L4xx_HAL_Driver/Src/stm32l4xx_hal_adc.c
Invoking: MCU GCC Compiler
C:\School\Thomas_More_Hogeschool\Practice_Enterprise_2\PE2\Bluetooth_music_box\code\Test\Debug
arm-none-eabi-as -mcpu=cortex-m4 -mthumb -mfloat-abi=hard -mfpu=fpv4-sp-d16 -g -o "startup/startup_stm32l443xx.o" "../startup/startup_stm32l443xx.s"
Invoking: MCU GCC Compiler
C:\School\Thomas_More_Hogeschool\Practice_Enterprise_2\PE2\Bluetooth_music_box\code\Test\Debug
arm-none-eabi-gcc -mcpu=cortex-m4 -mthumb -mfloat-abi=hard -mfpu=fpv4-sp-d16 -DUSE_HAL_DRIVER -DSTM32L443xx -I"C:/School/Thomas_More_Hogeschool/Practice_Enterprise_2/PE2/Bluetooth_music_box/code/Test/Core/Inc" -I"C:/School/Thomas_More_Hogeschool/Practice_Enterprise_2/PE2/Bluetooth_music_box/code/Test/Drivers/STM32L4xx_HAL_Driver/Inc" -I"C:/School/Thomas_More_Hogeschool/Practice_Enterprise_2/PE2/Bluetooth_music_box/code/Test/Drivers/STM32L4xx_HAL_Driver/Inc/Legacy" -I"C:/School/Thomas_More_Hogeschool/Practice_Enterprise_2/PE2/Bluetooth_music_box/code/Test/Drivers/CMSIS/Device/ST/STM32L4xx/Include" -I"C:/School/Thomas_More_Hogeschool/Practice_Enterprise_2/PE2/Bluetooth_music_box/code/Test/Drivers/CMSIS/Include"  -Og -g3 -Wall -fmessage-length=0 -ffunction-sections -c -fmessage-length=0 -MMD -MP -MF"Drivers/STM32L4xx_HAL_Driver/Src/stm32l4xx_hal.d" -MT"Drivers/STM32L4xx_HAL_Driver/Src/stm32l4xx_hal.o" -o "Drivers/STM32L4xx_HAL_Driver/Src/stm32l4xx_hal.o" "../Drivers/STM32L4xx_HAL_Driver/Src/stm32l4xx_hal.c"
C:\School\Thomas_More_Hogeschool\Practice_Enterprise_2\PE2\Bluetooth_music_box\code\Test\Debug
arm-none-eabi-gcc -mcpu=cortex-m4 -mthumb -mfloat-abi=hard -mfpu=fpv4-sp-d16 -DUSE_HAL_DRIVER -DSTM32L443xx -I"C:/School/Thomas_More_Hogeschool/Practice_Enterprise_2/PE2/Bluetooth_music_box/code/Test/Core/Inc" -I"C:/School/Thomas_More_Hogeschool/Practice_Enterprise_2/PE2/Bluetooth_music_box/code/Test/Drivers/STM32L4xx_HAL_Driver/Inc" -I"C:/School/Thomas_More_Hogeschool/Practice_Enterprise_2/PE2/Bluetooth_music_box/code/Test/Drivers/STM32L4xx_HAL_Driver/Inc/Legacy" -I"C:/School/Thomas_More_Hogeschool/Practice_Enterprise_2/PE2/Bluetooth_music_box/code/Test/Drivers/CMSIS/Device/ST/STM32L4xx/Include" -I"C:/School/Thomas_More_Hogeschool/Practice_Enterprise_2/PE2/Bluetooth_music_box/code/Test/Drivers/CMSIS/Include"  -Og -g3 -Wall -fmessage-length=0 -ffunction-sections -c -fmessage-length=0 -MMD -MP -MF"Drivers/STM32L4xx_HAL_Driver/Src/stm32l4xx_hal_adc.d" -MT"Drivers/STM32L4xx_HAL_Driver/Src/stm32l4xx_hal_adc.o" -o "Drivers/STM32L4xx_HAL_Driver/Src/stm32l4xx_hal_adc.o" "../Drivers/STM32L4xx_HAL_Driver/Src/stm32l4xx_hal_adc.c"
Building file: ../Drivers/STM32L4xx_HAL_Driver/Src/stm32l4xx_hal_adc_ex.c
Building file: ../Drivers/STM32L4xx_HAL_Driver/Src/stm32l4xx_hal_cortex.c
Invoking: MCU GCC Compiler
Building file: ../Drivers/STM32L4xx_HAL_Driver/Src/stm32l4xx_hal_dma.c
Invoking: MCU GCC Compiler
C:\School\Thomas_More_Hogeschool\Practice_Enterprise_2\PE2\Bluetooth_music_box\code\Test\Debug
arm-none-eabi-gcc -mcpu=cortex-m4 -mthumb -mfloat-abi=hard -mfpu=fpv4-sp-d16 -DUSE_HAL_DRIVER -DSTM32L443xx -I"C:/School/Thomas_More_Hogeschool/Practice_Enterprise_2/PE2/Bluetooth_music_box/code/Test/Core/Inc" -I"C:/School/Thomas_More_Hogeschool/Practice_Enterprise_2/PE2/Bluetooth_music_box/code/Test/Drivers/STM32L4xx_HAL_Driver/Inc" -I"C:/School/Thomas_More_Hogeschool/Practice_Enterprise_2/PE2/Bluetooth_music_box/code/Test/Drivers/STM32L4xx_HAL_Driver/Inc/Legacy" -I"C:/School/Thomas_More_Hogeschool/Practice_Enterprise_2/PE2/Bluetooth_music_box/code/Test/Drivers/CMSIS/Device/ST/STM32L4xx/Include" -I"C:/School/Thomas_More_Hogeschool/Practice_Enterprise_2/PE2/Bluetooth_music_box/code/Test/Drivers/CMSIS/Include"  -Og -g3 -Wall -fmessage-length=0 -ffunction-sections -c -fmessage-length=0 -MMD -MP -MF"Drivers/STM32L4xx_HAL_Driver/Src/stm32l4xx_hal_adc_ex.d" -MT"Drivers/STM32L4xx_HAL_Driver/Src/stm32l4xx_hal_adc_ex.o" -o "Drivers/STM32L4xx_HAL_Driver/Src/stm32l4xx_hal_adc_ex.o" "../Drivers/STM32L4xx_HAL_Driver/Src/stm32l4xx_hal_adc_ex.c"
Invoking: MCU GCC Compiler
C:\School\Thomas_More_Hogeschool\Practice_Enterprise_2\PE2\Bluetooth_music_box\code\Test\Debug
arm-none-eabi-gcc -mcpu=cortex-m4 -mthumb -mfloat-abi=hard -mfpu=fpv4-sp-d16 -DUSE_HAL_DRIVER -DSTM32L443xx -I"C:/School/Thomas_More_Hogeschool/Practice_Enterprise_2/PE2/Bluetooth_music_box/code/Test/Core/Inc" -I"C:/School/Thomas_More_Hogeschool/Practice_Enterprise_2/PE2/Bluetooth_music_box/code/Test/Drivers/STM32L4xx_HAL_Driver/Inc" -I"C:/School/Thomas_More_Hogeschool/Practice_Enterprise_2/PE2/Bluetooth_music_box/code/Test/Drivers/STM32L4xx_HAL_Driver/Inc/Legacy" -I"C:/School/Thomas_More_Hogeschool/Practice_Enterprise_2/PE2/Bluetooth_music_box/code/Test/Drivers/CMSIS/Device/ST/STM32L4xx/Include" -I"C:/School/Thomas_More_Hogeschool/Practice_Enterprise_2/PE2/Bluetooth_music_box/code/Test/Drivers/CMSIS/Include"  -Og -g3 -Wall -fmessage-length=0 -ffunction-sections -c -fmessage-length=0 -MMD -MP -MF"Drivers/STM32L4xx_HAL_Driver/Src/stm32l4xx_hal_cortex.d" -MT"Drivers/STM32L4xx_HAL_Driver/Src/stm32l4xx_hal_cortex.o" -o "Drivers/STM32L4xx_HAL_Driver/Src/stm32l4xx_hal_cortex.o" "../Drivers/STM32L4xx_HAL_Driver/Src/stm32l4xx_hal_cortex.c"
C:\School\Thomas_More_Hogeschool\Practice_Enterprise_2\PE2\Bluetooth_music_box\code\Test\Debug
arm-none-eabi-gcc -mcpu=cortex-m4 -mthumb -mfloat-abi=hard -mfpu=fpv4-sp-d16 -DUSE_HAL_DRIVER -DSTM32L443xx -I"C:/School/Thomas_More_Hogeschool/Practice_Enterprise_2/PE2/Bluetooth_music_box/code/Test/Core/Inc" -I"C:/School/Thomas_More_Hogeschool/Practice_Enterprise_2/PE2/Bluetooth_music_box/code/Test/Drivers/STM32L4xx_HAL_Driver/Inc" -I"C:/School/Thomas_More_Hogeschool/Practice_Enterprise_2/PE2/Bluetooth_music_box/code/Test/Drivers/STM32L4xx_HAL_Driver/Inc/Legacy" -I"C:/School/Thomas_More_Hogeschool/Practice_Enterprise_2/PE2/Bluetooth_music_box/code/Test/Drivers/CMSIS/Device/ST/STM32L4xx/Include" -I"C:/School/Thomas_More_Hogeschool/Practice_Enterprise_2/PE2/Bluetooth_music_box/code/Test/Drivers/CMSIS/Include"  -Og -g3 -Wall -fmessage-length=0 -ffunction-sections -c -fmessage-length=0 -MMD -MP -MF"Drivers/STM32L4xx_HAL_Driver/Src/stm32l4xx_hal_dma.d" -MT"Drivers/STM32L4xx_HAL_Driver/Src/stm32l4xx_hal_dma.o" -o "Drivers/STM32L4xx_HAL_Driver/Src/stm32l4xx_hal_dma.o" "../Drivers/STM32L4xx_HAL_Driver/Src/stm32l4xx_hal_dma.c"
Building file: ../Drivers/STM32L4xx_HAL_Driver/Src/stm32l4xx_hal_dma_ex.c
Building file: ../Drivers/STM32L4xx_HAL_Driver/Src/stm32l4xx_hal_exti.c
Invoking: MCU GCC Compiler
Building file: ../Drivers/STM32L4xx_HAL_Driver/Src/stm32l4xx_hal_flash.c
Invoking: MCU GCC Compiler
Finished building: ../startup/startup_stm32l443xx.s
C:\School\Thomas_More_Hogeschool\Practice_Enterprise_2\PE2\Bluetooth_music_box\code\Test\Debug
Invoking: MCU GCC Compiler
arm-none-eabi-gcc -mcpu=cortex-m4 -mthumb -mfloat-abi=hard -mfpu=fpv4-sp-d16 -DUSE_HAL_DRIVER -DSTM32L443xx -I"C:/School/Thomas_More_Hogeschool/Practice_Enterprise_2/PE2/Bluetooth_music_box/code/Test/Core/Inc" -I"C:/School/Thomas_More_Hogeschool/Practice_Enterprise_2/PE2/Bluetooth_music_box/code/Test/Drivers/STM32L4xx_HAL_Driver/Inc" -I"C:/School/Thomas_More_Hogeschool/Practice_Enterprise_2/PE2/Bluetooth_music_box/code/Test/Drivers/STM32L4xx_HAL_Driver/Inc/Legacy" -I"C:/School/Thomas_More_Hogeschool/Practice_Enterprise_2/PE2/Bluetooth_music_box/code/Test/Drivers/CMSIS/Device/ST/STM32L4xx/Include" -I"C:/School/Thomas_More_Hogeschool/Practice_Enterprise_2/PE2/Bluetooth_music_box/code/Test/Drivers/CMSIS/Include"  -Og -g3 -Wall -fmessage-length=0 -ffunction-sections -c -fmessage-length=0 -MMD -MP -MF"Drivers/STM32L4xx_HAL_Driver/Src/stm32l4xx_hal_dma_ex.d" -MT"Drivers/STM32L4xx_HAL_Driver/Src/stm32l4xx_hal_dma_ex.o" -o "Drivers/STM32L4xx_HAL_Driver/Src/stm32l4xx_hal_dma_ex.o" "../Drivers/STM32L4xx_HAL_Driver/Src/stm32l4xx_hal_dma_ex.c"
C:\School\Thomas_More_Hogeschool\Practice_Enterprise_2\PE2\Bluetooth_music_box\code\Test\Debug
 
arm-none-eabi-gcc -mcpu=cortex-m4 -mthumb -mfloat-abi=hard -mfpu=fpv4-sp-d16 -DUSE_HAL_DRIVER -DSTM32L443xx -I"C:/School/Thomas_More_Hogeschool/Practice_Enterprise_2/PE2/Bluetooth_music_box/code/Test/Core/Inc" -I"C:/School/Thomas_More_Hogeschool/Practice_Enterprise_2/PE2/Bluetooth_music_box/code/Test/Drivers/STM32L4xx_HAL_Driver/Inc" -I"C:/School/Thomas_More_Hogeschool/Practice_Enterprise_2/PE2/Bluetooth_music_box/code/Test/Drivers/STM32L4xx_HAL_Driver/Inc/Legacy" -I"C:/School/Thomas_More_Hogeschool/Practice_Enterprise_2/PE2/Bluetooth_music_box/code/Test/Drivers/CMSIS/Device/ST/STM32L4xx/Include" -I"C:/School/Thomas_More_Hogeschool/Practice_Enterprise_2/PE2/Bluetooth_music_box/code/Test/Drivers/CMSIS/Include"  -Og -g3 -Wall -fmessage-length=0 -ffunction-sections -c -fmessage-length=0 -MMD -MP -MF"Drivers/STM32L4xx_HAL_Driver/Src/stm32l4xx_hal_exti.d" -MT"Drivers/STM32L4xx_HAL_Driver/Src/stm32l4xx_hal_exti.o" -o "Drivers/STM32L4xx_HAL_Driver/Src/stm32l4xx_hal_exti.o" "../Drivers/STM32L4xx_HAL_Driver/Src/stm32l4xx_hal_exti.c"
C:\School\Thomas_More_Hogeschool\Practice_Enterprise_2\PE2\Bluetooth_music_box\code\Test\Debug
arm-none-eabi-gcc -mcpu=cortex-m4 -mthumb -mfloat-abi=hard -mfpu=fpv4-sp-d16 -DUSE_HAL_DRIVER -DSTM32L443xx -I"C:/School/Thomas_More_Hogeschool/Practice_Enterprise_2/PE2/Bluetooth_music_box/code/Test/Core/Inc" -I"C:/School/Thomas_More_Hogeschool/Practice_Enterprise_2/PE2/Bluetooth_music_box/code/Test/Drivers/STM32L4xx_HAL_Driver/Inc" -I"C:/School/Thomas_More_Hogeschool/Practice_Enterprise_2/PE2/Bluetooth_music_box/code/Test/Drivers/STM32L4xx_HAL_Driver/Inc/Legacy" -I"C:/School/Thomas_More_Hogeschool/Practice_Enterprise_2/PE2/Bluetooth_music_box/code/Test/Drivers/CMSIS/Device/ST/STM32L4xx/Include" -I"C:/School/Thomas_More_Hogeschool/Practice_Enterprise_2/PE2/Bluetooth_music_box/code/Test/Drivers/CMSIS/Include"  -Og -g3 -Wall -fmessage-length=0 -ffunction-sections -c -fmessage-length=0 -MMD -MP -MF"Drivers/STM32L4xx_HAL_Driver/Src/stm32l4xx_hal_flash.d" -MT"Drivers/STM32L4xx_HAL_Driver/Src/stm32l4xx_hal_flash.o" -o "Drivers/STM32L4xx_HAL_Driver/Src/stm32l4xx_hal_flash.o" "../Drivers/STM32L4xx_HAL_Driver/Src/stm32l4xx_hal_flash.c"
Building file: ../Drivers/STM32L4xx_HAL_Driver/Src/stm32l4xx_hal_flash_ex.c
Building file: ../Drivers/STM32L4xx_HAL_Driver/Src/stm32l4xx_hal_flash_ramfunc.c
Invoking: MCU GCC Compiler
Building file: ../Drivers/STM32L4xx_HAL_Driver/Src/stm32l4xx_hal_gpio.c
Invoking: MCU GCC Compiler
C:\School\Thomas_More_Hogeschool\Practice_Enterprise_2\PE2\Bluetooth_music_box\code\Test\Debug
arm-none-eabi-gcc -mcpu=cortex-m4 -mthumb -mfloat-abi=hard -mfpu=fpv4-sp-d16 -DUSE_HAL_DRIVER -DSTM32L443xx -I"C:/School/Thomas_More_Hogeschool/Practice_Enterprise_2/PE2/Bluetooth_music_box/code/Test/Core/Inc" -I"C:/School/Thomas_More_Hogeschool/Practice_Enterprise_2/PE2/Bluetooth_music_box/code/Test/Drivers/STM32L4xx_HAL_Driver/Inc" -I"C:/School/Thomas_More_Hogeschool/Practice_Enterprise_2/PE2/Bluetooth_music_box/code/Test/Drivers/STM32L4xx_HAL_Driver/Inc/Legacy" -I"C:/School/Thomas_More_Hogeschool/Practice_Enterprise_2/PE2/Bluetooth_music_box/code/Test/Drivers/CMSIS/Device/ST/STM32L4xx/Include" -I"C:/School/Thomas_More_Hogeschool/Practice_Enterprise_2/PE2/Bluetooth_music_box/code/Test/Drivers/CMSIS/Include"  -Og -g3 -Wall -fmessage-length=0 -ffunction-sections -c -fmessage-length=0 -MMD -MP -MF"Drivers/STM32L4xx_HAL_Driver/Src/stm32l4xx_hal_flash_ex.d" -MT"Drivers/STM32L4xx_HAL_Driver/Src/stm32l4xx_hal_flash_ex.o" -o "Drivers/STM32L4xx_HAL_Driver/Src/stm32l4xx_hal_flash_ex.o" "../Drivers/STM32L4xx_HAL_Driver/Src/stm32l4xx_hal_flash_ex.c"
Invoking: MCU GCC Compiler
C:\School\Thomas_More_Hogeschool\Practice_Enterprise_2\PE2\Bluetooth_music_box\code\Test\Debug
arm-none-eabi-gcc -mcpu=cortex-m4 -mthumb -mfloat-abi=hard -mfpu=fpv4-sp-d16 -DUSE_HAL_DRIVER -DSTM32L443xx -I"C:/School/Thomas_More_Hogeschool/Practice_Enterprise_2/PE2/Bluetooth_music_box/code/Test/Core/Inc" -I"C:/School/Thomas_More_Hogeschool/Practice_Enterprise_2/PE2/Bluetooth_music_box/code/Test/Drivers/STM32L4xx_HAL_Driver/Inc" -I"C:/School/Thomas_More_Hogeschool/Practice_Enterprise_2/PE2/Bluetooth_music_box/code/Test/Drivers/STM32L4xx_HAL_Driver/Inc/Legacy" -I"C:/School/Thomas_More_Hogeschool/Practice_Enterprise_2/PE2/Bluetooth_music_box/code/Test/Drivers/CMSIS/Device/ST/STM32L4xx/Include" -I"C:/School/Thomas_More_Hogeschool/Practice_Enterprise_2/PE2/Bluetooth_music_box/code/Test/Drivers/CMSIS/Include"  -Og -g3 -Wall -fmessage-length=0 -ffunction-sections -c -fmessage-length=0 -MMD -MP -MF"Drivers/STM32L4xx_HAL_Driver/Src/stm32l4xx_hal_flash_ramfunc.d" -MT"Drivers/STM32L4xx_HAL_Driver/Src/stm32l4xx_hal_flash_ramfunc.o" -o "Drivers/STM32L4xx_HAL_Driver/Src/stm32l4xx_hal_flash_ramfunc.o" "../Drivers/STM32L4xx_HAL_Driver/Src/stm32l4xx_hal_flash_ramfunc.c"
C:\School\Thomas_More_Hogeschool\Practice_Enterprise_2\PE2\Bluetooth_music_box\code\Test\Debug
arm-none-eabi-gcc -mcpu=cortex-m4 -mthumb -mfloat-abi=hard -mfpu=fpv4-sp-d16 -DUSE_HAL_DRIVER -DSTM32L443xx -I"C:/School/Thomas_More_Hogeschool/Practice_Enterprise_2/PE2/Bluetooth_music_box/code/Test/Core/Inc" -I"C:/School/Thomas_More_Hogeschool/Practice_Enterprise_2/PE2/Bluetooth_music_box/code/Test/Drivers/STM32L4xx_HAL_Driver/Inc" -I"C:/School/Thomas_More_Hogeschool/Practice_Enterprise_2/PE2/Bluetooth_music_box/code/Test/Drivers/STM32L4xx_HAL_Driver/Inc/Legacy" -I"C:/School/Thomas_More_Hogeschool/Practice_Enterprise_2/PE2/Bluetooth_music_box/code/Test/Drivers/CMSIS/Device/ST/STM32L4xx/Include" -I"C:/School/Thomas_More_Hogeschool/Practice_Enterprise_2/PE2/Bluetooth_music_box/code/Test/Drivers/CMSIS/Include"  -Og -g3 -Wall -fmessage-length=0 -ffunction-sections -c -fmessage-length=0 -MMD -MP -MF"Drivers/STM32L4xx_HAL_Driver/Src/stm32l4xx_hal_gpio.d" -MT"Drivers/STM32L4xx_HAL_Driver/Src/stm32l4xx_hal_gpio.o" -o "Drivers/STM32L4xx_HAL_Driver/Src/stm32l4xx_hal_gpio.o" "../Drivers/STM32L4xx_HAL_Driver/Src/stm32l4xx_hal_gpio.c"
Building file: ../Drivers/STM32L4xx_HAL_Driver/Src/stm32l4xx_hal_i2c.c
Building file: ../Drivers/STM32L4xx_HAL_Driver/Src/stm32l4xx_hal_i2c_ex.c
Invoking: MCU GCC Compiler
Building file: ../Drivers/STM32L4xx_HAL_Driver/Src/stm32l4xx_hal_pwr.c
Invoking: MCU GCC Compiler
C:\School\Thomas_More_Hogeschool\Practice_Enterprise_2\PE2\Bluetooth_music_box\code\Test\Debug
arm-none-eabi-gcc -mcpu=cortex-m4 -mthumb -mfloat-abi=hard -mfpu=fpv4-sp-d16 -DUSE_HAL_DRIVER -DSTM32L443xx -I"C:/School/Thomas_More_Hogeschool/Practice_Enterprise_2/PE2/Bluetooth_music_box/code/Test/Core/Inc" -I"C:/School/Thomas_More_Hogeschool/Practice_Enterprise_2/PE2/Bluetooth_music_box/code/Test/Drivers/STM32L4xx_HAL_Driver/Inc" -I"C:/School/Thomas_More_Hogeschool/Practice_Enterprise_2/PE2/Bluetooth_music_box/code/Test/Drivers/STM32L4xx_HAL_Driver/Inc/Legacy" -I"C:/School/Thomas_More_Hogeschool/Practice_Enterprise_2/PE2/Bluetooth_music_box/code/Test/Drivers/CMSIS/Device/ST/STM32L4xx/Include" -I"C:/School/Thomas_More_Hogeschool/Practice_Enterprise_2/PE2/Bluetooth_music_box/code/Test/Drivers/CMSIS/Include"  -Og -g3 -Wall -fmessage-length=0 -ffunction-sections -c -fmessage-length=0 -MMD -MP -MF"Drivers/STM32L4xx_HAL_Driver/Src/stm32l4xx_hal_i2c.d" -MT"Drivers/STM32L4xx_HAL_Driver/Src/stm32l4xx_hal_i2c.o" -o "Drivers/STM32L4xx_HAL_Driver/Src/stm32l4xx_hal_i2c.o" "../Drivers/STM32L4xx_HAL_Driver/Src/stm32l4xx_hal_i2c.c"
Invoking: MCU GCC Compiler
C:\School\Thomas_More_Hogeschool\Practice_Enterprise_2\PE2\Bluetooth_music_box\code\Test\Debug
arm-none-eabi-gcc -mcpu=cortex-m4 -mthumb -mfloat-abi=hard -mfpu=fpv4-sp-d16 -DUSE_HAL_DRIVER -DSTM32L443xx -I"C:/School/Thomas_More_Hogeschool/Practice_Enterprise_2/PE2/Bluetooth_music_box/code/Test/Core/Inc" -I"C:/School/Thomas_More_Hogeschool/Practice_Enterprise_2/PE2/Bluetooth_music_box/code/Test/Drivers/STM32L4xx_HAL_Driver/Inc" -I"C:/School/Thomas_More_Hogeschool/Practice_Enterprise_2/PE2/Bluetooth_music_box/code/Test/Drivers/STM32L4xx_HAL_Driver/Inc/Legacy" -I"C:/School/Thomas_More_Hogeschool/Practice_Enterprise_2/PE2/Bluetooth_music_box/code/Test/Drivers/CMSIS/Device/ST/STM32L4xx/Include" -I"C:/School/Thomas_More_Hogeschool/Practice_Enterprise_2/PE2/Bluetooth_music_box/code/Test/Drivers/CMSIS/Include"  -Og -g3 -Wall -fmessage-length=0 -ffunction-sections -c -fmessage-length=0 -MMD -MP -MF"Drivers/STM32L4xx_HAL_Driver/Src/stm32l4xx_hal_i2c_ex.d" -MT"Drivers/STM32L4xx_HAL_Driver/Src/stm32l4xx_hal_i2c_ex.o" -o "Drivers/STM32L4xx_HAL_Driver/Src/stm32l4xx_hal_i2c_ex.o" "../Drivers/STM32L4xx_HAL_Driver/Src/stm32l4xx_hal_i2c_ex.c"
C:\School\Thomas_More_Hogeschool\Practice_Enterprise_2\PE2\Bluetooth_music_box\code\Test\Debug
Building file: ../Drivers/STM32L4xx_HAL_Driver/Src/stm32l4xx_hal_pwr_ex.c
arm-none-eabi-gcc -mcpu=cortex-m4 -mthumb -mfloat-abi=hard -mfpu=fpv4-sp-d16 -DUSE_HAL_DRIVER -DSTM32L443xx -I"C:/School/Thomas_More_Hogeschool/Practice_Enterprise_2/PE2/Bluetooth_music_box/code/Test/Core/Inc" -I"C:/School/Thomas_More_Hogeschool/Practice_Enterprise_2/PE2/Bluetooth_music_box/code/Test/Drivers/STM32L4xx_HAL_Driver/Inc" -I"C:/School/Thomas_More_Hogeschool/Practice_Enterprise_2/PE2/Bluetooth_music_box/code/Test/Drivers/STM32L4xx_HAL_Driver/Inc/Legacy" -I"C:/School/Thomas_More_Hogeschool/Practice_Enterprise_2/PE2/Bluetooth_music_box/code/Test/Drivers/CMSIS/Device/ST/STM32L4xx/Include" -I"C:/School/Thomas_More_Hogeschool/Practice_Enterprise_2/PE2/Bluetooth_music_box/code/Test/Drivers/CMSIS/Include"  -Og -g3 -Wall -fmessage-length=0 -ffunction-sections -c -fmessage-length=0 -MMD -MP -MF"Drivers/STM32L4xx_HAL_Driver/Src/stm32l4xx_hal_pwr.d" -MT"Drivers/STM32L4xx_HAL_Driver/Src/stm32l4xx_hal_pwr.o" -o "Drivers/STM32L4xx_HAL_Driver/Src/stm32l4xx_hal_pwr.o" "../Drivers/STM32L4xx_HAL_Driver/Src/stm32l4xx_hal_pwr.c"
Building file: ../Drivers/STM32L4xx_HAL_Driver/Src/stm32l4xx_hal_rcc.c
Invoking: MCU GCC Compiler
Invoking: MCU GCC Compiler
C:\School\Thomas_More_Hogeschool\Practice_Enterprise_2\PE2\Bluetooth_music_box\code\Test\Debug
arm-none-eabi-gcc -mcpu=cortex-m4 -mthumb -mfloat-abi=hard -mfpu=fpv4-sp-d16 -DUSE_HAL_DRIVER -DSTM32L443xx -I"C:/School/Thomas_More_Hogeschool/Practice_Enterprise_2/PE2/Bluetooth_music_box/code/Test/Core/Inc" -I"C:/School/Thomas_More_Hogeschool/Practice_Enterprise_2/PE2/Bluetooth_music_box/code/Test/Drivers/STM32L4xx_HAL_Driver/Inc" -I"C:/School/Thomas_More_Hogeschool/Practice_Enterprise_2/PE2/Bluetooth_music_box/code/Test/Drivers/STM32L4xx_HAL_Driver/Inc/Legacy" -I"C:/School/Thomas_More_Hogeschool/Practice_Enterprise_2/PE2/Bluetooth_music_box/code/Test/Drivers/CMSIS/Device/ST/STM32L4xx/Include" -I"C:/School/Thomas_More_Hogeschool/Practice_Enterprise_2/PE2/Bluetooth_music_box/code/Test/Drivers/CMSIS/Include"  -Og -g3 -Wall -fmessage-length=0 -ffunction-sections -c -fmessage-length=0 -MMD -MP -MF"Drivers/STM32L4xx_HAL_Driver/Src/stm32l4xx_hal_rcc.d" -MT"Drivers/STM32L4xx_HAL_Driver/Src/stm32l4xx_hal_rcc.o" -o "Drivers/STM32L4xx_HAL_Driver/Src/stm32l4xx_hal_rcc.o" "../Drivers/STM32L4xx_HAL_Driver/Src/stm32l4xx_hal_rcc.c"
C:\School\Thomas_More_Hogeschool\Practice_Enterprise_2\PE2\Bluetooth_music_box\code\Test\Debug
arm-none-eabi-gcc -mcpu=cortex-m4 -mthumb -mfloat-abi=hard -mfpu=fpv4-sp-d16 -DUSE_HAL_DRIVER -DSTM32L443xx -I"C:/School/Thomas_More_Hogeschool/Practice_Enterprise_2/PE2/Bluetooth_music_box/code/Test/Core/Inc" -I"C:/School/Thomas_More_Hogeschool/Practice_Enterprise_2/PE2/Bluetooth_music_box/code/Test/Drivers/STM32L4xx_HAL_Driver/Inc" -I"C:/School/Thomas_More_Hogeschool/Practice_Enterprise_2/PE2/Bluetooth_music_box/code/Test/Drivers/STM32L4xx_HAL_Driver/Inc/Legacy" -I"C:/School/Thomas_More_Hogeschool/Practice_Enterprise_2/PE2/Bluetooth_music_box/code/Test/Drivers/CMSIS/Device/ST/STM32L4xx/Include" -I"C:/School/Thomas_More_Hogeschool/Practice_Enterprise_2/PE2/Bluetooth_music_box/code/Test/Drivers/CMSIS/Include"  -Og -g3 -Wall -fmessage-length=0 -ffunction-sections -c -fmessage-length=0 -MMD -MP -MF"Drivers/STM32L4xx_HAL_Driver/Src/stm32l4xx_hal_pwr_ex.d" -MT"Drivers/STM32L4xx_HAL_Driver/Src/stm32l4xx_hal_pwr_ex.o" -o "Drivers/STM32L4xx_HAL_Driver/Src/stm32l4xx_hal_pwr_ex.o" "../Drivers/STM32L4xx_HAL_Driver/Src/stm32l4xx_hal_pwr_ex.c"
Finished building: ../Drivers/STM32L4xx_HAL_Driver/Src/stm32l4xx_hal_exti.c
Finished building: ../Drivers/STM32L4xx_HAL_Driver/Src/stm32l4xx_hal.c
Finished building: ../Drivers/STM32L4xx_HAL_Driver/Src/stm32l4xx_hal_adc_ex.c
Finished building: ../Drivers/STM32L4xx_HAL_Driver/Src/stm32l4xx_hal_cortex.c
Finished building: ../Drivers/STM32L4xx_HAL_Driver/Src/stm32l4xx_hal_dma.c
Finished building: ../Drivers/STM32L4xx_HAL_Driver/Src/stm32l4xx_hal_dma_ex.c
Finished building: ../Drivers/STM32L4xx_HAL_Driver/Src/stm32l4xx_hal_flash.c
Finished building: ../Drivers/STM32L4xx_HAL_Driver/Src/stm32l4xx_hal_flash_ex.c
Finished building: ../Drivers/STM32L4xx_HAL_Driver/Src/stm32l4xx_hal_flash_ramfunc.c
 
 
 
Finished building: ../Drivers/STM32L4xx_HAL_Driver/Src/stm32l4xx_hal_gpio.c
Finished building: ../Drivers/STM32L4xx_HAL_Driver/Src/stm32l4xx_hal_adc.c
 
 
 
 
 
 
 
 
Building file: ../Drivers/STM32L4xx_HAL_Driver/Src/stm32l4xx_hal_rcc_ex.c
Finished building: ../Drivers/STM32L4xx_HAL_Driver/Src/stm32l4xx_hal_i2c_ex.c
Building file: ../Drivers/STM32L4xx_HAL_Driver/Src/stm32l4xx_hal_spi.c
Invoking: MCU GCC Compiler
 
Finished building: ../Drivers/STM32L4xx_HAL_Driver/Src/stm32l4xx_hal_pwr.c
Invoking: MCU GCC Compiler
C:\School\Thomas_More_Hogeschool\Practice_Enterprise_2\PE2\Bluetooth_music_box\code\Test\Debug
arm-none-eabi-gcc -mcpu=cortex-m4 -mthumb -mfloat-abi=hard -mfpu=fpv4-sp-d16 -DUSE_HAL_DRIVER -DSTM32L443xx -I"C:/School/Thomas_More_Hogeschool/Practice_Enterprise_2/PE2/Bluetooth_music_box/code/Test/Core/Inc" -I"C:/School/Thomas_More_Hogeschool/Practice_Enterprise_2/PE2/Bluetooth_music_box/code/Test/Drivers/STM32L4xx_HAL_Driver/Inc" -I"C:/School/Thomas_More_Hogeschool/Practice_Enterprise_2/PE2/Bluetooth_music_box/code/Test/Drivers/STM32L4xx_HAL_Driver/Inc/Legacy" -I"C:/School/Thomas_More_Hogeschool/Practice_Enterprise_2/PE2/Bluetooth_music_box/code/Test/Drivers/CMSIS/Device/ST/STM32L4xx/Include" -I"C:/School/Thomas_More_Hogeschool/Practice_Enterprise_2/PE2/Bluetooth_music_box/code/Test/Drivers/CMSIS/Include"  -Og -g3 -Wall -fmessage-length=0 -ffunction-sections -c -fmessage-length=0 -MMD -MP -MF"Drivers/STM32L4xx_HAL_Driver/Src/stm32l4xx_hal_rcc_ex.d" -MT"Drivers/STM32L4xx_HAL_Driver/Src/stm32l4xx_hal_rcc_ex.o" -o "Drivers/STM32L4xx_HAL_Driver/Src/stm32l4xx_hal_rcc_ex.o" "../Drivers/STM32L4xx_HAL_Driver/Src/stm32l4xx_hal_rcc_ex.c"
 
C:\School\Thomas_More_Hogeschool\Practice_Enterprise_2\PE2\Bluetooth_music_box\code\Test\Debug
arm-none-eabi-gcc -mcpu=cortex-m4 -mthumb -mfloat-abi=hard -mfpu=fpv4-sp-d16 -DUSE_HAL_DRIVER -DSTM32L443xx -I"C:/School/Thomas_More_Hogeschool/Practice_Enterprise_2/PE2/Bluetooth_music_box/code/Test/Core/Inc" -I"C:/School/Thomas_More_Hogeschool/Practice_Enterprise_2/PE2/Bluetooth_music_box/code/Test/Drivers/STM32L4xx_HAL_Driver/Inc" -I"C:/School/Thomas_More_Hogeschool/Practice_Enterprise_2/PE2/Bluetooth_music_box/code/Test/Drivers/STM32L4xx_HAL_Driver/Inc/Legacy" -I"C:/School/Thomas_More_Hogeschool/Practice_Enterprise_2/PE2/Bluetooth_music_box/code/Test/Drivers/CMSIS/Device/ST/STM32L4xx/Include" -I"C:/School/Thomas_More_Hogeschool/Practice_Enterprise_2/PE2/Bluetooth_music_box/code/Test/Drivers/CMSIS/Include"  -Og -g3 -Wall -fmessage-length=0 -ffunction-sections -c -fmessage-length=0 -MMD -MP -MF"Drivers/STM32L4xx_HAL_Driver/Src/stm32l4xx_hal_spi.d" -MT"Drivers/STM32L4xx_HAL_Driver/Src/stm32l4xx_hal_spi.o" -o "Drivers/STM32L4xx_HAL_Driver/Src/stm32l4xx_hal_spi.o" "../Drivers/STM32L4xx_HAL_Driver/Src/stm32l4xx_hal_spi.c"
Building file: ../Drivers/STM32L4xx_HAL_Driver/Src/stm32l4xx_hal_spi_ex.c
Building file: ../Drivers/STM32L4xx_HAL_Driver/Src/stm32l4xx_hal_tim.c
Invoking: MCU GCC Compiler
Building file: ../Drivers/STM32L4xx_HAL_Driver/Src/stm32l4xx_hal_tim_ex.c
Invoking: MCU GCC Compiler
C:\School\Thomas_More_Hogeschool\Practice_Enterprise_2\PE2\Bluetooth_music_box\code\Test\Debug
arm-none-eabi-gcc -mcpu=cortex-m4 -mthumb -mfloat-abi=hard -mfpu=fpv4-sp-d16 -DUSE_HAL_DRIVER -DSTM32L443xx -I"C:/School/Thomas_More_Hogeschool/Practice_Enterprise_2/PE2/Bluetooth_music_box/code/Test/Core/Inc" -I"C:/School/Thomas_More_Hogeschool/Practice_Enterprise_2/PE2/Bluetooth_music_box/code/Test/Drivers/STM32L4xx_HAL_Driver/Inc" -I"C:/School/Thomas_More_Hogeschool/Practice_Enterprise_2/PE2/Bluetooth_music_box/code/Test/Drivers/STM32L4xx_HAL_Driver/Inc/Legacy" -I"C:/School/Thomas_More_Hogeschool/Practice_Enterprise_2/PE2/Bluetooth_music_box/code/Test/Drivers/CMSIS/Device/ST/STM32L4xx/Include" -I"C:/School/Thomas_More_Hogeschool/Practice_Enterprise_2/PE2/Bluetooth_music_box/code/Test/Drivers/CMSIS/Include"  -Og -g3 -Wall -fmessage-length=0 -ffunction-sections -c -fmessage-length=0 -MMD -MP -MF"Drivers/STM32L4xx_HAL_Driver/Src/stm32l4xx_hal_spi_ex.d" -MT"Drivers/STM32L4xx_HAL_Driver/Src/stm32l4xx_hal_spi_ex.o" -o "Drivers/STM32L4xx_HAL_Driver/Src/stm32l4xx_hal_spi_ex.o" "../Drivers/STM32L4xx_HAL_Driver/Src/stm32l4xx_hal_spi_ex.c"
Invoking: MCU GCC Compiler
C:\School\Thomas_More_Hogeschool\Practice_Enterprise_2\PE2\Bluetooth_music_box\code\Test\Debug
arm-none-eabi-gcc -mcpu=cortex-m4 -mthumb -mfloat-abi=hard -mfpu=fpv4-sp-d16 -DUSE_HAL_DRIVER -DSTM32L443xx -I"C:/School/Thomas_More_Hogeschool/Practice_Enterprise_2/PE2/Bluetooth_music_box/code/Test/Core/Inc" -I"C:/School/Thomas_More_Hogeschool/Practice_Enterprise_2/PE2/Bluetooth_music_box/code/Test/Drivers/STM32L4xx_HAL_Driver/Inc" -I"C:/School/Thomas_More_Hogeschool/Practice_Enterprise_2/PE2/Bluetooth_music_box/code/Test/Drivers/STM32L4xx_HAL_Driver/Inc/Legacy" -I"C:/School/Thomas_More_Hogeschool/Practice_Enterprise_2/PE2/Bluetooth_music_box/code/Test/Drivers/CMSIS/Device/ST/STM32L4xx/Include" -I"C:/School/Thomas_More_Hogeschool/Practice_Enterprise_2/PE2/Bluetooth_music_box/code/Test/Drivers/CMSIS/Include"  -Og -g3 -Wall -fmessage-length=0 -ffunction-sections -c -fmessage-length=0 -MMD -MP -MF"Drivers/STM32L4xx_HAL_Driver/Src/stm32l4xx_hal_tim.d" -MT"Drivers/STM32L4xx_HAL_Driver/Src/stm32l4xx_hal_tim.o" -o "Drivers/STM32L4xx_HAL_Driver/Src/stm32l4xx_hal_tim.o" "../Drivers/STM32L4xx_HAL_Driver/Src/stm32l4xx_hal_tim.c"
C:\School\Thomas_More_Hogeschool\Practice_Enterprise_2\PE2\Bluetooth_music_box\code\Test\Debug
arm-none-eabi-gcc -mcpu=cortex-m4 -mthumb -mfloat-abi=hard -mfpu=fpv4-sp-d16 -DUSE_HAL_DRIVER -DSTM32L443xx -I"C:/School/Thomas_More_Hogeschool/Practice_Enterprise_2/PE2/Bluetooth_music_box/code/Test/Core/Inc" -I"C:/School/Thomas_More_Hogeschool/Practice_Enterprise_2/PE2/Bluetooth_music_box/code/Test/Drivers/STM32L4xx_HAL_Driver/Inc" -I"C:/School/Thomas_More_Hogeschool/Practice_Enterprise_2/PE2/Bluetooth_music_box/code/Test/Drivers/STM32L4xx_HAL_Driver/Inc/Legacy" -I"C:/School/Thomas_More_Hogeschool/Practice_Enterprise_2/PE2/Bluetooth_music_box/code/Test/Drivers/CMSIS/Device/ST/STM32L4xx/Include" -I"C:/School/Thomas_More_Hogeschool/Practice_Enterprise_2/PE2/Bluetooth_music_box/code/Test/Drivers/CMSIS/Include"  -Og -g3 -Wall -fmessage-length=0 -ffunction-sections -c -fmessage-length=0 -MMD -MP -MF"Drivers/STM32L4xx_HAL_Driver/Src/stm32l4xx_hal_tim_ex.d" -MT"Drivers/STM32L4xx_HAL_Driver/Src/stm32l4xx_hal_tim_ex.o" -o "Drivers/STM32L4xx_HAL_Driver/Src/stm32l4xx_hal_tim_ex.o" "../Drivers/STM32L4xx_HAL_Driver/Src/stm32l4xx_hal_tim_ex.c"
Finished building: ../Drivers/STM32L4xx_HAL_Driver/Src/stm32l4xx_hal_rcc.c
Finished building: ../Drivers/STM32L4xx_HAL_Driver/Src/stm32l4xx_hal_pwr_ex.c
 
 
Building file: ../Drivers/STM32L4xx_HAL_Driver/Src/stm32l4xx_hal_uart.c
Building file: ../Drivers/STM32L4xx_HAL_Driver/Src/stm32l4xx_hal_uart_ex.c
Building file: ../Core/Src/fonts.c
Invoking: MCU GCC Compiler
Invoking: MCU GCC Compiler
Invoking: MCU GCC Compiler
C:\School\Thomas_More_Hogeschool\Practice_Enterprise_2\PE2\Bluetooth_music_box\code\Test\Debug
arm-none-eabi-gcc -mcpu=cortex-m4 -mthumb -mfloat-abi=hard -mfpu=fpv4-sp-d16 -DUSE_HAL_DRIVER -DSTM32L443xx -I"C:/School/Thomas_More_Hogeschool/Practice_Enterprise_2/PE2/Bluetooth_music_box/code/Test/Core/Inc" -I"C:/School/Thomas_More_Hogeschool/Practice_Enterprise_2/PE2/Bluetooth_music_box/code/Test/Drivers/STM32L4xx_HAL_Driver/Inc" -I"C:/School/Thomas_More_Hogeschool/Practice_Enterprise_2/PE2/Bluetooth_music_box/code/Test/Drivers/STM32L4xx_HAL_Driver/Inc/Legacy" -I"C:/School/Thomas_More_Hogeschool/Practice_Enterprise_2/PE2/Bluetooth_music_box/code/Test/Drivers/CMSIS/Device/ST/STM32L4xx/Include" -I"C:/School/Thomas_More_Hogeschool/Practice_Enterprise_2/PE2/Bluetooth_music_box/code/Test/Drivers/CMSIS/Include"  -Og -g3 -Wall -fmessage-length=0 -ffunction-sections -c -fmessage-length=0 -MMD -MP -MF"Drivers/STM32L4xx_HAL_Driver/Src/stm32l4xx_hal_uart.d" -MT"Drivers/STM32L4xx_HAL_Driver/Src/stm32l4xx_hal_uart.o" -o "Drivers/STM32L4xx_HAL_Driver/Src/stm32l4xx_hal_uart.o" "../Drivers/STM32L4xx_HAL_Driver/Src/stm32l4xx_hal_uart.c"
C:\School\Thomas_More_Hogeschool\Practice_Enterprise_2\PE2\Bluetooth_music_box\code\Test\Debug
arm-none-eabi-gcc -mcpu=cortex-m4 -mthumb -mfloat-abi=hard -mfpu=fpv4-sp-d16 -DUSE_HAL_DRIVER -DSTM32L443xx -I"C:/School/Thomas_More_Hogeschool/Practice_Enterprise_2/PE2/Bluetooth_music_box/code/Test/Core/Inc" -I"C:/School/Thomas_More_Hogeschool/Practice_Enterprise_2/PE2/Bluetooth_music_box/code/Test/Drivers/STM32L4xx_HAL_Driver/Inc" -I"C:/School/Thomas_More_Hogeschool/Practice_Enterprise_2/PE2/Bluetooth_music_box/code/Test/Drivers/STM32L4xx_HAL_Driver/Inc/Legacy" -I"C:/School/Thomas_More_Hogeschool/Practice_Enterprise_2/PE2/Bluetooth_music_box/code/Test/Drivers/CMSIS/Device/ST/STM32L4xx/Include" -I"C:/School/Thomas_More_Hogeschool/Practice_Enterprise_2/PE2/Bluetooth_music_box/code/Test/Drivers/CMSIS/Include"  -Og -g3 -Wall -fmessage-length=0 -ffunction-sections -c -fmessage-length=0 -MMD -MP -MF"Drivers/STM32L4xx_HAL_Driver/Src/stm32l4xx_hal_uart_ex.d" -MT"Drivers/STM32L4xx_HAL_Driver/Src/stm32l4xx_hal_uart_ex.o" -o "Drivers/STM32L4xx_HAL_Driver/Src/stm32l4xx_hal_uart_ex.o" "../Drivers/STM32L4xx_HAL_Driver/Src/stm32l4xx_hal_uart_ex.c"
C:\School\Thomas_More_Hogeschool\Practice_Enterprise_2\PE2\Bluetooth_music_box\code\Test\Debug
arm-none-eabi-gcc -mcpu=cortex-m4 -mthumb -mfloat-abi=hard -mfpu=fpv4-sp-d16 -DUSE_HAL_DRIVER -DSTM32L443xx -I"C:/School/Thomas_More_Hogeschool/Practice_Enterprise_2/PE2/Bluetooth_music_box/code/Test/Core/Inc" -I"C:/School/Thomas_More_Hogeschool/Practice_Enterprise_2/PE2/Bluetooth_music_box/code/Test/Drivers/STM32L4xx_HAL_Driver/Inc" -I"C:/School/Thomas_More_Hogeschool/Practice_Enterprise_2/PE2/Bluetooth_music_box/code/Test/Drivers/STM32L4xx_HAL_Driver/Inc/Legacy" -I"C:/School/Thomas_More_Hogeschool/Practice_Enterprise_2/PE2/Bluetooth_music_box/code/Test/Drivers/CMSIS/Device/ST/STM32L4xx/Include" -I"C:/School/Thomas_More_Hogeschool/Practice_Enterprise_2/PE2/Bluetooth_music_box/code/Test/Drivers/CMSIS/Include"  -Og -g3 -Wall -fmessage-length=0 -ffunction-sections -c -fmessage-length=0 -MMD -MP -MF"Core/Src/fonts.d" -MT"Core/Src/fonts.o" -o "Core/Src/fonts.o" "../Core/Src/fonts.c"
Building file: ../Core/Src/ili9341.c
Building file: ../Core/Src/ili9341_touch.c
Building file: ../Core/Src/main.c
Invoking: MCU GCC Compiler
Invoking: MCU GCC Compiler
Invoking: MCU GCC Compiler
C:\School\Thomas_More_Hogeschool\Practice_Enterprise_2\PE2\Bluetooth_music_box\code\Test\Debug
C:\School\Thomas_More_Hogeschool\Practice_Enterprise_2\PE2\Bluetooth_music_box\code\Test\Debug
arm-none-eabi-gcc -mcpu=cortex-m4 -mthumb -mfloat-abi=hard -mfpu=fpv4-sp-d16 -DUSE_HAL_DRIVER -DSTM32L443xx -I"C:/School/Thomas_More_Hogeschool/Practice_Enterprise_2/PE2/Bluetooth_music_box/code/Test/Core/Inc" -I"C:/School/Thomas_More_Hogeschool/Practice_Enterprise_2/PE2/Bluetooth_music_box/code/Test/Drivers/STM32L4xx_HAL_Driver/Inc" -I"C:/School/Thomas_More_Hogeschool/Practice_Enterprise_2/PE2/Bluetooth_music_box/code/Test/Drivers/STM32L4xx_HAL_Driver/Inc/Legacy" -I"C:/School/Thomas_More_Hogeschool/Practice_Enterprise_2/PE2/Bluetooth_music_box/code/Test/Drivers/CMSIS/Device/ST/STM32L4xx/Include" -I"C:/School/Thomas_More_Hogeschool/Practice_Enterprise_2/PE2/Bluetooth_music_box/code/Test/Drivers/CMSIS/Include"  -Og -g3 -Wall -fmessage-length=0 -ffunction-sections -c -fmessage-length=0 -MMD -MP -MF"Core/Src/ili9341.d" -MT"Core/Src/ili9341.o" -o "Core/Src/ili9341.o" "../Core/Src/ili9341.c"
Finished building: ../Drivers/STM32L4xx_HAL_Driver/Src/stm32l4xx_hal_i2c.c
arm-none-eabi-gcc -mcpu=cortex-m4 -mthumb -mfloat-abi=hard -mfpu=fpv4-sp-d16 -DUSE_HAL_DRIVER -DSTM32L443xx -I"C:/School/Thomas_More_Hogeschool/Practice_Enterprise_2/PE2/Bluetooth_music_box/code/Test/Core/Inc" -I"C:/School/Thomas_More_Hogeschool/Practice_Enterprise_2/PE2/Bluetooth_music_box/code/Test/Drivers/STM32L4xx_HAL_Driver/Inc" -I"C:/School/Thomas_More_Hogeschool/Practice_Enterprise_2/PE2/Bluetooth_music_box/code/Test/Drivers/STM32L4xx_HAL_Driver/Inc/Legacy" -I"C:/School/Thomas_More_Hogeschool/Practice_Enterprise_2/PE2/Bluetooth_music_box/code/Test/Drivers/CMSIS/Device/ST/STM32L4xx/Include" -I"C:/School/Thomas_More_Hogeschool/Practice_Enterprise_2/PE2/Bluetooth_music_box/code/Test/Drivers/CMSIS/Include"  -Og -g3 -Wall -fmessage-length=0 -ffunction-sections -c -fmessage-length=0 -MMD -MP -MF"Core/Src/ili9341_touch.d" -MT"Core/Src/ili9341_touch.o" -o "Core/Src/ili9341_touch.o" "../Core/Src/ili9341_touch.c"
C:\School\Thomas_More_Hogeschool\Practice_Enterprise_2\PE2\Bluetooth_music_box\code\Test\Debug
arm-none-eabi-gcc -mcpu=cortex-m4 -mthumb -mfloat-abi=hard -mfpu=fpv4-sp-d16 -DUSE_HAL_DRIVER -DSTM32L443xx -I"C:/School/Thomas_More_Hogeschool/Practice_Enterprise_2/PE2/Bluetooth_music_box/code/Test/Core/Inc" -I"C:/School/Thomas_More_Hogeschool/Practice_Enterprise_2/PE2/Bluetooth_music_box/code/Test/Drivers/STM32L4xx_HAL_Driver/Inc" -I"C:/School/Thomas_More_Hogeschool/Practice_Enterprise_2/PE2/Bluetooth_music_box/code/Test/Drivers/STM32L4xx_HAL_Driver/Inc/Legacy" -I"C:/School/Thomas_More_Hogeschool/Practice_Enterprise_2/PE2/Bluetooth_music_box/code/Test/Drivers/CMSIS/Device/ST/STM32L4xx/Include" -I"C:/School/Thomas_More_Hogeschool/Practice_Enterprise_2/PE2/Bluetooth_music_box/code/Test/Drivers/CMSIS/Include"  -Og -g3 -Wall -fmessage-length=0 -ffunction-sections -c -fmessage-length=0 -MMD -MP -MF"Core/Src/main.d" -MT"Core/Src/main.o" -o "Core/Src/main.o" "../Core/Src/main.c"
 
Building file: ../Core/Src/stm32l4xx_hal_msp.c
Building file: ../Core/Src/stm32l4xx_it.c
Building file: ../Core/Src/syscalls.c
Invoking: MCU GCC Compiler
Invoking: MCU GCC Compiler
Invoking: MCU GCC Compiler
C:\School\Thomas_More_Hogeschool\Practice_Enterprise_2\PE2\Bluetooth_music_box\code\Test\Debug
arm-none-eabi-gcc -mcpu=cortex-m4 -mthumb -mfloat-abi=hard -mfpu=fpv4-sp-d16 -DUSE_HAL_DRIVER -DSTM32L443xx -I"C:/School/Thomas_More_Hogeschool/Practice_Enterprise_2/PE2/Bluetooth_music_box/code/Test/Core/Inc" -I"C:/School/Thomas_More_Hogeschool/Practice_Enterprise_2/PE2/Bluetooth_music_box/code/Test/Drivers/STM32L4xx_HAL_Driver/Inc" -I"C:/School/Thomas_More_Hogeschool/Practice_Enterprise_2/PE2/Bluetooth_music_box/code/Test/Drivers/STM32L4xx_HAL_Driver/Inc/Legacy" -I"C:/School/Thomas_More_Hogeschool/Practice_Enterprise_2/PE2/Bluetooth_music_box/code/Test/Drivers/CMSIS/Device/ST/STM32L4xx/Include" -I"C:/School/Thomas_More_Hogeschool/Practice_Enterprise_2/PE2/Bluetooth_music_box/code/Test/Drivers/CMSIS/Include"  -Og -g3 -Wall -fmessage-length=0 -ffunction-sections -c -fmessage-length=0 -MMD -MP -MF"Core/Src/stm32l4xx_hal_msp.d" -MT"Core/Src/stm32l4xx_hal_msp.o" -o "Core/Src/stm32l4xx_hal_msp.o" "../Core/Src/stm32l4xx_hal_msp.c"
C:\School\Thomas_More_Hogeschool\Practice_Enterprise_2\PE2\Bluetooth_music_box\code\Test\Debug
C:\School\Thomas_More_Hogeschool\Practice_Enterprise_2\PE2\Bluetooth_music_box\code\Test\Debug
arm-none-eabi-gcc -mcpu=cortex-m4 -mthumb -mfloat-abi=hard -mfpu=fpv4-sp-d16 -DUSE_HAL_DRIVER -DSTM32L443xx -I"C:/School/Thomas_More_Hogeschool/Practice_Enterprise_2/PE2/Bluetooth_music_box/code/Test/Core/Inc" -I"C:/School/Thomas_More_Hogeschool/Practice_Enterprise_2/PE2/Bluetooth_music_box/code/Test/Drivers/STM32L4xx_HAL_Driver/Inc" -I"C:/School/Thomas_More_Hogeschool/Practice_Enterprise_2/PE2/Bluetooth_music_box/code/Test/Drivers/STM32L4xx_HAL_Driver/Inc/Legacy" -I"C:/School/Thomas_More_Hogeschool/Practice_Enterprise_2/PE2/Bluetooth_music_box/code/Test/Drivers/CMSIS/Device/ST/STM32L4xx/Include" -I"C:/School/Thomas_More_Hogeschool/Practice_Enterprise_2/PE2/Bluetooth_music_box/code/Test/Drivers/CMSIS/Include"  -Og -g3 -Wall -fmessage-length=0 -ffunction-sections -c -fmessage-length=0 -MMD -MP -MF"Core/Src/stm32l4xx_it.d" -MT"Core/Src/stm32l4xx_it.o" -o "Core/Src/stm32l4xx_it.o" "../Core/Src/stm32l4xx_it.c"
arm-none-eabi-gcc -mcpu=cortex-m4 -mthumb -mfloat-abi=hard -mfpu=fpv4-sp-d16 -DUSE_HAL_DRIVER -DSTM32L443xx -I"C:/School/Thomas_More_Hogeschool/Practice_Enterprise_2/PE2/Bluetooth_music_box/code/Test/Core/Inc" -I"C:/School/Thomas_More_Hogeschool/Practice_Enterprise_2/PE2/Bluetooth_music_box/code/Test/Drivers/STM32L4xx_HAL_Driver/Inc" -I"C:/School/Thomas_More_Hogeschool/Practice_Enterprise_2/PE2/Bluetooth_music_box/code/Test/Drivers/STM32L4xx_HAL_Driver/Inc/Legacy" -I"C:/School/Thomas_More_Hogeschool/Practice_Enterprise_2/PE2/Bluetooth_music_box/code/Test/Drivers/CMSIS/Device/ST/STM32L4xx/Include" -I"C:/School/Thomas_More_Hogeschool/Practice_Enterprise_2/PE2/Bluetooth_music_box/code/Test/Drivers/CMSIS/Include"  -Og -g3 -Wall -fmessage-length=0 -ffunction-sections -c -fmessage-length=0 -MMD -MP -MF"Core/Src/syscalls.d" -MT"Core/Src/syscalls.o" -o "Core/Src/syscalls.o" "../Core/Src/syscalls.c"
Finished building: ../Core/Src/fonts.c
 
Building file: ../Core/Src/system_stm32l4xx.c
Invoking: MCU GCC Compiler
C:\School\Thomas_More_Hogeschool\Practice_Enterprise_2\PE2\Bluetooth_music_box\code\Test\Debug
arm-none-eabi-gcc -mcpu=cortex-m4 -mthumb -mfloat-abi=hard -mfpu=fpv4-sp-d16 -DUSE_HAL_DRIVER -DSTM32L443xx -I"C:/School/Thomas_More_Hogeschool/Practice_Enterprise_2/PE2/Bluetooth_music_box/code/Test/Core/Inc" -I"C:/School/Thomas_More_Hogeschool/Practice_Enterprise_2/PE2/Bluetooth_music_box/code/Test/Drivers/STM32L4xx_HAL_Driver/Inc" -I"C:/School/Thomas_More_Hogeschool/Practice_Enterprise_2/PE2/Bluetooth_music_box/code/Test/Drivers/STM32L4xx_HAL_Driver/Inc/Legacy" -I"C:/School/Thomas_More_Hogeschool/Practice_Enterprise_2/PE2/Bluetooth_music_box/code/Test/Drivers/CMSIS/Device/ST/STM32L4xx/Include" -I"C:/School/Thomas_More_Hogeschool/Practice_Enterprise_2/PE2/Bluetooth_music_box/code/Test/Drivers/CMSIS/Include"  -Og -g3 -Wall -fmessage-length=0 -ffunction-sections -c -fmessage-length=0 -MMD -MP -MF"Core/Src/system_stm32l4xx.d" -MT"Core/Src/system_stm32l4xx.o" -o "Core/Src/system_stm32l4xx.o" "../Core/Src/system_stm32l4xx.c"
Finished building: ../Drivers/STM32L4xx_HAL_Driver/Src/stm32l4xx_hal_spi_ex.c
 
Finished building: ../Drivers/STM32L4xx_HAL_Driver/Src/stm32l4xx_hal_rcc_ex.c
 
Finished building: ../Core/Src/syscalls.c
 
Finished building: ../Drivers/STM32L4xx_HAL_Driver/Src/stm32l4xx_hal_spi.c
Finished building: ../Drivers/STM32L4xx_HAL_Driver/Src/stm32l4xx_hal_uart_ex.c
 
 
Finished building: ../Drivers/STM32L4xx_HAL_Driver/Src/stm32l4xx_hal_tim_ex.c
Finished building: ../Core/Src/ili9341_touch.c
 
 
Finished building: ../Core/Src/main.c
 
Finished building: ../Drivers/STM32L4xx_HAL_Driver/Src/stm32l4xx_hal_uart.c
Finished building: ../Core/Src/ili9341.c
 
 
Finished building: ../Core/Src/stm32l4xx_hal_msp.c
 
Finished building: ../Core/Src/stm32l4xx_it.c
 
Finished building: ../Core/Src/system_stm32l4xx.c
 
Finished building: ../Drivers/STM32L4xx_HAL_Driver/Src/stm32l4xx_hal_tim.c
 
Building target: Test.elf
Invoking: MCU GCC Linker
arm-none-eabi-gcc -mcpu=cortex-m4 -mthumb -mfloat-abi=hard -mfpu=fpv4-sp-d16 -specs=nosys.specs -specs=nano.specs -T"../STM32L443CCTx_FLASH.ld" -Wl,-Map=output.map -Wl,--gc-sections -o "Test.elf" @"objects.list"   -lm
Finished building target: Test.elf
 
make --no-print-directory post-build
Generating hex and Printing size information:
arm-none-eabi-objcopy -O ihex "Test.elf" "Test.hex"
arm-none-eabi-size "Test.elf"
   text	   data	    bss	    dec	    hex	filename
  12216	     32	   2104	  14352	   3810	Test.elf
 
