14:39:25 **** Incremental Build of configuration Debug for project Test ****
make -j16 all 
Building file: ../Core/Src/main.c
Invoking: MCU GCC Compiler
C:\School\Thomas_More_Hogeschool\Practice_Enterprise_2\PE2\Bluetooth_music_box\code\Test\Debug
arm-none-eabi-gcc -mcpu=cortex-m4 -mthumb -mfloat-abi=hard -mfpu=fpv4-sp-d16 -DUSE_HAL_DRIVER -DSTM32L443xx -I"C:/School/Thomas_More_Hogeschool/Practice_Enterprise_2/PE2/Bluetooth_music_box/code/Test/Core/Inc" -I"C:/School/Thomas_More_Hogeschool/Practice_Enterprise_2/PE2/Bluetooth_music_box/code/Test/Drivers/STM32L4xx_HAL_Driver/Inc" -I"C:/School/Thomas_More_Hogeschool/Practice_Enterprise_2/PE2/Bluetooth_music_box/code/Test/Drivers/STM32L4xx_HAL_Driver/Inc/Legacy" -I"C:/School/Thomas_More_Hogeschool/Practice_Enterprise_2/PE2/Bluetooth_music_box/code/Test/Drivers/CMSIS/Device/ST/STM32L4xx/Include" -I"C:/School/Thomas_More_Hogeschool/Practice_Enterprise_2/PE2/Bluetooth_music_box/code/Test/Drivers/CMSIS/Include"  -Og -g3 -Wall -fmessage-length=0 -ffunction-sections -c -fmessage-length=0 -MMD -MP -MF"Core/Src/main.d" -MT"Core/Src/main.o" -o "Core/Src/main.o" "../Core/Src/main.c"
../Core/Src/main.c: In function 'main':
../Core/Src/main.c:198:4: warning: implicit declaration of function 'ILI9341_TouchUnselect'; did you mean 'ILI9341_Unselect'? [-Wimplicit-function-declaration]
    ILI9341_TouchUnselect();
    ^~~~~~~~~~~~~~~~~~~~~
    ILI9341_Unselect
../Core/Src/main.c:205:18: warning: initialization makes integer from pointer without a cast [-Wint-conversion]
    int battery = "54.89%";
                  ^~~~~~~~
../Core/Src/main.c:225:6: warning: implicit declaration of function 'itoa' [-Wimplicit-function-declaration]
      itoa(testValue, pointer, 10);// 10 = decimal
      ^~~~
../Core/Src/main.c:226:29: warning: passing argument 4 of 'setLedColor' makes integer from pointer without a cast [-Wint-conversion]
      setLedColor( 12, 0, 0, pointer);
                             ^~~~~~~
../Core/Src/main.c:105:6: note: expected 'uint8_t {aka unsigned char}' but argument is of type 'uint8_t * {aka unsigned char *}'
 void setLedColor(uint8_t ledIndex, uint8_t r, uint8_t g, uint8_t b);
      ^~~~~~~~~~~
../Core/Src/main.c:232:31: warning: pointer targets in passing argument 3 of 'LCD_WriteString' differ in signedness [-Wpointer-sign]
      LCD_WriteString(200, 50, pointer, Font_11x18, LCD_WHITE, LCD_BLACK);
                               ^~~~~~~
In file included from ../Core/Src/main.c:25:0:
C:/School/Thomas_More_Hogeschool/Practice_Enterprise_2/PE2/Bluetooth_music_box/code/Test/Core/Inc/ili9341.h:74:6: note: expected 'const char *' but argument is of type 'uint8_t * {aka unsigned char *}'
 void LCD_WriteString(uint16_t x, uint16_t y, const char* str, FontDef font, uint16_t color, uint16_t bgcolor);
      ^~~~~~~~~~~~~~~
../Core/Src/main.c:319:8: warning: implicit declaration of function 'LCD_TPressed' [-Wimplicit-function-declaration]
     if(LCD_TPressed()){
        ^~~~~~~~~~~~
../Core/Src/main.c:322:9: warning: implicit declaration of function 'LCD_TGetC' [-Wimplicit-function-declaration]
      if(LCD_TGetC(&x, &y)) {
         ^~~~~~~~~
../Core/Src/main.c:206:13: warning: unused variable 'ad_res' [-Wunused-variable]
    uint16_t ad_res = 0;
             ^~~~~~
../Core/Src/main.c:205:8: warning: unused variable 'battery' [-Wunused-variable]
    int battery = "54.89%";
        ^~~~~~~
../Core/Src/main.c: In function 'ledClearBuffer':
../Core/Src/main.c:760:2: warning: implicit declaration of function 'memset' [-Wimplicit-function-declaration]
  memset(ledBuffer, 0, NUM_BYTES);
  ^~~~~~
../Core/Src/main.c:760:2: warning: incompatible implicit declaration of built-in function 'memset'
../Core/Src/main.c:760:2: note: include '<string.h>' or provide a declaration of 'memset'
../Core/Src/main.c: In function 'Test_slider_battery':
../Core/Src/main.c:810:8: warning: right shift count >= width of type [-Wshift-count-overflow]
    if(x>>101 && x<<229 && y>>95 && y<<144){// in range?
        ^~
../Core/Src/main.c:810:18: warning: left shift count >= width of type [-Wshift-count-overflow]
    if(x>>101 && x<<229 && y>>95 && y<<144){// in range?
                  ^~
../Core/Src/main.c:810:18: warning: '<<' in boolean context, did you mean '<' ? [-Wint-in-bool-context]
    if(x>>101 && x<<229 && y>>95 && y<<144){// in range?
                 ~^~~~~
../Core/Src/main.c:810:28: warning: right shift count >= width of type [-Wshift-count-overflow]
    if(x>>101 && x<<229 && y>>95 && y<<144){// in range?
                            ^~
../Core/Src/main.c:810:37: warning: left shift count >= width of type [-Wshift-count-overflow]
    if(x>>101 && x<<229 && y>>95 && y<<144){// in range?
                                     ^~
../Core/Src/main.c:810:37: warning: '<<' in boolean context, did you mean '<' ? [-Wint-in-bool-context]
    if(x>>101 && x<<229 && y>>95 && y<<144){// in range?
                                    ~^~~~~
../Core/Src/main.c:811:9: warning: left shift count >= width of type [-Wshift-count-overflow]
     if(x<<144 && x>>101 && y<<144 && y>>96){
         ^~
../Core/Src/main.c:811:9: warning: '<<' in boolean context, did you mean '<' ? [-Wint-in-bool-context]
     if(x<<144 && x>>101 && y<<144 && y>>96){
        ~^~~~~
../Core/Src/main.c:811:19: warning: right shift count >= width of type [-Wshift-count-overflow]
     if(x<<144 && x>>101 && y<<144 && y>>96){
                   ^~
../Core/Src/main.c:811:29: warning: left shift count >= width of type [-Wshift-count-overflow]
     if(x<<144 && x>>101 && y<<144 && y>>96){
                             ^~
../Core/Src/main.c:811:29: warning: '<<' in boolean context, did you mean '<' ? [-Wint-in-bool-context]
     if(x<<144 && x>>101 && y<<144 && y>>96){
                            ~^~~~~
../Core/Src/main.c:811:39: warning: right shift count >= width of type [-Wshift-count-overflow]
     if(x<<144 && x>>101 && y<<144 && y>>96){
                                       ^~
../Core/Src/main.c:814:14: warning: left shift count >= width of type [-Wshift-count-overflow]
     else if(x<<187 && x>>144 && y<<144 && y>>96){
              ^~
../Core/Src/main.c:814:14: warning: '<<' in boolean context, did you mean '<' ? [-Wint-in-bool-context]
     else if(x<<187 && x>>144 && y<<144 && y>>96){
             ~^~~~~
../Core/Src/main.c:814:24: warning: right shift count >= width of type [-Wshift-count-overflow]
     else if(x<<187 && x>>144 && y<<144 && y>>96){
                        ^~
../Core/Src/main.c:814:34: warning: left shift count >= width of type [-Wshift-count-overflow]
     else if(x<<187 && x>>144 && y<<144 && y>>96){
                                  ^~
../Core/Src/main.c:814:34: warning: '<<' in boolean context, did you mean '<' ? [-Wint-in-bool-context]
     else if(x<<187 && x>>144 && y<<144 && y>>96){
                                 ~^~~~~
../Core/Src/main.c:814:44: warning: right shift count >= width of type [-Wshift-count-overflow]
     else if(x<<187 && x>>144 && y<<144 && y>>96){
                                            ^~
../Core/Src/main.c:817:14: warning: left shift count >= width of type [-Wshift-count-overflow]
     else if(x<<228 && x>>187 && y<<144 && y>>96){
              ^~
../Core/Src/main.c:817:14: warning: '<<' in boolean context, did you mean '<' ? [-Wint-in-bool-context]
     else if(x<<228 && x>>187 && y<<144 && y>>96){
             ~^~~~~
../Core/Src/main.c:817:24: warning: right shift count >= width of type [-Wshift-count-overflow]
     else if(x<<228 && x>>187 && y<<144 && y>>96){
                        ^~
../Core/Src/main.c:817:34: warning: left shift count >= width of type [-Wshift-count-overflow]
     else if(x<<228 && x>>187 && y<<144 && y>>96){
                                  ^~
../Core/Src/main.c:817:34: warning: '<<' in boolean context, did you mean '<' ? [-Wint-in-bool-context]
     else if(x<<228 && x>>187 && y<<144 && y>>96){
                                 ~^~~~~
../Core/Src/main.c:817:44: warning: right shift count >= width of type [-Wshift-count-overflow]
     else if(x<<228 && x>>187 && y<<144 && y>>96){
                                            ^~
Finished building: ../Core/Src/main.c
 
Building target: Test.elf
Invoking: MCU GCC Linker
arm-none-eabi-gcc -mcpu=cortex-m4 -mthumb -mfloat-abi=hard -mfpu=fpv4-sp-d16 -specs=nosys.specs -specs=nano.specs -T"../STM32L443CCTx_FLASH.ld" -Wl,-Map=output.map -Wl,--gc-sections -o "Test.elf" @"objects.list"   -lm
Finished building target: Test.elf
 
make --no-print-directory post-build
Generating hex and Printing size information:
arm-none-eabi-objcopy -O ihex "Test.elf" "Test.hex"
arm-none-eabi-size "Test.elf"
   text	   data	    bss	    dec	    hex	filename
  28840	     56	   2408	  31304	   7a48	Test.elf
 
14:39:30 **** Incremental Build of configuration Debug for project Test ****
make -j16 all 
make: Nothing to be done for 'all'.
14:39:52 **** Incremental Build of configuration Debug for project Test ****
make -j16 all 
make: Nothing to be done for 'all'.
14:41:10 **** Incremental Build of configuration Debug for project Test ****
make -j16 all 
Building file: ../Core/Src/main.c
Invoking: MCU GCC Compiler
C:\School\Thomas_More_Hogeschool\Practice_Enterprise_2\PE2\Bluetooth_music_box\code\Test\Debug
arm-none-eabi-gcc -mcpu=cortex-m4 -mthumb -mfloat-abi=hard -mfpu=fpv4-sp-d16 -DUSE_HAL_DRIVER -DSTM32L443xx -I"C:/School/Thomas_More_Hogeschool/Practice_Enterprise_2/PE2/Bluetooth_music_box/code/Test/Core/Inc" -I"C:/School/Thomas_More_Hogeschool/Practice_Enterprise_2/PE2/Bluetooth_music_box/code/Test/Drivers/STM32L4xx_HAL_Driver/Inc" -I"C:/School/Thomas_More_Hogeschool/Practice_Enterprise_2/PE2/Bluetooth_music_box/code/Test/Drivers/STM32L4xx_HAL_Driver/Inc/Legacy" -I"C:/School/Thomas_More_Hogeschool/Practice_Enterprise_2/PE2/Bluetooth_music_box/code/Test/Drivers/CMSIS/Device/ST/STM32L4xx/Include" -I"C:/School/Thomas_More_Hogeschool/Practice_Enterprise_2/PE2/Bluetooth_music_box/code/Test/Drivers/CMSIS/Include"  -Og -g3 -Wall -fmessage-length=0 -ffunction-sections -c -fmessage-length=0 -MMD -MP -MF"Core/Src/main.d" -MT"Core/Src/main.o" -o "Core/Src/main.o" "../Core/Src/main.c"
../Core/Src/main.c: In function 'main':
../Core/Src/main.c:200:4: warning: implicit declaration of function 'ILI9341_TouchUnselect'; did you mean 'ILI9341_Unselect'? [-Wimplicit-function-declaration]
    ILI9341_TouchUnselect();
    ^~~~~~~~~~~~~~~~~~~~~
    ILI9341_Unselect
../Core/Src/main.c:207:18: warning: initialization makes integer from pointer without a cast [-Wint-conversion]
    int battery = "54.89%";
                  ^~~~~~~~
../Core/Src/main.c:227:6: warning: implicit declaration of function 'itoa' [-Wimplicit-function-declaration]
      itoa(testValue, pointer, 10);// 10 = decimal
      ^~~~
../Core/Src/main.c:228:29: warning: passing argument 4 of 'setLedColor' makes integer from pointer without a cast [-Wint-conversion]
      setLedColor( 12, 0, 0, pointer);
                             ^~~~~~~
../Core/Src/main.c:107:6: note: expected 'uint8_t {aka unsigned char}' but argument is of type 'uint8_t * {aka unsigned char *}'
 void setLedColor(uint8_t ledIndex, uint8_t r, uint8_t g, uint8_t b);
      ^~~~~~~~~~~
../Core/Src/main.c:234:31: warning: pointer targets in passing argument 3 of 'LCD_WriteString' differ in signedness [-Wpointer-sign]
      LCD_WriteString(200, 50, pointer, Font_11x18, LCD_WHITE, LCD_BLACK);
                               ^~~~~~~
In file included from ../Core/Src/main.c:25:0:
C:/School/Thomas_More_Hogeschool/Practice_Enterprise_2/PE2/Bluetooth_music_box/code/Test/Core/Inc/ili9341.h:74:6: note: expected 'const char *' but argument is of type 'uint8_t * {aka unsigned char *}'
 void LCD_WriteString(uint16_t x, uint16_t y, const char* str, FontDef font, uint16_t color, uint16_t bgcolor);
      ^~~~~~~~~~~~~~~
../Core/Src/main.c:324:9: warning: implicit declaration of function 'LCD_TGetC' [-Wimplicit-function-declaration]
      if(LCD_TGetC(&x, &y)) {
         ^~~~~~~~~
../Core/Src/main.c:208:13: warning: unused variable 'ad_res' [-Wunused-variable]
    uint16_t ad_res = 0;
             ^~~~~~
../Core/Src/main.c:207:8: warning: unused variable 'battery' [-Wunused-variable]
    int battery = "54.89%";
        ^~~~~~~
../Core/Src/main.c: In function 'ledClearBuffer':
../Core/Src/main.c:762:2: warning: implicit declaration of function 'memset' [-Wimplicit-function-declaration]
  memset(ledBuffer, 0, NUM_BYTES);
  ^~~~~~
../Core/Src/main.c:762:2: warning: incompatible implicit declaration of built-in function 'memset'
../Core/Src/main.c:762:2: note: include '<string.h>' or provide a declaration of 'memset'
../Core/Src/main.c: In function 'Test_slider_battery':
../Core/Src/main.c:812:8: warning: right shift count >= width of type [-Wshift-count-overflow]
    if(x>>101 && x<<229 && y>>95 && y<<144){// in range?
        ^~
../Core/Src/main.c:812:18: warning: left shift count >= width of type [-Wshift-count-overflow]
    if(x>>101 && x<<229 && y>>95 && y<<144){// in range?
                  ^~
../Core/Src/main.c:812:18: warning: '<<' in boolean context, did you mean '<' ? [-Wint-in-bool-context]
    if(x>>101 && x<<229 && y>>95 && y<<144){// in range?
                 ~^~~~~
../Core/Src/main.c:812:28: warning: right shift count >= width of type [-Wshift-count-overflow]
    if(x>>101 && x<<229 && y>>95 && y<<144){// in range?
                            ^~
../Core/Src/main.c:812:37: warning: left shift count >= width of type [-Wshift-count-overflow]
    if(x>>101 && x<<229 && y>>95 && y<<144){// in range?
                                     ^~
../Core/Src/main.c:812:37: warning: '<<' in boolean context, did you mean '<' ? [-Wint-in-bool-context]
    if(x>>101 && x<<229 && y>>95 && y<<144){// in range?
                                    ~^~~~~
../Core/Src/main.c:813:9: warning: left shift count >= width of type [-Wshift-count-overflow]
     if(x<<144 && x>>101 && y<<144 && y>>96){
         ^~
../Core/Src/main.c:813:9: warning: '<<' in boolean context, did you mean '<' ? [-Wint-in-bool-context]
     if(x<<144 && x>>101 && y<<144 && y>>96){
        ~^~~~~
../Core/Src/main.c:813:19: warning: right shift count >= width of type [-Wshift-count-overflow]
     if(x<<144 && x>>101 && y<<144 && y>>96){
                   ^~
../Core/Src/main.c:813:29: warning: left shift count >= width of type [-Wshift-count-overflow]
     if(x<<144 && x>>101 && y<<144 && y>>96){
                             ^~
../Core/Src/main.c:813:29: warning: '<<' in boolean context, did you mean '<' ? [-Wint-in-bool-context]
     if(x<<144 && x>>101 && y<<144 && y>>96){
                            ~^~~~~
../Core/Src/main.c:813:39: warning: right shift count >= width of type [-Wshift-count-overflow]
     if(x<<144 && x>>101 && y<<144 && y>>96){
                                       ^~
../Core/Src/main.c:816:14: warning: left shift count >= width of type [-Wshift-count-overflow]
     else if(x<<187 && x>>144 && y<<144 && y>>96){
              ^~
../Core/Src/main.c:816:14: warning: '<<' in boolean context, did you mean '<' ? [-Wint-in-bool-context]
     else if(x<<187 && x>>144 && y<<144 && y>>96){
             ~^~~~~
../Core/Src/main.c:816:24: warning: right shift count >= width of type [-Wshift-count-overflow]
     else if(x<<187 && x>>144 && y<<144 && y>>96){
                        ^~
../Core/Src/main.c:816:34: warning: left shift count >= width of type [-Wshift-count-overflow]
     else if(x<<187 && x>>144 && y<<144 && y>>96){
                                  ^~
../Core/Src/main.c:816:34: warning: '<<' in boolean context, did you mean '<' ? [-Wint-in-bool-context]
     else if(x<<187 && x>>144 && y<<144 && y>>96){
                                 ~^~~~~
../Core/Src/main.c:816:44: warning: right shift count >= width of type [-Wshift-count-overflow]
     else if(x<<187 && x>>144 && y<<144 && y>>96){
                                            ^~
../Core/Src/main.c:819:14: warning: left shift count >= width of type [-Wshift-count-overflow]
     else if(x<<228 && x>>187 && y<<144 && y>>96){
              ^~
../Core/Src/main.c:819:14: warning: '<<' in boolean context, did you mean '<' ? [-Wint-in-bool-context]
     else if(x<<228 && x>>187 && y<<144 && y>>96){
             ~^~~~~
../Core/Src/main.c:819:24: warning: right shift count >= width of type [-Wshift-count-overflow]
     else if(x<<228 && x>>187 && y<<144 && y>>96){
                        ^~
../Core/Src/main.c:819:34: warning: left shift count >= width of type [-Wshift-count-overflow]
     else if(x<<228 && x>>187 && y<<144 && y>>96){
                                  ^~
../Core/Src/main.c:819:34: warning: '<<' in boolean context, did you mean '<' ? [-Wint-in-bool-context]
     else if(x<<228 && x>>187 && y<<144 && y>>96){
                                 ~^~~~~
../Core/Src/main.c:819:44: warning: right shift count >= width of type [-Wshift-count-overflow]
     else if(x<<228 && x>>187 && y<<144 && y>>96){
                                            ^~
Finished building: ../Core/Src/main.c
 
Building target: Test.elf
Invoking: MCU GCC Linker
arm-none-eabi-gcc -mcpu=cortex-m4 -mthumb -mfloat-abi=hard -mfpu=fpv4-sp-d16 -specs=nosys.specs -specs=nano.specs -T"../STM32L443CCTx_FLASH.ld" -Wl,-Map=output.map -Wl,--gc-sections -o "Test.elf" @"objects.list"   -lm
Finished building target: Test.elf
 
make --no-print-directory post-build
Generating hex and Printing size information:
arm-none-eabi-objcopy -O ihex "Test.elf" "Test.hex"
arm-none-eabi-size "Test.elf"
   text	   data	    bss	    dec	    hex	filename
  28840	     56	   2416	  31312	   7a50	Test.elf
 
14:41:58 **** Incremental Build of configuration Debug for project Test ****
make -j16 all 
Building file: ../Core/Src/main.c
Invoking: MCU GCC Compiler
C:\School\Thomas_More_Hogeschool\Practice_Enterprise_2\PE2\Bluetooth_music_box\code\Test\Debug
arm-none-eabi-gcc -mcpu=cortex-m4 -mthumb -mfloat-abi=hard -mfpu=fpv4-sp-d16 -DUSE_HAL_DRIVER -DSTM32L443xx -I"C:/School/Thomas_More_Hogeschool/Practice_Enterprise_2/PE2/Bluetooth_music_box/code/Test/Core/Inc" -I"C:/School/Thomas_More_Hogeschool/Practice_Enterprise_2/PE2/Bluetooth_music_box/code/Test/Drivers/STM32L4xx_HAL_Driver/Inc" -I"C:/School/Thomas_More_Hogeschool/Practice_Enterprise_2/PE2/Bluetooth_music_box/code/Test/Drivers/STM32L4xx_HAL_Driver/Inc/Legacy" -I"C:/School/Thomas_More_Hogeschool/Practice_Enterprise_2/PE2/Bluetooth_music_box/code/Test/Drivers/CMSIS/Device/ST/STM32L4xx/Include" -I"C:/School/Thomas_More_Hogeschool/Practice_Enterprise_2/PE2/Bluetooth_music_box/code/Test/Drivers/CMSIS/Include"  -Og -g3 -Wall -fmessage-length=0 -ffunction-sections -c -fmessage-length=0 -MMD -MP -MF"Core/Src/main.d" -MT"Core/Src/main.o" -o "Core/Src/main.o" "../Core/Src/main.c"
../Core/Src/main.c: In function 'main':
../Core/Src/main.c:200:4: warning: implicit declaration of function 'ILI9341_TouchUnselect'; did you mean 'ILI9341_Unselect'? [-Wimplicit-function-declaration]
    ILI9341_TouchUnselect();
    ^~~~~~~~~~~~~~~~~~~~~
    ILI9341_Unselect
../Core/Src/main.c:207:18: warning: initialization makes integer from pointer without a cast [-Wint-conversion]
    int battery = "54.89%";
                  ^~~~~~~~
../Core/Src/main.c:227:6: warning: implicit declaration of function 'itoa' [-Wimplicit-function-declaration]
      itoa(testValue, pointer, 10);// 10 = decimal
      ^~~~
../Core/Src/main.c:228:29: warning: passing argument 4 of 'setLedColor' makes integer from pointer without a cast [-Wint-conversion]
      setLedColor( 12, 0, 0, pointer);
                             ^~~~~~~
../Core/Src/main.c:107:6: note: expected 'uint8_t {aka unsigned char}' but argument is of type 'uint8_t * {aka unsigned char *}'
 void setLedColor(uint8_t ledIndex, uint8_t r, uint8_t g, uint8_t b);
      ^~~~~~~~~~~
../Core/Src/main.c:234:31: warning: pointer targets in passing argument 3 of 'LCD_WriteString' differ in signedness [-Wpointer-sign]
      LCD_WriteString(200, 50, pointer, Font_11x18, LCD_WHITE, LCD_BLACK);
                               ^~~~~~~
In file included from ../Core/Src/main.c:25:0:
C:/School/Thomas_More_Hogeschool/Practice_Enterprise_2/PE2/Bluetooth_music_box/code/Test/Core/Inc/ili9341.h:74:6: note: expected 'const char *' but argument is of type 'uint8_t * {aka unsigned char *}'
 void LCD_WriteString(uint16_t x, uint16_t y, const char* str, FontDef font, uint16_t color, uint16_t bgcolor);
      ^~~~~~~~~~~~~~~
../Core/Src/main.c:324:9: warning: implicit declaration of function 'LCD_TGetC' [-Wimplicit-function-declaration]
      if(LCD_TGetC(&x, &y)) {
         ^~~~~~~~~
../Core/Src/main.c:208:13: warning: unused variable 'ad_res' [-Wunused-variable]
    uint16_t ad_res = 0;
             ^~~~~~
../Core/Src/main.c:207:8: warning: unused variable 'battery' [-Wunused-variable]
    int battery = "54.89%";
        ^~~~~~~
../Core/Src/main.c: In function 'ledClearBuffer':
../Core/Src/main.c:762:2: warning: implicit declaration of function 'memset' [-Wimplicit-function-declaration]
  memset(ledBuffer, 0, NUM_BYTES);
  ^~~~~~
../Core/Src/main.c:762:2: warning: incompatible implicit declaration of built-in function 'memset'
../Core/Src/main.c:762:2: note: include '<string.h>' or provide a declaration of 'memset'
../Core/Src/main.c: In function 'Test_slider_battery':
../Core/Src/main.c:812:8: warning: right shift count >= width of type [-Wshift-count-overflow]
    if(x>>101 && x<<229 && y>>95 && y<<144){// in range?
        ^~
../Core/Src/main.c:812:18: warning: left shift count >= width of type [-Wshift-count-overflow]
    if(x>>101 && x<<229 && y>>95 && y<<144){// in range?
                  ^~
../Core/Src/main.c:812:18: warning: '<<' in boolean context, did you mean '<' ? [-Wint-in-bool-context]
    if(x>>101 && x<<229 && y>>95 && y<<144){// in range?
                 ~^~~~~
../Core/Src/main.c:812:28: warning: right shift count >= width of type [-Wshift-count-overflow]
    if(x>>101 && x<<229 && y>>95 && y<<144){// in range?
                            ^~
../Core/Src/main.c:812:37: warning: left shift count >= width of type [-Wshift-count-overflow]
    if(x>>101 && x<<229 && y>>95 && y<<144){// in range?
                                     ^~
../Core/Src/main.c:812:37: warning: '<<' in boolean context, did you mean '<' ? [-Wint-in-bool-context]
    if(x>>101 && x<<229 && y>>95 && y<<144){// in range?
                                    ~^~~~~
../Core/Src/main.c:813:9: warning: left shift count >= width of type [-Wshift-count-overflow]
     if(x<<144 && x>>101 && y<<144 && y>>96){
         ^~
../Core/Src/main.c:813:9: warning: '<<' in boolean context, did you mean '<' ? [-Wint-in-bool-context]
     if(x<<144 && x>>101 && y<<144 && y>>96){
        ~^~~~~
../Core/Src/main.c:813:19: warning: right shift count >= width of type [-Wshift-count-overflow]
     if(x<<144 && x>>101 && y<<144 && y>>96){
                   ^~
../Core/Src/main.c:813:29: warning: left shift count >= width of type [-Wshift-count-overflow]
     if(x<<144 && x>>101 && y<<144 && y>>96){
                             ^~
../Core/Src/main.c:813:29: warning: '<<' in boolean context, did you mean '<' ? [-Wint-in-bool-context]
     if(x<<144 && x>>101 && y<<144 && y>>96){
                            ~^~~~~
../Core/Src/main.c:813:39: warning: right shift count >= width of type [-Wshift-count-overflow]
     if(x<<144 && x>>101 && y<<144 && y>>96){
                                       ^~
../Core/Src/main.c:816:14: warning: left shift count >= width of type [-Wshift-count-overflow]
     else if(x<<187 && x>>144 && y<<144 && y>>96){
              ^~
../Core/Src/main.c:816:14: warning: '<<' in boolean context, did you mean '<' ? [-Wint-in-bool-context]
     else if(x<<187 && x>>144 && y<<144 && y>>96){
             ~^~~~~
../Core/Src/main.c:816:24: warning: right shift count >= width of type [-Wshift-count-overflow]
     else if(x<<187 && x>>144 && y<<144 && y>>96){
                        ^~
../Core/Src/main.c:816:34: warning: left shift count >= width of type [-Wshift-count-overflow]
     else if(x<<187 && x>>144 && y<<144 && y>>96){
                                  ^~
../Core/Src/main.c:816:34: warning: '<<' in boolean context, did you mean '<' ? [-Wint-in-bool-context]
     else if(x<<187 && x>>144 && y<<144 && y>>96){
                                 ~^~~~~
../Core/Src/main.c:816:44: warning: right shift count >= width of type [-Wshift-count-overflow]
     else if(x<<187 && x>>144 && y<<144 && y>>96){
                                            ^~
../Core/Src/main.c:819:14: warning: left shift count >= width of type [-Wshift-count-overflow]
     else if(x<<228 && x>>187 && y<<144 && y>>96){
              ^~
../Core/Src/main.c:819:14: warning: '<<' in boolean context, did you mean '<' ? [-Wint-in-bool-context]
     else if(x<<228 && x>>187 && y<<144 && y>>96){
             ~^~~~~
../Core/Src/main.c:819:24: warning: right shift count >= width of type [-Wshift-count-overflow]
     else if(x<<228 && x>>187 && y<<144 && y>>96){
                        ^~
../Core/Src/main.c:819:34: warning: left shift count >= width of type [-Wshift-count-overflow]
     else if(x<<228 && x>>187 && y<<144 && y>>96){
                                  ^~
../Core/Src/main.c:819:34: warning: '<<' in boolean context, did you mean '<' ? [-Wint-in-bool-context]
     else if(x<<228 && x>>187 && y<<144 && y>>96){
                                 ~^~~~~
../Core/Src/main.c:819:44: warning: right shift count >= width of type [-Wshift-count-overflow]
     else if(x<<228 && x>>187 && y<<144 && y>>96){
                                            ^~
Finished building: ../Core/Src/main.c
 
Building target: Test.elf
Invoking: MCU GCC Linker
arm-none-eabi-gcc -mcpu=cortex-m4 -mthumb -mfloat-abi=hard -mfpu=fpv4-sp-d16 -specs=nosys.specs -specs=nano.specs -T"../STM32L443CCTx_FLASH.ld" -Wl,-Map=output.map -Wl,--gc-sections -o "Test.elf" @"objects.list"   -lm
Finished building target: Test.elf
 
make --no-print-directory post-build
Generating hex and Printing size information:
arm-none-eabi-objcopy -O ihex "Test.elf" "Test.hex"
arm-none-eabi-size "Test.elf"
   text	   data	    bss	    dec	    hex	filename
  28944	     56	   2416	  31416	   7ab8	Test.elf
 
14:42:59 **** Incremental Build of configuration Debug for project Test ****
make -j16 all 
Building file: ../Core/Src/main.c
Invoking: MCU GCC Compiler
C:\School\Thomas_More_Hogeschool\Practice_Enterprise_2\PE2\Bluetooth_music_box\code\Test\Debug
arm-none-eabi-gcc -mcpu=cortex-m4 -mthumb -mfloat-abi=hard -mfpu=fpv4-sp-d16 -DUSE_HAL_DRIVER -DSTM32L443xx -I"C:/School/Thomas_More_Hogeschool/Practice_Enterprise_2/PE2/Bluetooth_music_box/code/Test/Core/Inc" -I"C:/School/Thomas_More_Hogeschool/Practice_Enterprise_2/PE2/Bluetooth_music_box/code/Test/Drivers/STM32L4xx_HAL_Driver/Inc" -I"C:/School/Thomas_More_Hogeschool/Practice_Enterprise_2/PE2/Bluetooth_music_box/code/Test/Drivers/STM32L4xx_HAL_Driver/Inc/Legacy" -I"C:/School/Thomas_More_Hogeschool/Practice_Enterprise_2/PE2/Bluetooth_music_box/code/Test/Drivers/CMSIS/Device/ST/STM32L4xx/Include" -I"C:/School/Thomas_More_Hogeschool/Practice_Enterprise_2/PE2/Bluetooth_music_box/code/Test/Drivers/CMSIS/Include"  -Og -g3 -Wall -fmessage-length=0 -ffunction-sections -c -fmessage-length=0 -MMD -MP -MF"Core/Src/main.d" -MT"Core/Src/main.o" -o "Core/Src/main.o" "../Core/Src/main.c"
../Core/Src/main.c: In function 'main':
../Core/Src/main.c:200:4: warning: implicit declaration of function 'ILI9341_TouchUnselect'; did you mean 'ILI9341_Unselect'? [-Wimplicit-function-declaration]
    ILI9341_TouchUnselect();
    ^~~~~~~~~~~~~~~~~~~~~
    ILI9341_Unselect
../Core/Src/main.c:207:18: warning: initialization makes integer from pointer without a cast [-Wint-conversion]
    int battery = "54.89%";
                  ^~~~~~~~
../Core/Src/main.c:227:6: warning: implicit declaration of function 'itoa' [-Wimplicit-function-declaration]
      itoa(testValue, pointer, 10);// 10 = decimal
      ^~~~
../Core/Src/main.c:228:29: warning: passing argument 4 of 'setLedColor' makes integer from pointer without a cast [-Wint-conversion]
      setLedColor( 12, 0, 0, pointer);
                             ^~~~~~~
../Core/Src/main.c:107:6: note: expected 'uint8_t {aka unsigned char}' but argument is of type 'uint8_t * {aka unsigned char *}'
 void setLedColor(uint8_t ledIndex, uint8_t r, uint8_t g, uint8_t b);
      ^~~~~~~~~~~
../Core/Src/main.c:234:31: warning: pointer targets in passing argument 3 of 'LCD_WriteString' differ in signedness [-Wpointer-sign]
      LCD_WriteString(200, 50, pointer, Font_11x18, LCD_WHITE, LCD_BLACK);
                               ^~~~~~~
In file included from ../Core/Src/main.c:25:0:
C:/School/Thomas_More_Hogeschool/Practice_Enterprise_2/PE2/Bluetooth_music_box/code/Test/Core/Inc/ili9341.h:74:6: note: expected 'const char *' but argument is of type 'uint8_t * {aka unsigned char *}'
 void LCD_WriteString(uint16_t x, uint16_t y, const char* str, FontDef font, uint16_t color, uint16_t bgcolor);
      ^~~~~~~~~~~~~~~
../Core/Src/main.c:324:9: warning: implicit declaration of function 'LCD_TGetC' [-Wimplicit-function-declaration]
      if(LCD_TGetC(&x, &y)) {
         ^~~~~~~~~
../Core/Src/main.c:208:13: warning: unused variable 'ad_res' [-Wunused-variable]
    uint16_t ad_res = 0;
             ^~~~~~
../Core/Src/main.c:207:8: warning: unused variable 'battery' [-Wunused-variable]
    int battery = "54.89%";
        ^~~~~~~
../Core/Src/main.c: In function 'ledClearBuffer':
../Core/Src/main.c:762:2: warning: implicit declaration of function 'memset' [-Wimplicit-function-declaration]
  memset(ledBuffer, 0, NUM_BYTES);
  ^~~~~~
../Core/Src/main.c:762:2: warning: incompatible implicit declaration of built-in function 'memset'
../Core/Src/main.c:762:2: note: include '<string.h>' or provide a declaration of 'memset'
../Core/Src/main.c: In function 'Test_slider_battery':
../Core/Src/main.c:812:8: warning: right shift count >= width of type [-Wshift-count-overflow]
    if(x>>101 && x<<229 && y>>95 && y<<144){// in range?
        ^~
../Core/Src/main.c:812:18: warning: left shift count >= width of type [-Wshift-count-overflow]
    if(x>>101 && x<<229 && y>>95 && y<<144){// in range?
                  ^~
../Core/Src/main.c:812:18: warning: '<<' in boolean context, did you mean '<' ? [-Wint-in-bool-context]
    if(x>>101 && x<<229 && y>>95 && y<<144){// in range?
                 ~^~~~~
../Core/Src/main.c:812:28: warning: right shift count >= width of type [-Wshift-count-overflow]
    if(x>>101 && x<<229 && y>>95 && y<<144){// in range?
                            ^~
../Core/Src/main.c:812:37: warning: left shift count >= width of type [-Wshift-count-overflow]
    if(x>>101 && x<<229 && y>>95 && y<<144){// in range?
                                     ^~
../Core/Src/main.c:812:37: warning: '<<' in boolean context, did you mean '<' ? [-Wint-in-bool-context]
    if(x>>101 && x<<229 && y>>95 && y<<144){// in range?
                                    ~^~~~~
../Core/Src/main.c:813:9: warning: left shift count >= width of type [-Wshift-count-overflow]
     if(x<<144 && x>>101 && y<<144 && y>>96){
         ^~
../Core/Src/main.c:813:9: warning: '<<' in boolean context, did you mean '<' ? [-Wint-in-bool-context]
     if(x<<144 && x>>101 && y<<144 && y>>96){
        ~^~~~~
../Core/Src/main.c:813:19: warning: right shift count >= width of type [-Wshift-count-overflow]
     if(x<<144 && x>>101 && y<<144 && y>>96){
                   ^~
../Core/Src/main.c:813:29: warning: left shift count >= width of type [-Wshift-count-overflow]
     if(x<<144 && x>>101 && y<<144 && y>>96){
                             ^~
../Core/Src/main.c:813:29: warning: '<<' in boolean context, did you mean '<' ? [-Wint-in-bool-context]
     if(x<<144 && x>>101 && y<<144 && y>>96){
                            ~^~~~~
../Core/Src/main.c:813:39: warning: right shift count >= width of type [-Wshift-count-overflow]
     if(x<<144 && x>>101 && y<<144 && y>>96){
                                       ^~
../Core/Src/main.c:816:14: warning: left shift count >= width of type [-Wshift-count-overflow]
     else if(x<<187 && x>>144 && y<<144 && y>>96){
              ^~
../Core/Src/main.c:816:14: warning: '<<' in boolean context, did you mean '<' ? [-Wint-in-bool-context]
     else if(x<<187 && x>>144 && y<<144 && y>>96){
             ~^~~~~
../Core/Src/main.c:816:24: warning: right shift count >= width of type [-Wshift-count-overflow]
     else if(x<<187 && x>>144 && y<<144 && y>>96){
                        ^~
../Core/Src/main.c:816:34: warning: left shift count >= width of type [-Wshift-count-overflow]
     else if(x<<187 && x>>144 && y<<144 && y>>96){
                                  ^~
../Core/Src/main.c:816:34: warning: '<<' in boolean context, did you mean '<' ? [-Wint-in-bool-context]
     else if(x<<187 && x>>144 && y<<144 && y>>96){
                                 ~^~~~~
../Core/Src/main.c:816:44: warning: right shift count >= width of type [-Wshift-count-overflow]
     else if(x<<187 && x>>144 && y<<144 && y>>96){
                                            ^~
../Core/Src/main.c:819:14: warning: left shift count >= width of type [-Wshift-count-overflow]
     else if(x<<228 && x>>187 && y<<144 && y>>96){
              ^~
../Core/Src/main.c:819:14: warning: '<<' in boolean context, did you mean '<' ? [-Wint-in-bool-context]
     else if(x<<228 && x>>187 && y<<144 && y>>96){
             ~^~~~~
../Core/Src/main.c:819:24: warning: right shift count >= width of type [-Wshift-count-overflow]
     else if(x<<228 && x>>187 && y<<144 && y>>96){
                        ^~
../Core/Src/main.c:819:34: warning: left shift count >= width of type [-Wshift-count-overflow]
     else if(x<<228 && x>>187 && y<<144 && y>>96){
                                  ^~
../Core/Src/main.c:819:34: warning: '<<' in boolean context, did you mean '<' ? [-Wint-in-bool-context]
     else if(x<<228 && x>>187 && y<<144 && y>>96){
                                 ~^~~~~
../Core/Src/main.c:819:44: warning: right shift count >= width of type [-Wshift-count-overflow]
     else if(x<<228 && x>>187 && y<<144 && y>>96){
                                            ^~
Finished building: ../Core/Src/main.c
 
Building target: Test.elf
Invoking: MCU GCC Linker
arm-none-eabi-gcc -mcpu=cortex-m4 -mthumb -mfloat-abi=hard -mfpu=fpv4-sp-d16 -specs=nosys.specs -specs=nano.specs -T"../STM32L443CCTx_FLASH.ld" -Wl,-Map=output.map -Wl,--gc-sections -o "Test.elf" @"objects.list"   -lm
Finished building target: Test.elf
 
make --no-print-directory post-build
Generating hex and Printing size information:
arm-none-eabi-objcopy -O ihex "Test.elf" "Test.hex"
arm-none-eabi-size "Test.elf"
   text	   data	    bss	    dec	    hex	filename
  28864	     56	   2416	  31336	   7a68	Test.elf
 
14:45:22 **** Incremental Build of configuration Debug for project Test ****
make -j16 all 
make: Nothing to be done for 'all'.
14:45:27 **** Incremental Build of configuration Debug for project Test ****
make -j16 all 
make: Nothing to be done for 'all'.
14:45:49 **** Incremental Build of configuration Debug for project Test ****
make -j16 all 
Building file: ../Core/Src/main.c
Invoking: MCU GCC Compiler
C:\School\Thomas_More_Hogeschool\Practice_Enterprise_2\PE2\Bluetooth_music_box\code\Test\Debug
arm-none-eabi-gcc -mcpu=cortex-m4 -mthumb -mfloat-abi=hard -mfpu=fpv4-sp-d16 -DUSE_HAL_DRIVER -DSTM32L443xx -I"C:/School/Thomas_More_Hogeschool/Practice_Enterprise_2/PE2/Bluetooth_music_box/code/Test/Core/Inc" -I"C:/School/Thomas_More_Hogeschool/Practice_Enterprise_2/PE2/Bluetooth_music_box/code/Test/Drivers/STM32L4xx_HAL_Driver/Inc" -I"C:/School/Thomas_More_Hogeschool/Practice_Enterprise_2/PE2/Bluetooth_music_box/code/Test/Drivers/STM32L4xx_HAL_Driver/Inc/Legacy" -I"C:/School/Thomas_More_Hogeschool/Practice_Enterprise_2/PE2/Bluetooth_music_box/code/Test/Drivers/CMSIS/Device/ST/STM32L4xx/Include" -I"C:/School/Thomas_More_Hogeschool/Practice_Enterprise_2/PE2/Bluetooth_music_box/code/Test/Drivers/CMSIS/Include"  -Og -g3 -Wall -fmessage-length=0 -ffunction-sections -c -fmessage-length=0 -MMD -MP -MF"Core/Src/main.d" -MT"Core/Src/main.o" -o "Core/Src/main.o" "../Core/Src/main.c"
../Core/Src/main.c: In function 'main':
../Core/Src/main.c:200:4: warning: implicit declaration of function 'ILI9341_TouchUnselect'; did you mean 'ILI9341_Unselect'? [-Wimplicit-function-declaration]
    ILI9341_TouchUnselect();
    ^~~~~~~~~~~~~~~~~~~~~
    ILI9341_Unselect
../Core/Src/main.c:207:18: warning: initialization makes integer from pointer without a cast [-Wint-conversion]
    int battery = "54.89%";
                  ^~~~~~~~
../Core/Src/main.c:227:6: warning: implicit declaration of function 'itoa' [-Wimplicit-function-declaration]
      itoa(testValue, pointer, 10);// 10 = decimal
      ^~~~
../Core/Src/main.c:228:29: warning: passing argument 4 of 'setLedColor' makes integer from pointer without a cast [-Wint-conversion]
      setLedColor( 12, 0, 0, pointer);
                             ^~~~~~~
../Core/Src/main.c:107:6: note: expected 'uint8_t {aka unsigned char}' but argument is of type 'uint8_t * {aka unsigned char *}'
 void setLedColor(uint8_t ledIndex, uint8_t r, uint8_t g, uint8_t b);
      ^~~~~~~~~~~
../Core/Src/main.c:234:31: warning: pointer targets in passing argument 3 of 'LCD_WriteString' differ in signedness [-Wpointer-sign]
      LCD_WriteString(200, 50, pointer, Font_11x18, LCD_WHITE, LCD_BLACK);
                               ^~~~~~~
In file included from ../Core/Src/main.c:25:0:
C:/School/Thomas_More_Hogeschool/Practice_Enterprise_2/PE2/Bluetooth_music_box/code/Test/Core/Inc/ili9341.h:74:6: note: expected 'const char *' but argument is of type 'uint8_t * {aka unsigned char *}'
 void LCD_WriteString(uint16_t x, uint16_t y, const char* str, FontDef font, uint16_t color, uint16_t bgcolor);
      ^~~~~~~~~~~~~~~
../Core/Src/main.c:324:9: warning: implicit declaration of function 'LCD_TGetC' [-Wimplicit-function-declaration]
      if(LCD_TGetC(&x, &y)) {
         ^~~~~~~~~
../Core/Src/main.c:208:13: warning: unused variable 'ad_res' [-Wunused-variable]
    uint16_t ad_res = 0;
             ^~~~~~
../Core/Src/main.c:207:8: warning: unused variable 'battery' [-Wunused-variable]
    int battery = "54.89%";
        ^~~~~~~
../Core/Src/main.c: In function 'ledClearBuffer':
../Core/Src/main.c:762:2: warning: implicit declaration of function 'memset' [-Wimplicit-function-declaration]
  memset(ledBuffer, 0, NUM_BYTES);
  ^~~~~~
../Core/Src/main.c:762:2: warning: incompatible implicit declaration of built-in function 'memset'
../Core/Src/main.c:762:2: note: include '<string.h>' or provide a declaration of 'memset'
../Core/Src/main.c: In function 'Test_slider_battery':
../Core/Src/main.c:812:8: warning: right shift count >= width of type [-Wshift-count-overflow]
    if(x>>101 && x<<229 && y>>95 && y<<144){// in range?
        ^~
../Core/Src/main.c:812:18: warning: left shift count >= width of type [-Wshift-count-overflow]
    if(x>>101 && x<<229 && y>>95 && y<<144){// in range?
                  ^~
../Core/Src/main.c:812:18: warning: '<<' in boolean context, did you mean '<' ? [-Wint-in-bool-context]
    if(x>>101 && x<<229 && y>>95 && y<<144){// in range?
                 ~^~~~~
../Core/Src/main.c:812:28: warning: right shift count >= width of type [-Wshift-count-overflow]
    if(x>>101 && x<<229 && y>>95 && y<<144){// in range?
                            ^~
../Core/Src/main.c:812:37: warning: left shift count >= width of type [-Wshift-count-overflow]
    if(x>>101 && x<<229 && y>>95 && y<<144){// in range?
                                     ^~
../Core/Src/main.c:812:37: warning: '<<' in boolean context, did you mean '<' ? [-Wint-in-bool-context]
    if(x>>101 && x<<229 && y>>95 && y<<144){// in range?
                                    ~^~~~~
../Core/Src/main.c:813:9: warning: left shift count >= width of type [-Wshift-count-overflow]
     if(x<<144 && x>>101 && y<<144 && y>>96){
         ^~
../Core/Src/main.c:813:9: warning: '<<' in boolean context, did you mean '<' ? [-Wint-in-bool-context]
     if(x<<144 && x>>101 && y<<144 && y>>96){
        ~^~~~~
../Core/Src/main.c:813:19: warning: right shift count >= width of type [-Wshift-count-overflow]
     if(x<<144 && x>>101 && y<<144 && y>>96){
                   ^~
../Core/Src/main.c:813:29: warning: left shift count >= width of type [-Wshift-count-overflow]
     if(x<<144 && x>>101 && y<<144 && y>>96){
                             ^~
../Core/Src/main.c:813:29: warning: '<<' in boolean context, did you mean '<' ? [-Wint-in-bool-context]
     if(x<<144 && x>>101 && y<<144 && y>>96){
                            ~^~~~~
../Core/Src/main.c:813:39: warning: right shift count >= width of type [-Wshift-count-overflow]
     if(x<<144 && x>>101 && y<<144 && y>>96){
                                       ^~
../Core/Src/main.c:816:14: warning: left shift count >= width of type [-Wshift-count-overflow]
     else if(x<<187 && x>>144 && y<<144 && y>>96){
              ^~
../Core/Src/main.c:816:14: warning: '<<' in boolean context, did you mean '<' ? [-Wint-in-bool-context]
     else if(x<<187 && x>>144 && y<<144 && y>>96){
             ~^~~~~
../Core/Src/main.c:816:24: warning: right shift count >= width of type [-Wshift-count-overflow]
     else if(x<<187 && x>>144 && y<<144 && y>>96){
                        ^~
../Core/Src/main.c:816:34: warning: left shift count >= width of type [-Wshift-count-overflow]
     else if(x<<187 && x>>144 && y<<144 && y>>96){
                                  ^~
../Core/Src/main.c:816:34: warning: '<<' in boolean context, did you mean '<' ? [-Wint-in-bool-context]
     else if(x<<187 && x>>144 && y<<144 && y>>96){
                                 ~^~~~~
../Core/Src/main.c:816:44: warning: right shift count >= width of type [-Wshift-count-overflow]
     else if(x<<187 && x>>144 && y<<144 && y>>96){
                                            ^~
../Core/Src/main.c:819:14: warning: left shift count >= width of type [-Wshift-count-overflow]
     else if(x<<228 && x>>187 && y<<144 && y>>96){
              ^~
../Core/Src/main.c:819:14: warning: '<<' in boolean context, did you mean '<' ? [-Wint-in-bool-context]
     else if(x<<228 && x>>187 && y<<144 && y>>96){
             ~^~~~~
../Core/Src/main.c:819:24: warning: right shift count >= width of type [-Wshift-count-overflow]
     else if(x<<228 && x>>187 && y<<144 && y>>96){
                        ^~
../Core/Src/main.c:819:34: warning: left shift count >= width of type [-Wshift-count-overflow]
     else if(x<<228 && x>>187 && y<<144 && y>>96){
                                  ^~
../Core/Src/main.c:819:34: warning: '<<' in boolean context, did you mean '<' ? [-Wint-in-bool-context]
     else if(x<<228 && x>>187 && y<<144 && y>>96){
                                 ~^~~~~
../Core/Src/main.c:819:44: warning: right shift count >= width of type [-Wshift-count-overflow]
     else if(x<<228 && x>>187 && y<<144 && y>>96){
                                            ^~
Finished building: ../Core/Src/main.c
 
Building target: Test.elf
Invoking: MCU GCC Linker
arm-none-eabi-gcc -mcpu=cortex-m4 -mthumb -mfloat-abi=hard -mfpu=fpv4-sp-d16 -specs=nosys.specs -specs=nano.specs -T"../STM32L443CCTx_FLASH.ld" -Wl,-Map=output.map -Wl,--gc-sections -o "Test.elf" @"objects.list"   -lm
Finished building target: Test.elf
 
make --no-print-directory post-build
Generating hex and Printing size information:
arm-none-eabi-objcopy -O ihex "Test.elf" "Test.hex"
arm-none-eabi-size "Test.elf"
   text	   data	    bss	    dec	    hex	filename
  28616	     56	   2416	  31088	   7970	Test.elf
 
14:46:12 **** Incremental Build of configuration Debug for project Test ****
make -j16 all 
Building file: ../Core/Src/main.c
Invoking: MCU GCC Compiler
C:\School\Thomas_More_Hogeschool\Practice_Enterprise_2\PE2\Bluetooth_music_box\code\Test\Debug
arm-none-eabi-gcc -mcpu=cortex-m4 -mthumb -mfloat-abi=hard -mfpu=fpv4-sp-d16 -DUSE_HAL_DRIVER -DSTM32L443xx -I"C:/School/Thomas_More_Hogeschool/Practice_Enterprise_2/PE2/Bluetooth_music_box/code/Test/Core/Inc" -I"C:/School/Thomas_More_Hogeschool/Practice_Enterprise_2/PE2/Bluetooth_music_box/code/Test/Drivers/STM32L4xx_HAL_Driver/Inc" -I"C:/School/Thomas_More_Hogeschool/Practice_Enterprise_2/PE2/Bluetooth_music_box/code/Test/Drivers/STM32L4xx_HAL_Driver/Inc/Legacy" -I"C:/School/Thomas_More_Hogeschool/Practice_Enterprise_2/PE2/Bluetooth_music_box/code/Test/Drivers/CMSIS/Device/ST/STM32L4xx/Include" -I"C:/School/Thomas_More_Hogeschool/Practice_Enterprise_2/PE2/Bluetooth_music_box/code/Test/Drivers/CMSIS/Include"  -Og -g3 -Wall -fmessage-length=0 -ffunction-sections -c -fmessage-length=0 -MMD -MP -MF"Core/Src/main.d" -MT"Core/Src/main.o" -o "Core/Src/main.o" "../Core/Src/main.c"
../Core/Src/main.c: In function 'main':
../Core/Src/main.c:200:4: warning: implicit declaration of function 'ILI9341_TouchUnselect'; did you mean 'ILI9341_Unselect'? [-Wimplicit-function-declaration]
    ILI9341_TouchUnselect();
    ^~~~~~~~~~~~~~~~~~~~~
    ILI9341_Unselect
../Core/Src/main.c:207:18: warning: initialization makes integer from pointer without a cast [-Wint-conversion]
    int battery = "54.89%";
                  ^~~~~~~~
../Core/Src/main.c:227:6: warning: implicit declaration of function 'itoa' [-Wimplicit-function-declaration]
      itoa(testValue, pointer, 10);// 10 = decimal
      ^~~~
../Core/Src/main.c:228:29: warning: passing argument 4 of 'setLedColor' makes integer from pointer without a cast [-Wint-conversion]
      setLedColor( 12, 0, 0, pointer);
                             ^~~~~~~
../Core/Src/main.c:107:6: note: expected 'uint8_t {aka unsigned char}' but argument is of type 'uint8_t * {aka unsigned char *}'
 void setLedColor(uint8_t ledIndex, uint8_t r, uint8_t g, uint8_t b);
      ^~~~~~~~~~~
../Core/Src/main.c:234:31: warning: pointer targets in passing argument 3 of 'LCD_WriteString' differ in signedness [-Wpointer-sign]
      LCD_WriteString(200, 50, pointer, Font_11x18, LCD_WHITE, LCD_BLACK);
                               ^~~~~~~
In file included from ../Core/Src/main.c:25:0:
C:/School/Thomas_More_Hogeschool/Practice_Enterprise_2/PE2/Bluetooth_music_box/code/Test/Core/Inc/ili9341.h:74:6: note: expected 'const char *' but argument is of type 'uint8_t * {aka unsigned char *}'
 void LCD_WriteString(uint16_t x, uint16_t y, const char* str, FontDef font, uint16_t color, uint16_t bgcolor);
      ^~~~~~~~~~~~~~~
../Core/Src/main.c:324:9: warning: implicit declaration of function 'LCD_TGetC' [-Wimplicit-function-declaration]
      if(LCD_TGetC(&x, &y)) {
         ^~~~~~~~~
../Core/Src/main.c:208:13: warning: unused variable 'ad_res' [-Wunused-variable]
    uint16_t ad_res = 0;
             ^~~~~~
../Core/Src/main.c:207:8: warning: unused variable 'battery' [-Wunused-variable]
    int battery = "54.89%";
        ^~~~~~~
../Core/Src/main.c: In function 'ledClearBuffer':
../Core/Src/main.c:762:2: warning: implicit declaration of function 'memset' [-Wimplicit-function-declaration]
  memset(ledBuffer, 0, NUM_BYTES);
  ^~~~~~
../Core/Src/main.c:762:2: warning: incompatible implicit declaration of built-in function 'memset'
../Core/Src/main.c:762:2: note: include '<string.h>' or provide a declaration of 'memset'
../Core/Src/main.c: In function 'Test_slider_battery':
../Core/Src/main.c:812:8: warning: right shift count >= width of type [-Wshift-count-overflow]
    if(x>>101 && x<<229 && y>>95 && y<<144){// in range?
        ^~
../Core/Src/main.c:812:18: warning: left shift count >= width of type [-Wshift-count-overflow]
    if(x>>101 && x<<229 && y>>95 && y<<144){// in range?
                  ^~
../Core/Src/main.c:812:18: warning: '<<' in boolean context, did you mean '<' ? [-Wint-in-bool-context]
    if(x>>101 && x<<229 && y>>95 && y<<144){// in range?
                 ~^~~~~
../Core/Src/main.c:812:28: warning: right shift count >= width of type [-Wshift-count-overflow]
    if(x>>101 && x<<229 && y>>95 && y<<144){// in range?
                            ^~
../Core/Src/main.c:812:37: warning: left shift count >= width of type [-Wshift-count-overflow]
    if(x>>101 && x<<229 && y>>95 && y<<144){// in range?
                                     ^~
../Core/Src/main.c:812:37: warning: '<<' in boolean context, did you mean '<' ? [-Wint-in-bool-context]
    if(x>>101 && x<<229 && y>>95 && y<<144){// in range?
                                    ~^~~~~
../Core/Src/main.c:813:9: warning: left shift count >= width of type [-Wshift-count-overflow]
     if(x<<144 && x>>101 && y<<144 && y>>96){
         ^~
../Core/Src/main.c:813:9: warning: '<<' in boolean context, did you mean '<' ? [-Wint-in-bool-context]
     if(x<<144 && x>>101 && y<<144 && y>>96){
        ~^~~~~
../Core/Src/main.c:813:19: warning: right shift count >= width of type [-Wshift-count-overflow]
     if(x<<144 && x>>101 && y<<144 && y>>96){
                   ^~
../Core/Src/main.c:813:29: warning: left shift count >= width of type [-Wshift-count-overflow]
     if(x<<144 && x>>101 && y<<144 && y>>96){
                             ^~
../Core/Src/main.c:813:29: warning: '<<' in boolean context, did you mean '<' ? [-Wint-in-bool-context]
     if(x<<144 && x>>101 && y<<144 && y>>96){
                            ~^~~~~
../Core/Src/main.c:813:39: warning: right shift count >= width of type [-Wshift-count-overflow]
     if(x<<144 && x>>101 && y<<144 && y>>96){
                                       ^~
../Core/Src/main.c:816:14: warning: left shift count >= width of type [-Wshift-count-overflow]
     else if(x<<187 && x>>144 && y<<144 && y>>96){
              ^~
../Core/Src/main.c:816:14: warning: '<<' in boolean context, did you mean '<' ? [-Wint-in-bool-context]
     else if(x<<187 && x>>144 && y<<144 && y>>96){
             ~^~~~~
../Core/Src/main.c:816:24: warning: right shift count >= width of type [-Wshift-count-overflow]
     else if(x<<187 && x>>144 && y<<144 && y>>96){
                        ^~
../Core/Src/main.c:816:34: warning: left shift count >= width of type [-Wshift-count-overflow]
     else if(x<<187 && x>>144 && y<<144 && y>>96){
                                  ^~
../Core/Src/main.c:816:34: warning: '<<' in boolean context, did you mean '<' ? [-Wint-in-bool-context]
     else if(x<<187 && x>>144 && y<<144 && y>>96){
                                 ~^~~~~
../Core/Src/main.c:816:44: warning: right shift count >= width of type [-Wshift-count-overflow]
     else if(x<<187 && x>>144 && y<<144 && y>>96){
                                            ^~
../Core/Src/main.c:819:14: warning: left shift count >= width of type [-Wshift-count-overflow]
     else if(x<<228 && x>>187 && y<<144 && y>>96){
              ^~
../Core/Src/main.c:819:14: warning: '<<' in boolean context, did you mean '<' ? [-Wint-in-bool-context]
     else if(x<<228 && x>>187 && y<<144 && y>>96){
             ~^~~~~
../Core/Src/main.c:819:24: warning: right shift count >= width of type [-Wshift-count-overflow]
     else if(x<<228 && x>>187 && y<<144 && y>>96){
                        ^~
../Core/Src/main.c:819:34: warning: left shift count >= width of type [-Wshift-count-overflow]
     else if(x<<228 && x>>187 && y<<144 && y>>96){
                                  ^~
../Core/Src/main.c:819:34: warning: '<<' in boolean context, did you mean '<' ? [-Wint-in-bool-context]
     else if(x<<228 && x>>187 && y<<144 && y>>96){
                                 ~^~~~~
../Core/Src/main.c:819:44: warning: right shift count >= width of type [-Wshift-count-overflow]
     else if(x<<228 && x>>187 && y<<144 && y>>96){
                                            ^~
Finished building: ../Core/Src/main.c
 
Building target: Test.elf
Invoking: MCU GCC Linker
arm-none-eabi-gcc -mcpu=cortex-m4 -mthumb -mfloat-abi=hard -mfpu=fpv4-sp-d16 -specs=nosys.specs -specs=nano.specs -T"../STM32L443CCTx_FLASH.ld" -Wl,-Map=output.map -Wl,--gc-sections -o "Test.elf" @"objects.list"   -lm
Finished building target: Test.elf
 
make --no-print-directory post-build
Generating hex and Printing size information:
arm-none-eabi-objcopy -O ihex "Test.elf" "Test.hex"
arm-none-eabi-size "Test.elf"
   text	   data	    bss	    dec	    hex	filename
  28504	     56	   2416	  30976	   7900	Test.elf
 
14:47:42 **** Incremental Build of configuration Debug for project Test ****
make -j16 all 
Building file: ../Core/Src/main.c
Invoking: MCU GCC Compiler
C:\School\Thomas_More_Hogeschool\Practice_Enterprise_2\PE2\Bluetooth_music_box\code\Test\Debug
arm-none-eabi-gcc -mcpu=cortex-m4 -mthumb -mfloat-abi=hard -mfpu=fpv4-sp-d16 -DUSE_HAL_DRIVER -DSTM32L443xx -I"C:/School/Thomas_More_Hogeschool/Practice_Enterprise_2/PE2/Bluetooth_music_box/code/Test/Core/Inc" -I"C:/School/Thomas_More_Hogeschool/Practice_Enterprise_2/PE2/Bluetooth_music_box/code/Test/Drivers/STM32L4xx_HAL_Driver/Inc" -I"C:/School/Thomas_More_Hogeschool/Practice_Enterprise_2/PE2/Bluetooth_music_box/code/Test/Drivers/STM32L4xx_HAL_Driver/Inc/Legacy" -I"C:/School/Thomas_More_Hogeschool/Practice_Enterprise_2/PE2/Bluetooth_music_box/code/Test/Drivers/CMSIS/Device/ST/STM32L4xx/Include" -I"C:/School/Thomas_More_Hogeschool/Practice_Enterprise_2/PE2/Bluetooth_music_box/code/Test/Drivers/CMSIS/Include"  -Og -g3 -Wall -fmessage-length=0 -ffunction-sections -c -fmessage-length=0 -MMD -MP -MF"Core/Src/main.d" -MT"Core/Src/main.o" -o "Core/Src/main.o" "../Core/Src/main.c"
../Core/Src/main.c: In function 'main':
../Core/Src/main.c:200:4: warning: implicit declaration of function 'ILI9341_TouchUnselect'; did you mean 'ILI9341_Unselect'? [-Wimplicit-function-declaration]
    ILI9341_TouchUnselect();
    ^~~~~~~~~~~~~~~~~~~~~
    ILI9341_Unselect
../Core/Src/main.c:207:18: warning: initialization makes integer from pointer without a cast [-Wint-conversion]
    int battery = "54.89%";
                  ^~~~~~~~
../Core/Src/main.c:223:6: warning: implicit declaration of function 'itoa' [-Wimplicit-function-declaration]
      itoa(testValue, pointer, 10);// 10 = decimal
      ^~~~
../Core/Src/main.c:224:29: warning: passing argument 4 of 'setLedColor' makes integer from pointer without a cast [-Wint-conversion]
      setLedColor( 12, 0, 0, pointer);
                             ^~~~~~~
../Core/Src/main.c:107:6: note: expected 'uint8_t {aka unsigned char}' but argument is of type 'uint8_t * {aka unsigned char *}'
 void setLedColor(uint8_t ledIndex, uint8_t r, uint8_t g, uint8_t b);
      ^~~~~~~~~~~
../Core/Src/main.c:230:31: warning: pointer targets in passing argument 3 of 'LCD_WriteString' differ in signedness [-Wpointer-sign]
      LCD_WriteString(200, 50, pointer, Font_11x18, LCD_WHITE, LCD_BLACK);
                               ^~~~~~~
In file included from ../Core/Src/main.c:25:0:
C:/School/Thomas_More_Hogeschool/Practice_Enterprise_2/PE2/Bluetooth_music_box/code/Test/Core/Inc/ili9341.h:74:6: note: expected 'const char *' but argument is of type 'uint8_t * {aka unsigned char *}'
 void LCD_WriteString(uint16_t x, uint16_t y, const char* str, FontDef font, uint16_t color, uint16_t bgcolor);
      ^~~~~~~~~~~~~~~
../Core/Src/main.c:320:9: warning: implicit declaration of function 'LCD_TGetC' [-Wimplicit-function-declaration]
      if(LCD_TGetC(&x, &y)) {
         ^~~~~~~~~
../Core/Src/main.c:208:13: warning: unused variable 'ad_res' [-Wunused-variable]
    uint16_t ad_res = 0;
             ^~~~~~
../Core/Src/main.c:207:8: warning: unused variable 'battery' [-Wunused-variable]
    int battery = "54.89%";
        ^~~~~~~
../Core/Src/main.c: In function 'ledClearBuffer':
../Core/Src/main.c:758:2: warning: implicit declaration of function 'memset' [-Wimplicit-function-declaration]
  memset(ledBuffer, 0, NUM_BYTES);
  ^~~~~~
../Core/Src/main.c:758:2: warning: incompatible implicit declaration of built-in function 'memset'
../Core/Src/main.c:758:2: note: include '<string.h>' or provide a declaration of 'memset'
../Core/Src/main.c: In function 'Test_slider_battery':
../Core/Src/main.c:808:8: warning: right shift count >= width of type [-Wshift-count-overflow]
    if(x>>101 && x<<229 && y>>95 && y<<144){// in range?
        ^~
../Core/Src/main.c:808:18: warning: left shift count >= width of type [-Wshift-count-overflow]
    if(x>>101 && x<<229 && y>>95 && y<<144){// in range?
                  ^~
../Core/Src/main.c:808:18: warning: '<<' in boolean context, did you mean '<' ? [-Wint-in-bool-context]
    if(x>>101 && x<<229 && y>>95 && y<<144){// in range?
                 ~^~~~~
../Core/Src/main.c:808:28: warning: right shift count >= width of type [-Wshift-count-overflow]
    if(x>>101 && x<<229 && y>>95 && y<<144){// in range?
                            ^~
../Core/Src/main.c:808:37: warning: left shift count >= width of type [-Wshift-count-overflow]
    if(x>>101 && x<<229 && y>>95 && y<<144){// in range?
                                     ^~
../Core/Src/main.c:808:37: warning: '<<' in boolean context, did you mean '<' ? [-Wint-in-bool-context]
    if(x>>101 && x<<229 && y>>95 && y<<144){// in range?
                                    ~^~~~~
../Core/Src/main.c:809:9: warning: left shift count >= width of type [-Wshift-count-overflow]
     if(x<<144 && x>>101 && y<<144 && y>>96){
         ^~
../Core/Src/main.c:809:9: warning: '<<' in boolean context, did you mean '<' ? [-Wint-in-bool-context]
     if(x<<144 && x>>101 && y<<144 && y>>96){
        ~^~~~~
../Core/Src/main.c:809:19: warning: right shift count >= width of type [-Wshift-count-overflow]
     if(x<<144 && x>>101 && y<<144 && y>>96){
                   ^~
../Core/Src/main.c:809:29: warning: left shift count >= width of type [-Wshift-count-overflow]
     if(x<<144 && x>>101 && y<<144 && y>>96){
                             ^~
../Core/Src/main.c:809:29: warning: '<<' in boolean context, did you mean '<' ? [-Wint-in-bool-context]
     if(x<<144 && x>>101 && y<<144 && y>>96){
                            ~^~~~~
../Core/Src/main.c:809:39: warning: right shift count >= width of type [-Wshift-count-overflow]
     if(x<<144 && x>>101 && y<<144 && y>>96){
                                       ^~
../Core/Src/main.c:812:14: warning: left shift count >= width of type [-Wshift-count-overflow]
     else if(x<<187 && x>>144 && y<<144 && y>>96){
              ^~
../Core/Src/main.c:812:14: warning: '<<' in boolean context, did you mean '<' ? [-Wint-in-bool-context]
     else if(x<<187 && x>>144 && y<<144 && y>>96){
             ~^~~~~
../Core/Src/main.c:812:24: warning: right shift count >= width of type [-Wshift-count-overflow]
     else if(x<<187 && x>>144 && y<<144 && y>>96){
                        ^~
../Core/Src/main.c:812:34: warning: left shift count >= width of type [-Wshift-count-overflow]
     else if(x<<187 && x>>144 && y<<144 && y>>96){
                                  ^~
../Core/Src/main.c:812:34: warning: '<<' in boolean context, did you mean '<' ? [-Wint-in-bool-context]
     else if(x<<187 && x>>144 && y<<144 && y>>96){
                                 ~^~~~~
../Core/Src/main.c:812:44: warning: right shift count >= width of type [-Wshift-count-overflow]
     else if(x<<187 && x>>144 && y<<144 && y>>96){
                                            ^~
../Core/Src/main.c:815:14: warning: left shift count >= width of type [-Wshift-count-overflow]
     else if(x<<228 && x>>187 && y<<144 && y>>96){
              ^~
../Core/Src/main.c:815:14: warning: '<<' in boolean context, did you mean '<' ? [-Wint-in-bool-context]
     else if(x<<228 && x>>187 && y<<144 && y>>96){
             ~^~~~~
../Core/Src/main.c:815:24: warning: right shift count >= width of type [-Wshift-count-overflow]
     else if(x<<228 && x>>187 && y<<144 && y>>96){
                        ^~
../Core/Src/main.c:815:34: warning: left shift count >= width of type [-Wshift-count-overflow]
     else if(x<<228 && x>>187 && y<<144 && y>>96){
                                  ^~
../Core/Src/main.c:815:34: warning: '<<' in boolean context, did you mean '<' ? [-Wint-in-bool-context]
     else if(x<<228 && x>>187 && y<<144 && y>>96){
                                 ~^~~~~
../Core/Src/main.c:815:44: warning: right shift count >= width of type [-Wshift-count-overflow]
     else if(x<<228 && x>>187 && y<<144 && y>>96){
                                            ^~
Finished building: ../Core/Src/main.c
 
Building target: Test.elf
Invoking: MCU GCC Linker
arm-none-eabi-gcc -mcpu=cortex-m4 -mthumb -mfloat-abi=hard -mfpu=fpv4-sp-d16 -specs=nosys.specs -specs=nano.specs -T"../STM32L443CCTx_FLASH.ld" -Wl,-Map=output.map -Wl,--gc-sections -o "Test.elf" @"objects.list"   -lm
Finished building target: Test.elf
 
make --no-print-directory post-build
Generating hex and Printing size information:
arm-none-eabi-objcopy -O ihex "Test.elf" "Test.hex"
arm-none-eabi-size "Test.elf"
   text	   data	    bss	    dec	    hex	filename
  28504	     56	   2416	  30976	   7900	Test.elf
 
14:49:01 **** Incremental Build of configuration Debug for project Test ****
make -j16 all 
Building file: ../Core/Src/main.c
Invoking: MCU GCC Compiler
C:\School\Thomas_More_Hogeschool\Practice_Enterprise_2\PE2\Bluetooth_music_box\code\Test\Debug
arm-none-eabi-gcc -mcpu=cortex-m4 -mthumb -mfloat-abi=hard -mfpu=fpv4-sp-d16 -DUSE_HAL_DRIVER -DSTM32L443xx -I"C:/School/Thomas_More_Hogeschool/Practice_Enterprise_2/PE2/Bluetooth_music_box/code/Test/Core/Inc" -I"C:/School/Thomas_More_Hogeschool/Practice_Enterprise_2/PE2/Bluetooth_music_box/code/Test/Drivers/STM32L4xx_HAL_Driver/Inc" -I"C:/School/Thomas_More_Hogeschool/Practice_Enterprise_2/PE2/Bluetooth_music_box/code/Test/Drivers/STM32L4xx_HAL_Driver/Inc/Legacy" -I"C:/School/Thomas_More_Hogeschool/Practice_Enterprise_2/PE2/Bluetooth_music_box/code/Test/Drivers/CMSIS/Device/ST/STM32L4xx/Include" -I"C:/School/Thomas_More_Hogeschool/Practice_Enterprise_2/PE2/Bluetooth_music_box/code/Test/Drivers/CMSIS/Include"  -Og -g3 -Wall -fmessage-length=0 -ffunction-sections -c -fmessage-length=0 -MMD -MP -MF"Core/Src/main.d" -MT"Core/Src/main.o" -o "Core/Src/main.o" "../Core/Src/main.c"
../Core/Src/main.c: In function 'main':
../Core/Src/main.c:200:4: warning: implicit declaration of function 'ILI9341_TouchUnselect'; did you mean 'ILI9341_Unselect'? [-Wimplicit-function-declaration]
    ILI9341_TouchUnselect();
    ^~~~~~~~~~~~~~~~~~~~~
    ILI9341_Unselect
../Core/Src/main.c:207:18: warning: initialization makes integer from pointer without a cast [-Wint-conversion]
    int battery = "54.89%";
                  ^~~~~~~~
../Core/Src/main.c:223:6: warning: implicit declaration of function 'itoa' [-Wimplicit-function-declaration]
      itoa(testValue, pointer, 10);// 10 = decimal
      ^~~~
../Core/Src/main.c:224:29: warning: passing argument 4 of 'setLedColor' makes integer from pointer without a cast [-Wint-conversion]
      setLedColor( 12, 0, 0, pointer);
                             ^~~~~~~
../Core/Src/main.c:107:6: note: expected 'uint8_t {aka unsigned char}' but argument is of type 'uint8_t * {aka unsigned char *}'
 void setLedColor(uint8_t ledIndex, uint8_t r, uint8_t g, uint8_t b);
      ^~~~~~~~~~~
../Core/Src/main.c:230:32: warning: pointer targets in passing argument 3 of 'LCD_WriteString' differ in signedness [-Wpointer-sign]
      LCD_WriteString(155, 100, pointer, Font_11x18, LCD_WHITE, LCD_BLACK);
                                ^~~~~~~
In file included from ../Core/Src/main.c:25:0:
C:/School/Thomas_More_Hogeschool/Practice_Enterprise_2/PE2/Bluetooth_music_box/code/Test/Core/Inc/ili9341.h:74:6: note: expected 'const char *' but argument is of type 'uint8_t * {aka unsigned char *}'
 void LCD_WriteString(uint16_t x, uint16_t y, const char* str, FontDef font, uint16_t color, uint16_t bgcolor);
      ^~~~~~~~~~~~~~~
../Core/Src/main.c:320:9: warning: implicit declaration of function 'LCD_TGetC' [-Wimplicit-function-declaration]
      if(LCD_TGetC(&x, &y)) {
         ^~~~~~~~~
../Core/Src/main.c:208:13: warning: unused variable 'ad_res' [-Wunused-variable]
    uint16_t ad_res = 0;
             ^~~~~~
../Core/Src/main.c:207:8: warning: unused variable 'battery' [-Wunused-variable]
    int battery = "54.89%";
        ^~~~~~~
../Core/Src/main.c: In function 'ledClearBuffer':
../Core/Src/main.c:758:2: warning: implicit declaration of function 'memset' [-Wimplicit-function-declaration]
  memset(ledBuffer, 0, NUM_BYTES);
  ^~~~~~
../Core/Src/main.c:758:2: warning: incompatible implicit declaration of built-in function 'memset'
../Core/Src/main.c:758:2: note: include '<string.h>' or provide a declaration of 'memset'
../Core/Src/main.c: In function 'Test_slider_battery':
../Core/Src/main.c:808:8: warning: right shift count >= width of type [-Wshift-count-overflow]
    if(x>>101 && x<<229 && y>>95 && y<<144){// in range?
        ^~
../Core/Src/main.c:808:18: warning: left shift count >= width of type [-Wshift-count-overflow]
    if(x>>101 && x<<229 && y>>95 && y<<144){// in range?
                  ^~
../Core/Src/main.c:808:18: warning: '<<' in boolean context, did you mean '<' ? [-Wint-in-bool-context]
    if(x>>101 && x<<229 && y>>95 && y<<144){// in range?
                 ~^~~~~
../Core/Src/main.c:808:28: warning: right shift count >= width of type [-Wshift-count-overflow]
    if(x>>101 && x<<229 && y>>95 && y<<144){// in range?
                            ^~
../Core/Src/main.c:808:37: warning: left shift count >= width of type [-Wshift-count-overflow]
    if(x>>101 && x<<229 && y>>95 && y<<144){// in range?
                                     ^~
../Core/Src/main.c:808:37: warning: '<<' in boolean context, did you mean '<' ? [-Wint-in-bool-context]
    if(x>>101 && x<<229 && y>>95 && y<<144){// in range?
                                    ~^~~~~
../Core/Src/main.c:809:9: warning: left shift count >= width of type [-Wshift-count-overflow]
     if(x<<144 && x>>101 && y<<144 && y>>96){
         ^~
../Core/Src/main.c:809:9: warning: '<<' in boolean context, did you mean '<' ? [-Wint-in-bool-context]
     if(x<<144 && x>>101 && y<<144 && y>>96){
        ~^~~~~
../Core/Src/main.c:809:19: warning: right shift count >= width of type [-Wshift-count-overflow]
     if(x<<144 && x>>101 && y<<144 && y>>96){
                   ^~
../Core/Src/main.c:809:29: warning: left shift count >= width of type [-Wshift-count-overflow]
     if(x<<144 && x>>101 && y<<144 && y>>96){
                             ^~
../Core/Src/main.c:809:29: warning: '<<' in boolean context, did you mean '<' ? [-Wint-in-bool-context]
     if(x<<144 && x>>101 && y<<144 && y>>96){
                            ~^~~~~
../Core/Src/main.c:809:39: warning: right shift count >= width of type [-Wshift-count-overflow]
     if(x<<144 && x>>101 && y<<144 && y>>96){
                                       ^~
../Core/Src/main.c:812:14: warning: left shift count >= width of type [-Wshift-count-overflow]
     else if(x<<187 && x>>144 && y<<144 && y>>96){
              ^~
../Core/Src/main.c:812:14: warning: '<<' in boolean context, did you mean '<' ? [-Wint-in-bool-context]
     else if(x<<187 && x>>144 && y<<144 && y>>96){
             ~^~~~~
../Core/Src/main.c:812:24: warning: right shift count >= width of type [-Wshift-count-overflow]
     else if(x<<187 && x>>144 && y<<144 && y>>96){
                        ^~
../Core/Src/main.c:812:34: warning: left shift count >= width of type [-Wshift-count-overflow]
     else if(x<<187 && x>>144 && y<<144 && y>>96){
                                  ^~
../Core/Src/main.c:812:34: warning: '<<' in boolean context, did you mean '<' ? [-Wint-in-bool-context]
     else if(x<<187 && x>>144 && y<<144 && y>>96){
                                 ~^~~~~
../Core/Src/main.c:812:44: warning: right shift count >= width of type [-Wshift-count-overflow]
     else if(x<<187 && x>>144 && y<<144 && y>>96){
                                            ^~
../Core/Src/main.c:815:14: warning: left shift count >= width of type [-Wshift-count-overflow]
     else if(x<<228 && x>>187 && y<<144 && y>>96){
              ^~
../Core/Src/main.c:815:14: warning: '<<' in boolean context, did you mean '<' ? [-Wint-in-bool-context]
     else if(x<<228 && x>>187 && y<<144 && y>>96){
             ~^~~~~
../Core/Src/main.c:815:24: warning: right shift count >= width of type [-Wshift-count-overflow]
     else if(x<<228 && x>>187 && y<<144 && y>>96){
                        ^~
../Core/Src/main.c:815:34: warning: left shift count >= width of type [-Wshift-count-overflow]
     else if(x<<228 && x>>187 && y<<144 && y>>96){
                                  ^~
../Core/Src/main.c:815:34: warning: '<<' in boolean context, did you mean '<' ? [-Wint-in-bool-context]
     else if(x<<228 && x>>187 && y<<144 && y>>96){
                                 ~^~~~~
../Core/Src/main.c:815:44: warning: right shift count >= width of type [-Wshift-count-overflow]
     else if(x<<228 && x>>187 && y<<144 && y>>96){
                                            ^~
Finished building: ../Core/Src/main.c
 
Building target: Test.elf
Invoking: MCU GCC Linker
arm-none-eabi-gcc -mcpu=cortex-m4 -mthumb -mfloat-abi=hard -mfpu=fpv4-sp-d16 -specs=nosys.specs -specs=nano.specs -T"../STM32L443CCTx_FLASH.ld" -Wl,-Map=output.map -Wl,--gc-sections -o "Test.elf" @"objects.list"   -lm
Finished building target: Test.elf
 
make --no-print-directory post-build
Generating hex and Printing size information:
arm-none-eabi-objcopy -O ihex "Test.elf" "Test.hex"
arm-none-eabi-size "Test.elf"
   text	   data	    bss	    dec	    hex	filename
  28504	     56	   2416	  30976	   7900	Test.elf
 
14:49:57 **** Incremental Build of configuration Debug for project Test ****
make -j16 all 
Building file: ../Core/Src/main.c
Invoking: MCU GCC Compiler
C:\School\Thomas_More_Hogeschool\Practice_Enterprise_2\PE2\Bluetooth_music_box\code\Test\Debug
arm-none-eabi-gcc -mcpu=cortex-m4 -mthumb -mfloat-abi=hard -mfpu=fpv4-sp-d16 -DUSE_HAL_DRIVER -DSTM32L443xx -I"C:/School/Thomas_More_Hogeschool/Practice_Enterprise_2/PE2/Bluetooth_music_box/code/Test/Core/Inc" -I"C:/School/Thomas_More_Hogeschool/Practice_Enterprise_2/PE2/Bluetooth_music_box/code/Test/Drivers/STM32L4xx_HAL_Driver/Inc" -I"C:/School/Thomas_More_Hogeschool/Practice_Enterprise_2/PE2/Bluetooth_music_box/code/Test/Drivers/STM32L4xx_HAL_Driver/Inc/Legacy" -I"C:/School/Thomas_More_Hogeschool/Practice_Enterprise_2/PE2/Bluetooth_music_box/code/Test/Drivers/CMSIS/Device/ST/STM32L4xx/Include" -I"C:/School/Thomas_More_Hogeschool/Practice_Enterprise_2/PE2/Bluetooth_music_box/code/Test/Drivers/CMSIS/Include"  -Og -g3 -Wall -fmessage-length=0 -ffunction-sections -c -fmessage-length=0 -MMD -MP -MF"Core/Src/main.d" -MT"Core/Src/main.o" -o "Core/Src/main.o" "../Core/Src/main.c"
../Core/Src/main.c: In function 'main':
../Core/Src/main.c:200:4: warning: implicit declaration of function 'ILI9341_TouchUnselect'; did you mean 'ILI9341_Unselect'? [-Wimplicit-function-declaration]
    ILI9341_TouchUnselect();
    ^~~~~~~~~~~~~~~~~~~~~
    ILI9341_Unselect
../Core/Src/main.c:207:18: warning: initialization makes integer from pointer without a cast [-Wint-conversion]
    int battery = "54.89%";
                  ^~~~~~~~
../Core/Src/main.c:223:6: warning: implicit declaration of function 'itoa' [-Wimplicit-function-declaration]
      itoa(testValue, pointer, 10);// 10 = decimal
      ^~~~
../Core/Src/main.c:224:29: warning: passing argument 4 of 'setLedColor' makes integer from pointer without a cast [-Wint-conversion]
      setLedColor( 12, 0, 0, pointer);
                             ^~~~~~~
../Core/Src/main.c:107:6: note: expected 'uint8_t {aka unsigned char}' but argument is of type 'uint8_t * {aka unsigned char *}'
 void setLedColor(uint8_t ledIndex, uint8_t r, uint8_t g, uint8_t b);
      ^~~~~~~~~~~
../Core/Src/main.c:230:32: warning: pointer targets in passing argument 3 of 'LCD_WriteString' differ in signedness [-Wpointer-sign]
      LCD_WriteString(150, 110, pointer, Font_11x18, LCD_WHITE, LCD_BLACK);
                                ^~~~~~~
In file included from ../Core/Src/main.c:25:0:
C:/School/Thomas_More_Hogeschool/Practice_Enterprise_2/PE2/Bluetooth_music_box/code/Test/Core/Inc/ili9341.h:74:6: note: expected 'const char *' but argument is of type 'uint8_t * {aka unsigned char *}'
 void LCD_WriteString(uint16_t x, uint16_t y, const char* str, FontDef font, uint16_t color, uint16_t bgcolor);
      ^~~~~~~~~~~~~~~
../Core/Src/main.c:320:9: warning: implicit declaration of function 'LCD_TGetC' [-Wimplicit-function-declaration]
      if(LCD_TGetC(&x, &y)) {
         ^~~~~~~~~
../Core/Src/main.c:208:13: warning: unused variable 'ad_res' [-Wunused-variable]
    uint16_t ad_res = 0;
             ^~~~~~
../Core/Src/main.c:207:8: warning: unused variable 'battery' [-Wunused-variable]
    int battery = "54.89%";
        ^~~~~~~
../Core/Src/main.c: In function 'ledClearBuffer':
../Core/Src/main.c:758:2: warning: implicit declaration of function 'memset' [-Wimplicit-function-declaration]
  memset(ledBuffer, 0, NUM_BYTES);
  ^~~~~~
../Core/Src/main.c:758:2: warning: incompatible implicit declaration of built-in function 'memset'
../Core/Src/main.c:758:2: note: include '<string.h>' or provide a declaration of 'memset'
../Core/Src/main.c: In function 'Test_slider_battery':
../Core/Src/main.c:808:8: warning: right shift count >= width of type [-Wshift-count-overflow]
    if(x>>101 && x<<229 && y>>95 && y<<144){// in range?
        ^~
../Core/Src/main.c:808:18: warning: left shift count >= width of type [-Wshift-count-overflow]
    if(x>>101 && x<<229 && y>>95 && y<<144){// in range?
                  ^~
../Core/Src/main.c:808:18: warning: '<<' in boolean context, did you mean '<' ? [-Wint-in-bool-context]
    if(x>>101 && x<<229 && y>>95 && y<<144){// in range?
                 ~^~~~~
../Core/Src/main.c:808:28: warning: right shift count >= width of type [-Wshift-count-overflow]
    if(x>>101 && x<<229 && y>>95 && y<<144){// in range?
                            ^~
../Core/Src/main.c:808:37: warning: left shift count >= width of type [-Wshift-count-overflow]
    if(x>>101 && x<<229 && y>>95 && y<<144){// in range?
                                     ^~
../Core/Src/main.c:808:37: warning: '<<' in boolean context, did you mean '<' ? [-Wint-in-bool-context]
    if(x>>101 && x<<229 && y>>95 && y<<144){// in range?
                                    ~^~~~~
../Core/Src/main.c:809:9: warning: left shift count >= width of type [-Wshift-count-overflow]
     if(x<<144 && x>>101 && y<<144 && y>>96){
         ^~
../Core/Src/main.c:809:9: warning: '<<' in boolean context, did you mean '<' ? [-Wint-in-bool-context]
     if(x<<144 && x>>101 && y<<144 && y>>96){
        ~^~~~~
../Core/Src/main.c:809:19: warning: right shift count >= width of type [-Wshift-count-overflow]
     if(x<<144 && x>>101 && y<<144 && y>>96){
                   ^~
../Core/Src/main.c:809:29: warning: left shift count >= width of type [-Wshift-count-overflow]
     if(x<<144 && x>>101 && y<<144 && y>>96){
                             ^~
../Core/Src/main.c:809:29: warning: '<<' in boolean context, did you mean '<' ? [-Wint-in-bool-context]
     if(x<<144 && x>>101 && y<<144 && y>>96){
                            ~^~~~~
../Core/Src/main.c:809:39: warning: right shift count >= width of type [-Wshift-count-overflow]
     if(x<<144 && x>>101 && y<<144 && y>>96){
                                       ^~
../Core/Src/main.c:812:14: warning: left shift count >= width of type [-Wshift-count-overflow]
     else if(x<<187 && x>>144 && y<<144 && y>>96){
              ^~
../Core/Src/main.c:812:14: warning: '<<' in boolean context, did you mean '<' ? [-Wint-in-bool-context]
     else if(x<<187 && x>>144 && y<<144 && y>>96){
             ~^~~~~
../Core/Src/main.c:812:24: warning: right shift count >= width of type [-Wshift-count-overflow]
     else if(x<<187 && x>>144 && y<<144 && y>>96){
                        ^~
../Core/Src/main.c:812:34: warning: left shift count >= width of type [-Wshift-count-overflow]
     else if(x<<187 && x>>144 && y<<144 && y>>96){
                                  ^~
../Core/Src/main.c:812:34: warning: '<<' in boolean context, did you mean '<' ? [-Wint-in-bool-context]
     else if(x<<187 && x>>144 && y<<144 && y>>96){
                                 ~^~~~~
../Core/Src/main.c:812:44: warning: right shift count >= width of type [-Wshift-count-overflow]
     else if(x<<187 && x>>144 && y<<144 && y>>96){
                                            ^~
../Core/Src/main.c:815:14: warning: left shift count >= width of type [-Wshift-count-overflow]
     else if(x<<228 && x>>187 && y<<144 && y>>96){
              ^~
../Core/Src/main.c:815:14: warning: '<<' in boolean context, did you mean '<' ? [-Wint-in-bool-context]
     else if(x<<228 && x>>187 && y<<144 && y>>96){
             ~^~~~~
../Core/Src/main.c:815:24: warning: right shift count >= width of type [-Wshift-count-overflow]
     else if(x<<228 && x>>187 && y<<144 && y>>96){
                        ^~
../Core/Src/main.c:815:34: warning: left shift count >= width of type [-Wshift-count-overflow]
     else if(x<<228 && x>>187 && y<<144 && y>>96){
                                  ^~
../Core/Src/main.c:815:34: warning: '<<' in boolean context, did you mean '<' ? [-Wint-in-bool-context]
     else if(x<<228 && x>>187 && y<<144 && y>>96){
                                 ~^~~~~
../Core/Src/main.c:815:44: warning: right shift count >= width of type [-Wshift-count-overflow]
     else if(x<<228 && x>>187 && y<<144 && y>>96){
                                            ^~
Finished building: ../Core/Src/main.c
 
Building target: Test.elf
Invoking: MCU GCC Linker
arm-none-eabi-gcc -mcpu=cortex-m4 -mthumb -mfloat-abi=hard -mfpu=fpv4-sp-d16 -specs=nosys.specs -specs=nano.specs -T"../STM32L443CCTx_FLASH.ld" -Wl,-Map=output.map -Wl,--gc-sections -o "Test.elf" @"objects.list"   -lm
Finished building target: Test.elf
 
make --no-print-directory post-build
Generating hex and Printing size information:
arm-none-eabi-objcopy -O ihex "Test.elf" "Test.hex"
arm-none-eabi-size "Test.elf"
   text	   data	    bss	    dec	    hex	filename
  28504	     56	   2416	  30976	   7900	Test.elf
 
14:51:57 **** Incremental Build of configuration Debug for project Test ****
make -j16 all 
Building file: ../Core/Src/main.c
Invoking: MCU GCC Compiler
C:\School\Thomas_More_Hogeschool\Practice_Enterprise_2\PE2\Bluetooth_music_box\code\Test\Debug
arm-none-eabi-gcc -mcpu=cortex-m4 -mthumb -mfloat-abi=hard -mfpu=fpv4-sp-d16 -DUSE_HAL_DRIVER -DSTM32L443xx -I"C:/School/Thomas_More_Hogeschool/Practice_Enterprise_2/PE2/Bluetooth_music_box/code/Test/Core/Inc" -I"C:/School/Thomas_More_Hogeschool/Practice_Enterprise_2/PE2/Bluetooth_music_box/code/Test/Drivers/STM32L4xx_HAL_Driver/Inc" -I"C:/School/Thomas_More_Hogeschool/Practice_Enterprise_2/PE2/Bluetooth_music_box/code/Test/Drivers/STM32L4xx_HAL_Driver/Inc/Legacy" -I"C:/School/Thomas_More_Hogeschool/Practice_Enterprise_2/PE2/Bluetooth_music_box/code/Test/Drivers/CMSIS/Device/ST/STM32L4xx/Include" -I"C:/School/Thomas_More_Hogeschool/Practice_Enterprise_2/PE2/Bluetooth_music_box/code/Test/Drivers/CMSIS/Include"  -Og -g3 -Wall -fmessage-length=0 -ffunction-sections -c -fmessage-length=0 -MMD -MP -MF"Core/Src/main.d" -MT"Core/Src/main.o" -o "Core/Src/main.o" "../Core/Src/main.c"
../Core/Src/main.c: In function 'main':
../Core/Src/main.c:200:4: warning: implicit declaration of function 'ILI9341_TouchUnselect'; did you mean 'ILI9341_Unselect'? [-Wimplicit-function-declaration]
    ILI9341_TouchUnselect();
    ^~~~~~~~~~~~~~~~~~~~~
    ILI9341_Unselect
../Core/Src/main.c:207:18: warning: initialization makes integer from pointer without a cast [-Wint-conversion]
    int battery = "54.89%";
                  ^~~~~~~~
../Core/Src/main.c:223:6: warning: implicit declaration of function 'itoa' [-Wimplicit-function-declaration]
      itoa(testValue, pointer, 10);// 10 = decimal
      ^~~~
../Core/Src/main.c:224:29: warning: passing argument 4 of 'setLedColor' makes integer from pointer without a cast [-Wint-conversion]
      setLedColor( 12, 0, 0, pointer);
                             ^~~~~~~
../Core/Src/main.c:107:6: note: expected 'uint8_t {aka unsigned char}' but argument is of type 'uint8_t * {aka unsigned char *}'
 void setLedColor(uint8_t ledIndex, uint8_t r, uint8_t g, uint8_t b);
      ^~~~~~~~~~~
[...]
                                       ^~
../Core/Src/main.c:835:14: warning: left shift count >= width of type [-Wshift-count-overflow]
     else if(x<<187 && x>>144 && y<<144 && y>>96){
              ^~
../Core/Src/main.c:835:14: warning: '<<' in boolean context, did you mean '<' ? [-Wint-in-bool-context]
     else if(x<<187 && x>>144 && y<<144 && y>>96){
             ~^~~~~
../Core/Src/main.c:835:24: warning: right shift count >= width of type [-Wshift-count-overflow]
     else if(x<<187 && x>>144 && y<<144 && y>>96){
                        ^~
../Core/Src/main.c:835:34: warning: left shift count >= width of type [-Wshift-count-overflow]
     else if(x<<187 && x>>144 && y<<144 && y>>96){
                                  ^~
../Core/Src/main.c:835:34: warning: '<<' in boolean context, did you mean '<' ? [-Wint-in-bool-context]
     else if(x<<187 && x>>144 && y<<144 && y>>96){
                                 ~^~~~~
../Core/Src/main.c:835:44: warning: right shift count >= width of type [-Wshift-count-overflow]
     else if(x<<187 && x>>144 && y<<144 && y>>96){
                                            ^~
../Core/Src/main.c:838:14: warning: left shift count >= width of type [-Wshift-count-overflow]
     else if(x<<228 && x>>187 && y<<144 && y>>96){
              ^~
../Core/Src/main.c:838:14: warning: '<<' in boolean context, did you mean '<' ? [-Wint-in-bool-context]
     else if(x<<228 && x>>187 && y<<144 && y>>96){
             ~^~~~~
../Core/Src/main.c:838:24: warning: right shift count >= width of type [-Wshift-count-overflow]
     else if(x<<228 && x>>187 && y<<144 && y>>96){
                        ^~
../Core/Src/main.c:838:34: warning: left shift count >= width of type [-Wshift-count-overflow]
     else if(x<<228 && x>>187 && y<<144 && y>>96){
                                  ^~
../Core/Src/main.c:838:34: warning: '<<' in boolean context, did you mean '<' ? [-Wint-in-bool-context]
     else if(x<<228 && x>>187 && y<<144 && y>>96){
                                 ~^~~~~
../Core/Src/main.c:838:44: warning: right shift count >= width of type [-Wshift-count-overflow]
     else if(x<<228 && x>>187 && y<<144 && y>>96){
                                            ^~
Finished building: ../Core/Src/main.c
 
Building target: Test.elf
Invoking: MCU GCC Linker
arm-none-eabi-gcc -mcpu=cortex-m4 -mthumb -mfloat-abi=hard -mfpu=fpv4-sp-d16 -specs=nosys.specs -specs=nano.specs -T"../STM32L443CCTx_FLASH.ld" -Wl,-Map=output.map -Wl,--gc-sections -o "Test.elf" @"objects.list"   -lm
Finished building target: Test.elf
 
make --no-print-directory post-build
Generating hex and Printing size information:
arm-none-eabi-objcopy -O ihex "Test.elf" "Test.hex"
arm-none-eabi-size "Test.elf"
   text	   data	    bss	    dec	    hex	filename
  28608	     56	   2424	  31088	   7970	Test.elf
 
15:57:49 **** Incremental Build of configuration Debug for project Test ****
make -j16 all 
Building file: ../Core/Src/main.c
Invoking: MCU GCC Compiler
C:\School\Thomas_More_Hogeschool\Practice_Enterprise_2\PE2\Bluetooth_music_box\code\Test\Debug
arm-none-eabi-gcc -mcpu=cortex-m4 -mthumb -mfloat-abi=hard -mfpu=fpv4-sp-d16 -DUSE_HAL_DRIVER -DSTM32L443xx -I"C:/School/Thomas_More_Hogeschool/Practice_Enterprise_2/PE2/Bluetooth_music_box/code/Test/Core/Inc" -I"C:/School/Thomas_More_Hogeschool/Practice_Enterprise_2/PE2/Bluetooth_music_box/code/Test/Drivers/STM32L4xx_HAL_Driver/Inc" -I"C:/School/Thomas_More_Hogeschool/Practice_Enterprise_2/PE2/Bluetooth_music_box/code/Test/Drivers/STM32L4xx_HAL_Driver/Inc/Legacy" -I"C:/School/Thomas_More_Hogeschool/Practice_Enterprise_2/PE2/Bluetooth_music_box/code/Test/Drivers/CMSIS/Device/ST/STM32L4xx/Include" -I"C:/School/Thomas_More_Hogeschool/Practice_Enterprise_2/PE2/Bluetooth_music_box/code/Test/Drivers/CMSIS/Include"  -Og -g3 -Wall -fmessage-length=0 -ffunction-sections -c -fmessage-length=0 -MMD -MP -MF"Core/Src/main.d" -MT"Core/Src/main.o" -o "Core/Src/main.o" "../Core/Src/main.c"
../Core/Src/main.c: In function 'main':
../Core/Src/main.c:203:4: warning: implicit declaration of function 'ILI9341_TouchUnselect'; did you mean 'ILI9341_Unselect'? [-Wimplicit-function-declaration]
    ILI9341_TouchUnselect();
    ^~~~~~~~~~~~~~~~~~~~~
    ILI9341_Unselect
../Core/Src/main.c:210:18: warning: initialization makes integer from pointer without a cast [-Wint-conversion]
    int battery = "54.89%";
                  ^~~~~~~~
../Core/Src/main.c:227:6: warning: implicit declaration of function 'itoa' [-Wimplicit-function-declaration]
      itoa(testValue, pointer, 10);// 10 = decimal
      ^~~~
../Core/Src/main.c:229:29: warning: passing argument 4 of 'setLedColor' makes integer from pointer without a cast [-Wint-conversion]
       setLedColor( 2, 0, 0, pointer);
                             ^~~~~~~
../Core/Src/main.c:110:6: note: expected 'uint8_t {aka unsigned char}' but argument is of type 'uint8_t * {aka unsigned char *}'
 void setLedColor(uint8_t ledIndex, uint8_t r, uint8_t g, uint8_t b);
      ^~~~~~~~~~~
../Core/Src/main.c:237:32: warning: pointer targets in passing argument 3 of 'LCD_WriteString' differ in signedness [-Wpointer-sign]
      LCD_WriteString(150, 110, pointer, Font_11x18, LCD_WHITE, LCD_BLACK);
                                ^~~~~~~
In file included from ../Core/Src/main.c:25:0:
C:/School/Thomas_More_Hogeschool/Practice_Enterprise_2/PE2/Bluetooth_music_box/code/Test/Core/Inc/ili9341.h:74:6: note: expected 'const char *' but argument is of type 'uint8_t * {aka unsigned char *}'
 void LCD_WriteString(uint16_t x, uint16_t y, const char* str, FontDef font, uint16_t color, uint16_t bgcolor);
      ^~~~~~~~~~~~~~~
../Core/Src/main.c:337:9: warning: implicit declaration of function 'LCD_TGetC' [-Wimplicit-function-declaration]
      if(LCD_TGetC(&x, &y)) {
         ^~~~~~~~~
../Core/Src/main.c:211:13: warning: unused variable 'ad_res' [-Wunused-variable]
    uint16_t ad_res = 0;
             ^~~~~~
../Core/Src/main.c:210:8: warning: unused variable 'battery' [-Wunused-variable]
    int battery = "54.89%";
        ^~~~~~~
../Core/Src/main.c: In function 'ledClearBuffer':
../Core/Src/main.c:781:2: warning: implicit declaration of function 'memset' [-Wimplicit-function-declaration]
  memset(ledBuffer, 0, NUM_BYTES);
  ^~~~~~
../Core/Src/main.c:781:2: warning: incompatible implicit declaration of built-in function 'memset'
../Core/Src/main.c:781:2: note: include '<string.h>' or provide a declaration of 'memset'
../Core/Src/main.c: In function 'Test_slider_battery':
../Core/Src/main.c:831:8: warning: right shift count >= width of type [-Wshift-count-overflow]
    if(x>>101 && x<<229 && y>>95 && y<<144){// in range?
        ^~
../Core/Src/main.c:831:18: warning: left shift count >= width of type [-Wshift-count-overflow]
    if(x>>101 && x<<229 && y>>95 && y<<144){// in range?
                  ^~
../Core/Src/main.c:831:18: warning: '<<' in boolean context, did you mean '<' ? [-Wint-in-bool-context]
    if(x>>101 && x<<229 && y>>95 && y<<144){// in range?
                 ~^~~~~
../Core/Src/main.c:831:28: warning: right shift count >= width of type [-Wshift-count-overflow]
    if(x>>101 && x<<229 && y>>95 && y<<144){// in range?
                            ^~
../Core/Src/main.c:831:37: warning: left shift count >= width of type [-Wshift-count-overflow]
    if(x>>101 && x<<229 && y>>95 && y<<144){// in range?
                                     ^~
../Core/Src/main.c:831:37: warning: '<<' in boolean context, did you mean '<' ? [-Wint-in-bool-context]
    if(x>>101 && x<<229 && y>>95 && y<<144){// in range?
                                    ~^~~~~
../Core/Src/main.c:832:9: warning: left shift count >= width of type [-Wshift-count-overflow]
     if(x<<144 && x>>101 && y<<144 && y>>96){
         ^~
../Core/Src/main.c:832:9: warning: '<<' in boolean context, did you mean '<' ? [-Wint-in-bool-context]
     if(x<<144 && x>>101 && y<<144 && y>>96){
        ~^~~~~
../Core/Src/main.c:832:19: warning: right shift count >= width of type [-Wshift-count-overflow]
     if(x<<144 && x>>101 && y<<144 && y>>96){
                   ^~
../Core/Src/main.c:832:29: warning: left shift count >= width of type [-Wshift-count-overflow]
     if(x<<144 && x>>101 && y<<144 && y>>96){
                             ^~
../Core/Src/main.c:832:29: warning: '<<' in boolean context, did you mean '<' ? [-Wint-in-bool-context]
     if(x<<144 && x>>101 && y<<144 && y>>96){
                            ~^~~~~
../Core/Src/main.c:832:39: warning: right shift count >= width of type [-Wshift-count-overflow]
     if(x<<144 && x>>101 && y<<144 && y>>96){
                                       ^~
../Core/Src/main.c:835:14: warning: left shift count >= width of type [-Wshift-count-overflow]
     else if(x<<187 && x>>144 && y<<144 && y>>96){
              ^~
../Core/Src/main.c:835:14: warning: '<<' in boolean context, did you mean '<' ? [-Wint-in-bool-context]
     else if(x<<187 && x>>144 && y<<144 && y>>96){
             ~^~~~~
../Core/Src/main.c:835:24: warning: right shift count >= width of type [-Wshift-count-overflow]
     else if(x<<187 && x>>144 && y<<144 && y>>96){
                        ^~
../Core/Src/main.c:835:34: warning: left shift count >= width of type [-Wshift-count-overflow]
     else if(x<<187 && x>>144 && y<<144 && y>>96){
                                  ^~
../Core/Src/main.c:835:34: warning: '<<' in boolean context, did you mean '<' ? [-Wint-in-bool-context]
     else if(x<<187 && x>>144 && y<<144 && y>>96){
                                 ~^~~~~
../Core/Src/main.c:835:44: warning: right shift count >= width of type [-Wshift-count-overflow]
     else if(x<<187 && x>>144 && y<<144 && y>>96){
                                            ^~
../Core/Src/main.c:838:14: warning: left shift count >= width of type [-Wshift-count-overflow]
     else if(x<<228 && x>>187 && y<<144 && y>>96){
              ^~
../Core/Src/main.c:838:14: warning: '<<' in boolean context, did you mean '<' ? [-Wint-in-bool-context]
     else if(x<<228 && x>>187 && y<<144 && y>>96){
             ~^~~~~
../Core/Src/main.c:838:24: warning: right shift count >= width of type [-Wshift-count-overflow]
     else if(x<<228 && x>>187 && y<<144 && y>>96){
                        ^~
../Core/Src/main.c:838:34: warning: left shift count >= width of type [-Wshift-count-overflow]
     else if(x<<228 && x>>187 && y<<144 && y>>96){
                                  ^~
../Core/Src/main.c:838:34: warning: '<<' in boolean context, did you mean '<' ? [-Wint-in-bool-context]
     else if(x<<228 && x>>187 && y<<144 && y>>96){
                                 ~^~~~~
../Core/Src/main.c:838:44: warning: right shift count >= width of type [-Wshift-count-overflow]
     else if(x<<228 && x>>187 && y<<144 && y>>96){
                                            ^~
Finished building: ../Core/Src/main.c
 
Building target: Test.elf
Invoking: MCU GCC Linker
arm-none-eabi-gcc -mcpu=cortex-m4 -mthumb -mfloat-abi=hard -mfpu=fpv4-sp-d16 -specs=nosys.specs -specs=nano.specs -T"../STM32L443CCTx_FLASH.ld" -Wl,-Map=output.map -Wl,--gc-sections -o "Test.elf" @"objects.list"   -lm
Finished building target: Test.elf
 
make --no-print-directory post-build
Generating hex and Printing size information:
arm-none-eabi-objcopy -O ihex "Test.elf" "Test.hex"
arm-none-eabi-size "Test.elf"
   text	   data	    bss	    dec	    hex	filename
  28608	     56	   2424	  31088	   7970	Test.elf
 
15:58:19 **** Incremental Build of configuration Debug for project Test ****
make -j16 all 
Building file: ../Core/Src/main.c
Invoking: MCU GCC Compiler
C:\School\Thomas_More_Hogeschool\Practice_Enterprise_2\PE2\Bluetooth_music_box\code\Test\Debug
arm-none-eabi-gcc -mcpu=cortex-m4 -mthumb -mfloat-abi=hard -mfpu=fpv4-sp-d16 -DUSE_HAL_DRIVER -DSTM32L443xx -I"C:/School/Thomas_More_Hogeschool/Practice_Enterprise_2/PE2/Bluetooth_music_box/code/Test/Core/Inc" -I"C:/School/Thomas_More_Hogeschool/Practice_Enterprise_2/PE2/Bluetooth_music_box/code/Test/Drivers/STM32L4xx_HAL_Driver/Inc" -I"C:/School/Thomas_More_Hogeschool/Practice_Enterprise_2/PE2/Bluetooth_music_box/code/Test/Drivers/STM32L4xx_HAL_Driver/Inc/Legacy" -I"C:/School/Thomas_More_Hogeschool/Practice_Enterprise_2/PE2/Bluetooth_music_box/code/Test/Drivers/CMSIS/Device/ST/STM32L4xx/Include" -I"C:/School/Thomas_More_Hogeschool/Practice_Enterprise_2/PE2/Bluetooth_music_box/code/Test/Drivers/CMSIS/Include"  -Og -g3 -Wall -fmessage-length=0 -ffunction-sections -c -fmessage-length=0 -MMD -MP -MF"Core/Src/main.d" -MT"Core/Src/main.o" -o "Core/Src/main.o" "../Core/Src/main.c"
../Core/Src/main.c: In function 'main':
../Core/Src/main.c:203:4: warning: implicit declaration of function 'ILI9341_TouchUnselect'; did you mean 'ILI9341_Unselect'? [-Wimplicit-function-declaration]
    ILI9341_TouchUnselect();
    ^~~~~~~~~~~~~~~~~~~~~
    ILI9341_Unselect
../Core/Src/main.c:210:18: warning: initialization makes integer from pointer without a cast [-Wint-conversion]
    int battery = "54.89%";
                  ^~~~~~~~
../Core/Src/main.c:227:6: warning: implicit declaration of function 'itoa' [-Wimplicit-function-declaration]
      itoa(testValue, pointer, 10);// 10 = decimal
      ^~~~
../Core/Src/main.c:229:29: warning: passing argument 4 of 'setLedColor' makes integer from pointer without a cast [-Wint-conversion]
       setLedColor( 2, 0, 0, pointer);
                             ^~~~~~~
../Core/Src/main.c:110:6: note: expected 'uint8_t {aka unsigned char}' but argument is of type 'uint8_t * {aka unsigned char *}'
 void setLedColor(uint8_t ledIndex, uint8_t r, uint8_t g, uint8_t b);
      ^~~~~~~~~~~
../Core/Src/main.c:237:32: warning: pointer targets in passing argument 3 of 'LCD_WriteString' differ in signedness [-Wpointer-sign]
      LCD_WriteString(150, 110, pointer, Font_11x18, LCD_WHITE, LCD_BLACK);
                                ^~~~~~~
In file included from ../Core/Src/main.c:25:0:
C:/School/Thomas_More_Hogeschool/Practice_Enterprise_2/PE2/Bluetooth_music_box/code/Test/Core/Inc/ili9341.h:74:6: note: expected 'const char *' but argument is of type 'uint8_t * {aka unsigned char *}'
 void LCD_WriteString(uint16_t x, uint16_t y, const char* str, FontDef font, uint16_t color, uint16_t bgcolor);
      ^~~~~~~~~~~~~~~
../Core/Src/main.c:337:9: warning: implicit declaration of function 'LCD_TGetC' [-Wimplicit-function-declaration]
      if(LCD_TGetC(&x, &y)) {
         ^~~~~~~~~
../Core/Src/main.c:211:13: warning: unused variable 'ad_res' [-Wunused-variable]
    uint16_t ad_res = 0;
             ^~~~~~
../Core/Src/main.c:210:8: warning: unused variable 'battery' [-Wunused-variable]
    int battery = "54.89%";
        ^~~~~~~
../Core/Src/main.c: In function 'ledClearBuffer':
../Core/Src/main.c:781:2: warning: implicit declaration of function 'memset' [-Wimplicit-function-declaration]
  memset(ledBuffer, 0, NUM_BYTES);
  ^~~~~~
../Core/Src/main.c:781:2: warning: incompatible implicit declaration of built-in function 'memset'
../Core/Src/main.c:781:2: note: include '<string.h>' or provide a declaration of 'memset'
../Core/Src/main.c: In function 'Test_slider_battery':
../Core/Src/main.c:831:8: warning: right shift count >= width of type [-Wshift-count-overflow]
    if(x>>101 && x<<229 && y>>95 && y<<144){// in range?
        ^~
../Core/Src/main.c:831:18: warning: left shift count >= width of type [-Wshift-count-overflow]
    if(x>>101 && x<<229 && y>>95 && y<<144){// in range?
                  ^~
../Core/Src/main.c:831:18: warning: '<<' in boolean context, did you mean '<' ? [-Wint-in-bool-context]
    if(x>>101 && x<<229 && y>>95 && y<<144){// in range?
                 ~^~~~~
../Core/Src/main.c:831:28: warning: right shift count >= width of type [-Wshift-count-overflow]
    if(x>>101 && x<<229 && y>>95 && y<<144){// in range?
                            ^~
../Core/Src/main.c:831:37: warning: left shift count >= width of type [-Wshift-count-overflow]
    if(x>>101 && x<<229 && y>>95 && y<<144){// in range?
                                     ^~
../Core/Src/main.c:831:37: warning: '<<' in boolean context, did you mean '<' ? [-Wint-in-bool-context]
    if(x>>101 && x<<229 && y>>95 && y<<144){// in range?
                                    ~^~~~~
../Core/Src/main.c:832:9: warning: left shift count >= width of type [-Wshift-count-overflow]
     if(x<<144 && x>>101 && y<<144 && y>>96){
         ^~
../Core/Src/main.c:832:9: warning: '<<' in boolean context, did you mean '<' ? [-Wint-in-bool-context]
     if(x<<144 && x>>101 && y<<144 && y>>96){
        ~^~~~~
../Core/Src/main.c:832:19: warning: right shift count >= width of type [-Wshift-count-overflow]
     if(x<<144 && x>>101 && y<<144 && y>>96){
                   ^~
../Core/Src/main.c:832:29: warning: left shift count >= width of type [-Wshift-count-overflow]
     if(x<<144 && x>>101 && y<<144 && y>>96){
                             ^~
../Core/Src/main.c:832:29: warning: '<<' in boolean context, did you mean '<' ? [-Wint-in-bool-context]
     if(x<<144 && x>>101 && y<<144 && y>>96){
                            ~^~~~~
../Core/Src/main.c:832:39: warning: right shift count >= width of type [-Wshift-count-overflow]
     if(x<<144 && x>>101 && y<<144 && y>>96){
                                       ^~
../Core/Src/main.c:835:14: warning: left shift count >= width of type [-Wshift-count-overflow]
     else if(x<<187 && x>>144 && y<<144 && y>>96){
              ^~
../Core/Src/main.c:835:14: warning: '<<' in boolean context, did you mean '<' ? [-Wint-in-bool-context]
     else if(x<<187 && x>>144 && y<<144 && y>>96){
             ~^~~~~
../Core/Src/main.c:835:24: warning: right shift count >= width of type [-Wshift-count-overflow]
     else if(x<<187 && x>>144 && y<<144 && y>>96){
                        ^~
../Core/Src/main.c:835:34: warning: left shift count >= width of type [-Wshift-count-overflow]
     else if(x<<187 && x>>144 && y<<144 && y>>96){
                                  ^~
../Core/Src/main.c:835:34: warning: '<<' in boolean context, did you mean '<' ? [-Wint-in-bool-context]
     else if(x<<187 && x>>144 && y<<144 && y>>96){
                                 ~^~~~~
../Core/Src/main.c:835:44: warning: right shift count >= width of type [-Wshift-count-overflow]
     else if(x<<187 && x>>144 && y<<144 && y>>96){
                                            ^~
../Core/Src/main.c:838:14: warning: left shift count >= width of type [-Wshift-count-overflow]
     else if(x<<228 && x>>187 && y<<144 && y>>96){
              ^~
../Core/Src/main.c:838:14: warning: '<<' in boolean context, did you mean '<' ? [-Wint-in-bool-context]
     else if(x<<228 && x>>187 && y<<144 && y>>96){
             ~^~~~~
../Core/Src/main.c:838:24: warning: right shift count >= width of type [-Wshift-count-overflow]
     else if(x<<228 && x>>187 && y<<144 && y>>96){
                        ^~
../Core/Src/main.c:838:34: warning: left shift count >= width of type [-Wshift-count-overflow]
     else if(x<<228 && x>>187 && y<<144 && y>>96){
                                  ^~
../Core/Src/main.c:838:34: warning: '<<' in boolean context, did you mean '<' ? [-Wint-in-bool-context]
     else if(x<<228 && x>>187 && y<<144 && y>>96){
                                 ~^~~~~
../Core/Src/main.c:838:44: warning: right shift count >= width of type [-Wshift-count-overflow]
     else if(x<<228 && x>>187 && y<<144 && y>>96){
                                            ^~
Finished building: ../Core/Src/main.c
 
Building target: Test.elf
Invoking: MCU GCC Linker
arm-none-eabi-gcc -mcpu=cortex-m4 -mthumb -mfloat-abi=hard -mfpu=fpv4-sp-d16 -specs=nosys.specs -specs=nano.specs -T"../STM32L443CCTx_FLASH.ld" -Wl,-Map=output.map -Wl,--gc-sections -o "Test.elf" @"objects.list"   -lm
Finished building target: Test.elf
 
make --no-print-directory post-build
Generating hex and Printing size information:
arm-none-eabi-objcopy -O ihex "Test.elf" "Test.hex"
arm-none-eabi-size "Test.elf"
   text	   data	    bss	    dec	    hex	filename
  28608	     56	   2424	  31088	   7970	Test.elf
 
