15:33:47 **** Incremental Build of configuration Debug for project Test ****
make -j16 all 
Building file: ../Core/Src/main.c
Invoking: MCU GCC Compiler
C:\School\Thomas_More_Hogeschool\Practice_Enterprise_2\PE2\Bluetooth_music_box\code\Test\Debug
arm-none-eabi-gcc -mcpu=cortex-m4 -mthumb -mfloat-abi=hard -mfpu=fpv4-sp-d16 -DUSE_HAL_DRIVER -DSTM32L443xx -I"C:/School/Thomas_More_Hogeschool/Practice_Enterprise_2/PE2/Bluetooth_music_box/code/Test/Core/Inc" -I"C:/School/Thomas_More_Hogeschool/Practice_Enterprise_2/PE2/Bluetooth_music_box/code/Test/Drivers/STM32L4xx_HAL_Driver/Inc" -I"C:/School/Thomas_More_Hogeschool/Practice_Enterprise_2/PE2/Bluetooth_music_box/code/Test/Drivers/STM32L4xx_HAL_Driver/Inc/Legacy" -I"C:/School/Thomas_More_Hogeschool/Practice_Enterprise_2/PE2/Bluetooth_music_box/code/Test/Drivers/CMSIS/Device/ST/STM32L4xx/Include" -I"C:/School/Thomas_More_Hogeschool/Practice_Enterprise_2/PE2/Bluetooth_music_box/code/Test/Drivers/CMSIS/Include"  -Og -g3 -Wall -fmessage-length=0 -ffunction-sections -c -fmessage-length=0 -MMD -MP -MF"Core/Src/main.d" -MT"Core/Src/main.o" -o "Core/Src/main.o" "../Core/Src/main.c"
../Core/Src/main.c: In function 'main':
../Core/Src/main.c:146:4: warning: implicit declaration of function 'ILI9341_TouchUnselect'; did you mean 'ILI9341_Unselect'? [-Wimplicit-function-declaration]
    ILI9341_TouchUnselect();
    ^~~~~~~~~~~~~~~~~~~~~
    ILI9341_Unselect
../Core/Src/main.c:105:21: warning: unused variable 'timeout' [-Wunused-variable]
   volatile uint32_t timeout;
                     ^~~~~~~
../Core/Src/main.c:104:10: warning: unused variable 'i' [-Wunused-variable]
   size_t i;
          ^
Finished building: ../Core/Src/main.c
 
Building target: Test.elf
Invoking: MCU GCC Linker
arm-none-eabi-gcc -mcpu=cortex-m4 -mthumb -mfloat-abi=hard -mfpu=fpv4-sp-d16 -specs=nosys.specs -specs=nano.specs -T"../STM32L443CCTx_FLASH.ld" -Wl,-Map=output.map -Wl,--gc-sections -o "Test.elf" @"objects.list"   -lm
Finished building target: Test.elf
 
make --no-print-directory post-build
Generating hex and Printing size information:
arm-none-eabi-objcopy -O ihex "Test.elf" "Test.hex"
arm-none-eabi-size "Test.elf"
   text	   data	    bss	    dec	    hex	filename
  26288	     56	   2272	  28616	   6fc8	Test.elf
 
15:33:51 **** Incremental Build of configuration Debug for project Test ****
make -j16 all 
Building target: Test.elf
Invoking: MCU GCC Linker
arm-none-eabi-gcc -mcpu=cortex-m4 -mthumb -mfloat-abi=hard -mfpu=fpv4-sp-d16 -specs=nosys.specs -specs=nano.specs -T"../STM32L443CCTx_FLASH.ld" -Wl,-Map=output.map -Wl,--gc-sections -o "Test.elf" @"objects.list"   -lm
Finished building target: Test.elf
 
make --no-print-directory post-build
Generating hex and Printing size information:
arm-none-eabi-objcopy -O ihex "Test.elf" "Test.hex"
arm-none-eabi-size "Test.elf"
   text	   data	    bss	    dec	    hex	filename
  26288	     56	   2272	  28616	   6fc8	Test.elf
 
15:34:10 **** Incremental Build of configuration Debug for project Test ****
make -j16 all 
Building file: ../Core/Src/main.c
Invoking: MCU GCC Compiler
C:\School\Thomas_More_Hogeschool\Practice_Enterprise_2\PE2\Bluetooth_music_box\code\Test\Debug
arm-none-eabi-gcc -mcpu=cortex-m4 -mthumb -mfloat-abi=hard -mfpu=fpv4-sp-d16 -DUSE_HAL_DRIVER -DSTM32L443xx -I"C:/School/Thomas_More_Hogeschool/Practice_Enterprise_2/PE2/Bluetooth_music_box/code/Test/Core/Inc" -I"C:/School/Thomas_More_Hogeschool/Practice_Enterprise_2/PE2/Bluetooth_music_box/code/Test/Drivers/STM32L4xx_HAL_Driver/Inc" -I"C:/School/Thomas_More_Hogeschool/Practice_Enterprise_2/PE2/Bluetooth_music_box/code/Test/Drivers/STM32L4xx_HAL_Driver/Inc/Legacy" -I"C:/School/Thomas_More_Hogeschool/Practice_Enterprise_2/PE2/Bluetooth_music_box/code/Test/Drivers/CMSIS/Device/ST/STM32L4xx/Include" -I"C:/School/Thomas_More_Hogeschool/Practice_Enterprise_2/PE2/Bluetooth_music_box/code/Test/Drivers/CMSIS/Include"  -Og -g3 -Wall -fmessage-length=0 -ffunction-sections -c -fmessage-length=0 -MMD -MP -MF"Core/Src/main.d" -MT"Core/Src/main.o" -o "Core/Src/main.o" "../Core/Src/main.c"
../Core/Src/main.c: In function 'main':
../Core/Src/main.c:146:4: warning: implicit declaration of function 'ILI9341_TouchUnselect'; did you mean 'ILI9341_Unselect'? [-Wimplicit-function-declaration]
    ILI9341_TouchUnselect();
    ^~~~~~~~~~~~~~~~~~~~~
    ILI9341_Unselect
../Core/Src/main.c:105:21: warning: unused variable 'timeout' [-Wunused-variable]
   volatile uint32_t timeout;
                     ^~~~~~~
../Core/Src/main.c:104:10: warning: unused variable 'i' [-Wunused-variable]
   size_t i;
          ^
Finished building: ../Core/Src/main.c
 
Building target: Test.elf
Invoking: MCU GCC Linker
arm-none-eabi-gcc -mcpu=cortex-m4 -mthumb -mfloat-abi=hard -mfpu=fpv4-sp-d16 -specs=nosys.specs -specs=nano.specs -T"../STM32L443CCTx_FLASH.ld" -Wl,-Map=output.map -Wl,--gc-sections -o "Test.elf" @"objects.list"   -lm
Finished building target: Test.elf
 
make --no-print-directory post-build
Generating hex and Printing size information:
arm-none-eabi-objcopy -O ihex "Test.elf" "Test.hex"
arm-none-eabi-size "Test.elf"
   text	   data	    bss	    dec	    hex	filename
  26288	     56	   2272	  28616	   6fc8	Test.elf
 
15:34:27 **** Incremental Build of configuration Debug for project Test ****
make -j16 all 
Building file: ../Core/Src/main.c
Invoking: MCU GCC Compiler
C:\School\Thomas_More_Hogeschool\Practice_Enterprise_2\PE2\Bluetooth_music_box\code\Test\Debug
arm-none-eabi-gcc -mcpu=cortex-m4 -mthumb -mfloat-abi=hard -mfpu=fpv4-sp-d16 -DUSE_HAL_DRIVER -DSTM32L443xx -I"C:/School/Thomas_More_Hogeschool/Practice_Enterprise_2/PE2/Bluetooth_music_box/code/Test/Core/Inc" -I"C:/School/Thomas_More_Hogeschool/Practice_Enterprise_2/PE2/Bluetooth_music_box/code/Test/Drivers/STM32L4xx_HAL_Driver/Inc" -I"C:/School/Thomas_More_Hogeschool/Practice_Enterprise_2/PE2/Bluetooth_music_box/code/Test/Drivers/STM32L4xx_HAL_Driver/Inc/Legacy" -I"C:/School/Thomas_More_Hogeschool/Practice_Enterprise_2/PE2/Bluetooth_music_box/code/Test/Drivers/CMSIS/Device/ST/STM32L4xx/Include" -I"C:/School/Thomas_More_Hogeschool/Practice_Enterprise_2/PE2/Bluetooth_music_box/code/Test/Drivers/CMSIS/Include"  -Og -g3 -Wall -fmessage-length=0 -ffunction-sections -c -fmessage-length=0 -MMD -MP -MF"Core/Src/main.d" -MT"Core/Src/main.o" -o "Core/Src/main.o" "../Core/Src/main.c"
../Core/Src/main.c: In function 'main':
../Core/Src/main.c:146:4: warning: implicit declaration of function 'ILI9341_TouchUnselect'; did you mean 'ILI9341_Unselect'? [-Wimplicit-function-declaration]
    ILI9341_TouchUnselect();
    ^~~~~~~~~~~~~~~~~~~~~
    ILI9341_Unselect
../Core/Src/main.c:105:21: warning: unused variable 'timeout' [-Wunused-variable]
   volatile uint32_t timeout;
                     ^~~~~~~
../Core/Src/main.c:104:10: warning: unused variable 'i' [-Wunused-variable]
   size_t i;
          ^
Finished building: ../Core/Src/main.c
 
Building target: Test.elf
Invoking: MCU GCC Linker
arm-none-eabi-gcc -mcpu=cortex-m4 -mthumb -mfloat-abi=hard -mfpu=fpv4-sp-d16 -specs=nosys.specs -specs=nano.specs -T"../STM32L443CCTx_FLASH.ld" -Wl,-Map=output.map -Wl,--gc-sections -o "Test.elf" @"objects.list"   -lm
Finished building target: Test.elf
 
make --no-print-directory post-build
Generating hex and Printing size information:
arm-none-eabi-objcopy -O ihex "Test.elf" "Test.hex"
arm-none-eabi-size "Test.elf"
   text	   data	    bss	    dec	    hex	filename
  26288	     56	   2272	  28616	   6fc8	Test.elf
 
15:34:51 **** Incremental Build of configuration Debug for project Test ****
make -j16 all 
Building file: ../Core/Src/main.c
Invoking: MCU GCC Compiler
C:\School\Thomas_More_Hogeschool\Practice_Enterprise_2\PE2\Bluetooth_music_box\code\Test\Debug
arm-none-eabi-gcc -mcpu=cortex-m4 -mthumb -mfloat-abi=hard -mfpu=fpv4-sp-d16 -DUSE_HAL_DRIVER -DSTM32L443xx -I"C:/School/Thomas_More_Hogeschool/Practice_Enterprise_2/PE2/Bluetooth_music_box/code/Test/Core/Inc" -I"C:/School/Thomas_More_Hogeschool/Practice_Enterprise_2/PE2/Bluetooth_music_box/code/Test/Drivers/STM32L4xx_HAL_Driver/Inc" -I"C:/School/Thomas_More_Hogeschool/Practice_Enterprise_2/PE2/Bluetooth_music_box/code/Test/Drivers/STM32L4xx_HAL_Driver/Inc/Legacy" -I"C:/School/Thomas_More_Hogeschool/Practice_Enterprise_2/PE2/Bluetooth_music_box/code/Test/Drivers/CMSIS/Device/ST/STM32L4xx/Include" -I"C:/School/Thomas_More_Hogeschool/Practice_Enterprise_2/PE2/Bluetooth_music_box/code/Test/Drivers/CMSIS/Include"  -Og -g3 -Wall -fmessage-length=0 -ffunction-sections -c -fmessage-length=0 -MMD -MP -MF"Core/Src/main.d" -MT"Core/Src/main.o" -o "Core/Src/main.o" "../Core/Src/main.c"
../Core/Src/main.c: In function 'main':
../Core/Src/main.c:146:4: warning: implicit declaration of function 'ILI9341_TouchUnselect'; did you mean 'ILI9341_Unselect'? [-Wimplicit-function-declaration]
    ILI9341_TouchUnselect();
    ^~~~~~~~~~~~~~~~~~~~~
    ILI9341_Unselect
../Core/Src/main.c:105:21: warning: unused variable 'timeout' [-Wunused-variable]
   volatile uint32_t timeout;
                     ^~~~~~~
../Core/Src/main.c:104:10: warning: unused variable 'i' [-Wunused-variable]
   size_t i;
          ^
Finished building: ../Core/Src/main.c
 
Building target: Test.elf
Invoking: MCU GCC Linker
arm-none-eabi-gcc -mcpu=cortex-m4 -mthumb -mfloat-abi=hard -mfpu=fpv4-sp-d16 -specs=nosys.specs -specs=nano.specs -T"../STM32L443CCTx_FLASH.ld" -Wl,-Map=output.map -Wl,--gc-sections -o "Test.elf" @"objects.list"   -lm
Finished building target: Test.elf
 
make --no-print-directory post-build
Generating hex and Printing size information:
arm-none-eabi-objcopy -O ihex "Test.elf" "Test.hex"
arm-none-eabi-size "Test.elf"
   text	   data	    bss	    dec	    hex	filename
  26288	     56	   2272	  28616	   6fc8	Test.elf
 
15:37:38 **** Incremental Build of configuration Debug for project Test ****
make -j16 all 
Building file: ../Core/Src/main.c
Invoking: MCU GCC Compiler
C:\School\Thomas_More_Hogeschool\Practice_Enterprise_2\PE2\Bluetooth_music_box\code\Test\Debug
arm-none-eabi-gcc -mcpu=cortex-m4 -mthumb -mfloat-abi=hard -mfpu=fpv4-sp-d16 -DUSE_HAL_DRIVER -DSTM32L443xx -I"C:/School/Thomas_More_Hogeschool/Practice_Enterprise_2/PE2/Bluetooth_music_box/code/Test/Core/Inc" -I"C:/School/Thomas_More_Hogeschool/Practice_Enterprise_2/PE2/Bluetooth_music_box/code/Test/Drivers/STM32L4xx_HAL_Driver/Inc" -I"C:/School/Thomas_More_Hogeschool/Practice_Enterprise_2/PE2/Bluetooth_music_box/code/Test/Drivers/STM32L4xx_HAL_Driver/Inc/Legacy" -I"C:/School/Thomas_More_Hogeschool/Practice_Enterprise_2/PE2/Bluetooth_music_box/code/Test/Drivers/CMSIS/Device/ST/STM32L4xx/Include" -I"C:/School/Thomas_More_Hogeschool/Practice_Enterprise_2/PE2/Bluetooth_music_box/code/Test/Drivers/CMSIS/Include"  -Og -g3 -Wall -fmessage-length=0 -ffunction-sections -c -fmessage-length=0 -MMD -MP -MF"Core/Src/main.d" -MT"Core/Src/main.o" -o "Core/Src/main.o" "../Core/Src/main.c"
../Core/Src/main.c: In function 'main':
../Core/Src/main.c:146:4: warning: implicit declaration of function 'ILI9341_TouchUnselect'; did you mean 'ILI9341_Unselect'? [-Wimplicit-function-declaration]
    ILI9341_TouchUnselect();
    ^~~~~~~~~~~~~~~~~~~~~
    ILI9341_Unselect
../Core/Src/main.c:105:21: warning: unused variable 'timeout' [-Wunused-variable]
   volatile uint32_t timeout;
                     ^~~~~~~
../Core/Src/main.c:104:10: warning: unused variable 'i' [-Wunused-variable]
   size_t i;
          ^
Finished building: ../Core/Src/main.c
 
Building target: Test.elf
Invoking: MCU GCC Linker
arm-none-eabi-gcc -mcpu=cortex-m4 -mthumb -mfloat-abi=hard -mfpu=fpv4-sp-d16 -specs=nosys.specs -specs=nano.specs -T"../STM32L443CCTx_FLASH.ld" -Wl,-Map=output.map -Wl,--gc-sections -o "Test.elf" @"objects.list"   -lm
Finished building target: Test.elf
 
make --no-print-directory post-build
Generating hex and Printing size information:
arm-none-eabi-objcopy -O ihex "Test.elf" "Test.hex"
arm-none-eabi-size "Test.elf"
   text	   data	    bss	    dec	    hex	filename
  26352	     56	   2272	  28680	   7008	Test.elf
 
15:40:12 **** Incremental Build of configuration Debug for project Test ****
make -j16 all 
Building file: ../Core/Src/ili9341.c
Building file: ../Core/Src/main.c
Invoking: MCU GCC Compiler
Invoking: MCU GCC Compiler
C:\School\Thomas_More_Hogeschool\Practice_Enterprise_2\PE2\Bluetooth_music_box\code\Test\Debug
arm-none-eabi-gcc -mcpu=cortex-m4 -mthumb -mfloat-abi=hard -mfpu=fpv4-sp-d16 -DUSE_HAL_DRIVER -DSTM32L443xx -I"C:/School/Thomas_More_Hogeschool/Practice_Enterprise_2/PE2/Bluetooth_music_box/code/Test/Core/Inc" -I"C:/School/Thomas_More_Hogeschool/Practice_Enterprise_2/PE2/Bluetooth_music_box/code/Test/Drivers/STM32L4xx_HAL_Driver/Inc" -I"C:/School/Thomas_More_Hogeschool/Practice_Enterprise_2/PE2/Bluetooth_music_box/code/Test/Drivers/STM32L4xx_HAL_Driver/Inc/Legacy" -I"C:/School/Thomas_More_Hogeschool/Practice_Enterprise_2/PE2/Bluetooth_music_box/code/Test/Drivers/CMSIS/Device/ST/STM32L4xx/Include" -I"C:/School/Thomas_More_Hogeschool/Practice_Enterprise_2/PE2/Bluetooth_music_box/code/Test/Drivers/CMSIS/Include"  -Og -g3 -Wall -fmessage-length=0 -ffunction-sections -c -fmessage-length=0 -MMD -MP -MF"Core/Src/ili9341.d" -MT"Core/Src/ili9341.o" -o "Core/Src/ili9341.o" "../Core/Src/ili9341.c"
C:\School\Thomas_More_Hogeschool\Practice_Enterprise_2\PE2\Bluetooth_music_box\code\Test\Debug
arm-none-eabi-gcc -mcpu=cortex-m4 -mthumb -mfloat-abi=hard -mfpu=fpv4-sp-d16 -DUSE_HAL_DRIVER -DSTM32L443xx -I"C:/School/Thomas_More_Hogeschool/Practice_Enterprise_2/PE2/Bluetooth_music_box/code/Test/Core/Inc" -I"C:/School/Thomas_More_Hogeschool/Practice_Enterprise_2/PE2/Bluetooth_music_box/code/Test/Drivers/STM32L4xx_HAL_Driver/Inc" -I"C:/School/Thomas_More_Hogeschool/Practice_Enterprise_2/PE2/Bluetooth_music_box/code/Test/Drivers/STM32L4xx_HAL_Driver/Inc/Legacy" -I"C:/School/Thomas_More_Hogeschool/Practice_Enterprise_2/PE2/Bluetooth_music_box/code/Test/Drivers/CMSIS/Device/ST/STM32L4xx/Include" -I"C:/School/Thomas_More_Hogeschool/Practice_Enterprise_2/PE2/Bluetooth_music_box/code/Test/Drivers/CMSIS/Include"  -Og -g3 -Wall -fmessage-length=0 -ffunction-sections -c -fmessage-length=0 -MMD -MP -MF"Core/Src/main.d" -MT"Core/Src/main.o" -o "Core/Src/main.o" "../Core/Src/main.c"
../Core/Src/ili9341.c: In function 'LCD_DrawVLine':
../Core/Src/ili9341.c:312:2: warning: statement with no effect [-Wunused-value]
  for(result; result > 0; result--){
  ^~~
../Core/Src/ili9341.c: In function 'LCD_DrawHLine':
../Core/Src/ili9341.c:320:2: warning: statement with no effect [-Wunused-value]
  for(result; result > 0; result--){
  ^~~
../Core/Src/main.c: In function 'main':
../Core/Src/main.c:146:4: warning: implicit declaration of function 'ILI9341_TouchUnselect'; did you mean 'ILI9341_Unselect'? [-Wimplicit-function-declaration]
    ILI9341_TouchUnselect();
    ^~~~~~~~~~~~~~~~~~~~~
    ILI9341_Unselect
../Core/Src/main.c:105:21: warning: unused variable 'timeout' [-Wunused-variable]
   volatile uint32_t timeout;
                     ^~~~~~~
../Core/Src/main.c:104:10: warning: unused variable 'i' [-Wunused-variable]
   size_t i;
          ^
Finished building: ../Core/Src/ili9341.c
 
Finished building: ../Core/Src/main.c
 
Building target: Test.elf
Invoking: MCU GCC Linker
arm-none-eabi-gcc -mcpu=cortex-m4 -mthumb -mfloat-abi=hard -mfpu=fpv4-sp-d16 -specs=nosys.specs -specs=nano.specs -T"../STM32L443CCTx_FLASH.ld" -Wl,-Map=output.map -Wl,--gc-sections -o "Test.elf" @"objects.list"   -lm
Finished building target: Test.elf
 
make --no-print-directory post-build
Generating hex and Printing size information:
arm-none-eabi-objcopy -O ihex "Test.elf" "Test.hex"
arm-none-eabi-size "Test.elf"
   text	   data	    bss	    dec	    hex	filename
  26344	     56	   2272	  28672	   7000	Test.elf
 
15:40:29 **** Incremental Build of configuration Debug for project Test ****
make -j16 all 
Building file: ../Core/Src/main.c
Invoking: MCU GCC Compiler
C:\School\Thomas_More_Hogeschool\Practice_Enterprise_2\PE2\Bluetooth_music_box\code\Test\Debug
arm-none-eabi-gcc -mcpu=cortex-m4 -mthumb -mfloat-abi=hard -mfpu=fpv4-sp-d16 -DUSE_HAL_DRIVER -DSTM32L443xx -I"C:/School/Thomas_More_Hogeschool/Practice_Enterprise_2/PE2/Bluetooth_music_box/code/Test/Core/Inc" -I"C:/School/Thomas_More_Hogeschool/Practice_Enterprise_2/PE2/Bluetooth_music_box/code/Test/Drivers/STM32L4xx_HAL_Driver/Inc" -I"C:/School/Thomas_More_Hogeschool/Practice_Enterprise_2/PE2/Bluetooth_music_box/code/Test/Drivers/STM32L4xx_HAL_Driver/Inc/Legacy" -I"C:/School/Thomas_More_Hogeschool/Practice_Enterprise_2/PE2/Bluetooth_music_box/code/Test/Drivers/CMSIS/Device/ST/STM32L4xx/Include" -I"C:/School/Thomas_More_Hogeschool/Practice_Enterprise_2/PE2/Bluetooth_music_box/code/Test/Drivers/CMSIS/Include"  -Og -g3 -Wall -fmessage-length=0 -ffunction-sections -c -fmessage-length=0 -MMD -MP -MF"Core/Src/main.d" -MT"Core/Src/main.o" -o "Core/Src/main.o" "../Core/Src/main.c"
../Core/Src/main.c: In function 'main':
../Core/Src/main.c:146:4: warning: implicit declaration of function 'ILI9341_TouchUnselect'; did you mean 'ILI9341_Unselect'? [-Wimplicit-function-declaration]
    ILI9341_TouchUnselect();
    ^~~~~~~~~~~~~~~~~~~~~
    ILI9341_Unselect
../Core/Src/main.c:105:21: warning: unused variable 'timeout' [-Wunused-variable]
   volatile uint32_t timeout;
                     ^~~~~~~
../Core/Src/main.c:104:10: warning: unused variable 'i' [-Wunused-variable]
   size_t i;
          ^
Finished building: ../Core/Src/main.c
 
Building target: Test.elf
Invoking: MCU GCC Linker
arm-none-eabi-gcc -mcpu=cortex-m4 -mthumb -mfloat-abi=hard -mfpu=fpv4-sp-d16 -specs=nosys.specs -specs=nano.specs -T"../STM32L443CCTx_FLASH.ld" -Wl,-Map=output.map -Wl,--gc-sections -o "Test.elf" @"objects.list"   -lm
Finished building target: Test.elf
 
make --no-print-directory post-build
Generating hex and Printing size information:
arm-none-eabi-objcopy -O ihex "Test.elf" "Test.hex"
arm-none-eabi-size "Test.elf"
   text	   data	    bss	    dec	    hex	filename
  26360	     56	   2272	  28688	   7010	Test.elf
 
15:40:55 **** Incremental Build of configuration Debug for project Test ****
make -j16 all 
Building file: ../Core/Src/main.c
Invoking: MCU GCC Compiler
C:\School\Thomas_More_Hogeschool\Practice_Enterprise_2\PE2\Bluetooth_music_box\code\Test\Debug
arm-none-eabi-gcc -mcpu=cortex-m4 -mthumb -mfloat-abi=hard -mfpu=fpv4-sp-d16 -DUSE_HAL_DRIVER -DSTM32L443xx -I"C:/School/Thomas_More_Hogeschool/Practice_Enterprise_2/PE2/Bluetooth_music_box/code/Test/Core/Inc" -I"C:/School/Thomas_More_Hogeschool/Practice_Enterprise_2/PE2/Bluetooth_music_box/code/Test/Drivers/STM32L4xx_HAL_Driver/Inc" -I"C:/School/Thomas_More_Hogeschool/Practice_Enterprise_2/PE2/Bluetooth_music_box/code/Test/Drivers/STM32L4xx_HAL_Driver/Inc/Legacy" -I"C:/School/Thomas_More_Hogeschool/Practice_Enterprise_2/PE2/Bluetooth_music_box/code/Test/Drivers/CMSIS/Device/ST/STM32L4xx/Include" -I"C:/School/Thomas_More_Hogeschool/Practice_Enterprise_2/PE2/Bluetooth_music_box/code/Test/Drivers/CMSIS/Include"  -Og -g3 -Wall -fmessage-length=0 -ffunction-sections -c -fmessage-length=0 -MMD -MP -MF"Core/Src/main.d" -MT"Core/Src/main.o" -o "Core/Src/main.o" "../Core/Src/main.c"
../Core/Src/main.c: In function 'main':
../Core/Src/main.c:146:4: warning: implicit declaration of function 'ILI9341_TouchUnselect'; did you mean 'ILI9341_Unselect'? [-Wimplicit-function-declaration]
    ILI9341_TouchUnselect();
    ^~~~~~~~~~~~~~~~~~~~~
    ILI9341_Unselect
../Core/Src/main.c:105:21: warning: unused variable 'timeout' [-Wunused-variable]
   volatile uint32_t timeout;
                     ^~~~~~~
../Core/Src/main.c:104:10: warning: unused variable 'i' [-Wunused-variable]
   size_t i;
          ^
Finished building: ../Core/Src/main.c
 
Building target: Test.elf
Invoking: MCU GCC Linker
arm-none-eabi-gcc -mcpu=cortex-m4 -mthumb -mfloat-abi=hard -mfpu=fpv4-sp-d16 -specs=nosys.specs -specs=nano.specs -T"../STM32L443CCTx_FLASH.ld" -Wl,-Map=output.map -Wl,--gc-sections -o "Test.elf" @"objects.list"   -lm
Finished building target: Test.elf
 
make --no-print-directory post-build
Generating hex and Printing size information:
arm-none-eabi-objcopy -O ihex "Test.elf" "Test.hex"
arm-none-eabi-size "Test.elf"
   text	   data	    bss	    dec	    hex	filename
  26360	     56	   2272	  28688	   7010	Test.elf
 
15:43:01 **** Incremental Build of configuration Debug for project Test ****
make -j16 all 
Building file: ../Core/Src/ili9341.c
Invoking: MCU GCC Compiler
C:\School\Thomas_More_Hogeschool\Practice_Enterprise_2\PE2\Bluetooth_music_box\code\Test\Debug
arm-none-eabi-gcc -mcpu=cortex-m4 -mthumb -mfloat-abi=hard -mfpu=fpv4-sp-d16 -DUSE_HAL_DRIVER -DSTM32L443xx -I"C:/School/Thomas_More_Hogeschool/Practice_Enterprise_2/PE2/Bluetooth_music_box/code/Test/Core/Inc" -I"C:/School/Thomas_More_Hogeschool/Practice_Enterprise_2/PE2/Bluetooth_music_box/code/Test/Drivers/STM32L4xx_HAL_Driver/Inc" -I"C:/School/Thomas_More_Hogeschool/Practice_Enterprise_2/PE2/Bluetooth_music_box/code/Test/Drivers/STM32L4xx_HAL_Driver/Inc/Legacy" -I"C:/School/Thomas_More_Hogeschool/Practice_Enterprise_2/PE2/Bluetooth_music_box/code/Test/Drivers/CMSIS/Device/ST/STM32L4xx/Include" -I"C:/School/Thomas_More_Hogeschool/Practice_Enterprise_2/PE2/Bluetooth_music_box/code/Test/Drivers/CMSIS/Include"  -Og -g3 -Wall -fmessage-length=0 -ffunction-sections -c -fmessage-length=0 -MMD -MP -MF"Core/Src/ili9341.d" -MT"Core/Src/ili9341.o" -o "Core/Src/ili9341.o" "../Core/Src/ili9341.c"
../Core/Src/ili9341.c: In function 'LCD_DrawVLine':
../Core/Src/ili9341.c:312:2: warning: statement with no effect [-Wunused-value]
  for(result; result > 0; result--){
  ^~~
../Core/Src/ili9341.c: In function 'LCD_DrawHLine':
../Core/Src/ili9341.c:320:2: warning: statement with no effect [-Wunused-value]
  for(result; result > 0; result--){
  ^~~
Finished building: ../Core/Src/ili9341.c
 
Building target: Test.elf
Invoking: MCU GCC Linker
arm-none-eabi-gcc -mcpu=cortex-m4 -mthumb -mfloat-abi=hard -mfpu=fpv4-sp-d16 -specs=nosys.specs -specs=nano.specs -T"../STM32L443CCTx_FLASH.ld" -Wl,-Map=output.map -Wl,--gc-sections -o "Test.elf" @"objects.list"   -lm
Finished building target: Test.elf
 
make --no-print-directory post-build
Generating hex and Printing size information:
arm-none-eabi-objcopy -O ihex "Test.elf" "Test.hex"
arm-none-eabi-size "Test.elf"
   text	   data	    bss	    dec	    hex	filename
  26360	     56	   2272	  28688	   7010	Test.elf
 
15:44:11 **** Incremental Build of configuration Debug for project Test ****
make -j16 all 
Building file: ../Core/Src/main.c
Invoking: MCU GCC Compiler
C:\School\Thomas_More_Hogeschool\Practice_Enterprise_2\PE2\Bluetooth_music_box\code\Test\Debug
arm-none-eabi-gcc -mcpu=cortex-m4 -mthumb -mfloat-abi=hard -mfpu=fpv4-sp-d16 -DUSE_HAL_DRIVER -DSTM32L443xx -I"C:/School/Thomas_More_Hogeschool/Practice_Enterprise_2/PE2/Bluetooth_music_box/code/Test/Core/Inc" -I"C:/School/Thomas_More_Hogeschool/Practice_Enterprise_2/PE2/Bluetooth_music_box/code/Test/Drivers/STM32L4xx_HAL_Driver/Inc" -I"C:/School/Thomas_More_Hogeschool/Practice_Enterprise_2/PE2/Bluetooth_music_box/code/Test/Drivers/STM32L4xx_HAL_Driver/Inc/Legacy" -I"C:/School/Thomas_More_Hogeschool/Practice_Enterprise_2/PE2/Bluetooth_music_box/code/Test/Drivers/CMSIS/Device/ST/STM32L4xx/Include" -I"C:/School/Thomas_More_Hogeschool/Practice_Enterprise_2/PE2/Bluetooth_music_box/code/Test/Drivers/CMSIS/Include"  -Og -g3 -Wall -fmessage-length=0 -ffunction-sections -c -fmessage-length=0 -MMD -MP -MF"Core/Src/main.d" -MT"Core/Src/main.o" -o "Core/Src/main.o" "../Core/Src/main.c"
../Core/Src/main.c: In function 'main':
../Core/Src/main.c:146:4: warning: implicit declaration of function 'ILI9341_TouchUnselect'; did you mean 'ILI9341_Unselect'? [-Wimplicit-function-declaration]
    ILI9341_TouchUnselect();
    ^~~~~~~~~~~~~~~~~~~~~
    ILI9341_Unselect
../Core/Src/main.c:105:21: warning: unused variable 'timeout' [-Wunused-variable]
   volatile uint32_t timeout;
                     ^~~~~~~
../Core/Src/main.c:104:10: warning: unused variable 'i' [-Wunused-variable]
   size_t i;
          ^
Finished building: ../Core/Src/main.c
 
Building target: Test.elf
Invoking: MCU GCC Linker
arm-none-eabi-gcc -mcpu=cortex-m4 -mthumb -mfloat-abi=hard -mfpu=fpv4-sp-d16 -specs=nosys.specs -specs=nano.specs -T"../STM32L443CCTx_FLASH.ld" -Wl,-Map=output.map -Wl,--gc-sections -o "Test.elf" @"objects.list"   -lm
Finished building target: Test.elf
 
make --no-print-directory post-build
Generating hex and Printing size information:
arm-none-eabi-objcopy -O ihex "Test.elf" "Test.hex"
arm-none-eabi-size "Test.elf"
   text	   data	    bss	    dec	    hex	filename
  26360	     56	   2272	  28688	   7010	Test.elf
 
15:47:09 **** Incremental Build of configuration Debug for project Test ****
make -j16 all 
Building file: ../Core/Src/main.c
Invoking: MCU GCC Compiler
C:\School\Thomas_More_Hogeschool\Practice_Enterprise_2\PE2\Bluetooth_music_box\code\Test\Debug
arm-none-eabi-gcc -mcpu=cortex-m4 -mthumb -mfloat-abi=hard -mfpu=fpv4-sp-d16 -DUSE_HAL_DRIVER -DSTM32L443xx -I"C:/School/Thomas_More_Hogeschool/Practice_Enterprise_2/PE2/Bluetooth_music_box/code/Test/Core/Inc" -I"C:/School/Thomas_More_Hogeschool/Practice_Enterprise_2/PE2/Bluetooth_music_box/code/Test/Drivers/STM32L4xx_HAL_Driver/Inc" -I"C:/School/Thomas_More_Hogeschool/Practice_Enterprise_2/PE2/Bluetooth_music_box/code/Test/Drivers/STM32L4xx_HAL_Driver/Inc/Legacy" -I"C:/School/Thomas_More_Hogeschool/Practice_Enterprise_2/PE2/Bluetooth_music_box/code/Test/Drivers/CMSIS/Device/ST/STM32L4xx/Include" -I"C:/School/Thomas_More_Hogeschool/Practice_Enterprise_2/PE2/Bluetooth_music_box/code/Test/Drivers/CMSIS/Include"  -Og -g3 -Wall -fmessage-length=0 -ffunction-sections -c -fmessage-length=0 -MMD -MP -MF"Core/Src/main.d" -MT"Core/Src/main.o" -o "Core/Src/main.o" "../Core/Src/main.c"
../Core/Src/main.c: In function 'main':
../Core/Src/main.c:146:4: warning: implicit declaration of function 'ILI9341_TouchUnselect'; did you mean 'ILI9341_Unselect'? [-Wimplicit-function-declaration]
    ILI9341_TouchUnselect();
    ^~~~~~~~~~~~~~~~~~~~~
    ILI9341_Unselect
../Core/Src/main.c:105:21: warning: unused variable 'timeout' [-Wunused-variable]
   volatile uint32_t timeout;
                     ^~~~~~~
../Core/Src/main.c:104:10: warning: unused variable 'i' [-Wunused-variable]
   size_t i;
          ^
Finished building: ../Core/Src/main.c
 
Building target: Test.elf
Invoking: MCU GCC Linker
arm-none-eabi-gcc -mcpu=cortex-m4 -mthumb -mfloat-abi=hard -mfpu=fpv4-sp-d16 -specs=nosys.specs -specs=nano.specs -T"../STM32L443CCTx_FLASH.ld" -Wl,-Map=output.map -Wl,--gc-sections -o "Test.elf" @"objects.list"   -lm
Finished building target: Test.elf
 
make --no-print-directory post-build
Generating hex and Printing size information:
arm-none-eabi-objcopy -O ihex "Test.elf" "Test.hex"
arm-none-eabi-size "Test.elf"
   text	   data	    bss	    dec	    hex	filename
  26376	     56	   2272	  28704	   7020	Test.elf
 
15:49:14 **** Incremental Build of configuration Debug for project Test ****
make -j16 all 
Building file: ../Core/Src/main.c
Invoking: MCU GCC Compiler
C:\School\Thomas_More_Hogeschool\Practice_Enterprise_2\PE2\Bluetooth_music_box\code\Test\Debug
arm-none-eabi-gcc -mcpu=cortex-m4 -mthumb -mfloat-abi=hard -mfpu=fpv4-sp-d16 -DUSE_HAL_DRIVER -DSTM32L443xx -I"C:/School/Thomas_More_Hogeschool/Practice_Enterprise_2/PE2/Bluetooth_music_box/code/Test/Core/Inc" -I"C:/School/Thomas_More_Hogeschool/Practice_Enterprise_2/PE2/Bluetooth_music_box/code/Test/Drivers/STM32L4xx_HAL_Driver/Inc" -I"C:/School/Thomas_More_Hogeschool/Practice_Enterprise_2/PE2/Bluetooth_music_box/code/Test/Drivers/STM32L4xx_HAL_Driver/Inc/Legacy" -I"C:/School/Thomas_More_Hogeschool/Practice_Enterprise_2/PE2/Bluetooth_music_box/code/Test/Drivers/CMSIS/Device/ST/STM32L4xx/Include" -I"C:/School/Thomas_More_Hogeschool/Practice_Enterprise_2/PE2/Bluetooth_music_box/code/Test/Drivers/CMSIS/Include"  -Og -g3 -Wall -fmessage-length=0 -ffunction-sections -c -fmessage-length=0 -MMD -MP -MF"Core/Src/main.d" -MT"Core/Src/main.o" -o "Core/Src/main.o" "../Core/Src/main.c"
../Core/Src/main.c: In function 'main':
../Core/Src/main.c:146:4: warning: implicit declaration of function 'ILI9341_TouchUnselect'; did you mean 'ILI9341_Unselect'? [-Wimplicit-function-declaration]
    ILI9341_TouchUnselect();
    ^~~~~~~~~~~~~~~~~~~~~
    ILI9341_Unselect
../Core/Src/main.c:105:21: warning: unused variable 'timeout' [-Wunused-variable]
   volatile uint32_t timeout;
                     ^~~~~~~
../Core/Src/main.c:104:10: warning: unused variable 'i' [-Wunused-variable]
   size_t i;
          ^
Finished building: ../Core/Src/main.c
 
Building target: Test.elf
Invoking: MCU GCC Linker
arm-none-eabi-gcc -mcpu=cortex-m4 -mthumb -mfloat-abi=hard -mfpu=fpv4-sp-d16 -specs=nosys.specs -specs=nano.specs -T"../STM32L443CCTx_FLASH.ld" -Wl,-Map=output.map -Wl,--gc-sections -o "Test.elf" @"objects.list"   -lm
Finished building target: Test.elf
 
make --no-print-directory post-build
Generating hex and Printing size information:
arm-none-eabi-objcopy -O ihex "Test.elf" "Test.hex"
arm-none-eabi-size "Test.elf"
   text	   data	    bss	    dec	    hex	filename
  26400	     56	   2272	  28728	   7038	Test.elf
 
15:52:13 **** Incremental Build of configuration Debug for project Test ****
make -j16 all 
Building file: ../Core/Src/ili9341.c
Building file: ../Core/Src/main.c
Invoking: MCU GCC Compiler
Invoking: MCU GCC Compiler
C:\School\Thomas_More_Hogeschool\Practice_Enterprise_2\PE2\Bluetooth_music_box\code\Test\Debug
arm-none-eabi-gcc -mcpu=cortex-m4 -mthumb -mfloat-abi=hard -mfpu=fpv4-sp-d16 -DUSE_HAL_DRIVER -DSTM32L443xx -I"C:/School/Thomas_More_Hogeschool/Practice_Enterprise_2/PE2/Bluetooth_music_box/code/Test/Core/Inc" -I"C:/School/Thomas_More_Hogeschool/Practice_Enterprise_2/PE2/Bluetooth_music_box/code/Test/Drivers/STM32L4xx_HAL_Driver/Inc" -I"C:/School/Thomas_More_Hogeschool/Practice_Enterprise_2/PE2/Bluetooth_music_box/code/Test/Drivers/STM32L4xx_HAL_Driver/Inc/Legacy" -I"C:/School/Thomas_More_Hogeschool/Practice_Enterprise_2/PE2/Bluetooth_music_box/code/Test/Drivers/CMSIS/Device/ST/STM32L4xx/Include" -I"C:/School/Thomas_More_Hogeschool/Practice_Enterprise_2/PE2/Bluetooth_music_box/code/Test/Drivers/CMSIS/Include"  -Og -g3 -Wall -fmessage-length=0 -ffunction-sections -c -fmessage-length=0 -MMD -MP -MF"Core/Src/ili9341.d" -MT"Core/Src/ili9341.o" -o "Core/Src/ili9341.o" "../Core/Src/ili9341.c"
C:\School\Thomas_More_Hogeschool\Practice_Enterprise_2\PE2\Bluetooth_music_box\code\Test\Debug
arm-none-eabi-gcc -mcpu=cortex-m4 -mthumb -mfloat-abi=hard -mfpu=fpv4-sp-d16 -DUSE_HAL_DRIVER -DSTM32L443xx -I"C:/School/Thomas_More_Hogeschool/Practice_Enterprise_2/PE2/Bluetooth_music_box/code/Test/Core/Inc" -I"C:/School/Thomas_More_Hogeschool/Practice_Enterprise_2/PE2/Bluetooth_music_box/code/Test/Drivers/STM32L4xx_HAL_Driver/Inc" -I"C:/School/Thomas_More_Hogeschool/Practice_Enterprise_2/PE2/Bluetooth_music_box/code/Test/Drivers/STM32L4xx_HAL_Driver/Inc/Legacy" -I"C:/School/Thomas_More_Hogeschool/Practice_Enterprise_2/PE2/Bluetooth_music_box/code/Test/Drivers/CMSIS/Device/ST/STM32L4xx/Include" -I"C:/School/Thomas_More_Hogeschool/Practice_Enterprise_2/PE2/Bluetooth_music_box/code/Test/Drivers/CMSIS/Include"  -Og -g3 -Wall -fmessage-length=0 -ffunction-sections -c -fmessage-length=0 -MMD -MP -MF"Core/Src/main.d" -MT"Core/Src/main.o" -o "Core/Src/main.o" "../Core/Src/main.c"
../Core/Src/ili9341.c: In function 'LCD_DrawVLine':
../Core/Src/ili9341.c:312:2: warning: statement with no effect [-Wunused-value]
  for(result; result > 0; result--){
  ^~~
../Core/Src/ili9341.c: In function 'LCD_DrawHLine':
../Core/Src/ili9341.c:320:2: warning: statement with no effect [-Wunused-value]
  for(result; result > 0; result--){
  ^~~
../Core/Src/main.c: In function 'main':
../Core/Src/main.c:146:4: warning: implicit declaration of function 'ILI9341_TouchUnselect'; did you mean 'ILI9341_Unselect'? [-Wimplicit-function-declaration]
    ILI9341_TouchUnselect();
    ^~~~~~~~~~~~~~~~~~~~~
    ILI9341_Unselect
../Core/Src/main.c:105:21: warning: unused variable 'timeout' [-Wunused-variable]
   volatile uint32_t timeout;
                     ^~~~~~~
../Core/Src/main.c:104:10: warning: unused variable 'i' [-Wunused-variable]
   size_t i;
          ^
Finished building: ../Core/Src/ili9341.c
 
Finished building: ../Core/Src/main.c
 
Building target: Test.elf
Invoking: MCU GCC Linker
arm-none-eabi-gcc -mcpu=cortex-m4 -mthumb -mfloat-abi=hard -mfpu=fpv4-sp-d16 -specs=nosys.specs -specs=nano.specs -T"../STM32L443CCTx_FLASH.ld" -Wl,-Map=output.map -Wl,--gc-sections -o "Test.elf" @"objects.list"   -lm
Finished building target: Test.elf
 
make --no-print-directory post-build
Generating hex and Printing size information:
arm-none-eabi-objcopy -O ihex "Test.elf" "Test.hex"
arm-none-eabi-size "Test.elf"
   text	   data	    bss	    dec	    hex	filename
  26400	     56	   2272	  28728	   7038	Test.elf
 
15:53:18 **** Incremental Build of configuration Debug for project Test ****
make -j16 all 
Building file: ../Core/Src/ili9341.c
Building file: ../Core/Src/main.c
Invoking: MCU GCC Compiler
Invoking: MCU GCC Compiler
C:\School\Thomas_More_Hogeschool\Practice_Enterprise_2\PE2\Bluetooth_music_box\code\Test\Debug
arm-none-eabi-gcc -mcpu=cortex-m4 -mthumb -mfloat-abi=hard -mfpu=fpv4-sp-d16 -DUSE_HAL_DRIVER -DSTM32L443xx -I"C:/School/Thomas_More_Hogeschool/Practice_Enterprise_2/PE2/Bluetooth_music_box/code/Test/Core/Inc" -I"C:/School/Thomas_More_Hogeschool/Practice_Enterprise_2/PE2/Bluetooth_music_box/code/Test/Drivers/STM32L4xx_HAL_Driver/Inc" -I"C:/School/Thomas_More_Hogeschool/Practice_Enterprise_2/PE2/Bluetooth_music_box/code/Test/Drivers/STM32L4xx_HAL_Driver/Inc/Legacy" -I"C:/School/Thomas_More_Hogeschool/Practice_Enterprise_2/PE2/Bluetooth_music_box/code/Test/Drivers/CMSIS/Device/ST/STM32L4xx/Include" -I"C:/School/Thomas_More_Hogeschool/Practice_Enterprise_2/PE2/Bluetooth_music_box/code/Test/Drivers/CMSIS/Include"  -Og -g3 -Wall -fmessage-length=0 -ffunction-sections -c -fmessage-length=0 -MMD -MP -MF"Core/Src/ili9341.d" -MT"Core/Src/ili9341.o" -o "Core/Src/ili9341.o" "../Core/Src/ili9341.c"
C:\School\Thomas_More_Hogeschool\Practice_Enterprise_2\PE2\Bluetooth_music_box\code\Test\Debug
arm-none-eabi-gcc -mcpu=cortex-m4 -mthumb -mfloat-abi=hard -mfpu=fpv4-sp-d16 -DUSE_HAL_DRIVER -DSTM32L443xx -I"C:/School/Thomas_More_Hogeschool/Practice_Enterprise_2/PE2/Bluetooth_music_box/code/Test/Core/Inc" -I"C:/School/Thomas_More_Hogeschool/Practice_Enterprise_2/PE2/Bluetooth_music_box/code/Test/Drivers/STM32L4xx_HAL_Driver/Inc" -I"C:/School/Thomas_More_Hogeschool/Practice_Enterprise_2/PE2/Bluetooth_music_box/code/Test/Drivers/STM32L4xx_HAL_Driver/Inc/Legacy" -I"C:/School/Thomas_More_Hogeschool/Practice_Enterprise_2/PE2/Bluetooth_music_box/code/Test/Drivers/CMSIS/Device/ST/STM32L4xx/Include" -I"C:/School/Thomas_More_Hogeschool/Practice_Enterprise_2/PE2/Bluetooth_music_box/code/Test/Drivers/CMSIS/Include"  -Og -g3 -Wall -fmessage-length=0 -ffunction-sections -c -fmessage-length=0 -MMD -MP -MF"Core/Src/main.d" -MT"Core/Src/main.o" -o "Core/Src/main.o" "../Core/Src/main.c"
../Core/Src/ili9341.c: In function 'LCD_DrawVLine':
../Core/Src/ili9341.c:312:2: warning: statement with no effect [-Wunused-value]
  for(result; result > 0; result--){
  ^~~
../Core/Src/ili9341.c: In function 'LCD_DrawHLine':
../Core/Src/ili9341.c:320:2: warning: statement with no effect [-Wunused-value]
  for(result; result > 0; result--){
  ^~~
../Core/Src/main.c: In function 'main':
../Core/Src/main.c:146:4: warning: implicit declaration of function 'ILI9341_TouchUnselect'; did you mean 'ILI9341_Unselect'? [-Wimplicit-function-declaration]
    ILI9341_TouchUnselect();
    ^~~~~~~~~~~~~~~~~~~~~
    ILI9341_Unselect
../Core/Src/main.c:105:21: warning: unused variable 'timeout' [-Wunused-variable]
   volatile uint32_t timeout;
                     ^~~~~~~
../Core/Src/main.c:104:10: warning: unused variable 'i' [-Wunused-variable]
   size_t i;
          ^
Finished building: ../Core/Src/ili9341.c
 
Finished building: ../Core/Src/main.c
 
Building target: Test.elf
Invoking: MCU GCC Linker
arm-none-eabi-gcc -mcpu=cortex-m4 -mthumb -mfloat-abi=hard -mfpu=fpv4-sp-d16 -specs=nosys.specs -specs=nano.specs -T"../STM32L443CCTx_FLASH.ld" -Wl,-Map=output.map -Wl,--gc-sections -o "Test.elf" @"objects.list"   -lm
Finished building target: Test.elf
 
make --no-print-directory post-build
Generating hex and Printing size information:
arm-none-eabi-objcopy -O ihex "Test.elf" "Test.hex"
arm-none-eabi-size "Test.elf"
   text	   data	    bss	    dec	    hex	filename
  26408	     56	   2272	  28736	   7040	Test.elf
 
15:54:05 **** Incremental Build of configuration Debug for project Test ****
make -j16 all 
Building file: ../Core/Src/ili9341.c
Building file: ../Core/Src/main.c
Invoking: MCU GCC Compiler
Invoking: MCU GCC Compiler
C:\School\Thomas_More_Hogeschool\Practice_Enterprise_2\PE2\Bluetooth_music_box\code\Test\Debug
arm-none-eabi-gcc -mcpu=cortex-m4 -mthumb -mfloat-abi=hard -mfpu=fpv4-sp-d16 -DUSE_HAL_DRIVER -DSTM32L443xx -I"C:/School/Thomas_More_Hogeschool/Practice_Enterprise_2/PE2/Bluetooth_music_box/code/Test/Core/Inc" -I"C:/School/Thomas_More_Hogeschool/Practice_Enterprise_2/PE2/Bluetooth_music_box/code/Test/Drivers/STM32L4xx_HAL_Driver/Inc" -I"C:/School/Thomas_More_Hogeschool/Practice_Enterprise_2/PE2/Bluetooth_music_box/code/Test/Drivers/STM32L4xx_HAL_Driver/Inc/Legacy" -I"C:/School/Thomas_More_Hogeschool/Practice_Enterprise_2/PE2/Bluetooth_music_box/code/Test/Drivers/CMSIS/Device/ST/STM32L4xx/Include" -I"C:/School/Thomas_More_Hogeschool/Practice_Enterprise_2/PE2/Bluetooth_music_box/code/Test/Drivers/CMSIS/Include"  -Og -g3 -Wall -fmessage-length=0 -ffunction-sections -c -fmessage-length=0 -MMD -MP -MF"Core/Src/ili9341.d" -MT"Core/Src/ili9341.o" -o "Core/Src/ili9341.o" "../Core/Src/ili9341.c"
C:\School\Thomas_More_Hogeschool\Practice_Enterprise_2\PE2\Bluetooth_music_box\code\Test\Debug
arm-none-eabi-gcc -mcpu=cortex-m4 -mthumb -mfloat-abi=hard -mfpu=fpv4-sp-d16 -DUSE_HAL_DRIVER -DSTM32L443xx -I"C:/School/Thomas_More_Hogeschool/Practice_Enterprise_2/PE2/Bluetooth_music_box/code/Test/Core/Inc" -I"C:/School/Thomas_More_Hogeschool/Practice_Enterprise_2/PE2/Bluetooth_music_box/code/Test/Drivers/STM32L4xx_HAL_Driver/Inc" -I"C:/School/Thomas_More_Hogeschool/Practice_Enterprise_2/PE2/Bluetooth_music_box/code/Test/Drivers/STM32L4xx_HAL_Driver/Inc/Legacy" -I"C:/School/Thomas_More_Hogeschool/Practice_Enterprise_2/PE2/Bluetooth_music_box/code/Test/Drivers/CMSIS/Device/ST/STM32L4xx/Include" -I"C:/School/Thomas_More_Hogeschool/Practice_Enterprise_2/PE2/Bluetooth_music_box/code/Test/Drivers/CMSIS/Include"  -Og -g3 -Wall -fmessage-length=0 -ffunction-sections -c -fmessage-length=0 -MMD -MP -MF"Core/Src/main.d" -MT"Core/Src/main.o" -o "Core/Src/main.o" "../Core/Src/main.c"
../Core/Src/ili9341.c: In function 'LCD_DrawVLine':
../Core/Src/ili9341.c:312:2: warning: statement with no effect [-Wunused-value]
  for(result; result > 0; result--){
  ^~~
../Core/Src/ili9341.c: In function 'LCD_DrawHLine':
../Core/Src/ili9341.c:320:2: warning: statement with no effect [-Wunused-value]
  for(result; result > 0; result--){
  ^~~
../Core/Src/main.c: In function 'main':
../Core/Src/main.c:146:4: warning: implicit declaration of function 'ILI9341_TouchUnselect'; did you mean 'ILI9341_Unselect'? [-Wimplicit-function-declaration]
    ILI9341_TouchUnselect();
    ^~~~~~~~~~~~~~~~~~~~~
    ILI9341_Unselect
../Core/Src/main.c:105:21: warning: unused variable 'timeout' [-Wunused-variable]
   volatile uint32_t timeout;
                     ^~~~~~~
../Core/Src/main.c:104:10: warning: unused variable 'i' [-Wunused-variable]
   size_t i;
          ^
Finished building: ../Core/Src/ili9341.c
 
Finished building: ../Core/Src/main.c
 
Building target: Test.elf
Invoking: MCU GCC Linker
arm-none-eabi-gcc -mcpu=cortex-m4 -mthumb -mfloat-abi=hard -mfpu=fpv4-sp-d16 -specs=nosys.specs -specs=nano.specs -T"../STM32L443CCTx_FLASH.ld" -Wl,-Map=output.map -Wl,--gc-sections -o "Test.elf" @"objects.list"   -lm
Finished building target: Test.elf
 
make --no-print-directory post-build
Generating hex and Printing size information:
arm-none-eabi-objcopy -O ihex "Test.elf" "Test.hex"
arm-none-eabi-size "Test.elf"
   text	   data	    bss	    dec	    hex	filename
  26408	     56	   2272	  28736	   7040	Test.elf
 
15:54:07 **** Incremental Build of configuration Debug for project Test ****
make -j16 all 
Building file: ../Core/Src/main.c
Invoking: MCU GCC Compiler
C:\School\Thomas_More_Hogeschool\Practice_Enterprise_2\PE2\Bluetooth_music_box\code\Test\Debug
arm-none-eabi-gcc -mcpu=cortex-m4 -mthumb -mfloat-abi=hard -mfpu=fpv4-sp-d16 -DUSE_HAL_DRIVER -DSTM32L443xx -I"C:/School/Thomas_More_Hogeschool/Practice_Enterprise_2/PE2/Bluetooth_music_box/code/Test/Core/Inc" -I"C:/School/Thomas_More_Hogeschool/Practice_Enterprise_2/PE2/Bluetooth_music_box/code/Test/Drivers/STM32L4xx_HAL_Driver/Inc" -I"C:/School/Thomas_More_Hogeschool/Practice_Enterprise_2/PE2/Bluetooth_music_box/code/Test/Drivers/STM32L4xx_HAL_Driver/Inc/Legacy" -I"C:/School/Thomas_More_Hogeschool/Practice_Enterprise_2/PE2/Bluetooth_music_box/code/Test/Drivers/CMSIS/Device/ST/STM32L4xx/Include" -I"C:/School/Thomas_More_Hogeschool/Practice_Enterprise_2/PE2/Bluetooth_music_box/code/Test/Drivers/CMSIS/Include"  -Og -g3 -Wall -fmessage-length=0 -ffunction-sections -c -fmessage-length=0 -MMD -MP -MF"Core/Src/main.d" -MT"Core/Src/main.o" -o "Core/Src/main.o" "../Core/Src/main.c"
../Core/Src/main.c: In function 'main':
../Core/Src/main.c:146:4: warning: implicit declaration of function 'ILI9341_TouchUnselect'; did you mean 'ILI9341_Unselect'? [-Wimplicit-function-declaration]
    ILI9341_TouchUnselect();
    ^~~~~~~~~~~~~~~~~~~~~
    ILI9341_Unselect
../Core/Src/main.c:105:21: warning: unused variable 'timeout' [-Wunused-variable]
   volatile uint32_t timeout;
                     ^~~~~~~
../Core/Src/main.c:104:10: warning: unused variable 'i' [-Wunused-variable]
   size_t i;
          ^
Finished building: ../Core/Src/main.c
 
Building target: Test.elf
Invoking: MCU GCC Linker
arm-none-eabi-gcc -mcpu=cortex-m4 -mthumb -mfloat-abi=hard -mfpu=fpv4-sp-d16 -specs=nosys.specs -specs=nano.specs -T"../STM32L443CCTx_FLASH.ld" -Wl,-Map=output.map -Wl,--gc-sections -o "Test.elf" @"objects.list"   -lm
Finished building target: Test.elf
 
make --no-print-directory post-build
Generating hex and Printing size information:
arm-none-eabi-objcopy -O ihex "Test.elf" "Test.hex"
arm-none-eabi-size "Test.elf"
   text	   data	    bss	    dec	    hex	filename
  26408	     56	   2272	  28736	   7040	Test.elf
 
15:54:44 **** Incremental Build of configuration Debug for project Test ****
make -j16 all 
Building file: ../Core/Src/main.c
Invoking: MCU GCC Compiler
C:\School\Thomas_More_Hogeschool\Practice_Enterprise_2\PE2\Bluetooth_music_box\code\Test\Debug
arm-none-eabi-gcc -mcpu=cortex-m4 -mthumb -mfloat-abi=hard -mfpu=fpv4-sp-d16 -DUSE_HAL_DRIVER -DSTM32L443xx -I"C:/School/Thomas_More_Hogeschool/Practice_Enterprise_2/PE2/Bluetooth_music_box/code/Test/Core/Inc" -I"C:/School/Thomas_More_Hogeschool/Practice_Enterprise_2/PE2/Bluetooth_music_box/code/Test/Drivers/STM32L4xx_HAL_Driver/Inc" -I"C:/School/Thomas_More_Hogeschool/Practice_Enterprise_2/PE2/Bluetooth_music_box/code/Test/Drivers/STM32L4xx_HAL_Driver/Inc/Legacy" -I"C:/School/Thomas_More_Hogeschool/Practice_Enterprise_2/PE2/Bluetooth_music_box/code/Test/Drivers/CMSIS/Device/ST/STM32L4xx/Include" -I"C:/School/Thomas_More_Hogeschool/Practice_Enterprise_2/PE2/Bluetooth_music_box/code/Test/Drivers/CMSIS/Include"  -Og -g3 -Wall -fmessage-length=0 -ffunction-sections -c -fmessage-length=0 -MMD -MP -MF"Core/Src/main.d" -MT"Core/Src/main.o" -o "Core/Src/main.o" "../Core/Src/main.c"
../Core/Src/main.c: In function 'main':
../Core/Src/main.c:146:4: warning: implicit declaration of function 'ILI9341_TouchUnselect'; did you mean 'ILI9341_Unselect'? [-Wimplicit-function-declaration]
    ILI9341_TouchUnselect();
    ^~~~~~~~~~~~~~~~~~~~~
    ILI9341_Unselect
../Core/Src/main.c:105:21: warning: unused variable 'timeout' [-Wunused-variable]
   volatile uint32_t timeout;
                     ^~~~~~~
../Core/Src/main.c:104:10: warning: unused variable 'i' [-Wunused-variable]
   size_t i;
          ^
Finished building: ../Core/Src/main.c
 
Building target: Test.elf
Invoking: MCU GCC Linker
arm-none-eabi-gcc -mcpu=cortex-m4 -mthumb -mfloat-abi=hard -mfpu=fpv4-sp-d16 -specs=nosys.specs -specs=nano.specs -T"../STM32L443CCTx_FLASH.ld" -Wl,-Map=output.map -Wl,--gc-sections -o "Test.elf" @"objects.list"   -lm
Finished building target: Test.elf
 
make --no-print-directory post-build
Generating hex and Printing size information:
arm-none-eabi-objcopy -O ihex "Test.elf" "Test.hex"
arm-none-eabi-size "Test.elf"
   text	   data	    bss	    dec	    hex	filename
  26424	     56	   2272	  28752	   7050	Test.elf
 
15:57:05 **** Incremental Build of configuration Debug for project Test ****
make -j16 all 
Building file: ../Core/Src/main.c
Invoking: MCU GCC Compiler
C:\School\Thomas_More_Hogeschool\Practice_Enterprise_2\PE2\Bluetooth_music_box\code\Test\Debug
arm-none-eabi-gcc -mcpu=cortex-m4 -mthumb -mfloat-abi=hard -mfpu=fpv4-sp-d16 -DUSE_HAL_DRIVER -DSTM32L443xx -I"C:/School/Thomas_More_Hogeschool/Practice_Enterprise_2/PE2/Bluetooth_music_box/code/Test/Core/Inc" -I"C:/School/Thomas_More_Hogeschool/Practice_Enterprise_2/PE2/Bluetooth_music_box/code/Test/Drivers/STM32L4xx_HAL_Driver/Inc" -I"C:/School/Thomas_More_Hogeschool/Practice_Enterprise_2/PE2/Bluetooth_music_box/code/Test/Drivers/STM32L4xx_HAL_Driver/Inc/Legacy" -I"C:/School/Thomas_More_Hogeschool/Practice_Enterprise_2/PE2/Bluetooth_music_box/code/Test/Drivers/CMSIS/Device/ST/STM32L4xx/Include" -I"C:/School/Thomas_More_Hogeschool/Practice_Enterprise_2/PE2/Bluetooth_music_box/code/Test/Drivers/CMSIS/Include"  -Og -g3 -Wall -fmessage-length=0 -ffunction-sections -c -fmessage-length=0 -MMD -MP -MF"Core/Src/main.d" -MT"Core/Src/main.o" -o "Core/Src/main.o" "../Core/Src/main.c"
../Core/Src/main.c: In function 'main':
../Core/Src/main.c:146:4: warning: implicit declaration of function 'ILI9341_TouchUnselect'; did you mean 'ILI9341_Unselect'? [-Wimplicit-function-declaration]
    ILI9341_TouchUnselect();
    ^~~~~~~~~~~~~~~~~~~~~
    ILI9341_Unselect
../Core/Src/main.c:105:21: warning: unused variable 'timeout' [-Wunused-variable]
   volatile uint32_t timeout;
                     ^~~~~~~
../Core/Src/main.c:104:10: warning: unused variable 'i' [-Wunused-variable]
   size_t i;
          ^
Finished building: ../Core/Src/main.c
 
Building target: Test.elf
Invoking: MCU GCC Linker
arm-none-eabi-gcc -mcpu=cortex-m4 -mthumb -mfloat-abi=hard -mfpu=fpv4-sp-d16 -specs=nosys.specs -specs=nano.specs -T"../STM32L443CCTx_FLASH.ld" -Wl,-Map=output.map -Wl,--gc-sections -o "Test.elf" @"objects.list"   -lm
Finished building target: Test.elf
 
make --no-print-directory post-build
Generating hex and Printing size information:
arm-none-eabi-objcopy -O ihex "Test.elf" "Test.hex"
arm-none-eabi-size "Test.elf"
   text	   data	    bss	    dec	    hex	filename
  26512	     56	   2272	  28840	   70a8	Test.elf
 
15:57:39 **** Incremental Build of configuration Debug for project Test ****
make -j16 all 
Building file: ../Core/Src/main.c
Invoking: MCU GCC Compiler
C:\School\Thomas_More_Hogeschool\Practice_Enterprise_2\PE2\Bluetooth_music_box\code\Test\Debug
arm-none-eabi-gcc -mcpu=cortex-m4 -mthumb -mfloat-abi=hard -mfpu=fpv4-sp-d16 -DUSE_HAL_DRIVER -DSTM32L443xx -I"C:/School/Thomas_More_Hogeschool/Practice_Enterprise_2/PE2/Bluetooth_music_box/code/Test/Core/Inc" -I"C:/School/Thomas_More_Hogeschool/Practice_Enterprise_2/PE2/Bluetooth_music_box/code/Test/Drivers/STM32L4xx_HAL_Driver/Inc" -I"C:/School/Thomas_More_Hogeschool/Practice_Enterprise_2/PE2/Bluetooth_music_box/code/Test/Drivers/STM32L4xx_HAL_Driver/Inc/Legacy" -I"C:/School/Thomas_More_Hogeschool/Practice_Enterprise_2/PE2/Bluetooth_music_box/code/Test/Drivers/CMSIS/Device/ST/STM32L4xx/Include" -I"C:/School/Thomas_More_Hogeschool/Practice_Enterprise_2/PE2/Bluetooth_music_box/code/Test/Drivers/CMSIS/Include"  -Og -g3 -Wall -fmessage-length=0 -ffunction-sections -c -fmessage-length=0 -MMD -MP -MF"Core/Src/main.d" -MT"Core/Src/main.o" -o "Core/Src/main.o" "../Core/Src/main.c"
../Core/Src/main.c: In function 'main':
../Core/Src/main.c:146:4: warning: implicit declaration of function 'ILI9341_TouchUnselect'; did you mean 'ILI9341_Unselect'? [-Wimplicit-function-declaration]
    ILI9341_TouchUnselect();
    ^~~~~~~~~~~~~~~~~~~~~
    ILI9341_Unselect
../Core/Src/main.c:105:21: warning: unused variable 'timeout' [-Wunused-variable]
   volatile uint32_t timeout;
                     ^~~~~~~
../Core/Src/main.c:104:10: warning: unused variable 'i' [-Wunused-variable]
   size_t i;
          ^
Finished building: ../Core/Src/main.c
 
Building target: Test.elf
Invoking: MCU GCC Linker
arm-none-eabi-gcc -mcpu=cortex-m4 -mthumb -mfloat-abi=hard -mfpu=fpv4-sp-d16 -specs=nosys.specs -specs=nano.specs -T"../STM32L443CCTx_FLASH.ld" -Wl,-Map=output.map -Wl,--gc-sections -o "Test.elf" @"objects.list"   -lm
Finished building target: Test.elf
 
make --no-print-directory post-build
Generating hex and Printing size information:
arm-none-eabi-objcopy -O ihex "Test.elf" "Test.hex"
arm-none-eabi-size "Test.elf"
   text	   data	    bss	    dec	    hex	filename
  26512	     56	   2272	  28840	   70a8	Test.elf
 
15:58:22 **** Incremental Build of configuration Debug for project Test ****
make -j16 all 
Building file: ../Core/Src/main.c
Invoking: MCU GCC Compiler
C:\School\Thomas_More_Hogeschool\Practice_Enterprise_2\PE2\Bluetooth_music_box\code\Test\Debug
arm-none-eabi-gcc -mcpu=cortex-m4 -mthumb -mfloat-abi=hard -mfpu=fpv4-sp-d16 -DUSE_HAL_DRIVER -DSTM32L443xx -I"C:/School/Thomas_More_Hogeschool/Practice_Enterprise_2/PE2/Bluetooth_music_box/code/Test/Core/Inc" -I"C:/School/Thomas_More_Hogeschool/Practice_Enterprise_2/PE2/Bluetooth_music_box/code/Test/Drivers/STM32L4xx_HAL_Driver/Inc" -I"C:/School/Thomas_More_Hogeschool/Practice_Enterprise_2/PE2/Bluetooth_music_box/code/Test/Drivers/STM32L4xx_HAL_Driver/Inc/Legacy" -I"C:/School/Thomas_More_Hogeschool/Practice_Enterprise_2/PE2/Bluetooth_music_box/code/Test/Drivers/CMSIS/Device/ST/STM32L4xx/Include" -I"C:/School/Thomas_More_Hogeschool/Practice_Enterprise_2/PE2/Bluetooth_music_box/code/Test/Drivers/CMSIS/Include"  -Og -g3 -Wall -fmessage-length=0 -ffunction-sections -c -fmessage-length=0 -MMD -MP -MF"Core/Src/main.d" -MT"Core/Src/main.o" -o "Core/Src/main.o" "../Core/Src/main.c"
../Core/Src/main.c: In function 'main':
../Core/Src/main.c:146:4: warning: implicit declaration of function 'ILI9341_TouchUnselect'; did you mean 'ILI9341_Unselect'? [-Wimplicit-function-declaration]
    ILI9341_TouchUnselect();
    ^~~~~~~~~~~~~~~~~~~~~
    ILI9341_Unselect
../Core/Src/main.c:105:21: warning: unused variable 'timeout' [-Wunused-variable]
   volatile uint32_t timeout;
                     ^~~~~~~
../Core/Src/main.c:104:10: warning: unused variable 'i' [-Wunused-variable]
   size_t i;
          ^
Finished building: ../Core/Src/main.c
 
Building target: Test.elf
Invoking: MCU GCC Linker
arm-none-eabi-gcc -mcpu=cortex-m4 -mthumb -mfloat-abi=hard -mfpu=fpv4-sp-d16 -specs=nosys.specs -specs=nano.specs -T"../STM32L443CCTx_FLASH.ld" -Wl,-Map=output.map -Wl,--gc-sections -o "Test.elf" @"objects.list"   -lm
Finished building target: Test.elf
 
make --no-print-directory post-build
Generating hex and Printing size information:
arm-none-eabi-objcopy -O ihex "Test.elf" "Test.hex"
arm-none-eabi-size "Test.elf"
   text	   data	    bss	    dec	    hex	filename
  26504	     56	   2272	  28832	   70a0	Test.elf
 
15:59:13 **** Incremental Build of configuration Debug for project Test ****
make -j16 all 
Building file: ../Core/Src/main.c
Invoking: MCU GCC Compiler
C:\School\Thomas_More_Hogeschool\Practice_Enterprise_2\PE2\Bluetooth_music_box\code\Test\Debug
arm-none-eabi-gcc -mcpu=cortex-m4 -mthumb -mfloat-abi=hard -mfpu=fpv4-sp-d16 -DUSE_HAL_DRIVER -DSTM32L443xx -I"C:/School/Thomas_More_Hogeschool/Practice_Enterprise_2/PE2/Bluetooth_music_box/code/Test/Core/Inc" -I"C:/School/Thomas_More_Hogeschool/Practice_Enterprise_2/PE2/Bluetooth_music_box/code/Test/Drivers/STM32L4xx_HAL_Driver/Inc" -I"C:/School/Thomas_More_Hogeschool/Practice_Enterprise_2/PE2/Bluetooth_music_box/code/Test/Drivers/STM32L4xx_HAL_Driver/Inc/Legacy" -I"C:/School/Thomas_More_Hogeschool/Practice_Enterprise_2/PE2/Bluetooth_music_box/code/Test/Drivers/CMSIS/Device/ST/STM32L4xx/Include" -I"C:/School/Thomas_More_Hogeschool/Practice_Enterprise_2/PE2/Bluetooth_music_box/code/Test/Drivers/CMSIS/Include"  -Og -g3 -Wall -fmessage-length=0 -ffunction-sections -c -fmessage-length=0 -MMD -MP -MF"Core/Src/main.d" -MT"Core/Src/main.o" -o "Core/Src/main.o" "../Core/Src/main.c"
../Core/Src/main.c: In function 'main':
../Core/Src/main.c:146:4: warning: implicit declaration of function 'ILI9341_TouchUnselect'; did you mean 'ILI9341_Unselect'? [-Wimplicit-function-declaration]
    ILI9341_TouchUnselect();
    ^~~~~~~~~~~~~~~~~~~~~
    ILI9341_Unselect
../Core/Src/main.c:105:21: warning: unused variable 'timeout' [-Wunused-variable]
   volatile uint32_t timeout;
                     ^~~~~~~
../Core/Src/main.c:104:10: warning: unused variable 'i' [-Wunused-variable]
   size_t i;
          ^
Finished building: ../Core/Src/main.c
 
Building target: Test.elf
Invoking: MCU GCC Linker
arm-none-eabi-gcc -mcpu=cortex-m4 -mthumb -mfloat-abi=hard -mfpu=fpv4-sp-d16 -specs=nosys.specs -specs=nano.specs -T"../STM32L443CCTx_FLASH.ld" -Wl,-Map=output.map -Wl,--gc-sections -o "Test.elf" @"objects.list"   -lm
Finished building target: Test.elf
 
make --no-print-directory post-build
Generating hex and Printing size information:
arm-none-eabi-objcopy -O ihex "Test.elf" "Test.hex"
arm-none-eabi-size "Test.elf"
   text	   data	    bss	    dec	    hex	filename
  26512	     56	   2272	  28840	   70a8	Test.elf
 
15:59:50 **** Incremental Build of configuration Debug for project Test ****
make -j16 all 
Building file: ../Core/Src/main.c
Invoking: MCU GCC Compiler
C:\School\Thomas_More_Hogeschool\Practice_Enterprise_2\PE2\Bluetooth_music_box\code\Test\Debug
arm-none-eabi-gcc -mcpu=cortex-m4 -mthumb -mfloat-abi=hard -mfpu=fpv4-sp-d16 -DUSE_HAL_DRIVER -DSTM32L443xx -I"C:/School/Thomas_More_Hogeschool/Practice_Enterprise_2/PE2/Bluetooth_music_box/code/Test/Core/Inc" -I"C:/School/Thomas_More_Hogeschool/Practice_Enterprise_2/PE2/Bluetooth_music_box/code/Test/Drivers/STM32L4xx_HAL_Driver/Inc" -I"C:/School/Thomas_More_Hogeschool/Practice_Enterprise_2/PE2/Bluetooth_music_box/code/Test/Drivers/STM32L4xx_HAL_Driver/Inc/Legacy" -I"C:/School/Thomas_More_Hogeschool/Practice_Enterprise_2/PE2/Bluetooth_music_box/code/Test/Drivers/CMSIS/Device/ST/STM32L4xx/Include" -I"C:/School/Thomas_More_Hogeschool/Practice_Enterprise_2/PE2/Bluetooth_music_box/code/Test/Drivers/CMSIS/Include"  -Og -g3 -Wall -fmessage-length=0 -ffunction-sections -c -fmessage-length=0 -MMD -MP -MF"Core/Src/main.d" -MT"Core/Src/main.o" -o "Core/Src/main.o" "../Core/Src/main.c"
../Core/Src/main.c: In function 'main':
../Core/Src/main.c:146:4: warning: implicit declaration of function 'ILI9341_TouchUnselect'; did you mean 'ILI9341_Unselect'? [-Wimplicit-function-declaration]
    ILI9341_TouchUnselect();
    ^~~~~~~~~~~~~~~~~~~~~
    ILI9341_Unselect
../Core/Src/main.c:105:21: warning: unused variable 'timeout' [-Wunused-variable]
   volatile uint32_t timeout;
                     ^~~~~~~
../Core/Src/main.c:104:10: warning: unused variable 'i' [-Wunused-variable]
   size_t i;
          ^
Finished building: ../Core/Src/main.c
 
Building target: Test.elf
Invoking: MCU GCC Linker
arm-none-eabi-gcc -mcpu=cortex-m4 -mthumb -mfloat-abi=hard -mfpu=fpv4-sp-d16 -specs=nosys.specs -specs=nano.specs -T"../STM32L443CCTx_FLASH.ld" -Wl,-Map=output.map -Wl,--gc-sections -o "Test.elf" @"objects.list"   -lm
Finished building target: Test.elf
 
make --no-print-directory post-build
Generating hex and Printing size information:
arm-none-eabi-objcopy -O ihex "Test.elf" "Test.hex"
arm-none-eabi-size "Test.elf"
   text	   data	    bss	    dec	    hex	filename
  26512	     56	   2272	  28840	   70a8	Test.elf
 
16:00:15 **** Incremental Build of configuration Debug for project Test ****
make -j16 all 
Building file: ../Core/Src/main.c
Invoking: MCU GCC Compiler
C:\School\Thomas_More_Hogeschool\Practice_Enterprise_2\PE2\Bluetooth_music_box\code\Test\Debug
arm-none-eabi-gcc -mcpu=cortex-m4 -mthumb -mfloat-abi=hard -mfpu=fpv4-sp-d16 -DUSE_HAL_DRIVER -DSTM32L443xx -I"C:/School/Thomas_More_Hogeschool/Practice_Enterprise_2/PE2/Bluetooth_music_box/code/Test/Core/Inc" -I"C:/School/Thomas_More_Hogeschool/Practice_Enterprise_2/PE2/Bluetooth_music_box/code/Test/Drivers/STM32L4xx_HAL_Driver/Inc" -I"C:/School/Thomas_More_Hogeschool/Practice_Enterprise_2/PE2/Bluetooth_music_box/code/Test/Drivers/STM32L4xx_HAL_Driver/Inc/Legacy" -I"C:/School/Thomas_More_Hogeschool/Practice_Enterprise_2/PE2/Bluetooth_music_box/code/Test/Drivers/CMSIS/Device/ST/STM32L4xx/Include" -I"C:/School/Thomas_More_Hogeschool/Practice_Enterprise_2/PE2/Bluetooth_music_box/code/Test/Drivers/CMSIS/Include"  -Og -g3 -Wall -fmessage-length=0 -ffunction-sections -c -fmessage-length=0 -MMD -MP -MF"Core/Src/main.d" -MT"Core/Src/main.o" -o "Core/Src/main.o" "../Core/Src/main.c"
../Core/Src/main.c: In function 'main':
../Core/Src/main.c:146:4: warning: implicit declaration of function 'ILI9341_TouchUnselect'; did you mean 'ILI9341_Unselect'? [-Wimplicit-function-declaration]
    ILI9341_TouchUnselect();
    ^~~~~~~~~~~~~~~~~~~~~
    ILI9341_Unselect
../Core/Src/main.c:105:21: warning: unused variable 'timeout' [-Wunused-variable]
   volatile uint32_t timeout;
                     ^~~~~~~
../Core/Src/main.c:104:10: warning: unused variable 'i' [-Wunused-variable]
   size_t i;
          ^
Finished building: ../Core/Src/main.c
 
Building target: Test.elf
Invoking: MCU GCC Linker
arm-none-eabi-gcc -mcpu=cortex-m4 -mthumb -mfloat-abi=hard -mfpu=fpv4-sp-d16 -specs=nosys.specs -specs=nano.specs -T"../STM32L443CCTx_FLASH.ld" -Wl,-Map=output.map -Wl,--gc-sections -o "Test.elf" @"objects.list"   -lm
Finished building target: Test.elf
 
make --no-print-directory post-build
Generating hex and Printing size information:
arm-none-eabi-objcopy -O ihex "Test.elf" "Test.hex"
arm-none-eabi-size "Test.elf"
   text	   data	    bss	    dec	    hex	filename
  26504	     56	   2272	  28832	   70a0	Test.elf
 
16:00:57 **** Incremental Build of configuration Debug for project Test ****
make -j16 all 
Building file: ../Core/Src/main.c
Invoking: MCU GCC Compiler
C:\School\Thomas_More_Hogeschool\Practice_Enterprise_2\PE2\Bluetooth_music_box\code\Test\Debug
arm-none-eabi-gcc -mcpu=cortex-m4 -mthumb -mfloat-abi=hard -mfpu=fpv4-sp-d16 -DUSE_HAL_DRIVER -DSTM32L443xx -I"C:/School/Thomas_More_Hogeschool/Practice_Enterprise_2/PE2/Bluetooth_music_box/code/Test/Core/Inc" -I"C:/School/Thomas_More_Hogeschool/Practice_Enterprise_2/PE2/Bluetooth_music_box/code/Test/Drivers/STM32L4xx_HAL_Driver/Inc" -I"C:/School/Thomas_More_Hogeschool/Practice_Enterprise_2/PE2/Bluetooth_music_box/code/Test/Drivers/STM32L4xx_HAL_Driver/Inc/Legacy" -I"C:/School/Thomas_More_Hogeschool/Practice_Enterprise_2/PE2/Bluetooth_music_box/code/Test/Drivers/CMSIS/Device/ST/STM32L4xx/Include" -I"C:/School/Thomas_More_Hogeschool/Practice_Enterprise_2/PE2/Bluetooth_music_box/code/Test/Drivers/CMSIS/Include"  -Og -g3 -Wall -fmessage-length=0 -ffunction-sections -c -fmessage-length=0 -MMD -MP -MF"Core/Src/main.d" -MT"Core/Src/main.o" -o "Core/Src/main.o" "../Core/Src/main.c"
../Core/Src/main.c: In function 'main':
../Core/Src/main.c:146:4: warning: implicit declaration of function 'ILI9341_TouchUnselect'; did you mean 'ILI9341_Unselect'? [-Wimplicit-function-declaration]
    ILI9341_TouchUnselect();
    ^~~~~~~~~~~~~~~~~~~~~
    ILI9341_Unselect
../Core/Src/main.c:105:21: warning: unused variable 'timeout' [-Wunused-variable]
   volatile uint32_t timeout;
                     ^~~~~~~
../Core/Src/main.c:104:10: warning: unused variable 'i' [-Wunused-variable]
   size_t i;
          ^
Finished building: ../Core/Src/main.c
 
Building target: Test.elf
Invoking: MCU GCC Linker
arm-none-eabi-gcc -mcpu=cortex-m4 -mthumb -mfloat-abi=hard -mfpu=fpv4-sp-d16 -specs=nosys.specs -specs=nano.specs -T"../STM32L443CCTx_FLASH.ld" -Wl,-Map=output.map -Wl,--gc-sections -o "Test.elf" @"objects.list"   -lm
Finished building target: Test.elf
 
make --no-print-directory post-build
Generating hex and Printing size information:
arm-none-eabi-objcopy -O ihex "Test.elf" "Test.hex"
arm-none-eabi-size "Test.elf"
   text	   data	    bss	    dec	    hex	filename
  26504	     56	   2272	  28832	   70a0	Test.elf
 
16:02:18 **** Incremental Build of configuration Debug for project Test ****
make -j16 all 
Building file: ../Core/Src/main.c
Invoking: MCU GCC Compiler
C:\School\Thomas_More_Hogeschool\Practice_Enterprise_2\PE2\Bluetooth_music_box\code\Test\Debug
arm-none-eabi-gcc -mcpu=cortex-m4 -mthumb -mfloat-abi=hard -mfpu=fpv4-sp-d16 -DUSE_HAL_DRIVER -DSTM32L443xx -I"C:/School/Thomas_More_Hogeschool/Practice_Enterprise_2/PE2/Bluetooth_music_box/code/Test/Core/Inc" -I"C:/School/Thomas_More_Hogeschool/Practice_Enterprise_2/PE2/Bluetooth_music_box/code/Test/Drivers/STM32L4xx_HAL_Driver/Inc" -I"C:/School/Thomas_More_Hogeschool/Practice_Enterprise_2/PE2/Bluetooth_music_box/code/Test/Drivers/STM32L4xx_HAL_Driver/Inc/Legacy" -I"C:/School/Thomas_More_Hogeschool/Practice_Enterprise_2/PE2/Bluetooth_music_box/code/Test/Drivers/CMSIS/Device/ST/STM32L4xx/Include" -I"C:/School/Thomas_More_Hogeschool/Practice_Enterprise_2/PE2/Bluetooth_music_box/code/Test/Drivers/CMSIS/Include"  -Og -g3 -Wall -fmessage-length=0 -ffunction-sections -c -fmessage-length=0 -MMD -MP -MF"Core/Src/main.d" -MT"Core/Src/main.o" -o "Core/Src/main.o" "../Core/Src/main.c"
../Core/Src/main.c: In function 'main':
../Core/Src/main.c:146:4: warning: implicit declaration of function 'ILI9341_TouchUnselect'; did you mean 'ILI9341_Unselect'? [-Wimplicit-function-declaration]
    ILI9341_TouchUnselect();
    ^~~~~~~~~~~~~~~~~~~~~
    ILI9341_Unselect
../Core/Src/main.c:105:21: warning: unused variable 'timeout' [-Wunused-variable]
   volatile uint32_t timeout;
                     ^~~~~~~
../Core/Src/main.c:104:10: warning: unused variable 'i' [-Wunused-variable]
   size_t i;
          ^
Finished building: ../Core/Src/main.c
 
Building target: Test.elf
Invoking: MCU GCC Linker
arm-none-eabi-gcc -mcpu=cortex-m4 -mthumb -mfloat-abi=hard -mfpu=fpv4-sp-d16 -specs=nosys.specs -specs=nano.specs -T"../STM32L443CCTx_FLASH.ld" -Wl,-Map=output.map -Wl,--gc-sections -o "Test.elf" @"objects.list"   -lm
Finished building target: Test.elf
 
make --no-print-directory post-build
Generating hex and Printing size information:
arm-none-eabi-objcopy -O ihex "Test.elf" "Test.hex"
arm-none-eabi-size "Test.elf"
   text	   data	    bss	    dec	    hex	filename
  26504	     56	   2272	  28832	   70a0	Test.elf
 
16:04:23 **** Incremental Build of configuration Debug for project Test ****
make -j16 all 
Building file: ../Core/Src/main.c
Invoking: MCU GCC Compiler
C:\School\Thomas_More_Hogeschool\Practice_Enterprise_2\PE2\Bluetooth_music_box\code\Test\Debug
arm-none-eabi-gcc -mcpu=cortex-m4 -mthumb -mfloat-abi=hard -mfpu=fpv4-sp-d16 -DUSE_HAL_DRIVER -DSTM32L443xx -I"C:/School/Thomas_More_Hogeschool/Practice_Enterprise_2/PE2/Bluetooth_music_box/code/Test/Core/Inc" -I"C:/School/Thomas_More_Hogeschool/Practice_Enterprise_2/PE2/Bluetooth_music_box/code/Test/Drivers/STM32L4xx_HAL_Driver/Inc" -I"C:/School/Thomas_More_Hogeschool/Practice_Enterprise_2/PE2/Bluetooth_music_box/code/Test/Drivers/STM32L4xx_HAL_Driver/Inc/Legacy" -I"C:/School/Thomas_More_Hogeschool/Practice_Enterprise_2/PE2/Bluetooth_music_box/code/Test/Drivers/CMSIS/Device/ST/STM32L4xx/Include" -I"C:/School/Thomas_More_Hogeschool/Practice_Enterprise_2/PE2/Bluetooth_music_box/code/Test/Drivers/CMSIS/Include"  -Og -g3 -Wall -fmessage-length=0 -ffunction-sections -c -fmessage-length=0 -MMD -MP -MF"Core/Src/main.d" -MT"Core/Src/main.o" -o "Core/Src/main.o" "../Core/Src/main.c"
../Core/Src/main.c: In function 'main':
../Core/Src/main.c:146:4: warning: implicit declaration of function 'ILI9341_TouchUnselect'; did you mean 'ILI9341_Unselect'? [-Wimplicit-function-declaration]
    ILI9341_TouchUnselect();
    ^~~~~~~~~~~~~~~~~~~~~
    ILI9341_Unselect
../Core/Src/main.c:105:21: warning: unused variable 'timeout' [-Wunused-variable]
   volatile uint32_t timeout;
                     ^~~~~~~
../Core/Src/main.c:104:10: warning: unused variable 'i' [-Wunused-variable]
   size_t i;
          ^
Finished building: ../Core/Src/main.c
 
Building target: Test.elf
Invoking: MCU GCC Linker
arm-none-eabi-gcc -mcpu=cortex-m4 -mthumb -mfloat-abi=hard -mfpu=fpv4-sp-d16 -specs=nosys.specs -specs=nano.specs -T"../STM32L443CCTx_FLASH.ld" -Wl,-Map=output.map -Wl,--gc-sections -o "Test.elf" @"objects.list"   -lm
Finished building target: Test.elf
 
make --no-print-directory post-build
Generating hex and Printing size information:
arm-none-eabi-objcopy -O ihex "Test.elf" "Test.hex"
arm-none-eabi-size "Test.elf"
   text	   data	    bss	    dec	    hex	filename
  26504	     56	   2272	  28832	   70a0	Test.elf
 
16:05:03 **** Incremental Build of configuration Debug for project Test ****
make -j16 all 
Building file: ../Core/Src/main.c
Invoking: MCU GCC Compiler
C:\School\Thomas_More_Hogeschool\Practice_Enterprise_2\PE2\Bluetooth_music_box\code\Test\Debug
arm-none-eabi-gcc -mcpu=cortex-m4 -mthumb -mfloat-abi=hard -mfpu=fpv4-sp-d16 -DUSE_HAL_DRIVER -DSTM32L443xx -I"C:/School/Thomas_More_Hogeschool/Practice_Enterprise_2/PE2/Bluetooth_music_box/code/Test/Core/Inc" -I"C:/School/Thomas_More_Hogeschool/Practice_Enterprise_2/PE2/Bluetooth_music_box/code/Test/Drivers/STM32L4xx_HAL_Driver/Inc" -I"C:/School/Thomas_More_Hogeschool/Practice_Enterprise_2/PE2/Bluetooth_music_box/code/Test/Drivers/STM32L4xx_HAL_Driver/Inc/Legacy" -I"C:/School/Thomas_More_Hogeschool/Practice_Enterprise_2/PE2/Bluetooth_music_box/code/Test/Drivers/CMSIS/Device/ST/STM32L4xx/Include" -I"C:/School/Thomas_More_Hogeschool/Practice_Enterprise_2/PE2/Bluetooth_music_box/code/Test/Drivers/CMSIS/Include"  -Og -g3 -Wall -fmessage-length=0 -ffunction-sections -c -fmessage-length=0 -MMD -MP -MF"Core/Src/main.d" -MT"Core/Src/main.o" -o "Core/Src/main.o" "../Core/Src/main.c"
../Core/Src/main.c: In function 'main':
../Core/Src/main.c:146:4: warning: implicit declaration of function 'ILI9341_TouchUnselect'; did you mean 'ILI9341_Unselect'? [-Wimplicit-function-declaration]
    ILI9341_TouchUnselect();
    ^~~~~~~~~~~~~~~~~~~~~
    ILI9341_Unselect
../Core/Src/main.c:105:21: warning: unused variable 'timeout' [-Wunused-variable]
   volatile uint32_t timeout;
                     ^~~~~~~
../Core/Src/main.c:104:10: warning: unused variable 'i' [-Wunused-variable]
   size_t i;
          ^
Finished building: ../Core/Src/main.c
 
Building target: Test.elf
Invoking: MCU GCC Linker
arm-none-eabi-gcc -mcpu=cortex-m4 -mthumb -mfloat-abi=hard -mfpu=fpv4-sp-d16 -specs=nosys.specs -specs=nano.specs -T"../STM32L443CCTx_FLASH.ld" -Wl,-Map=output.map -Wl,--gc-sections -o "Test.elf" @"objects.list"   -lm
Finished building target: Test.elf
 
make --no-print-directory post-build
Generating hex and Printing size information:
arm-none-eabi-objcopy -O ihex "Test.elf" "Test.hex"
arm-none-eabi-size "Test.elf"
   text	   data	    bss	    dec	    hex	filename
  26504	     56	   2272	  28832	   70a0	Test.elf
 
16:07:10 **** Incremental Build of configuration Debug for project Test ****
make -j16 all 
Building file: ../Core/Src/main.c
Invoking: MCU GCC Compiler
C:\School\Thomas_More_Hogeschool\Practice_Enterprise_2\PE2\Bluetooth_music_box\code\Test\Debug
arm-none-eabi-gcc -mcpu=cortex-m4 -mthumb -mfloat-abi=hard -mfpu=fpv4-sp-d16 -DUSE_HAL_DRIVER -DSTM32L443xx -I"C:/School/Thomas_More_Hogeschool/Practice_Enterprise_2/PE2/Bluetooth_music_box/code/Test/Core/Inc" -I"C:/School/Thomas_More_Hogeschool/Practice_Enterprise_2/PE2/Bluetooth_music_box/code/Test/Drivers/STM32L4xx_HAL_Driver/Inc" -I"C:/School/Thomas_More_Hogeschool/Practice_Enterprise_2/PE2/Bluetooth_music_box/code/Test/Drivers/STM32L4xx_HAL_Driver/Inc/Legacy" -I"C:/School/Thomas_More_Hogeschool/Practice_Enterprise_2/PE2/Bluetooth_music_box/code/Test/Drivers/CMSIS/Device/ST/STM32L4xx/Include" -I"C:/School/Thomas_More_Hogeschool/Practice_Enterprise_2/PE2/Bluetooth_music_box/code/Test/Drivers/CMSIS/Include"  -Og -g3 -Wall -fmessage-length=0 -ffunction-sections -c -fmessage-length=0 -MMD -MP -MF"Core/Src/main.d" -MT"Core/Src/main.o" -o "Core/Src/main.o" "../Core/Src/main.c"
../Core/Src/main.c: In function 'main':
../Core/Src/main.c:146:4: warning: implicit declaration of function 'ILI9341_TouchUnselect'; did you mean 'ILI9341_Unselect'? [-Wimplicit-function-declaration]
    ILI9341_TouchUnselect();
    ^~~~~~~~~~~~~~~~~~~~~
    ILI9341_Unselect
../Core/Src/main.c:105:21: warning: unused variable 'timeout' [-Wunused-variable]
   volatile uint32_t timeout;
                     ^~~~~~~
../Core/Src/main.c:104:10: warning: unused variable 'i' [-Wunused-variable]
   size_t i;
          ^
Finished building: ../Core/Src/main.c
 
Building target: Test.elf
Invoking: MCU GCC Linker
arm-none-eabi-gcc -mcpu=cortex-m4 -mthumb -mfloat-abi=hard -mfpu=fpv4-sp-d16 -specs=nosys.specs -specs=nano.specs -T"../STM32L443CCTx_FLASH.ld" -Wl,-Map=output.map -Wl,--gc-sections -o "Test.elf" @"objects.list"   -lm
Finished building target: Test.elf
 
make --no-print-directory post-build
Generating hex and Printing size information:
arm-none-eabi-objcopy -O ihex "Test.elf" "Test.hex"
arm-none-eabi-size "Test.elf"
   text	   data	    bss	    dec	    hex	filename
  26568	     56	   2272	  28896	   70e0	Test.elf
 
16:07:53 **** Incremental Build of configuration Debug for project Test ****
make -j16 all 
Building file: ../Core/Src/main.c
Invoking: MCU GCC Compiler
C:\School\Thomas_More_Hogeschool\Practice_Enterprise_2\PE2\Bluetooth_music_box\code\Test\Debug
arm-none-eabi-gcc -mcpu=cortex-m4 -mthumb -mfloat-abi=hard -mfpu=fpv4-sp-d16 -DUSE_HAL_DRIVER -DSTM32L443xx -I"C:/School/Thomas_More_Hogeschool/Practice_Enterprise_2/PE2/Bluetooth_music_box/code/Test/Core/Inc" -I"C:/School/Thomas_More_Hogeschool/Practice_Enterprise_2/PE2/Bluetooth_music_box/code/Test/Drivers/STM32L4xx_HAL_Driver/Inc" -I"C:/School/Thomas_More_Hogeschool/Practice_Enterprise_2/PE2/Bluetooth_music_box/code/Test/Drivers/STM32L4xx_HAL_Driver/Inc/Legacy" -I"C:/School/Thomas_More_Hogeschool/Practice_Enterprise_2/PE2/Bluetooth_music_box/code/Test/Drivers/CMSIS/Device/ST/STM32L4xx/Include" -I"C:/School/Thomas_More_Hogeschool/Practice_Enterprise_2/PE2/Bluetooth_music_box/code/Test/Drivers/CMSIS/Include"  -Og -g3 -Wall -fmessage-length=0 -ffunction-sections -c -fmessage-length=0 -MMD -MP -MF"Core/Src/main.d" -MT"Core/Src/main.o" -o "Core/Src/main.o" "../Core/Src/main.c"
../Core/Src/main.c: In function 'main':
../Core/Src/main.c:146:4: warning: implicit declaration of function 'ILI9341_TouchUnselect'; did you mean 'ILI9341_Unselect'? [-Wimplicit-function-declaration]
    ILI9341_TouchUnselect();
    ^~~~~~~~~~~~~~~~~~~~~
    ILI9341_Unselect
../Core/Src/main.c:105:21: warning: unused variable 'timeout' [-Wunused-variable]
   volatile uint32_t timeout;
                     ^~~~~~~
../Core/Src/main.c:104:10: warning: unused variable 'i' [-Wunused-variable]
   size_t i;
          ^
Finished building: ../Core/Src/main.c
 
Building target: Test.elf
Invoking: MCU GCC Linker
arm-none-eabi-gcc -mcpu=cortex-m4 -mthumb -mfloat-abi=hard -mfpu=fpv4-sp-d16 -specs=nosys.specs -specs=nano.specs -T"../STM32L443CCTx_FLASH.ld" -Wl,-Map=output.map -Wl,--gc-sections -o "Test.elf" @"objects.list"   -lm
Finished building target: Test.elf
 
make --no-print-directory post-build
Generating hex and Printing size information:
arm-none-eabi-objcopy -O ihex "Test.elf" "Test.hex"
arm-none-eabi-size "Test.elf"
   text	   data	    bss	    dec	    hex	filename
  26568	     56	   2272	  28896	   70e0	Test.elf
 
16:08:56 **** Incremental Build of configuration Debug for project Test ****
make -j16 all 
Building file: ../Core/Src/main.c
Invoking: MCU GCC Compiler
C:\School\Thomas_More_Hogeschool\Practice_Enterprise_2\PE2\Bluetooth_music_box\code\Test\Debug
arm-none-eabi-gcc -mcpu=cortex-m4 -mthumb -mfloat-abi=hard -mfpu=fpv4-sp-d16 -DUSE_HAL_DRIVER -DSTM32L443xx -I"C:/School/Thomas_More_Hogeschool/Practice_Enterprise_2/PE2/Bluetooth_music_box/code/Test/Core/Inc" -I"C:/School/Thomas_More_Hogeschool/Practice_Enterprise_2/PE2/Bluetooth_music_box/code/Test/Drivers/STM32L4xx_HAL_Driver/Inc" -I"C:/School/Thomas_More_Hogeschool/Practice_Enterprise_2/PE2/Bluetooth_music_box/code/Test/Drivers/STM32L4xx_HAL_Driver/Inc/Legacy" -I"C:/School/Thomas_More_Hogeschool/Practice_Enterprise_2/PE2/Bluetooth_music_box/code/Test/Drivers/CMSIS/Device/ST/STM32L4xx/Include" -I"C:/School/Thomas_More_Hogeschool/Practice_Enterprise_2/PE2/Bluetooth_music_box/code/Test/Drivers/CMSIS/Include"  -Og -g3 -Wall -fmessage-length=0 -ffunction-sections -c -fmessage-length=0 -MMD -MP -MF"Core/Src/main.d" -MT"Core/Src/main.o" -o "Core/Src/main.o" "../Core/Src/main.c"
../Core/Src/main.c: In function 'main':
../Core/Src/main.c:146:4: warning: implicit declaration of function 'ILI9341_TouchUnselect'; did you mean 'ILI9341_Unselect'? [-Wimplicit-function-declaration]
    ILI9341_TouchUnselect();
    ^~~~~~~~~~~~~~~~~~~~~
    ILI9341_Unselect
../Core/Src/main.c:105:21: warning: unused variable 'timeout' [-Wunused-variable]
   volatile uint32_t timeout;
                     ^~~~~~~
../Core/Src/main.c:104:10: warning: unused variable 'i' [-Wunused-variable]
   size_t i;
          ^
Finished building: ../Core/Src/main.c
 
Building target: Test.elf
Invoking: MCU GCC Linker
arm-none-eabi-gcc -mcpu=cortex-m4 -mthumb -mfloat-abi=hard -mfpu=fpv4-sp-d16 -specs=nosys.specs -specs=nano.specs -T"../STM32L443CCTx_FLASH.ld" -Wl,-Map=output.map -Wl,--gc-sections -o "Test.elf" @"objects.list"   -lm
Finished building target: Test.elf
 
make --no-print-directory post-build
Generating hex and Printing size information:
arm-none-eabi-objcopy -O ihex "Test.elf" "Test.hex"
arm-none-eabi-size "Test.elf"
   text	   data	    bss	    dec	    hex	filename
  26568	     56	   2272	  28896	   70e0	Test.elf
 
16:09:10 **** Incremental Build of configuration Debug for project Test ****
make -j16 all 
Building file: ../Core/Src/main.c
Invoking: MCU GCC Compiler
C:\School\Thomas_More_Hogeschool\Practice_Enterprise_2\PE2\Bluetooth_music_box\code\Test\Debug
arm-none-eabi-gcc -mcpu=cortex-m4 -mthumb -mfloat-abi=hard -mfpu=fpv4-sp-d16 -DUSE_HAL_DRIVER -DSTM32L443xx -I"C:/School/Thomas_More_Hogeschool/Practice_Enterprise_2/PE2/Bluetooth_music_box/code/Test/Core/Inc" -I"C:/School/Thomas_More_Hogeschool/Practice_Enterprise_2/PE2/Bluetooth_music_box/code/Test/Drivers/STM32L4xx_HAL_Driver/Inc" -I"C:/School/Thomas_More_Hogeschool/Practice_Enterprise_2/PE2/Bluetooth_music_box/code/Test/Drivers/STM32L4xx_HAL_Driver/Inc/Legacy" -I"C:/School/Thomas_More_Hogeschool/Practice_Enterprise_2/PE2/Bluetooth_music_box/code/Test/Drivers/CMSIS/Device/ST/STM32L4xx/Include" -I"C:/School/Thomas_More_Hogeschool/Practice_Enterprise_2/PE2/Bluetooth_music_box/code/Test/Drivers/CMSIS/Include"  -Og -g3 -Wall -fmessage-length=0 -ffunction-sections -c -fmessage-length=0 -MMD -MP -MF"Core/Src/main.d" -MT"Core/Src/main.o" -o "Core/Src/main.o" "../Core/Src/main.c"
../Core/Src/main.c: In function 'main':
../Core/Src/main.c:146:4: warning: implicit declaration of function 'ILI9341_TouchUnselect'; did you mean 'ILI9341_Unselect'? [-Wimplicit-function-declaration]
    ILI9341_TouchUnselect();
    ^~~~~~~~~~~~~~~~~~~~~
    ILI9341_Unselect
../Core/Src/main.c:105:21: warning: unused variable 'timeout' [-Wunused-variable]
   volatile uint32_t timeout;
                     ^~~~~~~
../Core/Src/main.c:104:10: warning: unused variable 'i' [-Wunused-variable]
   size_t i;
          ^
Finished building: ../Core/Src/main.c
 
Building target: Test.elf
Invoking: MCU GCC Linker
arm-none-eabi-gcc -mcpu=cortex-m4 -mthumb -mfloat-abi=hard -mfpu=fpv4-sp-d16 -specs=nosys.specs -specs=nano.specs -T"../STM32L443CCTx_FLASH.ld" -Wl,-Map=output.map -Wl,--gc-sections -o "Test.elf" @"objects.list"   -lm
Finished building target: Test.elf
 
make --no-print-directory post-build
Generating hex and Printing size information:
arm-none-eabi-objcopy -O ihex "Test.elf" "Test.hex"
arm-none-eabi-size "Test.elf"
   text	   data	    bss	    dec	    hex	filename
  26568	     56	   2272	  28896	   70e0	Test.elf
 
16:10:00 **** Incremental Build of configuration Debug for project Test ****
make -j16 all 
Building file: ../Core/Src/main.c
Invoking: MCU GCC Compiler
C:\School\Thomas_More_Hogeschool\Practice_Enterprise_2\PE2\Bluetooth_music_box\code\Test\Debug
arm-none-eabi-gcc -mcpu=cortex-m4 -mthumb -mfloat-abi=hard -mfpu=fpv4-sp-d16 -DUSE_HAL_DRIVER -DSTM32L443xx -I"C:/School/Thomas_More_Hogeschool/Practice_Enterprise_2/PE2/Bluetooth_music_box/code/Test/Core/Inc" -I"C:/School/Thomas_More_Hogeschool/Practice_Enterprise_2/PE2/Bluetooth_music_box/code/Test/Drivers/STM32L4xx_HAL_Driver/Inc" -I"C:/School/Thomas_More_Hogeschool/Practice_Enterprise_2/PE2/Bluetooth_music_box/code/Test/Drivers/STM32L4xx_HAL_Driver/Inc/Legacy" -I"C:/School/Thomas_More_Hogeschool/Practice_Enterprise_2/PE2/Bluetooth_music_box/code/Test/Drivers/CMSIS/Device/ST/STM32L4xx/Include" -I"C:/School/Thomas_More_Hogeschool/Practice_Enterprise_2/PE2/Bluetooth_music_box/code/Test/Drivers/CMSIS/Include"  -Og -g3 -Wall -fmessage-length=0 -ffunction-sections -c -fmessage-length=0 -MMD -MP -MF"Core/Src/main.d" -MT"Core/Src/main.o" -o "Core/Src/main.o" "../Core/Src/main.c"
../Core/Src/main.c: In function 'main':
../Core/Src/main.c:146:4: warning: implicit declaration of function 'ILI9341_TouchUnselect'; did you mean 'ILI9341_Unselect'? [-Wimplicit-function-declaration]
    ILI9341_TouchUnselect();
    ^~~~~~~~~~~~~~~~~~~~~
    ILI9341_Unselect
../Core/Src/main.c:105:21: warning: unused variable 'timeout' [-Wunused-variable]
   volatile uint32_t timeout;
                     ^~~~~~~
../Core/Src/main.c:104:10: warning: unused variable 'i' [-Wunused-variable]
   size_t i;
          ^
Finished building: ../Core/Src/main.c
 
Building target: Test.elf
Invoking: MCU GCC Linker
arm-none-eabi-gcc -mcpu=cortex-m4 -mthumb -mfloat-abi=hard -mfpu=fpv4-sp-d16 -specs=nosys.specs -specs=nano.specs -T"../STM32L443CCTx_FLASH.ld" -Wl,-Map=output.map -Wl,--gc-sections -o "Test.elf" @"objects.list"   -lm
Finished building target: Test.elf
 
make --no-print-directory post-build
Generating hex and Printing size information:
arm-none-eabi-objcopy -O ihex "Test.elf" "Test.hex"
arm-none-eabi-size "Test.elf"
   text	   data	    bss	    dec	    hex	filename
  26568	     56	   2272	  28896	   70e0	Test.elf
 
16:10:37 **** Incremental Build of configuration Debug for project Test ****
make -j16 all 
Building file: ../Core/Src/main.c
Invoking: MCU GCC Compiler
C:\School\Thomas_More_Hogeschool\Practice_Enterprise_2\PE2\Bluetooth_music_box\code\Test\Debug
arm-none-eabi-gcc -mcpu=cortex-m4 -mthumb -mfloat-abi=hard -mfpu=fpv4-sp-d16 -DUSE_HAL_DRIVER -DSTM32L443xx -I"C:/School/Thomas_More_Hogeschool/Practice_Enterprise_2/PE2/Bluetooth_music_box/code/Test/Core/Inc" -I"C:/School/Thomas_More_Hogeschool/Practice_Enterprise_2/PE2/Bluetooth_music_box/code/Test/Drivers/STM32L4xx_HAL_Driver/Inc" -I"C:/School/Thomas_More_Hogeschool/Practice_Enterprise_2/PE2/Bluetooth_music_box/code/Test/Drivers/STM32L4xx_HAL_Driver/Inc/Legacy" -I"C:/School/Thomas_More_Hogeschool/Practice_Enterprise_2/PE2/Bluetooth_music_box/code/Test/Drivers/CMSIS/Device/ST/STM32L4xx/Include" -I"C:/School/Thomas_More_Hogeschool/Practice_Enterprise_2/PE2/Bluetooth_music_box/code/Test/Drivers/CMSIS/Include"  -Og -g3 -Wall -fmessage-length=0 -ffunction-sections -c -fmessage-length=0 -MMD -MP -MF"Core/Src/main.d" -MT"Core/Src/main.o" -o "Core/Src/main.o" "../Core/Src/main.c"
../Core/Src/main.c: In function 'main':
[...]
../Core/Src/main.c: In function 'main':
../Core/Src/main.c:148:4: warning: implicit declaration of function 'ILI9341_TouchUnselect'; did you mean 'ILI9341_Unselect'? [-Wimplicit-function-declaration]
    ILI9341_TouchUnselect();
    ^~~~~~~~~~~~~~~~~~~~~
    ILI9341_Unselect
../Core/Src/main.c:107:21: warning: unused variable 'timeout' [-Wunused-variable]
   volatile uint32_t timeout;
                     ^~~~~~~
../Core/Src/main.c:106:10: warning: unused variable 'i' [-Wunused-variable]
   size_t i;
          ^
../Core/Src/main.c: In function 'Test_slider_battery':
../Core/Src/main.c:733:6: warning: implicit declaration of function 'LCD_TGetC' [-Wimplicit-function-declaration]
   if(LCD_TGetC(&x, &y)) {
      ^~~~~~~~~
../Core/Src/main.c:734:8: warning: right shift count >= width of type [-Wshift-count-overflow]
    if(x>>101 && x<<229 && y>>95 && y<<144){// in range?
        ^~
../Core/Src/main.c:734:18: warning: left shift count >= width of type [-Wshift-count-overflow]
    if(x>>101 && x<<229 && y>>95 && y<<144){// in range?
                  ^~
../Core/Src/main.c:734:18: warning: '<<' in boolean context, did you mean '<' ? [-Wint-in-bool-context]
    if(x>>101 && x<<229 && y>>95 && y<<144){// in range?
                 ~^~~~~
../Core/Src/main.c:734:28: warning: right shift count >= width of type [-Wshift-count-overflow]
    if(x>>101 && x<<229 && y>>95 && y<<144){// in range?
                            ^~
../Core/Src/main.c:734:37: warning: left shift count >= width of type [-Wshift-count-overflow]
    if(x>>101 && x<<229 && y>>95 && y<<144){// in range?
                                     ^~
../Core/Src/main.c:734:37: warning: '<<' in boolean context, did you mean '<' ? [-Wint-in-bool-context]
    if(x>>101 && x<<229 && y>>95 && y<<144){// in range?
                                    ~^~~~~
../Core/Src/main.c:735:9: warning: left shift count >= width of type [-Wshift-count-overflow]
     if(x<<144 && x>>101 && y<<144 && y>>96){
         ^~
../Core/Src/main.c:735:9: warning: '<<' in boolean context, did you mean '<' ? [-Wint-in-bool-context]
     if(x<<144 && x>>101 && y<<144 && y>>96){
        ~^~~~~
../Core/Src/main.c:735:19: warning: right shift count >= width of type [-Wshift-count-overflow]
     if(x<<144 && x>>101 && y<<144 && y>>96){
                   ^~
../Core/Src/main.c:735:29: warning: left shift count >= width of type [-Wshift-count-overflow]
     if(x<<144 && x>>101 && y<<144 && y>>96){
                             ^~
../Core/Src/main.c:735:29: warning: '<<' in boolean context, did you mean '<' ? [-Wint-in-bool-context]
     if(x<<144 && x>>101 && y<<144 && y>>96){
                            ~^~~~~
../Core/Src/main.c:735:39: warning: right shift count >= width of type [-Wshift-count-overflow]
     if(x<<144 && x>>101 && y<<144 && y>>96){
                                       ^~
../Core/Src/main.c:738:14: warning: left shift count >= width of type [-Wshift-count-overflow]
     else if(x<<187 && x>>144 && y<<144 && y>>96){
              ^~
../Core/Src/main.c:738:14: warning: '<<' in boolean context, did you mean '<' ? [-Wint-in-bool-context]
     else if(x<<187 && x>>144 && y<<144 && y>>96){
             ~^~~~~
../Core/Src/main.c:738:24: warning: right shift count >= width of type [-Wshift-count-overflow]
     else if(x<<187 && x>>144 && y<<144 && y>>96){
                        ^~
../Core/Src/main.c:738:34: warning: left shift count >= width of type [-Wshift-count-overflow]
     else if(x<<187 && x>>144 && y<<144 && y>>96){
                                  ^~
../Core/Src/main.c:738:34: warning: '<<' in boolean context, did you mean '<' ? [-Wint-in-bool-context]
     else if(x<<187 && x>>144 && y<<144 && y>>96){
                                 ~^~~~~
../Core/Src/main.c:738:44: warning: right shift count >= width of type [-Wshift-count-overflow]
     else if(x<<187 && x>>144 && y<<144 && y>>96){
                                            ^~
../Core/Src/main.c:741:14: warning: left shift count >= width of type [-Wshift-count-overflow]
     else if(x<<228 && x>>187 && y<<144 && y>>96){
              ^~
../Core/Src/main.c:741:14: warning: '<<' in boolean context, did you mean '<' ? [-Wint-in-bool-context]
     else if(x<<228 && x>>187 && y<<144 && y>>96){
             ~^~~~~
../Core/Src/main.c:741:24: warning: right shift count >= width of type [-Wshift-count-overflow]
     else if(x<<228 && x>>187 && y<<144 && y>>96){
                        ^~
../Core/Src/main.c:741:34: warning: left shift count >= width of type [-Wshift-count-overflow]
     else if(x<<228 && x>>187 && y<<144 && y>>96){
                                  ^~
../Core/Src/main.c:741:34: warning: '<<' in boolean context, did you mean '<' ? [-Wint-in-bool-context]
     else if(x<<228 && x>>187 && y<<144 && y>>96){
                                 ~^~~~~
../Core/Src/main.c:741:44: warning: right shift count >= width of type [-Wshift-count-overflow]
     else if(x<<228 && x>>187 && y<<144 && y>>96){
                                            ^~
Finished building: ../Core/Src/main.c
 
Building target: Test.elf
Invoking: MCU GCC Linker
arm-none-eabi-gcc -mcpu=cortex-m4 -mthumb -mfloat-abi=hard -mfpu=fpv4-sp-d16 -specs=nosys.specs -specs=nano.specs -T"../STM32L443CCTx_FLASH.ld" -Wl,-Map=output.map -Wl,--gc-sections -o "Test.elf" @"objects.list"   -lm
Finished building target: Test.elf
 
make --no-print-directory post-build
Generating hex and Printing size information:
arm-none-eabi-objcopy -O ihex "Test.elf" "Test.hex"
arm-none-eabi-size "Test.elf"
   text	   data	    bss	    dec	    hex	filename
  27960	     56	   2272	  30288	   7650	Test.elf
 
19:50:24 **** Incremental Build of configuration Debug for project Test ****
make -j16 all 
Building file: ../Core/Src/main.c
Invoking: MCU GCC Compiler
C:\School\Thomas_More_Hogeschool\Practice_Enterprise_2\PE2\Bluetooth_music_box\code\Test\Debug
arm-none-eabi-gcc -mcpu=cortex-m4 -mthumb -mfloat-abi=hard -mfpu=fpv4-sp-d16 -DUSE_HAL_DRIVER -DSTM32L443xx -I"C:/School/Thomas_More_Hogeschool/Practice_Enterprise_2/PE2/Bluetooth_music_box/code/Test/Core/Inc" -I"C:/School/Thomas_More_Hogeschool/Practice_Enterprise_2/PE2/Bluetooth_music_box/code/Test/Drivers/STM32L4xx_HAL_Driver/Inc" -I"C:/School/Thomas_More_Hogeschool/Practice_Enterprise_2/PE2/Bluetooth_music_box/code/Test/Drivers/STM32L4xx_HAL_Driver/Inc/Legacy" -I"C:/School/Thomas_More_Hogeschool/Practice_Enterprise_2/PE2/Bluetooth_music_box/code/Test/Drivers/CMSIS/Device/ST/STM32L4xx/Include" -I"C:/School/Thomas_More_Hogeschool/Practice_Enterprise_2/PE2/Bluetooth_music_box/code/Test/Drivers/CMSIS/Include"  -Og -g3 -Wall -fmessage-length=0 -ffunction-sections -c -fmessage-length=0 -MMD -MP -MF"Core/Src/main.d" -MT"Core/Src/main.o" -o "Core/Src/main.o" "../Core/Src/main.c"
../Core/Src/main.c: In function 'main':
../Core/Src/main.c:148:4: warning: implicit declaration of function 'ILI9341_TouchUnselect'; did you mean 'ILI9341_Unselect'? [-Wimplicit-function-declaration]
    ILI9341_TouchUnselect();
    ^~~~~~~~~~~~~~~~~~~~~
    ILI9341_Unselect
../Core/Src/main.c:107:21: warning: unused variable 'timeout' [-Wunused-variable]
   volatile uint32_t timeout;
                     ^~~~~~~
../Core/Src/main.c:106:10: warning: unused variable 'i' [-Wunused-variable]
   size_t i;
          ^
../Core/Src/main.c: In function 'Test_slider_battery':
../Core/Src/main.c:733:6: warning: implicit declaration of function 'LCD_TGetC' [-Wimplicit-function-declaration]
   if(LCD_TGetC(&x, &y)) {
      ^~~~~~~~~
../Core/Src/main.c:734:8: warning: right shift count >= width of type [-Wshift-count-overflow]
    if(x>>101 && x<<229 && y>>95 && y<<144){// in range?
        ^~
../Core/Src/main.c:734:18: warning: left shift count >= width of type [-Wshift-count-overflow]
    if(x>>101 && x<<229 && y>>95 && y<<144){// in range?
                  ^~
../Core/Src/main.c:734:18: warning: '<<' in boolean context, did you mean '<' ? [-Wint-in-bool-context]
    if(x>>101 && x<<229 && y>>95 && y<<144){// in range?
                 ~^~~~~
../Core/Src/main.c:734:28: warning: right shift count >= width of type [-Wshift-count-overflow]
    if(x>>101 && x<<229 && y>>95 && y<<144){// in range?
                            ^~
../Core/Src/main.c:734:37: warning: left shift count >= width of type [-Wshift-count-overflow]
    if(x>>101 && x<<229 && y>>95 && y<<144){// in range?
                                     ^~
../Core/Src/main.c:734:37: warning: '<<' in boolean context, did you mean '<' ? [-Wint-in-bool-context]
    if(x>>101 && x<<229 && y>>95 && y<<144){// in range?
                                    ~^~~~~
../Core/Src/main.c:735:9: warning: left shift count >= width of type [-Wshift-count-overflow]
     if(x<<144 && x>>101 && y<<144 && y>>96){
         ^~
../Core/Src/main.c:735:9: warning: '<<' in boolean context, did you mean '<' ? [-Wint-in-bool-context]
     if(x<<144 && x>>101 && y<<144 && y>>96){
        ~^~~~~
../Core/Src/main.c:735:19: warning: right shift count >= width of type [-Wshift-count-overflow]
     if(x<<144 && x>>101 && y<<144 && y>>96){
                   ^~
../Core/Src/main.c:735:29: warning: left shift count >= width of type [-Wshift-count-overflow]
     if(x<<144 && x>>101 && y<<144 && y>>96){
                             ^~
../Core/Src/main.c:735:29: warning: '<<' in boolean context, did you mean '<' ? [-Wint-in-bool-context]
     if(x<<144 && x>>101 && y<<144 && y>>96){
                            ~^~~~~
../Core/Src/main.c:735:39: warning: right shift count >= width of type [-Wshift-count-overflow]
     if(x<<144 && x>>101 && y<<144 && y>>96){
                                       ^~
../Core/Src/main.c:738:14: warning: left shift count >= width of type [-Wshift-count-overflow]
     else if(x<<187 && x>>144 && y<<144 && y>>96){
              ^~
../Core/Src/main.c:738:14: warning: '<<' in boolean context, did you mean '<' ? [-Wint-in-bool-context]
     else if(x<<187 && x>>144 && y<<144 && y>>96){
             ~^~~~~
../Core/Src/main.c:738:24: warning: right shift count >= width of type [-Wshift-count-overflow]
     else if(x<<187 && x>>144 && y<<144 && y>>96){
                        ^~
../Core/Src/main.c:738:34: warning: left shift count >= width of type [-Wshift-count-overflow]
     else if(x<<187 && x>>144 && y<<144 && y>>96){
                                  ^~
../Core/Src/main.c:738:34: warning: '<<' in boolean context, did you mean '<' ? [-Wint-in-bool-context]
     else if(x<<187 && x>>144 && y<<144 && y>>96){
                                 ~^~~~~
../Core/Src/main.c:738:44: warning: right shift count >= width of type [-Wshift-count-overflow]
     else if(x<<187 && x>>144 && y<<144 && y>>96){
                                            ^~
../Core/Src/main.c:741:14: warning: left shift count >= width of type [-Wshift-count-overflow]
     else if(x<<228 && x>>187 && y<<144 && y>>96){
              ^~
../Core/Src/main.c:741:14: warning: '<<' in boolean context, did you mean '<' ? [-Wint-in-bool-context]
     else if(x<<228 && x>>187 && y<<144 && y>>96){
             ~^~~~~
../Core/Src/main.c:741:24: warning: right shift count >= width of type [-Wshift-count-overflow]
     else if(x<<228 && x>>187 && y<<144 && y>>96){
                        ^~
../Core/Src/main.c:741:34: warning: left shift count >= width of type [-Wshift-count-overflow]
     else if(x<<228 && x>>187 && y<<144 && y>>96){
                                  ^~
../Core/Src/main.c:741:34: warning: '<<' in boolean context, did you mean '<' ? [-Wint-in-bool-context]
     else if(x<<228 && x>>187 && y<<144 && y>>96){
                                 ~^~~~~
../Core/Src/main.c:741:44: warning: right shift count >= width of type [-Wshift-count-overflow]
     else if(x<<228 && x>>187 && y<<144 && y>>96){
                                            ^~
Finished building: ../Core/Src/main.c
 
Building target: Test.elf
Invoking: MCU GCC Linker
arm-none-eabi-gcc -mcpu=cortex-m4 -mthumb -mfloat-abi=hard -mfpu=fpv4-sp-d16 -specs=nosys.specs -specs=nano.specs -T"../STM32L443CCTx_FLASH.ld" -Wl,-Map=output.map -Wl,--gc-sections -o "Test.elf" @"objects.list"   -lm
Finished building target: Test.elf
 
make --no-print-directory post-build
Generating hex and Printing size information:
arm-none-eabi-objcopy -O ihex "Test.elf" "Test.hex"
arm-none-eabi-size "Test.elf"
   text	   data	    bss	    dec	    hex	filename
  27960	     56	   2272	  30288	   7650	Test.elf
 
20:02:55 **** Incremental Build of configuration Debug for project Test ****
make -j16 all 
Building file: ../Core/Src/main.c
Invoking: MCU GCC Compiler
C:\School\Thomas_More_Hogeschool\Practice_Enterprise_2\PE2\Bluetooth_music_box\code\Test\Debug
arm-none-eabi-gcc -mcpu=cortex-m4 -mthumb -mfloat-abi=hard -mfpu=fpv4-sp-d16 -DUSE_HAL_DRIVER -DSTM32L443xx -I"C:/School/Thomas_More_Hogeschool/Practice_Enterprise_2/PE2/Bluetooth_music_box/code/Test/Core/Inc" -I"C:/School/Thomas_More_Hogeschool/Practice_Enterprise_2/PE2/Bluetooth_music_box/code/Test/Drivers/STM32L4xx_HAL_Driver/Inc" -I"C:/School/Thomas_More_Hogeschool/Practice_Enterprise_2/PE2/Bluetooth_music_box/code/Test/Drivers/STM32L4xx_HAL_Driver/Inc/Legacy" -I"C:/School/Thomas_More_Hogeschool/Practice_Enterprise_2/PE2/Bluetooth_music_box/code/Test/Drivers/CMSIS/Device/ST/STM32L4xx/Include" -I"C:/School/Thomas_More_Hogeschool/Practice_Enterprise_2/PE2/Bluetooth_music_box/code/Test/Drivers/CMSIS/Include"  -Og -g3 -Wall -fmessage-length=0 -ffunction-sections -c -fmessage-length=0 -MMD -MP -MF"Core/Src/main.d" -MT"Core/Src/main.o" -o "Core/Src/main.o" "../Core/Src/main.c"
../Core/Src/main.c: In function 'main':
../Core/Src/main.c:148:4: warning: implicit declaration of function 'ILI9341_TouchUnselect'; did you mean 'ILI9341_Unselect'? [-Wimplicit-function-declaration]
    ILI9341_TouchUnselect();
    ^~~~~~~~~~~~~~~~~~~~~
    ILI9341_Unselect
../Core/Src/main.c:107:21: warning: unused variable 'timeout' [-Wunused-variable]
   volatile uint32_t timeout;
                     ^~~~~~~
../Core/Src/main.c:106:10: warning: unused variable 'i' [-Wunused-variable]
   size_t i;
          ^
../Core/Src/main.c: In function 'Test_slider_battery':
../Core/Src/main.c:733:6: warning: implicit declaration of function 'LCD_TGetC' [-Wimplicit-function-declaration]
   if(LCD_TGetC(&x, &y)) {
      ^~~~~~~~~
../Core/Src/main.c:734:8: warning: right shift count >= width of type [-Wshift-count-overflow]
    if(x>>101 && x<<229 && y>>95 && y<<144){// in range?
        ^~
../Core/Src/main.c:734:18: warning: left shift count >= width of type [-Wshift-count-overflow]
    if(x>>101 && x<<229 && y>>95 && y<<144){// in range?
                  ^~
../Core/Src/main.c:734:18: warning: '<<' in boolean context, did you mean '<' ? [-Wint-in-bool-context]
    if(x>>101 && x<<229 && y>>95 && y<<144){// in range?
                 ~^~~~~
../Core/Src/main.c:734:28: warning: right shift count >= width of type [-Wshift-count-overflow]
    if(x>>101 && x<<229 && y>>95 && y<<144){// in range?
                            ^~
../Core/Src/main.c:734:37: warning: left shift count >= width of type [-Wshift-count-overflow]
    if(x>>101 && x<<229 && y>>95 && y<<144){// in range?
                                     ^~
../Core/Src/main.c:734:37: warning: '<<' in boolean context, did you mean '<' ? [-Wint-in-bool-context]
    if(x>>101 && x<<229 && y>>95 && y<<144){// in range?
                                    ~^~~~~
../Core/Src/main.c:735:9: warning: left shift count >= width of type [-Wshift-count-overflow]
     if(x<<144 && x>>101 && y<<144 && y>>96){
         ^~
../Core/Src/main.c:735:9: warning: '<<' in boolean context, did you mean '<' ? [-Wint-in-bool-context]
     if(x<<144 && x>>101 && y<<144 && y>>96){
        ~^~~~~
../Core/Src/main.c:735:19: warning: right shift count >= width of type [-Wshift-count-overflow]
     if(x<<144 && x>>101 && y<<144 && y>>96){
                   ^~
../Core/Src/main.c:735:29: warning: left shift count >= width of type [-Wshift-count-overflow]
     if(x<<144 && x>>101 && y<<144 && y>>96){
                             ^~
../Core/Src/main.c:735:29: warning: '<<' in boolean context, did you mean '<' ? [-Wint-in-bool-context]
     if(x<<144 && x>>101 && y<<144 && y>>96){
                            ~^~~~~
../Core/Src/main.c:735:39: warning: right shift count >= width of type [-Wshift-count-overflow]
     if(x<<144 && x>>101 && y<<144 && y>>96){
                                       ^~
../Core/Src/main.c:738:14: warning: left shift count >= width of type [-Wshift-count-overflow]
     else if(x<<187 && x>>144 && y<<144 && y>>96){
              ^~
../Core/Src/main.c:738:14: warning: '<<' in boolean context, did you mean '<' ? [-Wint-in-bool-context]
     else if(x<<187 && x>>144 && y<<144 && y>>96){
             ~^~~~~
../Core/Src/main.c:738:24: warning: right shift count >= width of type [-Wshift-count-overflow]
     else if(x<<187 && x>>144 && y<<144 && y>>96){
                        ^~
../Core/Src/main.c:738:34: warning: left shift count >= width of type [-Wshift-count-overflow]
     else if(x<<187 && x>>144 && y<<144 && y>>96){
                                  ^~
../Core/Src/main.c:738:34: warning: '<<' in boolean context, did you mean '<' ? [-Wint-in-bool-context]
     else if(x<<187 && x>>144 && y<<144 && y>>96){
                                 ~^~~~~
../Core/Src/main.c:738:44: warning: right shift count >= width of type [-Wshift-count-overflow]
     else if(x<<187 && x>>144 && y<<144 && y>>96){
                                            ^~
../Core/Src/main.c:741:14: warning: left shift count >= width of type [-Wshift-count-overflow]
     else if(x<<228 && x>>187 && y<<144 && y>>96){
              ^~
../Core/Src/main.c:741:14: warning: '<<' in boolean context, did you mean '<' ? [-Wint-in-bool-context]
     else if(x<<228 && x>>187 && y<<144 && y>>96){
             ~^~~~~
../Core/Src/main.c:741:24: warning: right shift count >= width of type [-Wshift-count-overflow]
     else if(x<<228 && x>>187 && y<<144 && y>>96){
                        ^~
../Core/Src/main.c:741:34: warning: left shift count >= width of type [-Wshift-count-overflow]
     else if(x<<228 && x>>187 && y<<144 && y>>96){
                                  ^~
../Core/Src/main.c:741:34: warning: '<<' in boolean context, did you mean '<' ? [-Wint-in-bool-context]
     else if(x<<228 && x>>187 && y<<144 && y>>96){
                                 ~^~~~~
../Core/Src/main.c:741:44: warning: right shift count >= width of type [-Wshift-count-overflow]
     else if(x<<228 && x>>187 && y<<144 && y>>96){
                                            ^~
Finished building: ../Core/Src/main.c
 
Building target: Test.elf
Invoking: MCU GCC Linker
arm-none-eabi-gcc -mcpu=cortex-m4 -mthumb -mfloat-abi=hard -mfpu=fpv4-sp-d16 -specs=nosys.specs -specs=nano.specs -T"../STM32L443CCTx_FLASH.ld" -Wl,-Map=output.map -Wl,--gc-sections -o "Test.elf" @"objects.list"   -lm
Finished building target: Test.elf
 
make --no-print-directory post-build
Generating hex and Printing size information:
arm-none-eabi-objcopy -O ihex "Test.elf" "Test.hex"
arm-none-eabi-size "Test.elf"
   text	   data	    bss	    dec	    hex	filename
  27960	     56	   2272	  30288	   7650	Test.elf
 
