12:35:59 **** Build of configuration Debug for project Robbe ****
make -j16 all 
Building file: ../Drivers/STM32L4xx_HAL_Driver/Src/stm32l4xx_hal.c
Building file: ../Drivers/STM32L4xx_HAL_Driver/Src/stm32l4xx_hal_adc.c
Building file: ../Drivers/STM32L4xx_HAL_Driver/Src/stm32l4xx_hal_adc_ex.c
Invoking: MCU GCC Compiler
Invoking: MCU GCC Compiler
Invoking: MCU GCC Compiler
C:\School\Test\Debug
arm-none-eabi-gcc -mcpu=cortex-m4 -mthumb -mfloat-abi=hard -mfpu=fpv4-sp-d16 -DUSE_HAL_DRIVER -DSTM32L443xx -I"C:/School/Test/Core/Inc" -I"C:/School/Test/Drivers/STM32L4xx_HAL_Driver/Inc" -I"C:/School/Test/Drivers/STM32L4xx_HAL_Driver/Inc/Legacy" -I"C:/School/Test/Drivers/CMSIS/Device/ST/STM32L4xx/Include" -I"C:/School/Test/Drivers/CMSIS/Include"  -Og -g3 -Wall -fmessage-length=0 -ffunction-sections -c -fmessage-length=0 -MMD -MP -MF"Drivers/STM32L4xx_HAL_Driver/Src/stm32l4xx_hal.d" -MT"Drivers/STM32L4xx_HAL_Driver/Src/stm32l4xx_hal.o" -o "Drivers/STM32L4xx_HAL_Driver/Src/stm32l4xx_hal.o" "../Drivers/STM32L4xx_HAL_Driver/Src/stm32l4xx_hal.c"
C:\School\Test\Debug
arm-none-eabi-gcc -mcpu=cortex-m4 -mthumb -mfloat-abi=hard -mfpu=fpv4-sp-d16 -DUSE_HAL_DRIVER -DSTM32L443xx -I"C:/School/Test/Core/Inc" -I"C:/School/Test/Drivers/STM32L4xx_HAL_Driver/Inc" -I"C:/School/Test/Drivers/STM32L4xx_HAL_Driver/Inc/Legacy" -I"C:/School/Test/Drivers/CMSIS/Device/ST/STM32L4xx/Include" -I"C:/School/Test/Drivers/CMSIS/Include"  -Og -g3 -Wall -fmessage-length=0 -ffunction-sections -c -fmessage-length=0 -MMD -MP -MF"Drivers/STM32L4xx_HAL_Driver/Src/stm32l4xx_hal_adc.d" -MT"Drivers/STM32L4xx_HAL_Driver/Src/stm32l4xx_hal_adc.o" -o "Drivers/STM32L4xx_HAL_Driver/Src/stm32l4xx_hal_adc.o" "../Drivers/STM32L4xx_HAL_Driver/Src/stm32l4xx_hal_adc.c"
C:\School\Test\Debug
arm-none-eabi-gcc -mcpu=cortex-m4 -mthumb -mfloat-abi=hard -mfpu=fpv4-sp-d16 -DUSE_HAL_DRIVER -DSTM32L443xx -I"C:/School/Test/Core/Inc" -I"C:/School/Test/Drivers/STM32L4xx_HAL_Driver/Inc" -I"C:/School/Test/Drivers/STM32L4xx_HAL_Driver/Inc/Legacy" -I"C:/School/Test/Drivers/CMSIS/Device/ST/STM32L4xx/Include" -I"C:/School/Test/Drivers/CMSIS/Include"  -Og -g3 -Wall -fmessage-length=0 -ffunction-sections -c -fmessage-length=0 -MMD -MP -MF"Drivers/STM32L4xx_HAL_Driver/Src/stm32l4xx_hal_adc_ex.d" -MT"Drivers/STM32L4xx_HAL_Driver/Src/stm32l4xx_hal_adc_ex.o" -o "Drivers/STM32L4xx_HAL_Driver/Src/stm32l4xx_hal_adc_ex.o" "../Drivers/STM32L4xx_HAL_Driver/Src/stm32l4xx_hal_adc_ex.c"
Building file: ../Drivers/STM32L4xx_HAL_Driver/Src/stm32l4xx_hal_cortex.c
Building file: ../Drivers/STM32L4xx_HAL_Driver/Src/stm32l4xx_hal_dma.c
Building file: ../Drivers/STM32L4xx_HAL_Driver/Src/stm32l4xx_hal_dma_ex.c
Invoking: MCU GCC Compiler
Invoking: MCU GCC Compiler
Invoking: MCU GCC Compiler
C:\School\Test\Debug
arm-none-eabi-gcc -mcpu=cortex-m4 -mthumb -mfloat-abi=hard -mfpu=fpv4-sp-d16 -DUSE_HAL_DRIVER -DSTM32L443xx -I"C:/School/Test/Core/Inc" -I"C:/School/Test/Drivers/STM32L4xx_HAL_Driver/Inc" -I"C:/School/Test/Drivers/STM32L4xx_HAL_Driver/Inc/Legacy" -I"C:/School/Test/Drivers/CMSIS/Device/ST/STM32L4xx/Include" -I"C:/School/Test/Drivers/CMSIS/Include"  -Og -g3 -Wall -fmessage-length=0 -ffunction-sections -c -fmessage-length=0 -MMD -MP -MF"Drivers/STM32L4xx_HAL_Driver/Src/stm32l4xx_hal_cortex.d" -MT"Drivers/STM32L4xx_HAL_Driver/Src/stm32l4xx_hal_cortex.o" -o "Drivers/STM32L4xx_HAL_Driver/Src/stm32l4xx_hal_cortex.o" "../Drivers/STM32L4xx_HAL_Driver/Src/stm32l4xx_hal_cortex.c"
C:\School\Test\Debug
arm-none-eabi-gcc -mcpu=cortex-m4 -mthumb -mfloat-abi=hard -mfpu=fpv4-sp-d16 -DUSE_HAL_DRIVER -DSTM32L443xx -I"C:/School/Test/Core/Inc" -I"C:/School/Test/Drivers/STM32L4xx_HAL_Driver/Inc" -I"C:/School/Test/Drivers/STM32L4xx_HAL_Driver/Inc/Legacy" -I"C:/School/Test/Drivers/CMSIS/Device/ST/STM32L4xx/Include" -I"C:/School/Test/Drivers/CMSIS/Include"  -Og -g3 -Wall -fmessage-length=0 -ffunction-sections -c -fmessage-length=0 -MMD -MP -MF"Drivers/STM32L4xx_HAL_Driver/Src/stm32l4xx_hal_dma.d" -MT"Drivers/STM32L4xx_HAL_Driver/Src/stm32l4xx_hal_dma.o" -o "Drivers/STM32L4xx_HAL_Driver/Src/stm32l4xx_hal_dma.o" "../Drivers/STM32L4xx_HAL_Driver/Src/stm32l4xx_hal_dma.c"
C:\School\Test\Debug
arm-none-eabi-gcc -mcpu=cortex-m4 -mthumb -mfloat-abi=hard -mfpu=fpv4-sp-d16 -DUSE_HAL_DRIVER -DSTM32L443xx -I"C:/School/Test/Core/Inc" -I"C:/School/Test/Drivers/STM32L4xx_HAL_Driver/Inc" -I"C:/School/Test/Drivers/STM32L4xx_HAL_Driver/Inc/Legacy" -I"C:/School/Test/Drivers/CMSIS/Device/ST/STM32L4xx/Include" -I"C:/School/Test/Drivers/CMSIS/Include"  -Og -g3 -Wall -fmessage-length=0 -ffunction-sections -c -fmessage-length=0 -MMD -MP -MF"Drivers/STM32L4xx_HAL_Driver/Src/stm32l4xx_hal_dma_ex.d" -MT"Drivers/STM32L4xx_HAL_Driver/Src/stm32l4xx_hal_dma_ex.o" -o "Drivers/STM32L4xx_HAL_Driver/Src/stm32l4xx_hal_dma_ex.o" "../Drivers/STM32L4xx_HAL_Driver/Src/stm32l4xx_hal_dma_ex.c"
Building file: ../Drivers/STM32L4xx_HAL_Driver/Src/stm32l4xx_hal_exti.c
Building file: ../Drivers/STM32L4xx_HAL_Driver/Src/stm32l4xx_hal_flash.c
Building file: ../Drivers/STM32L4xx_HAL_Driver/Src/stm32l4xx_hal_flash_ex.c
Invoking: MCU GCC Compiler
Invoking: MCU GCC Compiler
Invoking: MCU GCC Compiler
C:\School\Test\Debug
arm-none-eabi-gcc -mcpu=cortex-m4 -mthumb -mfloat-abi=hard -mfpu=fpv4-sp-d16 -DUSE_HAL_DRIVER -DSTM32L443xx -I"C:/School/Test/Core/Inc" -I"C:/School/Test/Drivers/STM32L4xx_HAL_Driver/Inc" -I"C:/School/Test/Drivers/STM32L4xx_HAL_Driver/Inc/Legacy" -I"C:/School/Test/Drivers/CMSIS/Device/ST/STM32L4xx/Include" -I"C:/School/Test/Drivers/CMSIS/Include"  -Og -g3 -Wall -fmessage-length=0 -ffunction-sections -c -fmessage-length=0 -MMD -MP -MF"Drivers/STM32L4xx_HAL_Driver/Src/stm32l4xx_hal_exti.d" -MT"Drivers/STM32L4xx_HAL_Driver/Src/stm32l4xx_hal_exti.o" -o "Drivers/STM32L4xx_HAL_Driver/Src/stm32l4xx_hal_exti.o" "../Drivers/STM32L4xx_HAL_Driver/Src/stm32l4xx_hal_exti.c"
C:\School\Test\Debug
arm-none-eabi-gcc -mcpu=cortex-m4 -mthumb -mfloat-abi=hard -mfpu=fpv4-sp-d16 -DUSE_HAL_DRIVER -DSTM32L443xx -I"C:/School/Test/Core/Inc" -I"C:/School/Test/Drivers/STM32L4xx_HAL_Driver/Inc" -I"C:/School/Test/Drivers/STM32L4xx_HAL_Driver/Inc/Legacy" -I"C:/School/Test/Drivers/CMSIS/Device/ST/STM32L4xx/Include" -I"C:/School/Test/Drivers/CMSIS/Include"  -Og -g3 -Wall -fmessage-length=0 -ffunction-sections -c -fmessage-length=0 -MMD -MP -MF"Drivers/STM32L4xx_HAL_Driver/Src/stm32l4xx_hal_flash.d" -MT"Drivers/STM32L4xx_HAL_Driver/Src/stm32l4xx_hal_flash.o" -o "Drivers/STM32L4xx_HAL_Driver/Src/stm32l4xx_hal_flash.o" "../Drivers/STM32L4xx_HAL_Driver/Src/stm32l4xx_hal_flash.c"
C:\School\Test\Debug
arm-none-eabi-gcc -mcpu=cortex-m4 -mthumb -mfloat-abi=hard -mfpu=fpv4-sp-d16 -DUSE_HAL_DRIVER -DSTM32L443xx -I"C:/School/Test/Core/Inc" -I"C:/School/Test/Drivers/STM32L4xx_HAL_Driver/Inc" -I"C:/School/Test/Drivers/STM32L4xx_HAL_Driver/Inc/Legacy" -I"C:/School/Test/Drivers/CMSIS/Device/ST/STM32L4xx/Include" -I"C:/School/Test/Drivers/CMSIS/Include"  -Og -g3 -Wall -fmessage-length=0 -ffunction-sections -c -fmessage-length=0 -MMD -MP -MF"Drivers/STM32L4xx_HAL_Driver/Src/stm32l4xx_hal_flash_ex.d" -MT"Drivers/STM32L4xx_HAL_Driver/Src/stm32l4xx_hal_flash_ex.o" -o "Drivers/STM32L4xx_HAL_Driver/Src/stm32l4xx_hal_flash_ex.o" "../Drivers/STM32L4xx_HAL_Driver/Src/stm32l4xx_hal_flash_ex.c"
Building file: ../Drivers/STM32L4xx_HAL_Driver/Src/stm32l4xx_hal_flash_ramfunc.c
Building file: ../Drivers/STM32L4xx_HAL_Driver/Src/stm32l4xx_hal_gpio.c
Building file: ../Drivers/STM32L4xx_HAL_Driver/Src/stm32l4xx_hal_i2c.c
Invoking: MCU GCC Compiler
Invoking: MCU GCC Compiler
Invoking: MCU GCC Compiler
C:\School\Test\Debug
arm-none-eabi-gcc -mcpu=cortex-m4 -mthumb -mfloat-abi=hard -mfpu=fpv4-sp-d16 -DUSE_HAL_DRIVER -DSTM32L443xx -I"C:/School/Test/Core/Inc" -I"C:/School/Test/Drivers/STM32L4xx_HAL_Driver/Inc" -I"C:/School/Test/Drivers/STM32L4xx_HAL_Driver/Inc/Legacy" -I"C:/School/Test/Drivers/CMSIS/Device/ST/STM32L4xx/Include" -I"C:/School/Test/Drivers/CMSIS/Include"  -Og -g3 -Wall -fmessage-length=0 -ffunction-sections -c -fmessage-length=0 -MMD -MP -MF"Drivers/STM32L4xx_HAL_Driver/Src/stm32l4xx_hal_flash_ramfunc.d" -MT"Drivers/STM32L4xx_HAL_Driver/Src/stm32l4xx_hal_flash_ramfunc.o" -o "Drivers/STM32L4xx_HAL_Driver/Src/stm32l4xx_hal_flash_ramfunc.o" "../Drivers/STM32L4xx_HAL_Driver/Src/stm32l4xx_hal_flash_ramfunc.c"
C:\School\Test\Debug
arm-none-eabi-gcc -mcpu=cortex-m4 -mthumb -mfloat-abi=hard -mfpu=fpv4-sp-d16 -DUSE_HAL_DRIVER -DSTM32L443xx -I"C:/School/Test/Core/Inc" -I"C:/School/Test/Drivers/STM32L4xx_HAL_Driver/Inc" -I"C:/School/Test/Drivers/STM32L4xx_HAL_Driver/Inc/Legacy" -I"C:/School/Test/Drivers/CMSIS/Device/ST/STM32L4xx/Include" -I"C:/School/Test/Drivers/CMSIS/Include"  -Og -g3 -Wall -fmessage-length=0 -ffunction-sections -c -fmessage-length=0 -MMD -MP -MF"Drivers/STM32L4xx_HAL_Driver/Src/stm32l4xx_hal_gpio.d" -MT"Drivers/STM32L4xx_HAL_Driver/Src/stm32l4xx_hal_gpio.o" -o "Drivers/STM32L4xx_HAL_Driver/Src/stm32l4xx_hal_gpio.o" "../Drivers/STM32L4xx_HAL_Driver/Src/stm32l4xx_hal_gpio.c"
C:\School\Test\Debug
arm-none-eabi-gcc -mcpu=cortex-m4 -mthumb -mfloat-abi=hard -mfpu=fpv4-sp-d16 -DUSE_HAL_DRIVER -DSTM32L443xx -I"C:/School/Test/Core/Inc" -I"C:/School/Test/Drivers/STM32L4xx_HAL_Driver/Inc" -I"C:/School/Test/Drivers/STM32L4xx_HAL_Driver/Inc/Legacy" -I"C:/School/Test/Drivers/CMSIS/Device/ST/STM32L4xx/Include" -I"C:/School/Test/Drivers/CMSIS/Include"  -Og -g3 -Wall -fmessage-length=0 -ffunction-sections -c -fmessage-length=0 -MMD -MP -MF"Drivers/STM32L4xx_HAL_Driver/Src/stm32l4xx_hal_i2c.d" -MT"Drivers/STM32L4xx_HAL_Driver/Src/stm32l4xx_hal_i2c.o" -o "Drivers/STM32L4xx_HAL_Driver/Src/stm32l4xx_hal_i2c.o" "../Drivers/STM32L4xx_HAL_Driver/Src/stm32l4xx_hal_i2c.c"
Building file: ../Drivers/STM32L4xx_HAL_Driver/Src/stm32l4xx_hal_i2c_ex.c
Building file: ../Drivers/STM32L4xx_HAL_Driver/Src/stm32l4xx_hal_pwr.c
Building file: ../Drivers/STM32L4xx_HAL_Driver/Src/stm32l4xx_hal_pwr_ex.c
Invoking: MCU GCC Compiler
Invoking: MCU GCC Compiler
C:\School\Test\Debug
Building file: ../Drivers/STM32L4xx_HAL_Driver/Src/stm32l4xx_hal_rcc.c
Invoking: MCU GCC Compiler
arm-none-eabi-gcc -mcpu=cortex-m4 -mthumb -mfloat-abi=hard -mfpu=fpv4-sp-d16 -DUSE_HAL_DRIVER -DSTM32L443xx -I"C:/School/Test/Core/Inc" -I"C:/School/Test/Drivers/STM32L4xx_HAL_Driver/Inc" -I"C:/School/Test/Drivers/STM32L4xx_HAL_Driver/Inc/Legacy" -I"C:/School/Test/Drivers/CMSIS/Device/ST/STM32L4xx/Include" -I"C:/School/Test/Drivers/CMSIS/Include"  -Og -g3 -Wall -fmessage-length=0 -ffunction-sections -c -fmessage-length=0 -MMD -MP -MF"Drivers/STM32L4xx_HAL_Driver/Src/stm32l4xx_hal_i2c_ex.d" -MT"Drivers/STM32L4xx_HAL_Driver/Src/stm32l4xx_hal_i2c_ex.o" -o "Drivers/STM32L4xx_HAL_Driver/Src/stm32l4xx_hal_i2c_ex.o" "../Drivers/STM32L4xx_HAL_Driver/Src/stm32l4xx_hal_i2c_ex.c"
C:\School\Test\Debug
Invoking: MCU GCC Compiler
arm-none-eabi-gcc -mcpu=cortex-m4 -mthumb -mfloat-abi=hard -mfpu=fpv4-sp-d16 -DUSE_HAL_DRIVER -DSTM32L443xx -I"C:/School/Test/Core/Inc" -I"C:/School/Test/Drivers/STM32L4xx_HAL_Driver/Inc" -I"C:/School/Test/Drivers/STM32L4xx_HAL_Driver/Inc/Legacy" -I"C:/School/Test/Drivers/CMSIS/Device/ST/STM32L4xx/Include" -I"C:/School/Test/Drivers/CMSIS/Include"  -Og -g3 -Wall -fmessage-length=0 -ffunction-sections -c -fmessage-length=0 -MMD -MP -MF"Drivers/STM32L4xx_HAL_Driver/Src/stm32l4xx_hal_pwr.d" -MT"Drivers/STM32L4xx_HAL_Driver/Src/stm32l4xx_hal_pwr.o" -o "Drivers/STM32L4xx_HAL_Driver/Src/stm32l4xx_hal_pwr.o" "../Drivers/STM32L4xx_HAL_Driver/Src/stm32l4xx_hal_pwr.c"
C:\School\Test\Debug
arm-none-eabi-gcc -mcpu=cortex-m4 -mthumb -mfloat-abi=hard -mfpu=fpv4-sp-d16 -DUSE_HAL_DRIVER -DSTM32L443xx -I"C:/School/Test/Core/Inc" -I"C:/School/Test/Drivers/STM32L4xx_HAL_Driver/Inc" -I"C:/School/Test/Drivers/STM32L4xx_HAL_Driver/Inc/Legacy" -I"C:/School/Test/Drivers/CMSIS/Device/ST/STM32L4xx/Include" -I"C:/School/Test/Drivers/CMSIS/Include"  -Og -g3 -Wall -fmessage-length=0 -ffunction-sections -c -fmessage-length=0 -MMD -MP -MF"Drivers/STM32L4xx_HAL_Driver/Src/stm32l4xx_hal_pwr_ex.d" -MT"Drivers/STM32L4xx_HAL_Driver/Src/stm32l4xx_hal_pwr_ex.o" -o "Drivers/STM32L4xx_HAL_Driver/Src/stm32l4xx_hal_pwr_ex.o" "../Drivers/STM32L4xx_HAL_Driver/Src/stm32l4xx_hal_pwr_ex.c"
C:\School\Test\Debug
arm-none-eabi-gcc -mcpu=cortex-m4 -mthumb -mfloat-abi=hard -mfpu=fpv4-sp-d16 -DUSE_HAL_DRIVER -DSTM32L443xx -I"C:/School/Test/Core/Inc" -I"C:/School/Test/Drivers/STM32L4xx_HAL_Driver/Inc" -I"C:/School/Test/Drivers/STM32L4xx_HAL_Driver/Inc/Legacy" -I"C:/School/Test/Drivers/CMSIS/Device/ST/STM32L4xx/Include" -I"C:/School/Test/Drivers/CMSIS/Include"  -Og -g3 -Wall -fmessage-length=0 -ffunction-sections -c -fmessage-length=0 -MMD -MP -MF"Drivers/STM32L4xx_HAL_Driver/Src/stm32l4xx_hal_rcc.d" -MT"Drivers/STM32L4xx_HAL_Driver/Src/stm32l4xx_hal_rcc.o" -o "Drivers/STM32L4xx_HAL_Driver/Src/stm32l4xx_hal_rcc.o" "../Drivers/STM32L4xx_HAL_Driver/Src/stm32l4xx_hal_rcc.c"
Finished building: ../Drivers/STM32L4xx_HAL_Driver/Src/stm32l4xx_hal.c
Finished building: ../Drivers/STM32L4xx_HAL_Driver/Src/stm32l4xx_hal_dma_ex.c
Finished building: ../Drivers/STM32L4xx_HAL_Driver/Src/stm32l4xx_hal_cortex.c
 
Finished building: ../Drivers/STM32L4xx_HAL_Driver/Src/stm32l4xx_hal_adc_ex.c
 
Finished building: ../Drivers/STM32L4xx_HAL_Driver/Src/stm32l4xx_hal_dma.c
 
 
Finished building: ../Drivers/STM32L4xx_HAL_Driver/Src/stm32l4xx_hal_adc.c
 
Finished building: ../Drivers/STM32L4xx_HAL_Driver/Src/stm32l4xx_hal_exti.c
 
Building file: ../Drivers/STM32L4xx_HAL_Driver/Src/stm32l4xx_hal_rcc_ex.c
Finished building: ../Drivers/STM32L4xx_HAL_Driver/Src/stm32l4xx_hal_flash.c
 
Finished building: ../Drivers/STM32L4xx_HAL_Driver/Src/stm32l4xx_hal_flash_ex.c
Invoking: MCU GCC Compiler
 
 
C:\School\Test\Debug
arm-none-eabi-gcc -mcpu=cortex-m4 -mthumb -mfloat-abi=hard -mfpu=fpv4-sp-d16 -DUSE_HAL_DRIVER -DSTM32L443xx -I"C:/School/Test/Core/Inc" -I"C:/School/Test/Drivers/STM32L4xx_HAL_Driver/Inc" -I"C:/School/Test/Drivers/STM32L4xx_HAL_Driver/Inc/Legacy" -I"C:/School/Test/Drivers/CMSIS/Device/ST/STM32L4xx/Include" -I"C:/School/Test/Drivers/CMSIS/Include"  -Og -g3 -Wall -fmessage-length=0 -ffunction-sections -c -fmessage-length=0 -MMD -MP -MF"Drivers/STM32L4xx_HAL_Driver/Src/stm32l4xx_hal_rcc_ex.d" -MT"Drivers/STM32L4xx_HAL_Driver/Src/stm32l4xx_hal_rcc_ex.o" -o "Drivers/STM32L4xx_HAL_Driver/Src/stm32l4xx_hal_rcc_ex.o" "../Drivers/STM32L4xx_HAL_Driver/Src/stm32l4xx_hal_rcc_ex.c"
Finished building: ../Drivers/STM32L4xx_HAL_Driver/Src/stm32l4xx_hal_flash_ramfunc.c
Building file: ../Drivers/STM32L4xx_HAL_Driver/Src/stm32l4xx_hal_spi.c
 
Invoking: MCU GCC Compiler
Finished building: ../Drivers/STM32L4xx_HAL_Driver/Src/stm32l4xx_hal_gpio.c
Building file: ../Drivers/STM32L4xx_HAL_Driver/Src/stm32l4xx_hal_spi_ex.c
C:\School\Test\Debug
arm-none-eabi-gcc -mcpu=cortex-m4 -mthumb -mfloat-abi=hard -mfpu=fpv4-sp-d16 -DUSE_HAL_DRIVER -DSTM32L443xx -I"C:/School/Test/Core/Inc" -I"C:/School/Test/Drivers/STM32L4xx_HAL_Driver/Inc" -I"C:/School/Test/Drivers/STM32L4xx_HAL_Driver/Inc/Legacy" -I"C:/School/Test/Drivers/CMSIS/Device/ST/STM32L4xx/Include" -I"C:/School/Test/Drivers/CMSIS/Include"  -Og -g3 -Wall -fmessage-length=0 -ffunction-sections -c -fmessage-length=0 -MMD -MP -MF"Drivers/STM32L4xx_HAL_Driver/Src/stm32l4xx_hal_spi.d" -MT"Drivers/STM32L4xx_HAL_Driver/Src/stm32l4xx_hal_spi.o" -o "Drivers/STM32L4xx_HAL_Driver/Src/stm32l4xx_hal_spi.o" "../Drivers/STM32L4xx_HAL_Driver/Src/stm32l4xx_hal_spi.c"
 
Invoking: MCU GCC Compiler
Building file: ../Drivers/STM32L4xx_HAL_Driver/Src/stm32l4xx_hal_tim.c
C:\School\Test\Debug
arm-none-eabi-gcc -mcpu=cortex-m4 -mthumb -mfloat-abi=hard -mfpu=fpv4-sp-d16 -DUSE_HAL_DRIVER -DSTM32L443xx -I"C:/School/Test/Core/Inc" -I"C:/School/Test/Drivers/STM32L4xx_HAL_Driver/Inc" -I"C:/School/Test/Drivers/STM32L4xx_HAL_Driver/Inc/Legacy" -I"C:/School/Test/Drivers/CMSIS/Device/ST/STM32L4xx/Include" -I"C:/School/Test/Drivers/CMSIS/Include"  -Og -g3 -Wall -fmessage-length=0 -ffunction-sections -c -fmessage-length=0 -MMD -MP -MF"Drivers/STM32L4xx_HAL_Driver/Src/stm32l4xx_hal_spi_ex.d" -MT"Drivers/STM32L4xx_HAL_Driver/Src/stm32l4xx_hal_spi_ex.o" -o "Drivers/STM32L4xx_HAL_Driver/Src/stm32l4xx_hal_spi_ex.o" "../Drivers/STM32L4xx_HAL_Driver/Src/stm32l4xx_hal_spi_ex.c"
Building file: ../Drivers/STM32L4xx_HAL_Driver/Src/stm32l4xx_hal_tim_ex.c
Invoking: MCU GCC Compiler
Invoking: MCU GCC Compiler
C:\School\Test\Debug
arm-none-eabi-gcc -mcpu=cortex-m4 -mthumb -mfloat-abi=hard -mfpu=fpv4-sp-d16 -DUSE_HAL_DRIVER -DSTM32L443xx -I"C:/School/Test/Core/Inc" -I"C:/School/Test/Drivers/STM32L4xx_HAL_Driver/Inc" -I"C:/School/Test/Drivers/STM32L4xx_HAL_Driver/Inc/Legacy" -I"C:/School/Test/Drivers/CMSIS/Device/ST/STM32L4xx/Include" -I"C:/School/Test/Drivers/CMSIS/Include"  -Og -g3 -Wall -fmessage-length=0 -ffunction-sections -c -fmessage-length=0 -MMD -MP -MF"Drivers/STM32L4xx_HAL_Driver/Src/stm32l4xx_hal_tim.d" -MT"Drivers/STM32L4xx_HAL_Driver/Src/stm32l4xx_hal_tim.o" -o "Drivers/STM32L4xx_HAL_Driver/Src/stm32l4xx_hal_tim.o" "../Drivers/STM32L4xx_HAL_Driver/Src/stm32l4xx_hal_tim.c"
Building file: ../Drivers/STM32L4xx_HAL_Driver/Src/stm32l4xx_hal_uart.c
C:\School\Test\Debug
arm-none-eabi-gcc -mcpu=cortex-m4 -mthumb -mfloat-abi=hard -mfpu=fpv4-sp-d16 -DUSE_HAL_DRIVER -DSTM32L443xx -I"C:/School/Test/Core/Inc" -I"C:/School/Test/Drivers/STM32L4xx_HAL_Driver/Inc" -I"C:/School/Test/Drivers/STM32L4xx_HAL_Driver/Inc/Legacy" -I"C:/School/Test/Drivers/CMSIS/Device/ST/STM32L4xx/Include" -I"C:/School/Test/Drivers/CMSIS/Include"  -Og -g3 -Wall -fmessage-length=0 -ffunction-sections -c -fmessage-length=0 -MMD -MP -MF"Drivers/STM32L4xx_HAL_Driver/Src/stm32l4xx_hal_tim_ex.d" -MT"Drivers/STM32L4xx_HAL_Driver/Src/stm32l4xx_hal_tim_ex.o" -o "Drivers/STM32L4xx_HAL_Driver/Src/stm32l4xx_hal_tim_ex.o" "../Drivers/STM32L4xx_HAL_Driver/Src/stm32l4xx_hal_tim_ex.c"
Building file: ../Drivers/STM32L4xx_HAL_Driver/Src/stm32l4xx_hal_uart_ex.c
Invoking: MCU GCC Compiler
Invoking: MCU GCC Compiler
Finished building: ../Drivers/STM32L4xx_HAL_Driver/Src/stm32l4xx_hal_i2c_ex.c
C:\School\Test\Debug
Building file: ../Core/Src/ili9341.c
C:\School\Test\Debug
arm-none-eabi-gcc -mcpu=cortex-m4 -mthumb -mfloat-abi=hard -mfpu=fpv4-sp-d16 -DUSE_HAL_DRIVER -DSTM32L443xx -I"C:/School/Test/Core/Inc" -I"C:/School/Test/Drivers/STM32L4xx_HAL_Driver/Inc" -I"C:/School/Test/Drivers/STM32L4xx_HAL_Driver/Inc/Legacy" -I"C:/School/Test/Drivers/CMSIS/Device/ST/STM32L4xx/Include" -I"C:/School/Test/Drivers/CMSIS/Include"  -Og -g3 -Wall -fmessage-length=0 -ffunction-sections -c -fmessage-length=0 -MMD -MP -MF"Drivers/STM32L4xx_HAL_Driver/Src/stm32l4xx_hal_uart.d" -MT"Drivers/STM32L4xx_HAL_Driver/Src/stm32l4xx_hal_uart.o" -o "Drivers/STM32L4xx_HAL_Driver/Src/stm32l4xx_hal_uart.o" "../Drivers/STM32L4xx_HAL_Driver/Src/stm32l4xx_hal_uart.c"
 
Finished building: ../Drivers/STM32L4xx_HAL_Driver/Src/stm32l4xx_hal_pwr.c
arm-none-eabi-gcc -mcpu=cortex-m4 -mthumb -mfloat-abi=hard -mfpu=fpv4-sp-d16 -DUSE_HAL_DRIVER -DSTM32L443xx -I"C:/School/Test/Core/Inc" -I"C:/School/Test/Drivers/STM32L4xx_HAL_Driver/Inc" -I"C:/School/Test/Drivers/STM32L4xx_HAL_Driver/Inc/Legacy" -I"C:/School/Test/Drivers/CMSIS/Device/ST/STM32L4xx/Include" -I"C:/School/Test/Drivers/CMSIS/Include"  -Og -g3 -Wall -fmessage-length=0 -ffunction-sections -c -fmessage-length=0 -MMD -MP -MF"Drivers/STM32L4xx_HAL_Driver/Src/stm32l4xx_hal_uart_ex.d" -MT"Drivers/STM32L4xx_HAL_Driver/Src/stm32l4xx_hal_uart_ex.o" -o "Drivers/STM32L4xx_HAL_Driver/Src/stm32l4xx_hal_uart_ex.o" "../Drivers/STM32L4xx_HAL_Driver/Src/stm32l4xx_hal_uart_ex.c"
Finished building: ../Drivers/STM32L4xx_HAL_Driver/Src/stm32l4xx_hal_pwr_ex.c
Invoking: MCU GCC Compiler
 
Finished building: ../Drivers/STM32L4xx_HAL_Driver/Src/stm32l4xx_hal_rcc.c
 
C:\School\Test\Debug
arm-none-eabi-gcc -mcpu=cortex-m4 -mthumb -mfloat-abi=hard -mfpu=fpv4-sp-d16 -DUSE_HAL_DRIVER -DSTM32L443xx -I"C:/School/Test/Core/Inc" -I"C:/School/Test/Drivers/STM32L4xx_HAL_Driver/Inc" -I"C:/School/Test/Drivers/STM32L4xx_HAL_Driver/Inc/Legacy" -I"C:/School/Test/Drivers/CMSIS/Device/ST/STM32L4xx/Include" -I"C:/School/Test/Drivers/CMSIS/Include"  -Og -g3 -Wall -fmessage-length=0 -ffunction-sections -c -fmessage-length=0 -MMD -MP -MF"Core/Src/ili9341.d" -MT"Core/Src/ili9341.o" -o "Core/Src/ili9341.o" "../Core/Src/ili9341.c"
 
Building file: ../Core/Src/ili9341_touch.c
Building file: ../Core/Src/main.c
Invoking: MCU GCC Compiler
Building file: ../Core/Src/stm32l4xx_hal_msp.c
Invoking: MCU GCC Compiler
C:\School\Test\Debug
Building file: ../Core/Src/stm32l4xx_it.c
arm-none-eabi-gcc -mcpu=cortex-m4 -mthumb -mfloat-abi=hard -mfpu=fpv4-sp-d16 -DUSE_HAL_DRIVER -DSTM32L443xx -I"C:/School/Test/Core/Inc" -I"C:/School/Test/Drivers/STM32L4xx_HAL_Driver/Inc" -I"C:/School/Test/Drivers/STM32L4xx_HAL_Driver/Inc/Legacy" -I"C:/School/Test/Drivers/CMSIS/Device/ST/STM32L4xx/Include" -I"C:/School/Test/Drivers/CMSIS/Include"  -Og -g3 -Wall -fmessage-length=0 -ffunction-sections -c -fmessage-length=0 -MMD -MP -MF"Core/Src/ili9341_touch.d" -MT"Core/Src/ili9341_touch.o" -o "Core/Src/ili9341_touch.o" "../Core/Src/ili9341_touch.c"
Invoking: MCU GCC Compiler
C:\School\Test\Debug
Finished building: ../Drivers/STM32L4xx_HAL_Driver/Src/stm32l4xx_hal_i2c.c
arm-none-eabi-gcc -mcpu=cortex-m4 -mthumb -mfloat-abi=hard -mfpu=fpv4-sp-d16 -DUSE_HAL_DRIVER -DSTM32L443xx -I"C:/School/Test/Core/Inc" -I"C:/School/Test/Drivers/STM32L4xx_HAL_Driver/Inc" -I"C:/School/Test/Drivers/STM32L4xx_HAL_Driver/Inc/Legacy" -I"C:/School/Test/Drivers/CMSIS/Device/ST/STM32L4xx/Include" -I"C:/School/Test/Drivers/CMSIS/Include"  -Og -g3 -Wall -fmessage-length=0 -ffunction-sections -c -fmessage-length=0 -MMD -MP -MF"Core/Src/main.d" -MT"Core/Src/main.o" -o "Core/Src/main.o" "../Core/Src/main.c"
Invoking: MCU GCC Compiler
C:\School\Test\Debug
arm-none-eabi-gcc -mcpu=cortex-m4 -mthumb -mfloat-abi=hard -mfpu=fpv4-sp-d16 -DUSE_HAL_DRIVER -DSTM32L443xx -I"C:/School/Test/Core/Inc" -I"C:/School/Test/Drivers/STM32L4xx_HAL_Driver/Inc" -I"C:/School/Test/Drivers/STM32L4xx_HAL_Driver/Inc/Legacy" -I"C:/School/Test/Drivers/CMSIS/Device/ST/STM32L4xx/Include" -I"C:/School/Test/Drivers/CMSIS/Include"  -Og -g3 -Wall -fmessage-length=0 -ffunction-sections -c -fmessage-length=0 -MMD -MP -MF"Core/Src/stm32l4xx_hal_msp.d" -MT"Core/Src/stm32l4xx_hal_msp.o" -o "Core/Src/stm32l4xx_hal_msp.o" "../Core/Src/stm32l4xx_hal_msp.c"
 
C:\School\Test\Debug
arm-none-eabi-gcc -mcpu=cortex-m4 -mthumb -mfloat-abi=hard -mfpu=fpv4-sp-d16 -DUSE_HAL_DRIVER -DSTM32L443xx -I"C:/School/Test/Core/Inc" -I"C:/School/Test/Drivers/STM32L4xx_HAL_Driver/Inc" -I"C:/School/Test/Drivers/STM32L4xx_HAL_Driver/Inc/Legacy" -I"C:/School/Test/Drivers/CMSIS/Device/ST/STM32L4xx/Include" -I"C:/School/Test/Drivers/CMSIS/Include"  -Og -g3 -Wall -fmessage-length=0 -ffunction-sections -c -fmessage-length=0 -MMD -MP -MF"Core/Src/stm32l4xx_it.d" -MT"Core/Src/stm32l4xx_it.o" -o "Core/Src/stm32l4xx_it.o" "../Core/Src/stm32l4xx_it.c"
Building file: ../Core/Src/system_stm32l4xx.c
Invoking: MCU GCC Compiler
../Core/Src/ili9341.c: In function 'LCD_DrawVLine':
../Core/Src/ili9341.c:312:2: warning: statement with no effect [-Wunused-value]
  for(result; result > 0; result--){
  ^~~
../Core/Src/ili9341.c: In function 'LCD_DrawHLine':
../Core/Src/ili9341.c:320:2: warning: statement with no effect [-Wunused-value]
  for(result; result > 0; result--){
  ^~~
C:\School\Test\Debug
arm-none-eabi-gcc -mcpu=cortex-m4 -mthumb -mfloat-abi=hard -mfpu=fpv4-sp-d16 -DUSE_HAL_DRIVER -DSTM32L443xx -I"C:/School/Test/Core/Inc" -I"C:/School/Test/Drivers/STM32L4xx_HAL_Driver/Inc" -I"C:/School/Test/Drivers/STM32L4xx_HAL_Driver/Inc/Legacy" -I"C:/School/Test/Drivers/CMSIS/Device/ST/STM32L4xx/Include" -I"C:/School/Test/Drivers/CMSIS/Include"  -Og -g3 -Wall -fmessage-length=0 -ffunction-sections -c -fmessage-length=0 -MMD -MP -MF"Core/Src/system_stm32l4xx.d" -MT"Core/Src/system_stm32l4xx.o" -o "Core/Src/system_stm32l4xx.o" "../Core/Src/system_stm32l4xx.c"
Finished building: ../Drivers/STM32L4xx_HAL_Driver/Src/stm32l4xx_hal_spi_ex.c
 
Finished building: ../Drivers/STM32L4xx_HAL_Driver/Src/stm32l4xx_hal_rcc_ex.c
 
Finished building: ../Drivers/STM32L4xx_HAL_Driver/Src/stm32l4xx_hal_spi.c
Finished building: ../Drivers/STM32L4xx_HAL_Driver/Src/stm32l4xx_hal_uart_ex.c
 
 
../Core/Src/main.c: In function 'main':
../Core/Src/main.c:153:4: warning: implicit declaration of function 'ILI9341_TouchUnselect'; did you mean 'ILI9341_Unselect'? [-Wimplicit-function-declaration]
    ILI9341_TouchUnselect();
    ^~~~~~~~~~~~~~~~~~~~~
    ILI9341_Unselect
../Core/Src/main.c:160:18: warning: initialization makes integer from pointer without a cast [-Wint-conversion]
    int battery = "54.89%";
                  ^~~~~~~~
../Core/Src/main.c:161:13: warning: unused variable 'ad_res' [-Wunused-variable]
    uint16_t ad_res = 0;
             ^~~~~~
../Core/Src/main.c:160:8: warning: unused variable 'battery' [-Wunused-variable]
    int battery = "54.89%";
        ^~~~~~~
../Core/Src/main.c: In function 'ledClearBuffer':
../Core/Src/main.c:619:2: warning: implicit declaration of function 'memset' [-Wimplicit-function-declaration]
  memset(ledBuffer, 0, NUM_BYTES);
  ^~~~~~
../Core/Src/main.c:619:2: warning: incompatible implicit declaration of built-in function 'memset'
../Core/Src/main.c:619:2: note: include '<string.h>' or provide a declaration of 'memset'
../Core/Src/main.c: In function 'Test_slider_battery':
../Core/Src/main.c:668:6: warning: implicit declaration of function 'LCD_TGetC' [-Wimplicit-function-declaration]
   if(LCD_TGetC(&x, &y)) {
      ^~~~~~~~~
../Core/Src/main.c:669:8: warning: right shift count >= width of type [-Wshift-count-overflow]
    if(x>>101 && x<<229 && y>>95 && y<<144){// in range?
        ^~
../Core/Src/main.c:669:18: warning: left shift count >= width of type [-Wshift-count-overflow]
    if(x>>101 && x<<229 && y>>95 && y<<144){// in range?
                  ^~
../Core/Src/main.c:669:18: warning: '<<' in boolean context, did you mean '<' ? [-Wint-in-bool-context]
    if(x>>101 && x<<229 && y>>95 && y<<144){// in range?
                 ~^~~~~
../Core/Src/main.c:669:28: warning: right shift count >= width of type [-Wshift-count-overflow]
    if(x>>101 && x<<229 && y>>95 && y<<144){// in range?
                            ^~
../Core/Src/main.c:669:37: warning: left shift count >= width of type [-Wshift-count-overflow]
    if(x>>101 && x<<229 && y>>95 && y<<144){// in range?
                                     ^~
../Core/Src/main.c:669:37: warning: '<<' in boolean context, did you mean '<' ? [-Wint-in-bool-context]
    if(x>>101 && x<<229 && y>>95 && y<<144){// in range?
                                    ~^~~~~
../Core/Src/main.c:670:9: warning: left shift count >= width of type [-Wshift-count-overflow]
     if(x<<144 && x>>101 && y<<144 && y>>96){
         ^~
../Core/Src/main.c:670:9: warning: '<<' in boolean context, did you mean '<' ? [-Wint-in-bool-context]
Finished building: ../Core/Src/ili9341.c
     if(x<<144 && x>>101 && y<<144 && y>>96){
        ~^~~~~
../Core/Src/main.c:670:19: warning: right shift count >= width of type [-Wshift-count-overflow]
     if(x<<144 && x>>101 && y<<144 && y>>96){
                   ^~
../Core/Src/main.c:670:29: warning: left shift count >= width of type [-Wshift-count-overflow]
     if(x<<144 && x>>101 && y<<144 && y>>96){
                             ^~
../Core/Src/main.c:670:29: warning: '<<' in boolean context, did you mean '<' ? [-Wint-in-bool-context]
     if(x<<144 && x>>101 && y<<144 && y>>96){
                            ~^~~~~
../Core/Src/main.c:670:39: warning: right shift count >= width of type [-Wshift-count-overflow]
     if(x<<144 && x>>101 && y<<144 && y>>96){
                                       ^~
../Core/Src/main.c:673:14: warning: left shift count >= width of type [-Wshift-count-overflow]
     else if(x<<187 && x>>144 && y<<144 && y>>96){
              ^~
../Core/Src/main.c:673:14: warning: '<<' in boolean context, did you mean '<' ? [-Wint-in-bool-context]
     else if(x<<187 && x>>144 && y<<144 && y>>96){
             ~^~~~~
../Core/Src/main.c:673:24: warning: right shift count >= width of type [-Wshift-count-overflow]
     else if(x<<187 && x>>144 && y<<144 && y>>96){
                        ^~
../Core/Src/main.c:673:34: warning: left shift count >= width of type [-Wshift-count-overflow]
     else if(x<<187 && x>>144 && y<<144 && y>>96){
                                  ^~
../Core/Src/main.c:673:34: warning: '<<' in boolean context, did you mean '<' ? [-Wint-in-bool-context]
     else if(x<<187 && x>>144 && y<<144 && y>>96){
                                 ~^~~~~
../Core/Src/main.c:673:44: warning: right shift count >= width of type [-Wshift-count-overflow]
     else if(x<<187 && x>>144 && y<<144 && y>>96){
                                            ^~
../Core/Src/main.c:676:14: warning: left shift count >= width of type [-Wshift-count-overflow]
     else if(x<<228 && x>>187 && y<<144 && y>>96){
              ^~
../Core/Src/main.c:676:14: warning: '<<' in boolean context, did you mean '<' ? [-Wint-in-bool-context]
     else if(x<<228 && x>>187 && y<<144 && y>>96){
             ~^~~~~
../Core/Src/main.c:676:24: warning: right shift count >= width of type [-Wshift-count-overflow]
     else if(x<<228 && x>>187 && y<<144 && y>>96){
                        ^~
../Core/Src/main.c:676:34: warning: left shift count >= width of type [-Wshift-count-overflow]
     else if(x<<228 && x>>187 && y<<144 && y>>96){
                                  ^~
../Core/Src/main.c:676:34: warning: '<<' in boolean context, did you mean '<' ? [-Wint-in-bool-context]
     else if(x<<228 && x>>187 && y<<144 && y>>96){
                                 ~^~~~~
../Core/Src/main.c:676:44: warning: right shift count >= width of type [-Wshift-count-overflow]
     else if(x<<228 && x>>187 && y<<144 && y>>96){
                                            ^~
Finished building: ../Drivers/STM32L4xx_HAL_Driver/Src/stm32l4xx_hal_tim_ex.c
 
 
Finished building: ../Core/Src/ili9341_touch.c
 
Finished building: ../Core/Src/stm32l4xx_hal_msp.c
Finished building: ../Drivers/STM32L4xx_HAL_Driver/Src/stm32l4xx_hal_uart.c
Finished building: ../Core/Src/stm32l4xx_it.c
 
 
 
Finished building: ../Core/Src/system_stm32l4xx.c
 
Finished building: ../Drivers/STM32L4xx_HAL_Driver/Src/stm32l4xx_hal_tim.c
 
Finished building: ../Core/Src/main.c
 
Building target: Robbe.elf
Invoking: MCU GCC Linker
arm-none-eabi-gcc -mcpu=cortex-m4 -mthumb -mfloat-abi=hard -mfpu=fpv4-sp-d16 -specs=nosys.specs -specs=nano.specs -T"../STM32L443CCTx_FLASH.ld" -Wl,-Map=output.map -Wl,--gc-sections -o "Robbe.elf" @"objects.list"   -lm
Finished building target: Robbe.elf
 
make --no-print-directory post-build
Generating hex and Printing size information:
arm-none-eabi-objcopy -O ihex "Robbe.elf" "Robbe.hex"
arm-none-eabi-size "Robbe.elf"
   text	   data	    bss	    dec	    hex	filename
  27272	     56	   2248	  29576	   7388	Robbe.elf
 

12:36:03 Build Finished (took 3s.797ms)

