16:22:19 **** Incremental Build of configuration Debug for project Test ****
make -j16 all 
Building file: ../Core/Src/main.c
Invoking: MCU GCC Compiler
C:\School\Thomas_More_Hogeschool\Practice_Enterprise_2\PE2\Bluetooth_music_box\code\Test\Debug
arm-none-eabi-gcc -mcpu=cortex-m4 -mthumb -mfloat-abi=hard -mfpu=fpv4-sp-d16 -DUSE_HAL_DRIVER -DSTM32L443xx -I"C:/School/Thomas_More_Hogeschool/Practice_Enterprise_2/PE2/Bluetooth_music_box/code/Test/Core/Inc" -I"C:/School/Thomas_More_Hogeschool/Practice_Enterprise_2/PE2/Bluetooth_music_box/code/Test/Drivers/STM32L4xx_HAL_Driver/Inc" -I"C:/School/Thomas_More_Hogeschool/Practice_Enterprise_2/PE2/Bluetooth_music_box/code/Test/Drivers/STM32L4xx_HAL_Driver/Inc/Legacy" -I"C:/School/Thomas_More_Hogeschool/Practice_Enterprise_2/PE2/Bluetooth_music_box/code/Test/Drivers/CMSIS/Device/ST/STM32L4xx/Include" -I"C:/School/Thomas_More_Hogeschool/Practice_Enterprise_2/PE2/Bluetooth_music_box/code/Test/Drivers/CMSIS/Include"  -Og -g3 -Wall -fmessage-length=0 -ffunction-sections -c -fmessage-length=0 -MMD -MP -MF"Core/Src/main.d" -MT"Core/Src/main.o" -o "Core/Src/main.o" "../Core/Src/main.c"
../Core/Src/main.c: In function 'main':
../Core/Src/main.c:146:4: warning: implicit declaration of function 'ILI9341_TouchUnselect'; did you mean 'ILI9341_Unselect'? [-Wimplicit-function-declaration]
    ILI9341_TouchUnselect();
    ^~~~~~~~~~~~~~~~~~~~~
    ILI9341_Unselect
../Core/Src/main.c:105:21: warning: unused variable 'timeout' [-Wunused-variable]
   volatile uint32_t timeout;
                     ^~~~~~~
../Core/Src/main.c:104:10: warning: unused variable 'i' [-Wunused-variable]
   size_t i;
          ^
Finished building: ../Core/Src/main.c
 
Building target: Test.elf
Invoking: MCU GCC Linker
arm-none-eabi-gcc -mcpu=cortex-m4 -mthumb -mfloat-abi=hard -mfpu=fpv4-sp-d16 -specs=nosys.specs -specs=nano.specs -T"../STM32L443CCTx_FLASH.ld" -Wl,-Map=output.map -Wl,--gc-sections -o "Test.elf" @"objects.list"   -lm
Finished building target: Test.elf
 
make --no-print-directory post-build
Generating hex and Printing size information:
arm-none-eabi-objcopy -O ihex "Test.elf" "Test.hex"
arm-none-eabi-size "Test.elf"
   text	   data	    bss	    dec	    hex	filename
  26600	     56	   2272	  28928	   7100	Test.elf
 

16:22:21 Build Finished (took 1s.690ms)

