20:02:55 **** Incremental Build of configuration Debug for project Test ****
make -j16 all 
Building file: ../Core/Src/main.c
Invoking: MCU GCC Compiler
C:\School\Thomas_More_Hogeschool\Practice_Enterprise_2\PE2\Bluetooth_music_box\code\Test\Debug
arm-none-eabi-gcc -mcpu=cortex-m4 -mthumb -mfloat-abi=hard -mfpu=fpv4-sp-d16 -DUSE_HAL_DRIVER -DSTM32L443xx -I"C:/School/Thomas_More_Hogeschool/Practice_Enterprise_2/PE2/Bluetooth_music_box/code/Test/Core/Inc" -I"C:/School/Thomas_More_Hogeschool/Practice_Enterprise_2/PE2/Bluetooth_music_box/code/Test/Drivers/STM32L4xx_HAL_Driver/Inc" -I"C:/School/Thomas_More_Hogeschool/Practice_Enterprise_2/PE2/Bluetooth_music_box/code/Test/Drivers/STM32L4xx_HAL_Driver/Inc/Legacy" -I"C:/School/Thomas_More_Hogeschool/Practice_Enterprise_2/PE2/Bluetooth_music_box/code/Test/Drivers/CMSIS/Device/ST/STM32L4xx/Include" -I"C:/School/Thomas_More_Hogeschool/Practice_Enterprise_2/PE2/Bluetooth_music_box/code/Test/Drivers/CMSIS/Include"  -Og -g3 -Wall -fmessage-length=0 -ffunction-sections -c -fmessage-length=0 -MMD -MP -MF"Core/Src/main.d" -MT"Core/Src/main.o" -o "Core/Src/main.o" "../Core/Src/main.c"
../Core/Src/main.c: In function 'main':
../Core/Src/main.c:148:4: warning: implicit declaration of function 'ILI9341_TouchUnselect'; did you mean 'ILI9341_Unselect'? [-Wimplicit-function-declaration]
    ILI9341_TouchUnselect();
    ^~~~~~~~~~~~~~~~~~~~~
    ILI9341_Unselect
../Core/Src/main.c:107:21: warning: unused variable 'timeout' [-Wunused-variable]
   volatile uint32_t timeout;
                     ^~~~~~~
../Core/Src/main.c:106:10: warning: unused variable 'i' [-Wunused-variable]
   size_t i;
          ^
../Core/Src/main.c: In function 'Test_slider_battery':
../Core/Src/main.c:733:6: warning: implicit declaration of function 'LCD_TGetC' [-Wimplicit-function-declaration]
   if(LCD_TGetC(&x, &y)) {
      ^~~~~~~~~
../Core/Src/main.c:734:8: warning: right shift count >= width of type [-Wshift-count-overflow]
    if(x>>101 && x<<229 && y>>95 && y<<144){// in range?
        ^~
../Core/Src/main.c:734:18: warning: left shift count >= width of type [-Wshift-count-overflow]
    if(x>>101 && x<<229 && y>>95 && y<<144){// in range?
                  ^~
../Core/Src/main.c:734:18: warning: '<<' in boolean context, did you mean '<' ? [-Wint-in-bool-context]
    if(x>>101 && x<<229 && y>>95 && y<<144){// in range?
                 ~^~~~~
../Core/Src/main.c:734:28: warning: right shift count >= width of type [-Wshift-count-overflow]
    if(x>>101 && x<<229 && y>>95 && y<<144){// in range?
                            ^~
../Core/Src/main.c:734:37: warning: left shift count >= width of type [-Wshift-count-overflow]
    if(x>>101 && x<<229 && y>>95 && y<<144){// in range?
                                     ^~
../Core/Src/main.c:734:37: warning: '<<' in boolean context, did you mean '<' ? [-Wint-in-bool-context]
    if(x>>101 && x<<229 && y>>95 && y<<144){// in range?
                                    ~^~~~~
../Core/Src/main.c:735:9: warning: left shift count >= width of type [-Wshift-count-overflow]
     if(x<<144 && x>>101 && y<<144 && y>>96){
         ^~
../Core/Src/main.c:735:9: warning: '<<' in boolean context, did you mean '<' ? [-Wint-in-bool-context]
     if(x<<144 && x>>101 && y<<144 && y>>96){
        ~^~~~~
../Core/Src/main.c:735:19: warning: right shift count >= width of type [-Wshift-count-overflow]
     if(x<<144 && x>>101 && y<<144 && y>>96){
                   ^~
../Core/Src/main.c:735:29: warning: left shift count >= width of type [-Wshift-count-overflow]
     if(x<<144 && x>>101 && y<<144 && y>>96){
                             ^~
../Core/Src/main.c:735:29: warning: '<<' in boolean context, did you mean '<' ? [-Wint-in-bool-context]
     if(x<<144 && x>>101 && y<<144 && y>>96){
                            ~^~~~~
../Core/Src/main.c:735:39: warning: right shift count >= width of type [-Wshift-count-overflow]
     if(x<<144 && x>>101 && y<<144 && y>>96){
                                       ^~
../Core/Src/main.c:738:14: warning: left shift count >= width of type [-Wshift-count-overflow]
     else if(x<<187 && x>>144 && y<<144 && y>>96){
              ^~
../Core/Src/main.c:738:14: warning: '<<' in boolean context, did you mean '<' ? [-Wint-in-bool-context]
     else if(x<<187 && x>>144 && y<<144 && y>>96){
             ~^~~~~
../Core/Src/main.c:738:24: warning: right shift count >= width of type [-Wshift-count-overflow]
     else if(x<<187 && x>>144 && y<<144 && y>>96){
                        ^~
../Core/Src/main.c:738:34: warning: left shift count >= width of type [-Wshift-count-overflow]
     else if(x<<187 && x>>144 && y<<144 && y>>96){
                                  ^~
../Core/Src/main.c:738:34: warning: '<<' in boolean context, did you mean '<' ? [-Wint-in-bool-context]
     else if(x<<187 && x>>144 && y<<144 && y>>96){
                                 ~^~~~~
../Core/Src/main.c:738:44: warning: right shift count >= width of type [-Wshift-count-overflow]
     else if(x<<187 && x>>144 && y<<144 && y>>96){
                                            ^~
../Core/Src/main.c:741:14: warning: left shift count >= width of type [-Wshift-count-overflow]
     else if(x<<228 && x>>187 && y<<144 && y>>96){
              ^~
../Core/Src/main.c:741:14: warning: '<<' in boolean context, did you mean '<' ? [-Wint-in-bool-context]
     else if(x<<228 && x>>187 && y<<144 && y>>96){
             ~^~~~~
../Core/Src/main.c:741:24: warning: right shift count >= width of type [-Wshift-count-overflow]
     else if(x<<228 && x>>187 && y<<144 && y>>96){
                        ^~
../Core/Src/main.c:741:34: warning: left shift count >= width of type [-Wshift-count-overflow]
     else if(x<<228 && x>>187 && y<<144 && y>>96){
                                  ^~
../Core/Src/main.c:741:34: warning: '<<' in boolean context, did you mean '<' ? [-Wint-in-bool-context]
     else if(x<<228 && x>>187 && y<<144 && y>>96){
                                 ~^~~~~
../Core/Src/main.c:741:44: warning: right shift count >= width of type [-Wshift-count-overflow]
     else if(x<<228 && x>>187 && y<<144 && y>>96){
                                            ^~
Finished building: ../Core/Src/main.c
 
Building target: Test.elf
Invoking: MCU GCC Linker
arm-none-eabi-gcc -mcpu=cortex-m4 -mthumb -mfloat-abi=hard -mfpu=fpv4-sp-d16 -specs=nosys.specs -specs=nano.specs -T"../STM32L443CCTx_FLASH.ld" -Wl,-Map=output.map -Wl,--gc-sections -o "Test.elf" @"objects.list"   -lm
Finished building target: Test.elf
 
make --no-print-directory post-build
Generating hex and Printing size information:
arm-none-eabi-objcopy -O ihex "Test.elf" "Test.hex"
arm-none-eabi-size "Test.elf"
   text	   data	    bss	    dec	    hex	filename
  27960	     56	   2272	  30288	   7650	Test.elf
 

20:02:56 Build Finished (took 1s.694ms)

